{
  "status": "PASS_EXTERNAL_READ_ONLY_SCOPED_READER76_CLOSURE",
  "actor": "/root/fresh_source76",
  "actual_external_readonly_PID": 17804,
  "writer_PID": 36116,
  "owned_files": 61,
  "owned_runtime_files": 0,
  "current_inputs": 149,
  "every_owned_RAW_LF_pin_and_membership": "MATCH",
  "run_sha256": "7931db2375ccff36071c19dcc48b16a977ba28fe98af0a86871e1c8a9ff84125",
  "run_RAW_sha256": "1569602dc3f532cf9dc48ad415b025bc742875ee9da08886ce19f4de4112b5f8",
  "lease_RAW_sha256": "357ce5b2b6e3034ab4d7d3621539d5b9d49f20978225b371be3cbf64d2fa916f",
  "complete_named_RAW_sha256": "f1cbb48f488d8ddfc489f681f9943e761ee13fd82958f1504801bae53eb38b0c",
  "closure_logical_sha256": "5c1b29eafa21e3d4f6f234ece9272d73c012bfdfc873abe68393ae1425f9e800",
  "communication_qualification_bound": true,
  "source121_unchanged": true,
  "no_owned_writes": true,
  "new_VERIFIED_transition": false,
  "blockers": []
}
