fun {E} [NormedAddCommGroup E] [InnerProductSpace ℝ E] [FiniteDimensional ℝ E] [MeasurableSpace E] [BorelSpace E] μ
    [IsProbabilityMeasure μ] {η} hη {f} hf hc =>
  let R := fun y => μ.tilted fun x => -‖x - y‖ ^ 2 / (2 * η);
  let S := fun y => Measure.map (fun x => 2 • x - y) (R y);
  ContDiff ℝ 1 fun y =>
    ∫ (u : E),
      f
        u ∂S
        y : {E : Type u_1} →
  [inst : NormedAddCommGroup E] →
    [inst_1 : InnerProductSpace ℝ E] →
      [FiniteDimensional ℝ E] →
        [inst_3 : MeasurableSpace E] →
          [BorelSpace E] →
            (μ : Measure E) →
              [IsProbabilityMeasure μ] → {η : ℝ} → 0 < η → {f : E → ℝ} → ContDiff ℝ 1 f → HasCompactSupport f → Prop
.astis\pbps-marginal-gradient51\StatementProbe52.lean:6:54: warning: Variable name `hη` is not explicitly referenced.

Hint: The binding can be removed (if unused) or named `_` (if used implicitly). Alternatively, prefix the name with `_` to silence this warning:
  [apply] _hη

Note: This linter can be disabled with `set_option linter.unusedVariables false`
.astis\pbps-marginal-gradient51\StatementProbe52.lean:7:17: warning: Variable name `hf` is not explicitly referenced.

Hint: The binding can be removed (if unused) or named `_` (if used implicitly). Alternatively, prefix the name with `_` to silence this warning:
  [apply] _hf

Note: This linter can be disabled with `set_option linter.unusedVariables false`
.astis\pbps-marginal-gradient51\StatementProbe52.lean:7:39: warning: Variable name `hc` is not explicitly referenced.

Hint: The binding can be removed (if unused) or named `_` (if used implicitly). Alternatively, prefix the name with `_` to silence this warning:
  [apply] _hc

Note: This linter can be disabled with `set_option linter.unusedVariables false`
