⚠ [3707/3731] Replayed AutoSamplingTheory.TechnicalLemmas.Measure.TransportGluing
warning: AutoSamplingTheory/TechnicalLemmas/Measure/TransportGluing.lean:91:2: Try this: 
  letI̵

The goal is a proposition, so `let` is preferred over `letI`.
The difference between `let` and `letI` is that `letI` inlines the value.
But this is not relevant for proofs because of proof irrelevance.

Note: This linter can be disabled with `set_option linter.style.haveILetI false`
warning: AutoSamplingTheory/TechnicalLemmas/Measure/TransportGluing.lean:93:2: Try this: 
  letI̵

The goal is a proposition, so `let` is preferred over `letI`.
The difference between `let` and `letI` is that `letI` inlines the value.
But this is not relevant for proofs because of proof irrelevance.

Note: This linter can be disabled with `set_option linter.style.haveILetI false`
⚠ [3709/3731] Replayed AutoSamplingTheory.TechnicalLemmas.Measure.WassersteinTriangleMarginals
warning: AutoSamplingTheory/TechnicalLemmas/Measure/WassersteinTriangleMarginals.lean:46:0: automatically included section variable(s) unused in theorem `AutoSamplingTheory.TechnicalLemmas.Measure.WassersteinTriangleMarginals.measurable_pair12`:
  [NormedAddCommGroup E]
  [BorelSpace E]
  [SecondCountableTopology E]
consider restructuring your `variable` declarations so that the variables are not in scope or explicitly omit them:
  omit [NormedAddCommGroup E] [BorelSpace E] [SecondCountableTopology E] in theorem ...

Note: This linter can be disabled with `set_option linter.unusedSectionVars false`
warning: AutoSamplingTheory/TechnicalLemmas/Measure/WassersteinTriangleMarginals.lean:50:0: automatically included section variable(s) unused in theorem `AutoSamplingTheory.TechnicalLemmas.Measure.WassersteinTriangleMarginals.measurable_pair23`:
  [NormedAddCommGroup E]
  [BorelSpace E]
  [SecondCountableTopology E]
consider restructuring your `variable` declarations so that the variables are not in scope or explicitly omit them:
  omit [NormedAddCommGroup E] [BorelSpace E] [SecondCountableTopology E] in theorem ...

Note: This linter can be disabled with `set_option linter.unusedSectionVars false`
warning: AutoSamplingTheory/TechnicalLemmas/Measure/WassersteinTriangleMarginals.lean:54:0: automatically included section variable(s) unused in theorem `AutoSamplingTheory.TechnicalLemmas.Measure.WassersteinTriangleMarginals.measurable_pair13`:
  [NormedAddCommGroup E]
  [BorelSpace E]
  [SecondCountableTopology E]
consider restructuring your `variable` declarations so that the variables are not in scope or explicitly omit them:
  omit [NormedAddCommGroup E] [BorelSpace E] [SecondCountableTopology E] in theorem ...

Note: This linter can be disabled with `set_option linter.unusedSectionVars false`
warning: AutoSamplingTheory/TechnicalLemmas/Measure/WassersteinTriangleMarginals.lean:65:0: automatically included section variable(s) unused in theorem `AutoSamplingTheory.TechnicalLemmas.Measure.WassersteinTriangleMarginals.edgeLength12_rpow_two_eq_quadraticCost_pair12`:
  [MeasurableSpace E]
  [BorelSpace E]
  [SecondCountableTopology E]
consider restructuring your `variable` declarations so that the variables are not in scope or explicitly omit them:
  omit [MeasurableSpace E] [BorelSpace E] [SecondCountableTopology E] in theorem ...

Note: This linter can be disabled with `set_option linter.unusedSectionVars false`
warning: AutoSamplingTheory/TechnicalLemmas/Measure/WassersteinTriangleMarginals.lean:74:0: automatically included section variable(s) unused in theorem `AutoSamplingTheory.TechnicalLemmas.Measure.WassersteinTriangleMarginals.edgeLength23_rpow_two_eq_quadraticCost_pair23`:
  [MeasurableSpace E]
  [BorelSpace E]
  [SecondCountableTopology E]
consider restructuring your `variable` declarations so that the variables are not in scope or explicitly omit them:
  omit [MeasurableSpace E] [BorelSpace E] [SecondCountableTopology E] in theorem ...

Note: This linter can be disabled with `set_option linter.unusedSectionVars false`
warning: AutoSamplingTheory/TechnicalLemmas/Measure/WassersteinTriangleMarginals.lean:83:0: automatically included section variable(s) unused in theorem `AutoSamplingTheory.TechnicalLemmas.Measure.WassersteinTriangleMarginals.edgeLength13_rpow_two_eq_quadraticCost_pair13`:
  [MeasurableSpace E]
  [BorelSpace E]
  [SecondCountableTopology E]
consider restructuring your `variable` declarations so that the variables are not in scope or explicitly omit them:
  omit [MeasurableSpace E] [BorelSpace E] [SecondCountableTopology E] in theorem ...

Note: This linter can be disabled with `set_option linter.unusedSectionVars false`
⚠ [3710/3731] Replayed AutoSamplingTheory.TechnicalLemmas.Measure.CommonNoiseContraction
warning: AutoSamplingTheory/TechnicalLemmas/Measure/CommonNoiseContraction.lean:62:8: automatically included section variable(s) unused in theorem `_private.AutoSamplingTheory.TechnicalLemmas.Measure.CommonNoiseContraction.0.AutoSamplingTheory.TechnicalLemmas.Measure.CommonNoiseContraction.measurable_pairLeft`:
  [NormedAddCommGroup E]
  [BorelSpace E]
  [SecondCountableTopology E]
consider restructuring your `variable` declarations so that the variables are not in scope or explicitly omit them:
  omit [NormedAddCommGroup E] [BorelSpace E] [SecondCountableTopology E] in theorem ...

Note: This linter can be disabled with `set_option linter.unusedSectionVars false`
warning: AutoSamplingTheory/TechnicalLemmas/Measure/CommonNoiseContraction.lean:66:8: automatically included section variable(s) unused in theorem `_private.AutoSamplingTheory.TechnicalLemmas.Measure.CommonNoiseContraction.0.AutoSamplingTheory.TechnicalLemmas.Measure.CommonNoiseContraction.measurable_pairRight`:
  [NormedAddCommGroup E]
  [BorelSpace E]
  [SecondCountableTopology E]
consider restructuring your `variable` declarations so that the variables are not in scope or explicitly omit them:
  omit [NormedAddCommGroup E] [BorelSpace E] [SecondCountableTopology E] in theorem ...

Note: This linter can be disabled with `set_option linter.unusedSectionVars false`
warning: AutoSamplingTheory/TechnicalLemmas/Measure/CommonNoiseContraction.lean:77:2: Try this: 
  letI̵

The goal is a proposition, so `let` is preferred over `letI`.
The difference between `let` and `letI` is that `letI` inlines the value.
But this is not relevant for proofs because of proof irrelevance.

Note: This linter can be disabled with `set_option linter.style.haveILetI false`
warning: AutoSamplingTheory/TechnicalLemmas/Measure/CommonNoiseContraction.lean:72:0: automatically included section variable(s) unused in theorem `AutoSamplingTheory.TechnicalLemmas.Measure.CommonNoiseContraction.map_pairLeft_prod_eq`:
  [BorelSpace E]
consider restructuring your `variable` declarations so that the variables are not in scope or explicitly omit them:
  omit [BorelSpace E] in theorem ...

Note: This linter can be disabled with `set_option linter.unusedSectionVars false`
warning: AutoSamplingTheory/TechnicalLemmas/Measure/CommonNoiseContraction.lean:97:2: Try this: 
  letI̵

The goal is a proposition, so `let` is preferred over `letI`.
The difference between `let` and `letI` is that `letI` inlines the value.
But this is not relevant for proofs because of proof irrelevance.

Note: This linter can be disabled with `set_option linter.style.haveILetI false`
warning: AutoSamplingTheory/TechnicalLemmas/Measure/CommonNoiseContraction.lean:92:0: automatically included section variable(s) unused in theorem `AutoSamplingTheory.TechnicalLemmas.Measure.CommonNoiseContraction.map_pairRight_prod_eq`:
  [BorelSpace E]
consider restructuring your `variable` declarations so that the variables are not in scope or explicitly omit them:
  omit [BorelSpace E] in theorem ...

Note: This linter can be disabled with `set_option linter.unusedSectionVars false`
warning: AutoSamplingTheory/TechnicalLemmas/Measure/CommonNoiseContraction.lean:119:2: Try this: 
  letI̵

The goal is a proposition, so `let` is preferred over `letI`.
The difference between `let` and `letI` is that `letI` inlines the value.
But this is not relevant for proofs because of proof irrelevance.

Note: This linter can be disabled with `set_option linter.style.haveILetI false`
warning: AutoSamplingTheory/TechnicalLemmas/Measure/CommonNoiseContraction.lean:148:0: automatically included section variable(s) unused in theorem `AutoSamplingTheory.TechnicalLemmas.Measure.CommonNoiseContraction.quadraticCost_synchronousNoiseMap`:
  [MeasurableSpace E]
  [BorelSpace E]
  [SecondCountableTopology E]
consider restructuring your `variable` declarations so that the variables are not in scope or explicitly omit them:
  omit [MeasurableSpace E] [BorelSpace E] [SecondCountableTopology E] in theorem ...

Note: This linter can be disabled with `set_option linter.unusedSectionVars false`
warning: AutoSamplingTheory/TechnicalLemmas/Measure/CommonNoiseContraction.lean:200:2: Try this: 
  letI̵

The goal is a proposition, so `let` is preferred over `letI`.
The difference between `let` and `letI` is that `letI` inlines the value.
But this is not relevant for proofs because of proof irrelevance.

Note: This linter can be disabled with `set_option linter.style.haveILetI false`
⚠ [3711/3731] Replayed AutoSamplingTheory.TechnicalLemmas.Measure.GaussianSmoothing
warning: AutoSamplingTheory/TechnicalLemmas/Measure/GaussianSmoothing.lean:75:0: automatically included section variable(s) unused in theorem `AutoSamplingTheory.TechnicalLemmas.Measure.GaussianSmoothing.heatSmoothing_eq_gaussianSmoothing_sqrt`:
  [BorelSpace E]
  [SecondCountableTopology E]
consider restructuring your `variable` declarations so that the variables are not in scope or explicitly omit them:
  omit [BorelSpace E] [SecondCountableTopology E] in theorem ...

Note: This linter can be disabled with `set_option linter.unusedSectionVars false`
✖ [3722/3731] Building Tests.GaussianLipschitzExponential (8.5s)
trace: .> LEAN_PATH=E:\Samplinglib\.lake\packages\Cli\.lake\build\lib\lean;E:\Samplinglib\.lake\packages\batteries\.lake\build\lib\lean;E:\Samplinglib\.lake\packages\Qq\.lake\build\lib\lean;E:\Samplinglib\.lake\packages\aesop\.lake\build\lib\lean;E:\Samplinglib\.lake\packages\proofwidgets\.lake\build\lib\lean;E:\Samplinglib\.lake\packages\importGraph\.lake\build\lib\lean;E:\Samplinglib\.lake\packages\LeanSearchClient\.lake\build\lib\lean;E:\Samplinglib\.lake\packages\plausible\.lake\build\lib\lean;E:\Samplinglib\.lake\packages\mathlib\.lake\build\lib\lean;E:\Samplinglib\.lake\build\lib\lean c:\Users\admin\.elan\toolchains\leanprover--lean4---v4.33.0\bin\lean.exe E:\Samplinglib\Tests\GaussianLipschitzExponential.lean -o E:\Samplinglib\.lake\build\lib\lean\Tests\GaussianLipschitzExponential.olean -i E:\Samplinglib\.lake\build\lib\lean\Tests\GaussianLipschitzExponential.ilean -c E:\Samplinglib\.lake\build\ir\Tests\GaussianLipschitzExponential.c --setup E:\Samplinglib\.lake\build\ir\Tests\GaussianLipschitzExponential.setup.json --json
error: Tests/GaussianLipschitzExponential.lean:29:26: Unknown identifier `lipschitzWith_const`
error: Tests/GaussianLipschitzExponential.lean:27:71: unsolved goals
c t : ℝ
⊢ Integrable (fun x => Real.exp (t * ((fun x => c) x - ∫ (z : ℝ), (fun x => c) z ∂stdGaussian ℝ))) (stdGaussian ℝ)
info: Tests/GaussianLipschitzExponential.lean:44:0: 'AutoSamplingTheory.TechnicalLemmas.Probability.GaussianLipschitzExponential.integrable_and_integrable_exp_centered_of_lipschitz' depends on axioms: [propext,
 Classical.choice,
 Quot.sound]
info: Tests/GaussianLipschitzExponential.lean:45:0: 'Tests.GaussianLipschitzExponential.nonlinear_negative_parameter' depends on axioms: [propext,
 Classical.choice,
 Quot.sound]
info: Tests/GaussianLipschitzExponential.lean:46:0: 'Tests.GaussianLipschitzExponential.zero_lipschitz_constant' depends on axioms: [propext,
 sorryAx,
 Classical.choice,
 Quot.sound]
info: Tests/GaussianLipschitzExponential.lean:47:0: 'Tests.GaussianLipschitzExponential.zero_dimension' depends on axioms: [propext, Classical.choice, Quot.sound]
error: Lean exited with code 1
ℹ [3730/3731] Replayed Tests.StandardizedRGOPositionFisher
info: Tests/StandardizedRGOPositionFisher.lean:242:0: 'AutoSamplingTheory.TechnicalLemmas.Measure.AffineGibbs.map_affine_gibbs' depends on axioms: [propext,
 Classical.choice,
 Quot.sound]
info: Tests/StandardizedRGOPositionFisher.lean:243:0: 'AutoSamplingTheory.ExampleCases.SmoothedPicardHMC.StandardizedRGOPositionFisher.standardized_rgo_position_and_fisher' depends on axioms: [propext,
 Classical.choice,
 Quot.sound]
info: Tests/StandardizedRGOPositionFisher.lean:244:0: 'Tests.StandardizedRGOPositionFisher.quadratic_eta_two' depends on axioms: [propext, Classical.choice, Quot.sound]
info: Tests/StandardizedRGOPositionFisher.lean:245:0: 'Tests.StandardizedRGOPositionFisher.quadratic_variable_eta' depends on axioms: [propext, Classical.choice, Quot.sound]
info: Tests/StandardizedRGOPositionFisher.lean:246:0: 'Tests.StandardizedRGOPositionFisher.quadratic_eta_one_sharp' depends on axioms: [propext, Classical.choice, Quot.sound]
info: Tests/StandardizedRGOPositionFisher.lean:247:0: 'Tests.StandardizedRGOPositionFisher.negative_scale_affine' depends on axioms: [propext, Classical.choice, Quot.sound]
info: Tests/StandardizedRGOPositionFisher.lean:248:0: 'Tests.StandardizedRGOPositionFisher.zero_dimension_variable_eta' depends on axioms: [propext,
 Classical.choice,
 Quot.sound]
ℹ [3731/3731] Built Tests.FullRangeProximalGaussianOracle (9.4s)
info: Tests/FullRangeProximalGaussianOracle.lean:131:0: 'AutoSamplingTheory.ExampleCases.SmoothedPicardHMC.FullRangeProximalGaussianOracle.full_range_proximal_gaussian_oracle' depends on axioms: [propext,
 Classical.choice,
 Quot.sound]
info: Tests/FullRangeProximalGaussianOracle.lean:132:0: 'Tests.FullRangeProximalGaussianOracle.quadratic_variable_eta' depends on axioms: [propext,
 Classical.choice,
 Quot.sound]
info: Tests/FullRangeProximalGaussianOracle.lean:133:0: 'Tests.FullRangeProximalGaussianOracle.quadratic_eta_one' depends on axioms: [propext, Classical.choice, Quot.sound]
info: Tests/FullRangeProximalGaussianOracle.lean:134:0: 'Tests.FullRangeProximalGaussianOracle.quadratic_unbounded_eta' depends on axioms: [propext,
 Classical.choice,
 Quot.sound]
info: Tests/FullRangeProximalGaussianOracle.lean:135:0: 'Tests.FullRangeProximalGaussianOracle.zero_dimension_variable_eta' depends on axioms: [propext,
 Classical.choice,
 Quot.sound]
Some required targets logged failures:
- Tests.GaussianLipschitzExponential
error: build failed
