AutoSamplingTheory/TechnicalLemmas/Probability/GaussianLipschitzExponential.lean:42:17: error: unexpected token '|*'; expected '|' or '|ₘ'
AutoSamplingTheory/TechnicalLemmas/Probability/GaussianLipschitzExponential.lean:35:31: error: Type mismatch
  add_le_add_right hd ?m.156
has type
  ?m.156 + |f x - f 0| ≤ ?m.156 + ↑L * ‖x‖
but is expected to have type
  |f x - f 0| + |f 0| ≤ ↑L * ‖x‖ + |f 0|
AutoSamplingTheory/TechnicalLemmas/Probability/GaussianLipschitzExponential.lean:39:33: error: Type mismatch: After simplification, term
  hbound x
 has type
  @LE.le ℝ Real.instLE |f x| (↑L * ‖x‖ + |f 0|)
but is expected to have type
  @LE.le ℝ Real.instLE |f x| (((fun x => ↑L * ‖id x‖) + fun x => |f 0|) x)
AutoSamplingTheory/TechnicalLemmas/Probability/GaussianLipschitzExponential.lean:28:59: error: unsolved goals
E : Type u_1
inst✝⁶ : NormedAddCommGroup E
inst✝⁵ : NormedSpace ℝ E
inst✝⁴ : CompleteSpace E
inst✝³ : SecondCountableTopology E
inst✝² : MeasurableSpace E
inst✝¹ : BorelSpace E
μ : Measure E
inst✝ : IsGaussian μ
L : ℝ≥0
f : E → ℝ
hf : LipschitzWith L f
hbound : ∀ (x : E), |f x| ≤ ↑L * ‖x‖ + |f 0|
hi : Integrable f μ
t C : ℝ
hC : 0 < C
hint : Integrable (fun x => Real.exp (C * ‖x‖ ^ 2)) μ
b : ℝ := |t|
⊢ Integrable (fun x => Real.exp (t * (f x - ∫ (z : E), f z ∂μ))) μ
