⚠ [3702/3792] Replayed AutoSamplingTheory.TechnicalLemmas.Measure.TransportGluing
warning: AutoSamplingTheory/TechnicalLemmas/Measure/TransportGluing.lean:91:2: Try this: 
  letI̵

The goal is a proposition, so `let` is preferred over `letI`.
The difference between `let` and `letI` is that `letI` inlines the value.
But this is not relevant for proofs because of proof irrelevance.

Note: This linter can be disabled with `set_option linter.style.haveILetI false`
warning: AutoSamplingTheory/TechnicalLemmas/Measure/TransportGluing.lean:93:2: Try this: 
  letI̵

The goal is a proposition, so `let` is preferred over `letI`.
The difference between `let` and `letI` is that `letI` inlines the value.
But this is not relevant for proofs because of proof irrelevance.

Note: This linter can be disabled with `set_option linter.style.haveILetI false`
⚠ [3704/3792] Replayed AutoSamplingTheory.TechnicalLemmas.Measure.WassersteinTriangleMarginals
warning: AutoSamplingTheory/TechnicalLemmas/Measure/WassersteinTriangleMarginals.lean:46:0: automatically included section variable(s) unused in theorem `AutoSamplingTheory.TechnicalLemmas.Measure.WassersteinTriangleMarginals.measurable_pair12`:
  [NormedAddCommGroup E]
  [BorelSpace E]
  [SecondCountableTopology E]
consider restructuring your `variable` declarations so that the variables are not in scope or explicitly omit them:
  omit [NormedAddCommGroup E] [BorelSpace E] [SecondCountableTopology E] in theorem ...

Note: This linter can be disabled with `set_option linter.unusedSectionVars false`
warning: AutoSamplingTheory/TechnicalLemmas/Measure/WassersteinTriangleMarginals.lean:50:0: automatically included section variable(s) unused in theorem `AutoSamplingTheory.TechnicalLemmas.Measure.WassersteinTriangleMarginals.measurable_pair23`:
  [NormedAddCommGroup E]
  [BorelSpace E]
  [SecondCountableTopology E]
consider restructuring your `variable` declarations so that the variables are not in scope or explicitly omit them:
  omit [NormedAddCommGroup E] [BorelSpace E] [SecondCountableTopology E] in theorem ...

Note: This linter can be disabled with `set_option linter.unusedSectionVars false`
warning: AutoSamplingTheory/TechnicalLemmas/Measure/WassersteinTriangleMarginals.lean:54:0: automatically included section variable(s) unused in theorem `AutoSamplingTheory.TechnicalLemmas.Measure.WassersteinTriangleMarginals.measurable_pair13`:
  [NormedAddCommGroup E]
  [BorelSpace E]
  [SecondCountableTopology E]
consider restructuring your `variable` declarations so that the variables are not in scope or explicitly omit them:
  omit [NormedAddCommGroup E] [BorelSpace E] [SecondCountableTopology E] in theorem ...

Note: This linter can be disabled with `set_option linter.unusedSectionVars false`
warning: AutoSamplingTheory/TechnicalLemmas/Measure/WassersteinTriangleMarginals.lean:65:0: automatically included section variable(s) unused in theorem `AutoSamplingTheory.TechnicalLemmas.Measure.WassersteinTriangleMarginals.edgeLength12_rpow_two_eq_quadraticCost_pair12`:
  [MeasurableSpace E]
  [BorelSpace E]
  [SecondCountableTopology E]
consider restructuring your `variable` declarations so that the variables are not in scope or explicitly omit them:
  omit [MeasurableSpace E] [BorelSpace E] [SecondCountableTopology E] in theorem ...

Note: This linter can be disabled with `set_option linter.unusedSectionVars false`
warning: AutoSamplingTheory/TechnicalLemmas/Measure/WassersteinTriangleMarginals.lean:74:0: automatically included section variable(s) unused in theorem `AutoSamplingTheory.TechnicalLemmas.Measure.WassersteinTriangleMarginals.edgeLength23_rpow_two_eq_quadraticCost_pair23`:
  [MeasurableSpace E]
  [BorelSpace E]
  [SecondCountableTopology E]
consider restructuring your `variable` declarations so that the variables are not in scope or explicitly omit them:
  omit [MeasurableSpace E] [BorelSpace E] [SecondCountableTopology E] in theorem ...

Note: This linter can be disabled with `set_option linter.unusedSectionVars false`
warning: AutoSamplingTheory/TechnicalLemmas/Measure/WassersteinTriangleMarginals.lean:83:0: automatically included section variable(s) unused in theorem `AutoSamplingTheory.TechnicalLemmas.Measure.WassersteinTriangleMarginals.edgeLength13_rpow_two_eq_quadraticCost_pair13`:
  [MeasurableSpace E]
  [BorelSpace E]
  [SecondCountableTopology E]
consider restructuring your `variable` declarations so that the variables are not in scope or explicitly omit them:
  omit [MeasurableSpace E] [BorelSpace E] [SecondCountableTopology E] in theorem ...

Note: This linter can be disabled with `set_option linter.unusedSectionVars false`
⚠ [3705/3792] Replayed AutoSamplingTheory.TechnicalLemmas.Measure.CommonNoiseContraction
warning: AutoSamplingTheory/TechnicalLemmas/Measure/CommonNoiseContraction.lean:62:8: automatically included section variable(s) unused in theorem `_private.AutoSamplingTheory.TechnicalLemmas.Measure.CommonNoiseContraction.0.AutoSamplingTheory.TechnicalLemmas.Measure.CommonNoiseContraction.measurable_pairLeft`:
  [NormedAddCommGroup E]
  [BorelSpace E]
  [SecondCountableTopology E]
consider restructuring your `variable` declarations so that the variables are not in scope or explicitly omit them:
  omit [NormedAddCommGroup E] [BorelSpace E] [SecondCountableTopology E] in theorem ...

Note: This linter can be disabled with `set_option linter.unusedSectionVars false`
warning: AutoSamplingTheory/TechnicalLemmas/Measure/CommonNoiseContraction.lean:66:8: automatically included section variable(s) unused in theorem `_private.AutoSamplingTheory.TechnicalLemmas.Measure.CommonNoiseContraction.0.AutoSamplingTheory.TechnicalLemmas.Measure.CommonNoiseContraction.measurable_pairRight`:
  [NormedAddCommGroup E]
  [BorelSpace E]
  [SecondCountableTopology E]
consider restructuring your `variable` declarations so that the variables are not in scope or explicitly omit them:
  omit [NormedAddCommGroup E] [BorelSpace E] [SecondCountableTopology E] in theorem ...

Note: This linter can be disabled with `set_option linter.unusedSectionVars false`
warning: AutoSamplingTheory/TechnicalLemmas/Measure/CommonNoiseContraction.lean:77:2: Try this: 
  letI̵

The goal is a proposition, so `let` is preferred over `letI`.
The difference between `let` and `letI` is that `letI` inlines the value.
But this is not relevant for proofs because of proof irrelevance.

Note: This linter can be disabled with `set_option linter.style.haveILetI false`
warning: AutoSamplingTheory/TechnicalLemmas/Measure/CommonNoiseContraction.lean:72:0: automatically included section variable(s) unused in theorem `AutoSamplingTheory.TechnicalLemmas.Measure.CommonNoiseContraction.map_pairLeft_prod_eq`:
  [BorelSpace E]
consider restructuring your `variable` declarations so that the variables are not in scope or explicitly omit them:
  omit [BorelSpace E] in theorem ...

Note: This linter can be disabled with `set_option linter.unusedSectionVars false`
warning: AutoSamplingTheory/TechnicalLemmas/Measure/CommonNoiseContraction.lean:97:2: Try this: 
  letI̵

The goal is a proposition, so `let` is preferred over `letI`.
The difference between `let` and `letI` is that `letI` inlines the value.
But this is not relevant for proofs because of proof irrelevance.

Note: This linter can be disabled with `set_option linter.style.haveILetI false`
warning: AutoSamplingTheory/TechnicalLemmas/Measure/CommonNoiseContraction.lean:92:0: automatically included section variable(s) unused in theorem `AutoSamplingTheory.TechnicalLemmas.Measure.CommonNoiseContraction.map_pairRight_prod_eq`:
  [BorelSpace E]
consider restructuring your `variable` declarations so that the variables are not in scope or explicitly omit them:
  omit [BorelSpace E] in theorem ...

Note: This linter can be disabled with `set_option linter.unusedSectionVars false`
warning: AutoSamplingTheory/TechnicalLemmas/Measure/CommonNoiseContraction.lean:119:2: Try this: 
  letI̵

The goal is a proposition, so `let` is preferred over `letI`.
The difference between `let` and `letI` is that `letI` inlines the value.
But this is not relevant for proofs because of proof irrelevance.

Note: This linter can be disabled with `set_option linter.style.haveILetI false`
warning: AutoSamplingTheory/TechnicalLemmas/Measure/CommonNoiseContraction.lean:148:0: automatically included section variable(s) unused in theorem `AutoSamplingTheory.TechnicalLemmas.Measure.CommonNoiseContraction.quadraticCost_synchronousNoiseMap`:
  [MeasurableSpace E]
  [BorelSpace E]
  [SecondCountableTopology E]
consider restructuring your `variable` declarations so that the variables are not in scope or explicitly omit them:
  omit [MeasurableSpace E] [BorelSpace E] [SecondCountableTopology E] in theorem ...

Note: This linter can be disabled with `set_option linter.unusedSectionVars false`
warning: AutoSamplingTheory/TechnicalLemmas/Measure/CommonNoiseContraction.lean:200:2: Try this: 
  letI̵

The goal is a proposition, so `let` is preferred over `letI`.
The difference between `let` and `letI` is that `letI` inlines the value.
But this is not relevant for proofs because of proof irrelevance.

Note: This linter can be disabled with `set_option linter.style.haveILetI false`
⚠ [3714/3792] Replayed AutoSamplingTheory.TechnicalLemmas.Measure.GaussianSmoothing
warning: AutoSamplingTheory/TechnicalLemmas/Measure/GaussianSmoothing.lean:75:0: automatically included section variable(s) unused in theorem `AutoSamplingTheory.TechnicalLemmas.Measure.GaussianSmoothing.heatSmoothing_eq_gaussianSmoothing_sqrt`:
  [BorelSpace E]
  [SecondCountableTopology E]
consider restructuring your `variable` declarations so that the variables are not in scope or explicitly omit them:
  omit [BorelSpace E] [SecondCountableTopology E] in theorem ...

Note: This linter can be disabled with `set_option linter.unusedSectionVars false`
⚠ [3736/3792] Replayed AutoSamplingTheory.TechnicalLemmas.FunctionalInequalities.ScaledClosedGraphResolvent
warning: AutoSamplingTheory/TechnicalLemmas/FunctionalInequalities/ScaledClosedGraphResolvent.lean:93:8: automatically included section variable(s) unused in theorem `_private.AutoSamplingTheory.TechnicalLemmas.FunctionalInequalities.ScaledClosedGraphResolvent.0.AutoSamplingTheory.TechnicalLemmas.FunctionalInequalities.ScaledClosedGraphResolvent.scaled_energy_bounds`:
  [CompleteSpace H]
  [CompleteSpace K]
consider restructuring your `variable` declarations so that the variables are not in scope or explicitly omit them:
  omit [CompleteSpace H] [CompleteSpace K] in theorem ...

Note: This linter can be disabled with `set_option linter.unusedSectionVars false`
⚠ [3815/4046] Replayed AutoSamplingTheory.TechnicalLemmas.FunctionalInequalities.CenteredGibbsResolventLimit
warning: AutoSamplingTheory/TechnicalLemmas/FunctionalInequalities/CenteredGibbsResolventLimit.lean:39:2: Try this: 
  letI̵

The goal is a proposition, so `let` is preferred over `letI`.
The difference between `let` and `letI` is that `letI` inlines the value.
But this is not relevant for proofs because of proof irrelevance.

Note: This linter can be disabled with `set_option linter.style.haveILetI false`
warning: AutoSamplingTheory/TechnicalLemmas/FunctionalInequalities/CenteredGibbsResolventLimit.lean:41:2: Try this: 
  letI̵

The goal is a proposition, so `let` is preferred over `letI`.
The difference between `let` and `letI` is that `letI` inlines the value.
But this is not relevant for proofs because of proof irrelevance.

Note: This linter can be disabled with `set_option linter.style.haveILetI false`
warning: AutoSamplingTheory/TechnicalLemmas/FunctionalInequalities/CenteredGibbsResolventLimit.lean:42:2: Try this: 
  letI̵

The goal is a proposition, so `let` is preferred over `letI`.
The difference between `let` and `letI` is that `letI` inlines the value.
But this is not relevant for proofs because of proof irrelevance.

Note: This linter can be disabled with `set_option linter.style.haveILetI false`
⚠ [3848/4046] Replayed AutoSamplingTheory.TechnicalLemmas.FunctionalInequalities.CompactWeakPoissonSobolev
warning: AutoSamplingTheory/TechnicalLemmas/FunctionalInequalities/CompactWeakPoissonSobolev.lean:12:8: automatically included section variable(s) unused in theorem `_private.AutoSamplingTheory.TechnicalLemmas.FunctionalInequalities.CompactWeakPoissonSobolev.0.AutoSamplingTheory.TechnicalLemmas.FunctionalInequalities.CompactWeakPoissonSobolev.outer_cutoff`:
  [MeasurableSpace E]
  [BorelSpace E]
consider restructuring your `variable` declarations so that the variables are not in scope or explicitly omit them:
  omit [MeasurableSpace E] [BorelSpace E] in theorem ...

Note: This linter can be disabled with `set_option linter.unusedSectionVars false`
⚠ [3877/4046] Replayed AutoSamplingTheory.TechnicalLemmas.FunctionalInequalities.CompactC1GradientDomain
warning: AutoSamplingTheory/TechnicalLemmas/FunctionalInequalities/CompactC1GradientDomain.lean:100:8: automatically included section variable(s) unused in theorem `_private.AutoSamplingTheory.TechnicalLemmas.FunctionalInequalities.CompactC1GradientDomain.0.AutoSamplingTheory.TechnicalLemmas.FunctionalInequalities.CompactC1GradientDomain.l2_convergence`:
  [NormedAddCommGroup E]
  [InnerProductSpace ℝ E]
  [FiniteDimensional ℝ E]
  [BorelSpace E]
consider restructuring your `variable` declarations so that the variables are not in scope or explicitly omit them:
  omit [NormedAddCommGroup E] [InnerProductSpace ℝ E] [FiniteDimensional ℝ E] [BorelSpace E] in theorem ...

Note: This linter can be disabled with `set_option linter.unusedSectionVars false`
⚠ [3880/4046] Replayed AutoSamplingTheory.TechnicalLemmas.FunctionalInequalities.OrdinaryWeakResolvent
warning: AutoSamplingTheory/TechnicalLemmas/FunctionalInequalities/OrdinaryWeakResolvent.lean:16:8: automatically included section variable(s) unused in theorem `_private.AutoSamplingTheory.TechnicalLemmas.FunctionalInequalities.OrdinaryWeakResolvent.0.AutoSamplingTheory.TechnicalLemmas.FunctionalInequalities.OrdinaryWeakResolvent.inverseweight_gradient`:
  [MeasurableSpace E]
  [BorelSpace E]
consider restructuring your `variable` declarations so that the variables are not in scope or explicitly omit them:
  omit [MeasurableSpace E] [BorelSpace E] in theorem ...

Note: This linter can be disabled with `set_option linter.unusedSectionVars false`
⚠ [3881/4046] Replayed AutoSamplingTheory.TechnicalLemmas.FunctionalInequalities.LocalizedWeakResolvent
warning: AutoSamplingTheory/TechnicalLemmas/FunctionalInequalities/LocalizedWeakResolvent.lean:35:8: automatically included section variable(s) unused in theorem `_private.AutoSamplingTheory.TechnicalLemmas.FunctionalInequalities.LocalizedWeakResolvent.0.AutoSamplingTheory.TechnicalLemmas.FunctionalInequalities.LocalizedWeakResolvent.directional_second`:
  [FiniteDimensional ℝ E]
  [MeasurableSpace E]
  [BorelSpace E]
consider restructuring your `variable` declarations so that the variables are not in scope or explicitly omit them:
  omit [FiniteDimensional ℝ E] [MeasurableSpace E] [BorelSpace E] in theorem ...

Note: This linter can be disabled with `set_option linter.unusedSectionVars false`
warning: AutoSamplingTheory/TechnicalLemmas/FunctionalInequalities/LocalizedWeakResolvent.lean:41:8: automatically included section variable(s) unused in theorem `_private.AutoSamplingTheory.TechnicalLemmas.FunctionalInequalities.LocalizedWeakResolvent.0.AutoSamplingTheory.TechnicalLemmas.FunctionalInequalities.LocalizedWeakResolvent.first_product`:
  [FiniteDimensional ℝ E]
  [MeasurableSpace E]
  [BorelSpace E]
consider restructuring your `variable` declarations so that the variables are not in scope or explicitly omit them:
  omit [FiniteDimensional ℝ E] [MeasurableSpace E] [BorelSpace E] in theorem ...

Note: This linter can be disabled with `set_option linter.unusedSectionVars false`
warning: AutoSamplingTheory/TechnicalLemmas/FunctionalInequalities/LocalizedWeakResolvent.lean:75:8: automatically included section variable(s) unused in theorem `_private.AutoSamplingTheory.TechnicalLemmas.FunctionalInequalities.LocalizedWeakResolvent.0.AutoSamplingTheory.TechnicalLemmas.FunctionalInequalities.LocalizedWeakResolvent.laplacian_trace`:
  [MeasurableSpace E]
  [BorelSpace E]
consider restructuring your `variable` declarations so that the variables are not in scope or explicitly omit them:
  omit [MeasurableSpace E] [BorelSpace E] in theorem ...

Note: This linter can be disabled with `set_option linter.unusedSectionVars false`
warning: AutoSamplingTheory/TechnicalLemmas/FunctionalInequalities/LocalizedWeakResolvent.lean:121:8: automatically included section variable(s) unused in theorem `_private.AutoSamplingTheory.TechnicalLemmas.FunctionalInequalities.LocalizedWeakResolvent.0.AutoSamplingTheory.TechnicalLemmas.FunctionalInequalities.LocalizedWeakResolvent.gradient_compact`:
  [MeasurableSpace E]
  [BorelSpace E]
consider restructuring your `variable` declarations so that the variables are not in scope or explicitly omit them:
  omit [MeasurableSpace E] [BorelSpace E] in theorem ...

Note: This linter can be disabled with `set_option linter.unusedSectionVars false`
warning: AutoSamplingTheory/TechnicalLemmas/FunctionalInequalities/LocalizedWeakResolvent.lean:434:30: Used `tac1 <;> tac2` where `(tac1; tac2)` would suffice

Note: This linter can be disabled with `set_option linter.unnecessarySeqFocus false`
⚠ [3890/4046] Replayed AutoSamplingTheory.TechnicalLemmas.Measure.GaussianConvolutionRegularity
warning: AutoSamplingTheory/TechnicalLemmas/Measure/GaussianConvolutionRegularity.lean:68:8: automatically included section variable(s) unused in theorem `_private.AutoSamplingTheory.TechnicalLemmas.Measure.GaussianConvolutionRegularity.0.AutoSamplingTheory.TechnicalLemmas.Measure.GaussianConvolutionRegularity.weight_bounds`:
  [InnerProductSpace ℝ E]
consider restructuring your `variable` declarations so that the variables are not in scope or explicitly omit them:
  omit [InnerProductSpace ℝ E] in theorem ...

Note: This linter can be disabled with `set_option linter.unusedSectionVars false`
warning: AutoSamplingTheory/TechnicalLemmas/Measure/GaussianConvolutionRegularity.lean:319:8: automatically included section variable(s) unused in theorem `_private.AutoSamplingTheory.TechnicalLemmas.Measure.GaussianConvolutionRegularity.0.AutoSamplingTheory.TechnicalLemmas.Measure.GaussianConvolutionRegularity.posteriorIntegral`:
  [InnerProductSpace ℝ E]
  [BorelSpace E]
  [FiniteDimensional ℝ E]
consider restructuring your `variable` declarations so that the variables are not in scope or explicitly omit them:
  omit [InnerProductSpace ℝ E] [BorelSpace E] [FiniteDimensional ℝ E] in theorem ...

Note: This linter can be disabled with `set_option linter.unusedSectionVars false`
warning: AutoSamplingTheory/TechnicalLemmas/Measure/GaussianConvolutionRegularity.lean:405:58: Used `tac1 <;> tac2` where `(tac1; tac2)` would suffice

Note: This linter can be disabled with `set_option linter.unnecessarySeqFocus false`
warning: AutoSamplingTheory/TechnicalLemmas/Measure/GaussianConvolutionRegularity.lean:463:4: Try this: 
  haveI̵

The goal is a proposition, so `have` is preferred over `haveI`.
The difference between `have` and `haveI` is that `haveI` inlines the value.
But this is not relevant for proofs because of proof irrelevance.

Note: This linter can be disabled with `set_option linter.style.haveILetI false`
warning: AutoSamplingTheory/TechnicalLemmas/Measure/GaussianConvolutionRegularity.lean:488:4: Try this: 
  haveI̵

The goal is a proposition, so `have` is preferred over `haveI`.
The difference between `have` and `haveI` is that `haveI` inlines the value.
But this is not relevant for proofs because of proof irrelevance.

Note: This linter can be disabled with `set_option linter.style.haveILetI false`
⚠ [3893/4046] Replayed AutoSamplingTheory.ExampleCases.SmoothedPicardHMC.SmoothedHessianBounds
warning: AutoSamplingTheory/ExampleCases/SmoothedPicardHMC/SmoothedHessianBounds.lean:28:18: Variable name `hη1` is not explicitly referenced.

Hint: The binding can be removed (if unused) or named `_` (if used implicitly). Alternatively, prefix the name with `_` to silence this warning:
  [apply] _hη1

Note: This linter can be disabled with `set_option linter.unusedVariables false`
ℹ [3901/4046] Replayed AutoSamplingTheory.ExampleCases.ProximalBPS.ConditionalScore
info: AutoSamplingTheory/ExampleCases/ProximalBPS/ConditionalScore.lean:296:52: Try this:
  [apply] ring_nf
  
  The `ring` tactic failed to close the goal. Use `ring_nf` to obtain a normal form.
    
  Note that `ring` works primarily in *commutative* rings. If you have a noncommutative ring, abelian group or module, consider using `noncomm_ring`, `abel` or `module` instead.
⚠ [3902/4046] Replayed AutoSamplingTheory.ExampleCases.ProximalBPS.ConditionalScoreDomain
warning: AutoSamplingTheory/ExampleCases/ProximalBPS/ConditionalScoreDomain.lean:199:15: This simp argument is unused:
  smul_eq_mul

Hint: Omit it from the simp argument list.
  [apply] simp only [Real.norm_eq_abs, abs_of_nonneg (mul_nonneg (Real.exp_nonneg _) (sq_nonneg _))]

Note: This linter can be disabled with `set_option linter.unusedSimpArgs false`
warning: AutoSamplingTheory/ExampleCases/ProximalBPS/ConditionalScoreDomain.lean:80:114: Used `tac1 <;> tac2` where `(tac1; tac2)` would suffice

Note: This linter can be disabled with `set_option linter.unnecessarySeqFocus false`
⚠ [8808/8894] Replayed AutoSamplingTheory.TechnicalLemmas.Measure.ProbabilityCouplingCompactness
warning: AutoSamplingTheory/TechnicalLemmas/Measure/ProbabilityCouplingCompactness.lean:89:0: automatically included section variable(s) unused in theorem `AutoSamplingTheory.TechnicalLemmas.Measure.ProbabilityCouplingCompactness.isClosed_probabilityCouplingSet`:
  [SecondCountableTopology X]
consider restructuring your `variable` declarations so that the variables are not in scope or explicitly omit them:
  omit [SecondCountableTopology X] in theorem ...

Note: This linter can be disabled with `set_option linter.unusedSectionVars false`
⚠ [8840/8894] Replayed AutoSamplingTheory.TechnicalLemmas.Measure.CouplingQuadraticIntegrability
warning: AutoSamplingTheory/TechnicalLemmas/Measure/CouplingQuadraticIntegrability.lean:29:0: automatically included section variable(s) unused in theorem `AutoSamplingTheory.TechnicalLemmas.Measure.CouplingQuadraticIntegrability.measurePreserving_fst_of_isCoupling`:
  [NormedAddCommGroup E]
  [BorelSpace E]
  [SecondCountableTopology E]
consider restructuring your `variable` declarations so that the variables are not in scope or explicitly omit them:
  omit [NormedAddCommGroup E] [BorelSpace E] [SecondCountableTopology E] in theorem ...

Note: This linter can be disabled with `set_option linter.unusedSectionVars false`
warning: AutoSamplingTheory/TechnicalLemmas/Measure/CouplingQuadraticIntegrability.lean:38:0: automatically included section variable(s) unused in theorem `AutoSamplingTheory.TechnicalLemmas.Measure.CouplingQuadraticIntegrability.measurePreserving_snd_of_isCoupling`:
  [NormedAddCommGroup E]
  [BorelSpace E]
  [SecondCountableTopology E]
consider restructuring your `variable` declarations so that the variables are not in scope or explicitly omit them:
  omit [NormedAddCommGroup E] [BorelSpace E] [SecondCountableTopology E] in theorem ...

Note: This linter can be disabled with `set_option linter.unusedSectionVars false`
⚠ [8863/8894] Replayed AutoSamplingTheory.ExampleCases.SmoothedPicardHMC.RealizedProximalWork
warning: AutoSamplingTheory/ExampleCases/SmoothedPicardHMC/RealizedProximalWork.lean:44:2: Try this: 
  letI̵

The goal is a proposition, so `let` is preferred over `letI`.
The difference between `let` and `letI` is that `letI` inlines the value.
But this is not relevant for proofs because of proof irrelevance.

Note: This linter can be disabled with `set_option linter.style.haveILetI false`
⚠ [8866/8894] Replayed AutoSamplingTheory.TechnicalLemmas.Analysis.ChebyshevLobattoQuadrature
warning: AutoSamplingTheory/TechnicalLemmas/Analysis/ChebyshevLobattoQuadrature.lean:91:6: try 'simp' instead of 'simpa'

Note: This linter can be disabled with `set_option linter.unnecessarySimpa false`
⚠ [8876/8894] Replayed AutoSamplingTheory.ExampleCases.SmoothedPicardHMC.PhaseMetric
warning: AutoSamplingTheory/ExampleCases/SmoothedPicardHMC/PhaseMetric.lean:65:64: Used `tac1 <;> tac2` where `(tac1; tac2)` would suffice

Note: This linter can be disabled with `set_option linter.unnecessarySeqFocus false`
warning: AutoSamplingTheory/ExampleCases/SmoothedPicardHMC/PhaseMetric.lean:121:6: try 'simp' instead of 'simpa'

Note: This linter can be disabled with `set_option linter.unnecessarySimpa false`
⚠ [8879/8894] Replayed AutoSamplingTheory.TechnicalLemmas.Measure.RandomizedMapTransport
warning: AutoSamplingTheory/TechnicalLemmas/Measure/RandomizedMapTransport.lean:31:4: Try this: 
  letI̵

The goal is a proposition, so `let` is preferred over `letI`.
The difference between `let` and `letI` is that `letI` inlines the value.
But this is not relevant for proofs because of proof irrelevance.

Note: This linter can be disabled with `set_option linter.style.haveILetI false`
⚠ [8880/8894] Replayed AutoSamplingTheory.ExampleCases.SmoothedPicardHMC.ActualKernelTransport
warning: AutoSamplingTheory/ExampleCases/SmoothedPicardHMC/ActualKernelTransport.lean:89:4: Try this: 
  letI̵

The goal is a proposition, so `let` is preferred over `letI`.
The difference between `let` and `letI` is that `letI` inlines the value.
But this is not relevant for proofs because of proof irrelevance.

Note: This linter can be disabled with `set_option linter.style.haveILetI false`
warning: AutoSamplingTheory/ExampleCases/SmoothedPicardHMC/ActualKernelTransport.lean:90:4: Try this: 
  letI̵

The goal is a proposition, so `let` is preferred over `letI`.
The difference between `let` and `letI` is that `letI` inlines the value.
But this is not relevant for proofs because of proof irrelevance.

Note: This linter can be disabled with `set_option linter.style.haveILetI false`
⚠ [8881/8894] Replayed AutoSamplingTheory.ExampleCases.SmoothedPicardHMC.PhaseReferenceMoment
info: AutoSamplingTheory/ExampleCases/SmoothedPicardHMC/PhaseReferenceMoment.lean:121:2: Try this:
  [apply] ring_nf
  
  The `ring` tactic failed to close the goal. Use `ring_nf` to obtain a normal form.
    
  Note that `ring` works primarily in *commutative* rings. If you have a noncommutative ring, abelian group or module, consider using `noncomm_ring`, `abel` or `module` instead.
warning: AutoSamplingTheory/ExampleCases/SmoothedPicardHMC/PhaseReferenceMoment.lean:154:2: Try this: 
  letI̵

The goal is a proposition, so `let` is preferred over `letI`.
The difference between `let` and `letI` is that `letI` inlines the value.
But this is not relevant for proofs because of proof irrelevance.

Note: This linter can be disabled with `set_option linter.style.haveILetI false`
⚠ [8882/8894] Replayed AutoSamplingTheory.ExampleCases.SmoothedPicardHMC.InitialPhaseTransport
warning: AutoSamplingTheory/ExampleCases/SmoothedPicardHMC/InitialPhaseTransport.lean:31:8: automatically included section variable(s) unused in theorem `_private.AutoSamplingTheory.ExampleCases.SmoothedPicardHMC.InitialPhaseTransport.0.AutoSamplingTheory.ExampleCases.SmoothedPicardHMC.InitialPhaseTransport.identicalMomentumCoupling_isCoupling`:
  [CompleteSpace E]
consider restructuring your `variable` declarations so that the variables are not in scope or explicitly omit them:
  omit [CompleteSpace E] in theorem ...

Note: This linter can be disabled with `set_option linter.unusedSectionVars false`
warning: AutoSamplingTheory/ExampleCases/SmoothedPicardHMC/InitialPhaseTransport.lean:50:8: automatically included section variable(s) unused in theorem `_private.AutoSamplingTheory.ExampleCases.SmoothedPicardHMC.InitialPhaseTransport.0.AutoSamplingTheory.ExampleCases.SmoothedPicardHMC.InitialPhaseTransport.phaseCost_identical_momentum_le`:
  [CompleteSpace E]
  [FiniteDimensional ℝ E]
  [MeasurableSpace E]
  [BorelSpace E]
consider restructuring your `variable` declarations so that the variables are not in scope or explicitly omit them:
  omit [CompleteSpace E] [FiniteDimensional ℝ E] [MeasurableSpace E] [BorelSpace E] in theorem ...

Note: This linter can be disabled with `set_option linter.unusedSectionVars false`
⚠ [8883/8894] Replayed AutoSamplingTheory.ExampleCases.SmoothedPicardHMC.InitialGibbsPhaseTransport
warning: AutoSamplingTheory/ExampleCases/SmoothedPicardHMC/InitialGibbsPhaseTransport.lean:63:2: Try this: 
  letI̵

The goal is a proposition, so `let` is preferred over `letI`.
The difference between `let` and `letI` is that `letI` inlines the value.
But this is not relevant for proofs because of proof irrelevance.

Note: This linter can be disabled with `set_option linter.style.haveILetI false`
warning: AutoSamplingTheory/ExampleCases/SmoothedPicardHMC/InitialGibbsPhaseTransport.lean:129:2: Try this: 
  letI̵

The goal is a proposition, so `let` is preferred over `letI`.
The difference between `let` and `letI` is that `letI` inlines the value.
But this is not relevant for proofs because of proof irrelevance.

Note: This linter can be disabled with `set_option linter.style.haveILetI false`
⚠ [8890/9057] Replayed AutoSamplingTheory.SALD
warning: AutoSamplingTheory/SALD.lean:6615:8: Overlapping instance parameters in `generalMovingTargetDiscreteCanonicalBarBWeakConditionalFpNamedLawDerivativeOfDominated`:

⚠️ `[NormedSpace ℝ Vec]` and `[InnerProductSpace ℝ Vec]` can be used to infer conflicting versions of `[SMul ℝ Vec]`.
💡️ Of these, `[NormedSpace ℝ Vec]` may be removed.

When a data-carrying type class has multiple potential instances coming from different instance parameters, then these potential instances are incompatible. This is an example of an "instance diamond", which leads to unexpected unification failures.

Delete or combine some of your instance parameters to avoid this.

Note: This linter can be disabled with `set_option linter.overlappingInstances false`
warning: AutoSamplingTheory/SALD.lean:6795:8: Overlapping instance parameters in `generalMovingTargetDiscreteCanonicalBarBWeakConditionalFpNamedLawDerivativeOfEmIntervalDominated`:

⚠️ `[NormedSpace ℝ Vec]` and `[InnerProductSpace ℝ Vec]` can be used to infer conflicting versions of `[SMul ℝ Vec]`.
💡️ Of these, `[NormedSpace ℝ Vec]` may be removed.

When a data-carrying type class has multiple potential instances coming from different instance parameters, then these potential instances are incompatible. This is an example of an "instance diamond", which leads to unexpected unification failures.

Delete or combine some of your instance parameters to avoid this.

Note: This linter can be disabled with `set_option linter.overlappingInstances false`
warning: AutoSamplingTheory/SALD.lean:6944:8: Overlapping instance parameters in `generalMovingTargetDiscreteCanonicalBarBWeakConditionalFpNamedLawDerivativeOfEmIntervalMeasDominated`:

⚠️ `[NormedSpace ℝ Vec]` and `[InnerProductSpace ℝ Vec]` can be used to infer conflicting versions of `[SMul ℝ Vec]`.
💡️ Of these, `[NormedSpace ℝ Vec]` may be removed.

When a data-carrying type class has multiple potential instances coming from different instance parameters, then these potential instances are incompatible. This is an example of an "instance diamond", which leads to unexpected unification failures.

Delete or combine some of your instance parameters to avoid this.

Note: This linter can be disabled with `set_option linter.overlappingInstances false`
warning: AutoSamplingTheory/SALD.lean:7092:8: Overlapping instance parameters in `generalMovingTargetDiscreteCanonicalBarBWeakConditionalFpNamedLawDerivativeOfEmIntervalMeasIntDominated`:

⚠️ `[NormedSpace ℝ Vec]` and `[InnerProductSpace ℝ Vec]` can be used to infer conflicting versions of `[SMul ℝ Vec]`.
💡️ Of these, `[NormedSpace ℝ Vec]` may be removed.

When a data-carrying type class has multiple potential instances coming from different instance parameters, then these potential instances are incompatible. This is an example of an "instance diamond", which leads to unexpected unification failures.

Delete or combine some of your instance parameters to avoid this.

Note: This linter can be disabled with `set_option linter.overlappingInstances false`
warning: AutoSamplingTheory/SALD.lean:7238:8: Overlapping instance parameters in `generalMovingTargetDiscreteCanonicalBarBWeakConditionalFpNamedLawDerivativeOfEmIntervalMeasIntDerivMeasDominated`:

⚠️ `[NormedSpace ℝ Vec]` and `[InnerProductSpace ℝ Vec]` can be used to infer conflicting versions of `[SMul ℝ Vec]`.
💡️ Of these, `[NormedSpace ℝ Vec]` may be removed.

When a data-carrying type class has multiple potential instances coming from different instance parameters, then these potential instances are incompatible. This is an example of an "instance diamond", which leads to unexpected unification failures.

Delete or combine some of your instance parameters to avoid this.

Note: This linter can be disabled with `set_option linter.overlappingInstances false`
warning: AutoSamplingTheory/SALD.lean:7387:8: Overlapping instance parameters in `generalMovingTargetDiscreteCanonicalBarBWeakConditionalFpNamedLawDerivativeOfEmIntervalMeasIntDerivMeasBoundDominated`:

⚠️ `[NormedSpace ℝ Vec]` and `[InnerProductSpace ℝ Vec]` can be used to infer conflicting versions of `[SMul ℝ Vec]`.
💡️ Of these, `[NormedSpace ℝ Vec]` may be removed.

When a data-carrying type class has multiple potential instances coming from different instance parameters, then these potential instances are incompatible. This is an example of an "instance diamond", which leads to unexpected unification failures.

Delete or combine some of your instance parameters to avoid this.

Note: This linter can be disabled with `set_option linter.overlappingInstances false`
warning: AutoSamplingTheory/SALD.lean:7547:8: Overlapping instance parameters in `generalMovingTargetDiscreteCanonicalBarBWeakConditionalFpNamedLawDerivativeOfEmIntervalMeasIntDerivMeasBoundIntDominated`:

⚠️ `[NormedSpace ℝ Vec]` and `[InnerProductSpace ℝ Vec]` can be used to infer conflicting versions of `[SMul ℝ Vec]`.
💡️ Of these, `[NormedSpace ℝ Vec]` may be removed.

When a data-carrying type class has multiple potential instances coming from different instance parameters, then these potential instances are incompatible. This is an example of an "instance diamond", which leads to unexpected unification failures.

Delete or combine some of your instance parameters to avoid this.

Note: This linter can be disabled with `set_option linter.overlappingInstances false`
warning: AutoSamplingTheory/SALD.lean:7715:8: Overlapping instance parameters in `generalMovingTargetDiscreteCanonicalBarBWeakConditionalFpNamedLawDerivativeOfEmIntervalMeasIntDerivMeasBoundIntPathDominated`:

⚠️ `[NormedSpace ℝ Vec]` and `[InnerProductSpace ℝ Vec]` can be used to infer conflicting versions of `[SMul ℝ Vec]`.
💡️ Of these, `[NormedSpace ℝ Vec]` may be removed.

When a data-carrying type class has multiple potential instances coming from different instance parameters, then these potential instances are incompatible. This is an example of an "instance diamond", which leads to unexpected unification failures.

Delete or combine some of your instance parameters to avoid this.

Note: This linter can be disabled with `set_option linter.overlappingInstances false`
warning: AutoSamplingTheory/SALD.lean:7876:8: Overlapping instance parameters in `generalMovingTargetDiscreteCanonicalBarBWeakConditionalFpNamedLawDerivativeOfEmIntervalMeasIntDerivMeasBoundIntPathValueDominated`:

⚠️ `[NormedSpace ℝ Vec]` and `[InnerProductSpace ℝ Vec]` can be used to infer conflicting versions of `[SMul ℝ Vec]`.
💡️ Of these, `[NormedSpace ℝ Vec]` may be removed.

When a data-carrying type class has multiple potential instances coming from different instance parameters, then these potential instances are incompatible. This is an example of an "instance diamond", which leads to unexpected unification failures.

Delete or combine some of your instance parameters to avoid this.

Note: This linter can be disabled with `set_option linter.overlappingInstances false`
warning: AutoSamplingTheory/SALD.lean:8047:8: Overlapping instance parameters in `generalMovingTargetDiscreteCanonicalBarBWeakConditionalFpNamedLawDerivativeOfEmIntervalMeasIntDerivMeasBoundIntPathValueDriftActionDominated`:

⚠️ `[NormedSpace ℝ Vec]` and `[InnerProductSpace ℝ Vec]` can be used to infer conflicting versions of `[SMul ℝ Vec]`.
💡️ Of these, `[NormedSpace ℝ Vec]` may be removed.

When a data-carrying type class has multiple potential instances coming from different instance parameters, then these potential instances are incompatible. This is an example of an "instance diamond", which leads to unexpected unification failures.

Delete or combine some of your instance parameters to avoid this.

Note: This linter can be disabled with `set_option linter.overlappingInstances false`
warning: AutoSamplingTheory/SALD.lean:8319:8: Overlapping instance parameters in `generalMovingTargetDiscreteCanonicalBarBWeakConditionalFpNamedLawDerivativeOfEmIntervalMeasIntDerivMeasBoundIntPathValueDriftActionPairMeasDominated`:

⚠️ `[NormedSpace ℝ Vec]` and `[InnerProductSpace ℝ Vec]` can be used to infer conflicting versions of `[SMul ℝ Vec]`.
💡️ Of these, `[NormedSpace ℝ Vec]` may be removed.

When a data-carrying type class has multiple potential instances coming from different instance parameters, then these potential instances are incompatible. This is an example of an "instance diamond", which leads to unexpected unification failures.

Delete or combine some of your instance parameters to avoid this.

Note: This linter can be disabled with `set_option linter.overlappingInstances false`
warning: AutoSamplingTheory/SALD.lean:8534:8: Overlapping instance parameters in `generalMovingTargetDiscreteCanonicalBarBWeakConditionalFpNamedLawDerivativeOfEmIntervalMeasIntDerivMeasBoundIntPathValueDriftActionPairMeasNoBoundaryTraceDominated`:

⚠️ `[NormedSpace ℝ Vec]` and `[InnerProductSpace ℝ Vec]` can be used to infer conflicting versions of `[SMul ℝ Vec]`.
💡️ Of these, `[NormedSpace ℝ Vec]` may be removed.

When a data-carrying type class has multiple potential instances coming from different instance parameters, then these potential instances are incompatible. This is an example of an "instance diamond", which leads to unexpected unification failures.

Delete or combine some of your instance parameters to avoid this.

Note: This linter can be disabled with `set_option linter.overlappingInstances false`
warning: AutoSamplingTheory/SALD.lean:8796:8: Overlapping instance parameters in `generalMovingTargetDiscreteCanonicalBarBWeakConditionalFpNamedLawDerivativeOfEmIntervalMeasIntDerivMeasBoundIntPathValueDriftActionPairMeasNoBoundaryTraceCanonicalMeasDominated`:

⚠️ `[NormedSpace ℝ Vec]` and `[InnerProductSpace ℝ Vec]` can be used to infer conflicting versions of `[SMul ℝ Vec]`.
💡️ Of these, `[NormedSpace ℝ Vec]` may be removed.

When a data-carrying type class has multiple potential instances coming from different instance parameters, then these potential instances are incompatible. This is an example of an "instance diamond", which leads to unexpected unification failures.

Delete or combine some of your instance parameters to avoid this.

Note: This linter can be disabled with `set_option linter.overlappingInstances false`
warning: AutoSamplingTheory/SALD.lean:9028:8: Overlapping instance parameters in `generalMovingTargetDiscreteCanonicalBarBWeakConditionalFpNamedLawDerivativeOfEmIntervalMeasIntDerivMeasBoundIntPathValueDriftActionPairMeasNoBoundaryTraceCanonicalMeasDiffusionSourceDominated`:

⚠️ `[NormedSpace ℝ Vec]` and `[InnerProductSpace ℝ Vec]` can be used to infer conflicting versions of `[SMul ℝ Vec]`.
💡️ Of these, `[NormedSpace ℝ Vec]` may be removed.

When a data-carrying type class has multiple potential instances coming from different instance parameters, then these potential instances are incompatible. This is an example of an "instance diamond", which leads to unexpected unification failures.

Delete or combine some of your instance parameters to avoid this.

Note: This linter can be disabled with `set_option linter.overlappingInstances false`
⚠ [8928/9057] Replayed AutoSamplingTheory.TechnicalLemmas.Analysis.PrefixIntegral
warning: AutoSamplingTheory/TechnicalLemmas/Analysis/PrefixIntegral.lean:58:2: Unused tactic linter: `change
  ∫ s, f s ∂((TimeMeasure.upTo T₁).restrict (Iio t)) = ∫ s, f s ∂((TimeMeasure.upTo T₂).restrict (Iio t))` does nothing

Note: This linter can be disabled with `set_option linter.unusedTactic false`
warning: AutoSamplingTheory/TechnicalLemmas/Analysis/PrefixIntegral.lean:89:4: try 'simp' instead of 'simpa'

Note: This linter can be disabled with `set_option linter.unnecessarySimpa false`
⚠ [8949/9057] Replayed AutoSamplingTheory.TechnicalLemmas.InformationTheory.CanonicalKLDissipation
warning: AutoSamplingTheory/TechnicalLemmas/InformationTheory/CanonicalKLDissipation.lean:85:0: automatically included section variable(s) unused in theorem `AutoSamplingTheory.TechnicalLemmas.InformationTheory.CanonicalKLDissipation.kl_hasDerivAt_integral_rhoDot_mul_logRatio`:
  [Fintype ι]
consider restructuring your `variable` declarations so that the variables are not in scope or explicitly omit them:
  omit [Fintype ι] in theorem ...

Note: This linter can be disabled with `set_option linter.unusedSectionVars false`
⚠ [8952/9057] Replayed AutoSamplingTheory.TechnicalLemmas.InformationTheory.GeodesicFisherTransport
warning: AutoSamplingTheory/TechnicalLemmas/InformationTheory/GeodesicFisherTransport.lean:52:49: Variable name `hdistance` is not explicitly referenced.

Hint: The binding can be removed (if unused) or named `_` (if used implicitly). Alternatively, prefix the name with `_` to silence this warning:
  [apply] _hdistance

Note: This linter can be disabled with `set_option linter.unusedVariables false`
⚠ [8961/9057] Replayed AutoSamplingTheory.TechnicalLemmas.Measure.CommonMass
warning: AutoSamplingTheory/TechnicalLemmas/Measure/CommonMass.lean:53:13: This simp argument is unused:
  mul_assoc

Hint: Omit it from the simp argument list.
  [apply] simp [hne]

Note: This linter can be disabled with `set_option linter.unusedSimpArgs false`
warning: AutoSamplingTheory/TechnicalLemmas/Measure/CommonMass.lean:69:5: Variable name `hmass` is not explicitly referenced.

Hint: The binding can be removed (if unused) or named `_` (if used implicitly). Alternatively, prefix the name with `_` to silence this warning:
  [apply] _hmass

Note: This linter can be disabled with `set_option linter.unusedVariables false`
⚠ [8974/9057] Replayed AutoSamplingTheory.TechnicalLemmas.Measure.DisplacementInterpolationCost
warning: AutoSamplingTheory/TechnicalLemmas/Measure/DisplacementInterpolationCost.lean:39:0: automatically included section variable(s) unused in theorem `AutoSamplingTheory.TechnicalLemmas.Measure.DisplacementInterpolationCost.pointMap_sub_pointMap`:
  [FiniteDimensional ℝ E]
  [MeasurableSpace E]
  [BorelSpace E]
consider restructuring your `variable` declarations so that the variables are not in scope or explicitly omit them:
  omit [FiniteDimensional ℝ E] [MeasurableSpace E] [BorelSpace E] in theorem ...

Note: This linter can be disabled with `set_option linter.unusedSectionVars false`
⚠ [8975/9057] Replayed AutoSamplingTheory.TechnicalLemmas.Measure.WassersteinFiniteSecondMoment
warning: AutoSamplingTheory/TechnicalLemmas/Measure/WassersteinFiniteSecondMoment.lean:29:0: automatically included section variable(s) unused in theorem `AutoSamplingTheory.TechnicalLemmas.Measure.WassersteinFiniteSecondMoment.integrable_norm_sq_fst_prod`:
  [BorelSpace E]
consider restructuring your `variable` declarations so that the variables are not in scope or explicitly omit them:
  omit [BorelSpace E] in theorem ...

Note: This linter can be disabled with `set_option linter.unusedSectionVars false`
warning: AutoSamplingTheory/TechnicalLemmas/Measure/WassersteinFiniteSecondMoment.lean:38:0: automatically included section variable(s) unused in theorem `AutoSamplingTheory.TechnicalLemmas.Measure.WassersteinFiniteSecondMoment.integrable_norm_sq_snd_prod`:
  [BorelSpace E]
consider restructuring your `variable` declarations so that the variables are not in scope or explicitly omit them:
  omit [BorelSpace E] in theorem ...

Note: This linter can be disabled with `set_option linter.unusedSectionVars false`
warning: AutoSamplingTheory/TechnicalLemmas/Measure/WassersteinFiniteSecondMoment.lean:107:2: Try this: 
  letI̵

The goal is a proposition, so `let` is preferred over `letI`.
The difference between `let` and `letI` is that `letI` inlines the value.
But this is not relevant for proofs because of proof irrelevance.

Note: This linter can be disabled with `set_option linter.style.haveILetI false`
warning: AutoSamplingTheory/TechnicalLemmas/Measure/WassersteinFiniteSecondMoment.lean:108:2: Try this: 
  letI̵

The goal is a proposition, so `let` is preferred over `letI`.
The difference between `let` and `letI` is that `letI` inlines the value.
But this is not relevant for proofs because of proof irrelevance.

Note: This linter can be disabled with `set_option linter.style.haveILetI false`
⚠ [8978/9057] Replayed AutoSamplingTheory.TechnicalLemmas.Measure.DisplacementInterpolationConstantSpeed
warning: AutoSamplingTheory/TechnicalLemmas/Measure/DisplacementInterpolationConstantSpeed.lean:42:2: Try this: 
  letI̵

The goal is a proposition, so `let` is preferred over `letI`.
The difference between `let` and `letI` is that `letI` inlines the value.
But this is not relevant for proofs because of proof irrelevance.

Note: This linter can be disabled with `set_option linter.style.haveILetI false`
warning: AutoSamplingTheory/TechnicalLemmas/Measure/DisplacementInterpolationConstantSpeed.lean:37:0: automatically included section variable(s) unused in theorem `AutoSamplingTheory.TechnicalLemmas.Measure.DisplacementInterpolationConstantSpeed.isProbabilityMeasure_displacementInterpolation`:
  [SecondCountableTopology E]
  [StandardBorelSpace E]
  [Nonempty E]
consider restructuring your `variable` declarations so that the variables are not in scope or explicitly omit them:
  omit [SecondCountableTopology E] [StandardBorelSpace E] [Nonempty E] in theorem ...

Note: This linter can be disabled with `set_option linter.unusedSectionVars false`
warning: AutoSamplingTheory/TechnicalLemmas/Measure/DisplacementInterpolationConstantSpeed.lean:49:0: automatically included section variable(s) unused in theorem `AutoSamplingTheory.TechnicalLemmas.Measure.DisplacementInterpolationConstantSpeed.wassersteinDistance_interpolation_le`:
  [SecondCountableTopology E]
  [StandardBorelSpace E]
  [Nonempty E]
consider restructuring your `variable` declarations so that the variables are not in scope or explicitly omit them:
  omit [SecondCountableTopology E] [StandardBorelSpace E] [Nonempty E] in theorem ...

Note: This linter can be disabled with `set_option linter.unusedSectionVars false`
warning: AutoSamplingTheory/TechnicalLemmas/Measure/DisplacementInterpolationConstantSpeed.lean:102:2: Try this: 
  letI̵

The goal is a proposition, so `let` is preferred over `letI`.
The difference between `let` and `letI` is that `letI` inlines the value.
But this is not relevant for proofs because of proof irrelevance.

Note: This linter can be disabled with `set_option linter.style.haveILetI false`
warning: AutoSamplingTheory/TechnicalLemmas/Measure/DisplacementInterpolationConstantSpeed.lean:103:2: Try this: 
  letI̵

The goal is a proposition, so `let` is preferred over `letI`.
The difference between `let` and `letI` is that `letI` inlines the value.
But this is not relevant for proofs because of proof irrelevance.

Note: This linter can be disabled with `set_option linter.style.haveILetI false`
warning: AutoSamplingTheory/TechnicalLemmas/Measure/DisplacementInterpolationConstantSpeed.lean:106:2: Try this: 
  letI̵

The goal is a proposition, so `let` is preferred over `letI`.
The difference between `let` and `letI` is that `letI` inlines the value.
But this is not relevant for proofs because of proof irrelevance.

Note: This linter can be disabled with `set_option linter.style.haveILetI false`
warning: AutoSamplingTheory/TechnicalLemmas/Measure/DisplacementInterpolationConstantSpeed.lean:109:2: Try this: 
  letI̵

The goal is a proposition, so `let` is preferred over `letI`.
The difference between `let` and `letI` is that `letI` inlines the value.
But this is not relevant for proofs because of proof irrelevance.

Note: This linter can be disabled with `set_option linter.style.haveILetI false`
⚠ [8979/9057] Replayed AutoSamplingTheory.TechnicalLemmas.Measure.WassersteinSymmetry
warning: AutoSamplingTheory/TechnicalLemmas/Measure/WassersteinSymmetry.lean:32:0: automatically included section variable(s) unused in theorem `AutoSamplingTheory.TechnicalLemmas.Measure.WassersteinSymmetry.measurable_swapPair`:
  [NormedAddCommGroup E]
  [BorelSpace E]
  [SecondCountableTopology E]
consider restructuring your `variable` declarations so that the variables are not in scope or explicitly omit them:
  omit [NormedAddCommGroup E] [BorelSpace E] [SecondCountableTopology E] in theorem ...

Note: This linter can be disabled with `set_option linter.unusedSectionVars false`
⚠ [8981/9057] Replayed AutoSamplingTheory.TechnicalLemmas.Measure.DisplacementPotentialEnergy
warning: AutoSamplingTheory/TechnicalLemmas/Measure/DisplacementPotentialEnergy.lean:34:0: automatically included section variable(s) unused in theorem `AutoSamplingTheory.TechnicalLemmas.Measure.DisplacementPotentialEnergy.potential_pointMap_le`:
  [FiniteDimensional ℝ E]
  [MeasurableSpace E]
  [BorelSpace E]
consider restructuring your `variable` declarations so that the variables are not in scope or explicitly omit them:
  omit [FiniteDimensional ℝ E] [MeasurableSpace E] [BorelSpace E] in theorem ...

Note: This linter can be disabled with `set_option linter.unusedSectionVars false`
⚠ [8982/9057] Replayed AutoSamplingTheory.TechnicalLemmas.Measure.DisplacementRealQuadraticCost
warning: AutoSamplingTheory/TechnicalLemmas/Measure/DisplacementRealQuadraticCost.lean:38:0: automatically included section variable(s) unused in theorem `AutoSamplingTheory.TechnicalLemmas.Measure.DisplacementRealQuadraticCost.ofReal_integral_norm_sq_eq_lintegral_quadraticCost`:
  [InnerProductSpace ℝ E]
  [FiniteDimensional ℝ E]
  [BorelSpace E]
consider restructuring your `variable` declarations so that the variables are not in scope or explicitly omit them:
  omit [InnerProductSpace ℝ E] [FiniteDimensional ℝ E] [BorelSpace E] in theorem ...

Note: This linter can be disabled with `set_option linter.unusedSectionVars false`
⚠ [8983/9057] Replayed AutoSamplingTheory.TechnicalLemmas.Measure.DisplacementJacobianEntropy
warning: AutoSamplingTheory/TechnicalLemmas/Measure/DisplacementJacobianEntropy.lean:163:4: try 'simp' instead of 'simpa'

Note: This linter can be disabled with `set_option linter.unnecessarySimpa false`
⚠ [8988/9057] Replayed AutoSamplingTheory.TechnicalLemmas.Measure.DisplacementDerivativeMatrix
warning: AutoSamplingTheory/TechnicalLemmas/Measure/DisplacementDerivativeMatrix.lean:42:66: This simp argument is unused:
  Matrix.one_apply

Hint: Omit it from the simp argument list.
  [apply] simp [affineDisplacementDerivative, LinearMap.toMatrix_apply, hij]

Note: This linter can be disabled with `set_option linter.unusedSimpArgs false`
⚠ [8993/9057] Replayed AutoSamplingTheory.TechnicalLemmas.Measure.DisplacementPositiveOperator
warning: AutoSamplingTheory/TechnicalLemmas/Measure/DisplacementPositiveOperator.lean:44:0: automatically included section variable(s) unused in theorem `AutoSamplingTheory.TechnicalLemmas.Measure.DisplacementPositiveOperator.toMatrix_posSemidef_of_isPositive`:
  [FiniteDimensional ℝ E]
  [MeasurableSpace E]
  [BorelSpace E]
consider restructuring your `variable` declarations so that the variables are not in scope or explicitly omit them:
  omit [FiniteDimensional ℝ E] [MeasurableSpace E] [BorelSpace E] in theorem ...

Note: This linter can be disabled with `set_option linter.unusedSectionVars false`
⚠ [9003/9057] Replayed AutoSamplingTheory.TechnicalLemmas.Measure.QuadraticOptimalMap
warning: AutoSamplingTheory/TechnicalLemmas/Measure/QuadraticOptimalMap.lean:45:4: try 'simp' instead of 'simpa'

Note: This linter can be disabled with `set_option linter.unnecessarySimpa false`
⚠ [9008/9057] Replayed AutoSamplingTheory.TechnicalLemmas.Measure.DisplacementInterpolationP2ConstantSpeed
warning: AutoSamplingTheory/TechnicalLemmas/Measure/DisplacementInterpolationP2ConstantSpeed.lean:48:2: Try this: 
  letI̵

The goal is a proposition, so `let` is preferred over `letI`.
The difference between `let` and `letI` is that `letI` inlines the value.
But this is not relevant for proofs because of proof irrelevance.

Note: This linter can be disabled with `set_option linter.style.haveILetI false`
warning: AutoSamplingTheory/TechnicalLemmas/Measure/DisplacementInterpolationP2ConstantSpeed.lean:51:2: Try this: 
  letI̵

The goal is a proposition, so `let` is preferred over `letI`.
The difference between `let` and `letI` is that `letI` inlines the value.
But this is not relevant for proofs because of proof irrelevance.

Note: This linter can be disabled with `set_option linter.style.haveILetI false`
⚠ [9014/9057] Replayed AutoSamplingTheory.TechnicalLemmas.Probability.NormalizedFiniteMeasure
warning: AutoSamplingTheory/TechnicalLemmas/Probability/NormalizedFiniteMeasure.lean:27:0: automatically included section variable(s) unused in theorem `AutoSamplingTheory.TechnicalLemmas.Probability.NormalizedFiniteMeasure.compl_null_of_toMeasure_le_restrict`:
  [Nonempty X]
consider restructuring your `variable` declarations so that the variables are not in scope or explicitly omit them:
  omit [Nonempty X] in theorem ...

Note: This linter can be disabled with `set_option linter.unusedSectionVars false`
⚠ [9030/9057] Replayed AutoSamplingTheory.TechnicalLemmas.StochasticProcesses.GaussianFourthMoment
warning: AutoSamplingTheory/TechnicalLemmas/StochasticProcesses/GaussianFourthMoment.lean:84:10: This simp argument is unused:
  deriv_fun_add

Hint: Omit it from the simp argument list.
  [apply] simp only [deriv_div_const, differentiableAt_const, differentiableAt_fun_id, Nat.cast_ofNat,
    DifferentiableAt.fun_pow, deriv_fun_mul, deriv_const', zero_mul, deriv_fun_pow, Nat.add_one_sub_one, pow_one,
    deriv_id'', mul_one, zero_add]

Note: This linter can be disabled with `set_option linter.unusedSimpArgs false`
⚠ [9032/9057] Replayed AutoSamplingTheory.TechnicalLemmas.StochasticProcesses.VectorBrownianFiltration
warning: AutoSamplingTheory/TechnicalLemmas/StochasticProcesses/VectorBrownianFiltration.lean:35:0: automatically included section variable(s) unused in theorem `AutoSamplingTheory.TechnicalLemmas.StochasticProcesses.BrownianMotion.IsStandardBrownianMotion.hasIndepIncrements`:
  [CompleteSpace E]
  [BorelSpace E]
consider restructuring your `variable` declarations so that the variables are not in scope or explicitly omit them:
  omit [CompleteSpace E] [BorelSpace E] in theorem ...

Note: This linter can be disabled with `set_option linter.unusedSectionVars false`
⚠ [9036/9057] Replayed AutoSamplingTheory.TechnicalLemmas.StochasticProcesses.EnergyPathContinuity
warning: AutoSamplingTheory/TechnicalLemmas/StochasticProcesses/EnergyPathContinuity.lean:46:4: try 'simp' instead of 'simpa'

Note: This linter can be disabled with `set_option linter.unnecessarySimpa false`
⚠ [9037/9057] Replayed AutoSamplingTheory.TechnicalLemmas.StochasticProcesses.CompletedEnergy
warning: AutoSamplingTheory/TechnicalLemmas/StochasticProcesses/CompletedEnergy.lean:51:5: Variable name `hUsual` is not explicitly referenced.

Hint: The binding can be removed (if unused) or named `_` (if used implicitly). Alternatively, prefix the name with `_` to silence this warning:
  [apply] _hUsual

Note: This linter can be disabled with `set_option linter.unusedVariables false`
⚠ [9044/9057] Replayed AutoSamplingTheory.TechnicalLemmas.StochasticProcesses.CompletedIntegrand
warning: AutoSamplingTheory/TechnicalLemmas/StochasticProcesses/CompletedIntegrand.lean:68:4: try 'simp' instead of 'simpa'

Note: This linter can be disabled with `set_option linter.unnecessarySimpa false`
⚠ [9045/9057] Replayed AutoSamplingTheory.TechnicalLemmas.StochasticProcesses.EnergyStoppedIntegrand
warning: AutoSamplingTheory/TechnicalLemmas/StochasticProcesses/EnergyStoppedIntegrand.lean:144:4: try 'simp' instead of 'simpa'

Note: This linter can be disabled with `set_option linter.unnecessarySimpa false`
⚠ [9047/9057] Replayed AutoSamplingTheory.TechnicalLemmas.StochasticProcesses.CanonicalRawLocalization
warning: AutoSamplingTheory/TechnicalLemmas/StochasticProcesses/CanonicalRawLocalization.lean:171:4: try 'simp' instead of 'simpa'

Note: This linter can be disabled with `set_option linter.unnecessarySimpa false`
warning: AutoSamplingTheory/TechnicalLemmas/StochasticProcesses/CanonicalRawLocalization.lean:175:4: try 'simp' instead of 'simpa'

Note: This linter can be disabled with `set_option linter.unnecessarySimpa false`
⚠ [9048/9057] Replayed AutoSamplingTheory.TechnicalLemmas.StochasticProcesses.CanonicalRawLocalizationL2
warning: AutoSamplingTheory/TechnicalLemmas/StochasticProcesses/CanonicalRawLocalizationL2.lean:40:2: Unused tactic linter: `change
  (∫⁻ t,
      ENNReal.ofReal
        ((Localization.stoppedIntegrand eta.process (fun w => (canonicalRawLocalizingTime hUsual eta n w : WithTop ℝ≥0))
            t omega) ^
          2) ∂(TimeMeasure.nnrealLebesgue.restrict (Icc (0 : ℝ≥0) T))) ≤
    ENNReal.ofReal (n + 1 : ℝ)` does nothing

Note: This linter can be disabled with `set_option linter.unusedTactic false`
⚠ [9068/9133] Replayed AutoSamplingTheory.TechnicalLemmas.StochasticProcesses.ElementaryStoppingTime
warning: AutoSamplingTheory/TechnicalLemmas/StochasticProcesses/ElementaryStoppingTime.lean:66:6: try 'simp' instead of 'simpa'

Note: This linter can be disabled with `set_option linter.unnecessarySimpa false`
⚠ [9088/9133] Replayed AutoSamplingTheory.TechnicalLemmas.StochasticProcesses.DyadicHorizonExtension
warning: AutoSamplingTheory/TechnicalLemmas/StochasticProcesses/DyadicHorizonExtension.lean:69:45: Variable name `hab` is not explicitly referenced.

Hint: The binding can be removed (if unused) or named `_` (if used implicitly). Alternatively, prefix the name with `_` to silence this warning:
  [apply] _hab

Note: This linter can be disabled with `set_option linter.unusedVariables false`
warning: AutoSamplingTheory/TechnicalLemmas/StochasticProcesses/DyadicHorizonExtension.lean:221:35: This simp argument is unused:
  Fin.val_castSucc

Hint: Omit it from the simp argument list.
  [apply] simp only [regularGridTimes, Fin.val_succ, hjval, extensionLevel]

Note: This linter can be disabled with `set_option linter.unusedSimpArgs false`
warning: AutoSamplingTheory/TechnicalLemmas/StochasticProcesses/DyadicHorizonExtension.lean:221:53: This simp argument is unused:
  Fin.val_succ

Hint: Omit it from the simp argument list.
  [apply] simp only [regularGridTimes, Fin.val_castSucc, hjval, extensionLevel]

Note: This linter can be disabled with `set_option linter.unusedSimpArgs false`
warning: AutoSamplingTheory/TechnicalLemmas/StochasticProcesses/DyadicHorizonExtension.lean:221:67: This simp argument is unused:
  hjval

Hint: Omit it from the simp argument list.
  [apply] simp only [regularGridTimes, Fin.val_castSucc, Fin.val_succ, extensionLevel]

Note: This linter can be disabled with `set_option linter.unusedSimpArgs false`
⚠ [9089/9133] Replayed AutoSamplingTheory.TechnicalLemmas.StochasticProcesses.DyadicHorizonIto
warning: AutoSamplingTheory/TechnicalLemmas/StochasticProcesses/DyadicHorizonIto.lean:137:12: try 'simp' instead of 'simpa'

Note: This linter can be disabled with `set_option linter.unnecessarySimpa false`
⚠ [9097/9133] Replayed AutoSamplingTheory.TechnicalLemmas.StochasticProcesses.EuclideanBrownianCoordinates
warning: AutoSamplingTheory/TechnicalLemmas/StochasticProcesses/EuclideanBrownianCoordinates.lean:40:0: automatically included section variable(s) unused in theorem `AutoSamplingTheory.TechnicalLemmas.StochasticProcesses.EuclideanBrownianCoordinates.coordinateDual_apply`:
  [DecidableEq kappa]
consider restructuring your `variable` declarations so that the variables are not in scope or explicitly omit them:
  omit [DecidableEq kappa] in theorem ...

Note: This linter can be disabled with `set_option linter.unusedSectionVars false`
warning: AutoSamplingTheory/TechnicalLemmas/StochasticProcesses/EuclideanBrownianCoordinates.lean:125:0: automatically included section variable(s) unused in theorem `AutoSamplingTheory.TechnicalLemmas.StochasticProcesses.EuclideanBrownianCoordinates.IsStandardBrownianMotionWithFiltration.coordinate_stronglyAdapted`:
  [MeasurableSpace Omega]
consider restructuring your `variable` declarations so that the variables are not in scope or explicitly omit them:
  omit [MeasurableSpace Omega] in theorem ...

Note: This linter can be disabled with `set_option linter.unusedSectionVars false`
warning: AutoSamplingTheory/TechnicalLemmas/StochasticProcesses/EuclideanBrownianCoordinates.lean:137:0: automatically included section variable(s) unused in theorem `AutoSamplingTheory.TechnicalLemmas.StochasticProcesses.EuclideanBrownianCoordinates.IsStandardBrownianMotionWithFiltration.coordinate_incrementIndependent`:
  [MeasurableSpace Omega]
consider restructuring your `variable` declarations so that the variables are not in scope or explicitly omit them:
  omit [MeasurableSpace Omega] in theorem ...

Note: This linter can be disabled with `set_option linter.unusedSectionVars false`
warning: AutoSamplingTheory/TechnicalLemmas/StochasticProcesses/EuclideanBrownianCoordinates.lean:170:44: This simp argument is unused:
  Function.comp_def

Hint: Omit it from the simp argument list.
  [apply] simp [scalarIncrement, vectorIncrement, map_sub]

Note: This linter can be disabled with `set_option linter.unusedSimpArgs false`
warning: AutoSamplingTheory/TechnicalLemmas/StochasticProcesses/EuclideanBrownianCoordinates.lean:187:0: automatically included section variable(s) unused in theorem `AutoSamplingTheory.TechnicalLemmas.StochasticProcesses.EuclideanBrownianCoordinates.IsStandardBrownianMotionWithFiltration.coordinate`:
  [MeasurableSpace Omega]
consider restructuring your `variable` declarations so that the variables are not in scope or explicitly omit them:
  omit [MeasurableSpace Omega] in theorem ...

Note: This linter can be disabled with `set_option linter.unusedSectionVars false`
warning: AutoSamplingTheory/TechnicalLemmas/StochasticProcesses/EuclideanBrownianCoordinates.lean:195:30: Variable name `s` is not explicitly referenced.

Hint: The binding can be removed (if unused) or named `_` (if used implicitly). Alternatively, prefix the name with `_` to silence this warning:
  [apply] _s

Note: This linter can be disabled with `set_option linter.unusedVariables false`
warning: AutoSamplingTheory/TechnicalLemmas/StochasticProcesses/EuclideanBrownianCoordinates.lean:195:32: Variable name `t` is not explicitly referenced.

Hint: The binding can be removed (if unused) or named `_` (if used implicitly). Alternatively, prefix the name with `_` to silence this warning:
  [apply] _t

Note: This linter can be disabled with `set_option linter.unusedVariables false`
⚠ [9104/9133] Replayed AutoSamplingTheory.TechnicalLemmas.StochasticProcesses.ProgressiveDriftIntegral
warning: AutoSamplingTheory/TechnicalLemmas/StochasticProcesses/ProgressiveDriftIntegral.lean:70:2: Try this: 
  letI̵

The goal is a proposition, so `let` is preferred over `letI`.
The difference between `let` and `letI` is that `letI` inlines the value.
But this is not relevant for proofs because of proof irrelevance.

Note: This linter can be disabled with `set_option linter.style.haveILetI false`
⚠ [9107/9133] Replayed AutoSamplingTheory.TechnicalLemmas.StochasticProcesses.ChewiItoProcess
warning: AutoSamplingTheory/TechnicalLemmas/StochasticProcesses/ChewiItoProcess.lean:69:0: automatically included section variable(s) unused in theorem `AutoSamplingTheory.TechnicalLemmas.StochasticProcesses.ChewiItoProcess.SourceData.initial_coordinate_stronglyMeasurable`:
  [MeasurableSpace Omega]
  [DecidableEq kappa]
consider restructuring your `variable` declarations so that the variables are not in scope or explicitly omit them:
  omit [MeasurableSpace Omega] [DecidableEq kappa] in theorem ...

Note: This linter can be disabled with `set_option linter.unusedSectionVars false`
warning: AutoSamplingTheory/TechnicalLemmas/StochasticProcesses/ChewiItoProcess.lean:80:0: automatically included section variable(s) unused in theorem `AutoSamplingTheory.TechnicalLemmas.StochasticProcesses.ChewiItoProcess.SourceData.drift_coordinate_progressive`:
  [MeasurableSpace Omega]
  [DecidableEq kappa]
consider restructuring your `variable` declarations so that the variables are not in scope or explicitly omit them:
  omit [MeasurableSpace Omega] [DecidableEq kappa] in theorem ...

Note: This linter can be disabled with `set_option linter.unusedSectionVars false`
warning: AutoSamplingTheory/TechnicalLemmas/StochasticProcesses/ChewiItoProcess.lean:93:0: automatically included section variable(s) unused in theorem `AutoSamplingTheory.TechnicalLemmas.StochasticProcesses.ChewiItoProcess.SourceData.drift_coordinate_integrable`:
  [MeasurableSpace Omega]
  [DecidableEq kappa]
consider restructuring your `variable` declarations so that the variables are not in scope or explicitly omit them:
  omit [MeasurableSpace Omega] [DecidableEq kappa] in theorem ...

Note: This linter can be disabled with `set_option linter.unusedSectionVars false`
warning: AutoSamplingTheory/TechnicalLemmas/StochasticProcesses/ChewiItoProcess.lean:105:0: automatically included section variable(s) unused in theorem `AutoSamplingTheory.TechnicalLemmas.StochasticProcesses.ChewiItoProcess.SourceData.diffusion_entry_progressive`:
  [MeasurableSpace Omega]
consider restructuring your `variable` declarations so that the variables are not in scope or explicitly omit them:
  omit [MeasurableSpace Omega] in theorem ...

Note: This linter can be disabled with `set_option linter.unusedSectionVars false`
warning: AutoSamplingTheory/TechnicalLemmas/StochasticProcesses/ChewiItoProcess.lean:152:0: automatically included section variable(s) unused in theorem `AutoSamplingTheory.TechnicalLemmas.StochasticProcesses.ChewiItoProcess.definition_1_1_17_coordinate_display`:
  [MeasurableSpace Omega]
consider restructuring your `variable` declarations so that the variables are not in scope or explicitly omit them:
  omit [MeasurableSpace Omega] in theorem ...

Note: This linter can be disabled with `set_option linter.unusedSectionVars false`
⚠ [9108/9133] Replayed AutoSamplingTheory.TechnicalLemmas.StochasticProcesses.ChewiItoProcessProgressive
warning: AutoSamplingTheory/TechnicalLemmas/StochasticProcesses/ChewiItoProcessProgressive.lean:49:2: Try this: 
  letI̵

The goal is a proposition, so `let` is preferred over `letI`.
The difference between `let` and `letI` is that `letI` inlines the value.
But this is not relevant for proofs because of proof irrelevance.

Note: This linter can be disabled with `set_option linter.style.haveILetI false`
⚠ [9109/9133] Replayed AutoSamplingTheory.TechnicalLemmas.StochasticProcesses.ChewiDefinition1_1_17
warning: AutoSamplingTheory/TechnicalLemmas/StochasticProcesses/ChewiDefinition1_1_17.lean:57:0: automatically included section variable(s) unused in theorem `AutoSamplingTheory.TechnicalLemmas.StochasticProcesses.ChewiDefinition1_1_17.stochasticIntegral_coordinate`:
  [MeasurableSpace Omega]
consider restructuring your `variable` declarations so that the variables are not in scope or explicitly omit them:
  omit [MeasurableSpace Omega] in theorem ...

Note: This linter can be disabled with `set_option linter.unusedSectionVars false`
warning: AutoSamplingTheory/TechnicalLemmas/StochasticProcesses/ChewiDefinition1_1_17.lean:76:0: automatically included section variable(s) unused in theorem `AutoSamplingTheory.TechnicalLemmas.StochasticProcesses.ChewiDefinition1_1_17.drift_integral_coordinate`:
  [MeasurableSpace Omega]
  [DecidableEq iota]
  [DecidableEq kappa]
consider restructuring your `variable` declarations so that the variables are not in scope or explicitly omit them:
  omit [MeasurableSpace Omega] [DecidableEq iota] [DecidableEq kappa] in theorem ...

Note: This linter can be disabled with `set_option linter.unusedSectionVars false`
warning: AutoSamplingTheory/TechnicalLemmas/StochasticProcesses/ChewiDefinition1_1_17.lean:95:0: automatically included section variable(s) unused in theorem `AutoSamplingTheory.TechnicalLemmas.StochasticProcesses.ChewiDefinition1_1_17.definition_1_1_17_vector_display`:
  [MeasurableSpace Omega]
consider restructuring your `variable` declarations so that the variables are not in scope or explicitly omit them:
  omit [MeasurableSpace Omega] in theorem ...

Note: This linter can be disabled with `set_option linter.unusedSectionVars false`
warning: AutoSamplingTheory/TechnicalLemmas/StochasticProcesses/ChewiDefinition1_1_17.lean:123:0: automatically included section variable(s) unused in theorem `AutoSamplingTheory.TechnicalLemmas.StochasticProcesses.ChewiDefinition1_1_17.chewi_definition_1_1_17`:
  [MeasurableSpace Omega]
consider restructuring your `variable` declarations so that the variables are not in scope or explicitly omit them:
  omit [MeasurableSpace Omega] in theorem ...

Note: This linter can be disabled with `set_option linter.unusedSectionVars false`
⚠ [9110/9133] Replayed AutoSamplingTheory.TechnicalLemmas.StochasticProcesses.ChewiDisplay1_1_18
warning: AutoSamplingTheory/TechnicalLemmas/StochasticProcesses/ChewiDisplay1_1_18.lean:38:0: automatically included section variable(s) unused in theorem `AutoSamplingTheory.TechnicalLemmas.StochasticProcesses.ChewiDisplay1_1_18.chewi_display_1_1_18_integral_meaning`:
  [MeasurableSpace Omega]
consider restructuring your `variable` declarations so that the variables are not in scope or explicitly omit them:
  omit [MeasurableSpace Omega] in theorem ...

Note: This linter can be disabled with `set_option linter.unusedSectionVars false`
⚠ [9117/9133] Replayed AutoSamplingTheory.TechnicalLemmas.StochasticProcesses.MarkovMeasureEvolution
warning: AutoSamplingTheory/TechnicalLemmas/StochasticProcesses/MarkovMeasureEvolution.lean:53:2: Try this: 
  letI̵

The goal is a proposition, so `let` is preferred over `letI`.
The difference between `let` and `letI` is that `letI` inlines the value.
But this is not relevant for proofs because of proof irrelevance.

Note: This linter can be disabled with `set_option linter.style.haveILetI false`
warning: AutoSamplingTheory/TechnicalLemmas/StochasticProcesses/MarkovMeasureEvolution.lean:112:2: Try this: 
  letI̵

The goal is a proposition, so `let` is preferred over `letI`.
The difference between `let` and `letI` is that `letI` inlines the value.
But this is not relevant for proofs because of proof irrelevance.

Note: This linter can be disabled with `set_option linter.style.haveILetI false`
⚠ [9121/9133] Replayed AutoSamplingTheory.TechnicalLemmas.StochasticProcesses.EnergyStoppingBoundaryBridge
warning: AutoSamplingTheory/TechnicalLemmas/StochasticProcesses/EnergyStoppingBoundaryBridge.lean:100:4: try 'simp' instead of 'simpa'

Note: This linter can be disabled with `set_option linter.unnecessarySimpa false`
warning: AutoSamplingTheory/TechnicalLemmas/StochasticProcesses/EnergyStoppingBoundaryBridge.lean:104:4: try 'simp' instead of 'simpa'

Note: This linter can be disabled with `set_option linter.unnecessarySimpa false`
✔ [9133/9133] Built Tests.Basic (19s)
Build completed successfully (9133 jobs).
