{
  "status": "PASS",
  "actual_validation_pid": 25164,
  "logical_run_sha256": "c6b32a97745075cbc6bf286cdd763af1bcd4bf1cae69b937c19737c815a42d53",
  "complete_named_RAW_REVIEW": {
    "path": "review-run.json",
    "raw_bytes": 36868,
    "raw_sha256": "afa5bf100c9d91435c76deb8ca9fe45bcc212453a4e1f71ee0ef1bd4f138d91c",
    "deletion": "NONE"
  },
  "complete_named_RAW_INPUT": {
    "path": "complete-inputs.named.raw.payload",
    "raw_bytes": 288991,
    "raw_sha256": "29bd9f9678d49046e20969b7be6a93d4aa6a4a46fb4a6a48004627846f8ebaaa"
  },
  "seven_slots": 7,
  "literal_regions": 12,
  "input_RAW_LF_pairs": 18,
  "closed_original_folder_reopened": false,
  "source_mathematical_repair": false,
  "full_ExpositionSeal": false,
  "PURIFIED": false,
  "phase": "finalizer"
}
