⚠ [3661/3748] Replayed AutoSamplingTheory.TechnicalLemmas.Measure.GaussianSqrtDensityDomain
warning: AutoSamplingTheory/TechnicalLemmas/Measure/GaussianSqrtDensityDomain.lean:182:61: Used `tac1 <;> tac2` where `(tac1; tac2)` would suffice

Note: This linter can be disabled with `set_option linter.unnecessarySeqFocus false`
⚠ [3662/3748] Replayed Tests.GaussianSqrtDensityDomain
warning: Tests/GaussianSqrtDensityDomain.lean:26:4: try 'simp' instead of 'simpa'

Note: This linter can be disabled with `set_option linter.unnecessarySimpa false`
warning: Tests/GaussianSqrtDensityDomain.lean:28:4: try 'simp' instead of 'simpa'

Note: This linter can be disabled with `set_option linter.unnecessarySimpa false`
info: Tests/GaussianSqrtDensityDomain.lean:38:0: 'AutoSamplingTheory.TechnicalLemmas.Measure.GaussianSqrtDensityDomain.gaussian_sqrt_density_domain' depends on axioms: [propext,
 Classical.choice,
 Quot.sound]
info: Tests/GaussianSqrtDensityDomain.lean:39:0: 'Tests.GaussianSqrtDensityDomain.zero_residual' depends on axioms: [propext, Classical.choice, Quot.sound]
info: Tests/GaussianSqrtDensityDomain.lean:40:0: 'Tests.GaussianSqrtDensityDomain.zero_dimension_zero_residual' depends on axioms: [propext,
 Classical.choice,
 Quot.sound]
⚠ [3680/3748] Replayed AutoSamplingTheory.TechnicalLemmas.Probability.GaussianLipschitzExponential
warning: AutoSamplingTheory/TechnicalLemmas/Probability/GaussianLipschitzExponential.lean:148:8: automatically included section variable(s) unused in theorem `_private.AutoSamplingTheory.TechnicalLemmas.Probability.GaussianLipschitzExponential.0.AutoSamplingTheory.TechnicalLemmas.Probability.GaussianLipschitzExponential.standardWeight_pos`:
  [CompleteSpace E]
  [FiniteDimensional ℝ E]
  [MeasurableSpace E]
  [BorelSpace E]
consider restructuring your `variable` declarations so that the variables are not in scope or explicitly omit them:
  omit [CompleteSpace E] [FiniteDimensional ℝ E] [MeasurableSpace E] [BorelSpace E] in theorem ...

Note: This linter can be disabled with `set_option linter.unusedSectionVars false`
warning: AutoSamplingTheory/TechnicalLemmas/Probability/GaussianLipschitzExponential.lean:152:8: automatically included section variable(s) unused in theorem `_private.AutoSamplingTheory.TechnicalLemmas.Probability.GaussianLipschitzExponential.0.AutoSamplingTheory.TechnicalLemmas.Probability.GaussianLipschitzExponential.standardGaussian_density`:
  [CompleteSpace E]
consider restructuring your `variable` declarations so that the variables are not in scope or explicitly omit them:
  omit [CompleteSpace E] in theorem ...

Note: This linter can be disabled with `set_option linter.unusedSectionVars false`
info: AutoSamplingTheory/TechnicalLemmas/Probability/GaussianLipschitzExponential.lean:187:4: Try this:
  [apply] ring_nf
  
  The `ring` tactic failed to close the goal. Use `ring_nf` to obtain a normal form.
    
  Note that `ring` works primarily in *commutative* rings. If you have a noncommutative ring, abelian group or module, consider using `noncomm_ring`, `abel` or `module` instead.
warning: AutoSamplingTheory/TechnicalLemmas/Probability/GaussianLipschitzExponential.lean:177:8: automatically included section variable(s) unused in theorem `_private.AutoSamplingTheory.TechnicalLemmas.Probability.GaussianLipschitzExponential.0.AutoSamplingTheory.TechnicalLemmas.Probability.GaussianLipschitzExponential.standardWeight_hasFDerivAt`:
  [CompleteSpace E]
  [FiniteDimensional ℝ E]
  [MeasurableSpace E]
  [BorelSpace E]
consider restructuring your `variable` declarations so that the variables are not in scope or explicitly omit them:
  omit [CompleteSpace E] [FiniteDimensional ℝ E] [MeasurableSpace E] [BorelSpace E] in theorem ...

Note: This linter can be disabled with `set_option linter.unusedSectionVars false`
warning: AutoSamplingTheory/TechnicalLemmas/Probability/GaussianLipschitzExponential.lean:307:8: automatically included section variable(s) unused in theorem `_private.AutoSamplingTheory.TechnicalLemmas.Probability.GaussianLipschitzExponential.0.AutoSamplingTheory.TechnicalLemmas.Probability.GaussianLipschitzExponential.norm_linear_pair_le_two`:
  [CompleteSpace E]
  [FiniteDimensional ℝ E]
  [MeasurableSpace E]
  [BorelSpace E]
consider restructuring your `variable` declarations so that the variables are not in scope or explicitly omit them:
  omit [CompleteSpace E] [FiniteDimensional ℝ E] [MeasurableSpace E] [BorelSpace E] in theorem ...

Note: This linter can be disabled with `set_option linter.unusedSectionVars false`
warning: AutoSamplingTheory/TechnicalLemmas/Probability/GaussianLipschitzExponential.lean:325:8: automatically included section variable(s) unused in theorem `_private.AutoSamplingTheory.TechnicalLemmas.Probability.GaussianLipschitzExponential.0.AutoSamplingTheory.TechnicalLemmas.Probability.GaussianLipschitzExponential.rotX_hasDerivAt`:
  [CompleteSpace E]
  [FiniteDimensional ℝ E]
  [MeasurableSpace E]
  [BorelSpace E]
consider restructuring your `variable` declarations so that the variables are not in scope or explicitly omit them:
  omit [CompleteSpace E] [FiniteDimensional ℝ E] [MeasurableSpace E] [BorelSpace E] in theorem ...

Note: This linter can be disabled with `set_option linter.unusedSectionVars false`
warning: AutoSamplingTheory/TechnicalLemmas/Probability/GaussianLipschitzExponential.lean:330:8: automatically included section variable(s) unused in theorem `_private.AutoSamplingTheory.TechnicalLemmas.Probability.GaussianLipschitzExponential.0.AutoSamplingTheory.TechnicalLemmas.Probability.GaussianLipschitzExponential.lipschitz_growth_bound`:
  [InnerProductSpace ℝ E]
  [CompleteSpace E]
  [FiniteDimensional ℝ E]
  [MeasurableSpace E]
  [BorelSpace E]
consider restructuring your `variable` declarations so that the variables are not in scope or explicitly omit them:
  omit [InnerProductSpace ℝ
  E] [CompleteSpace E] [FiniteDimensional ℝ E] [MeasurableSpace E] [BorelSpace E] in theorem ...

Note: This linter can be disabled with `set_option linter.unusedSectionVars false`
warning: AutoSamplingTheory/TechnicalLemmas/Probability/GaussianLipschitzExponential.lean:495:5: Variable name `hf` is not explicitly referenced.

Hint: The binding can be removed (if unused) or named `_` (if used implicitly). Alternatively, prefix the name with `_` to silence this warning:
  [apply] _hf

Note: This linter can be disabled with `set_option linter.unusedVariables false`
warning: AutoSamplingTheory/TechnicalLemmas/Probability/GaussianLipschitzExponential.lean:512:8: automatically included section variable(s) unused in theorem `_private.AutoSamplingTheory.TechnicalLemmas.Probability.GaussianLipschitzExponential.0.AutoSamplingTheory.TechnicalLemmas.Probability.GaussianLipschitzExponential.rotation_inverse_first`:
  [CompleteSpace E]
  [FiniteDimensional ℝ E]
  [MeasurableSpace E]
  [BorelSpace E]
consider restructuring your `variable` declarations so that the variables are not in scope or explicitly omit them:
  omit [CompleteSpace E] [FiniteDimensional ℝ E] [MeasurableSpace E] [BorelSpace E] in theorem ...

Note: This linter can be disabled with `set_option linter.unusedSectionVars false`
warning: AutoSamplingTheory/TechnicalLemmas/Probability/GaussianLipschitzExponential.lean:721:76: Used `tac1 <;> tac2` where `(tac1; tac2)` would suffice

Note: This linter can be disabled with `set_option linter.unnecessarySeqFocus false`
warning: AutoSamplingTheory/TechnicalLemmas/Probability/GaussianLipschitzExponential.lean:722:26: Used `tac1 <;> tac2` where `(tac1; tac2)` would suffice

Note: This linter can be disabled with `set_option linter.unnecessarySeqFocus false`
warning: AutoSamplingTheory/TechnicalLemmas/Probability/GaussianLipschitzExponential.lean:723:78: Used `tac1 <;> tac2` where `(tac1; tac2)` would suffice

Note: This linter can be disabled with `set_option linter.unnecessarySeqFocus false`
warning: AutoSamplingTheory/TechnicalLemmas/Probability/GaussianLipschitzExponential.lean:724:27: Used `tac1 <;> tac2` where `(tac1; tac2)` would suffice

Note: This linter can be disabled with `set_option linter.unnecessarySeqFocus false`
warning: AutoSamplingTheory/TechnicalLemmas/Probability/GaussianLipschitzExponential.lean:757:15: This simp argument is unused:
  Pi.neg_apply

Hint: Omit it from the simp argument list.
  [apply] simp only [integral_neg] at h

Note: This linter can be disabled with `set_option linter.unusedSimpArgs false`
warning: AutoSamplingTheory/TechnicalLemmas/Probability/GaussianLipschitzExponential.lean:766:8: automatically included section variable(s) unused in theorem `_private.AutoSamplingTheory.TechnicalLemmas.Probability.GaussianLipschitzExponential.0.AutoSamplingTheory.TechnicalLemmas.Probability.GaussianLipschitzExponential.normed_bump_convolution_lipschitz`:
  [CompleteSpace E]
consider restructuring your `variable` declarations so that the variables are not in scope or explicitly omit them:
  omit [CompleteSpace E] in theorem ...

Note: This linter can be disabled with `set_option linter.unusedSectionVars false`
warning: AutoSamplingTheory/TechnicalLemmas/Probability/GaussianLipschitzExponential.lean:793:8: automatically included section variable(s) unused in theorem `_private.AutoSamplingTheory.TechnicalLemmas.Probability.GaussianLipschitzExponential.0.AutoSamplingTheory.TechnicalLemmas.Probability.GaussianLipschitzExponential.normed_bump_convolution_error`:
  [CompleteSpace E]
consider restructuring your `variable` declarations so that the variables are not in scope or explicitly omit them:
  omit [CompleteSpace E] in theorem ...

Note: This linter can be disabled with `set_option linter.unusedSectionVars false`
warning: AutoSamplingTheory/TechnicalLemmas/Probability/GaussianLipschitzExponential.lean:812:8: automatically included section variable(s) unused in theorem `_private.AutoSamplingTheory.TechnicalLemmas.Probability.GaussianLipschitzExponential.0.AutoSamplingTheory.TechnicalLemmas.Probability.GaussianLipschitzExponential.smoothApprox_contDiff`:
  [CompleteSpace E]
consider restructuring your `variable` declarations so that the variables are not in scope or explicitly omit them:
  omit [CompleteSpace E] in theorem ...

Note: This linter can be disabled with `set_option linter.unusedSectionVars false`
warning: AutoSamplingTheory/TechnicalLemmas/Probability/GaussianLipschitzExponential.lean:827:8: automatically included section variable(s) unused in theorem `_private.AutoSamplingTheory.TechnicalLemmas.Probability.GaussianLipschitzExponential.0.AutoSamplingTheory.TechnicalLemmas.Probability.GaussianLipschitzExponential.smoothApprox_tendsto`:
  [CompleteSpace E]
consider restructuring your `variable` declarations so that the variables are not in scope or explicitly omit them:
  omit [CompleteSpace E] in theorem ...

Note: This linter can be disabled with `set_option linter.unusedSectionVars false`
warning: AutoSamplingTheory/TechnicalLemmas/Probability/GaussianLipschitzExponential.lean:922:6: Try this: 
  letI̵

The goal is a proposition, so `let` is preferred over `letI`.
The difference between `let` and `letI` is that `letI` inlines the value.
But this is not relevant for proofs because of proof irrelevance.

Note: This linter can be disabled with `set_option linter.style.haveILetI false`
⚠ [3732/3748] Replayed AutoSamplingTheory.TechnicalLemmas.Measure.TransportGluing
warning: AutoSamplingTheory/TechnicalLemmas/Measure/TransportGluing.lean:91:2: Try this: 
  letI̵

The goal is a proposition, so `let` is preferred over `letI`.
The difference between `let` and `letI` is that `letI` inlines the value.
But this is not relevant for proofs because of proof irrelevance.

Note: This linter can be disabled with `set_option linter.style.haveILetI false`
warning: AutoSamplingTheory/TechnicalLemmas/Measure/TransportGluing.lean:93:2: Try this: 
  letI̵

The goal is a proposition, so `let` is preferred over `letI`.
The difference between `let` and `letI` is that `letI` inlines the value.
But this is not relevant for proofs because of proof irrelevance.

Note: This linter can be disabled with `set_option linter.style.haveILetI false`
⚠ [3734/3748] Replayed AutoSamplingTheory.TechnicalLemmas.Measure.WassersteinTriangleMarginals
warning: AutoSamplingTheory/TechnicalLemmas/Measure/WassersteinTriangleMarginals.lean:46:0: automatically included section variable(s) unused in theorem `AutoSamplingTheory.TechnicalLemmas.Measure.WassersteinTriangleMarginals.measurable_pair12`:
  [NormedAddCommGroup E]
  [BorelSpace E]
  [SecondCountableTopology E]
consider restructuring your `variable` declarations so that the variables are not in scope or explicitly omit them:
  omit [NormedAddCommGroup E] [BorelSpace E] [SecondCountableTopology E] in theorem ...

Note: This linter can be disabled with `set_option linter.unusedSectionVars false`
warning: AutoSamplingTheory/TechnicalLemmas/Measure/WassersteinTriangleMarginals.lean:50:0: automatically included section variable(s) unused in theorem `AutoSamplingTheory.TechnicalLemmas.Measure.WassersteinTriangleMarginals.measurable_pair23`:
  [NormedAddCommGroup E]
  [BorelSpace E]
  [SecondCountableTopology E]
consider restructuring your `variable` declarations so that the variables are not in scope or explicitly omit them:
  omit [NormedAddCommGroup E] [BorelSpace E] [SecondCountableTopology E] in theorem ...

Note: This linter can be disabled with `set_option linter.unusedSectionVars false`
warning: AutoSamplingTheory/TechnicalLemmas/Measure/WassersteinTriangleMarginals.lean:54:0: automatically included section variable(s) unused in theorem `AutoSamplingTheory.TechnicalLemmas.Measure.WassersteinTriangleMarginals.measurable_pair13`:
  [NormedAddCommGroup E]
  [BorelSpace E]
  [SecondCountableTopology E]
consider restructuring your `variable` declarations so that the variables are not in scope or explicitly omit them:
  omit [NormedAddCommGroup E] [BorelSpace E] [SecondCountableTopology E] in theorem ...

Note: This linter can be disabled with `set_option linter.unusedSectionVars false`
warning: AutoSamplingTheory/TechnicalLemmas/Measure/WassersteinTriangleMarginals.lean:65:0: automatically included section variable(s) unused in theorem `AutoSamplingTheory.TechnicalLemmas.Measure.WassersteinTriangleMarginals.edgeLength12_rpow_two_eq_quadraticCost_pair12`:
  [MeasurableSpace E]
  [BorelSpace E]
  [SecondCountableTopology E]
consider restructuring your `variable` declarations so that the variables are not in scope or explicitly omit them:
  omit [MeasurableSpace E] [BorelSpace E] [SecondCountableTopology E] in theorem ...

Note: This linter can be disabled with `set_option linter.unusedSectionVars false`
warning: AutoSamplingTheory/TechnicalLemmas/Measure/WassersteinTriangleMarginals.lean:74:0: automatically included section variable(s) unused in theorem `AutoSamplingTheory.TechnicalLemmas.Measure.WassersteinTriangleMarginals.edgeLength23_rpow_two_eq_quadraticCost_pair23`:
  [MeasurableSpace E]
  [BorelSpace E]
  [SecondCountableTopology E]
consider restructuring your `variable` declarations so that the variables are not in scope or explicitly omit them:
  omit [MeasurableSpace E] [BorelSpace E] [SecondCountableTopology E] in theorem ...

Note: This linter can be disabled with `set_option linter.unusedSectionVars false`
warning: AutoSamplingTheory/TechnicalLemmas/Measure/WassersteinTriangleMarginals.lean:83:0: automatically included section variable(s) unused in theorem `AutoSamplingTheory.TechnicalLemmas.Measure.WassersteinTriangleMarginals.edgeLength13_rpow_two_eq_quadraticCost_pair13`:
  [MeasurableSpace E]
  [BorelSpace E]
  [SecondCountableTopology E]
consider restructuring your `variable` declarations so that the variables are not in scope or explicitly omit them:
  omit [MeasurableSpace E] [BorelSpace E] [SecondCountableTopology E] in theorem ...

Note: This linter can be disabled with `set_option linter.unusedSectionVars false`
⚠ [3735/3748] Replayed AutoSamplingTheory.TechnicalLemmas.Measure.CommonNoiseContraction
warning: AutoSamplingTheory/TechnicalLemmas/Measure/CommonNoiseContraction.lean:62:8: automatically included section variable(s) unused in theorem `_private.AutoSamplingTheory.TechnicalLemmas.Measure.CommonNoiseContraction.0.AutoSamplingTheory.TechnicalLemmas.Measure.CommonNoiseContraction.measurable_pairLeft`:
  [NormedAddCommGroup E]
  [BorelSpace E]
  [SecondCountableTopology E]
consider restructuring your `variable` declarations so that the variables are not in scope or explicitly omit them:
  omit [NormedAddCommGroup E] [BorelSpace E] [SecondCountableTopology E] in theorem ...

Note: This linter can be disabled with `set_option linter.unusedSectionVars false`
warning: AutoSamplingTheory/TechnicalLemmas/Measure/CommonNoiseContraction.lean:66:8: automatically included section variable(s) unused in theorem `_private.AutoSamplingTheory.TechnicalLemmas.Measure.CommonNoiseContraction.0.AutoSamplingTheory.TechnicalLemmas.Measure.CommonNoiseContraction.measurable_pairRight`:
  [NormedAddCommGroup E]
  [BorelSpace E]
  [SecondCountableTopology E]
consider restructuring your `variable` declarations so that the variables are not in scope or explicitly omit them:
  omit [NormedAddCommGroup E] [BorelSpace E] [SecondCountableTopology E] in theorem ...

Note: This linter can be disabled with `set_option linter.unusedSectionVars false`
warning: AutoSamplingTheory/TechnicalLemmas/Measure/CommonNoiseContraction.lean:77:2: Try this: 
  letI̵

The goal is a proposition, so `let` is preferred over `letI`.
The difference between `let` and `letI` is that `letI` inlines the value.
But this is not relevant for proofs because of proof irrelevance.

Note: This linter can be disabled with `set_option linter.style.haveILetI false`
warning: AutoSamplingTheory/TechnicalLemmas/Measure/CommonNoiseContraction.lean:72:0: automatically included section variable(s) unused in theorem `AutoSamplingTheory.TechnicalLemmas.Measure.CommonNoiseContraction.map_pairLeft_prod_eq`:
  [BorelSpace E]
consider restructuring your `variable` declarations so that the variables are not in scope or explicitly omit them:
  omit [BorelSpace E] in theorem ...

Note: This linter can be disabled with `set_option linter.unusedSectionVars false`
warning: AutoSamplingTheory/TechnicalLemmas/Measure/CommonNoiseContraction.lean:97:2: Try this: 
  letI̵

The goal is a proposition, so `let` is preferred over `letI`.
The difference between `let` and `letI` is that `letI` inlines the value.
But this is not relevant for proofs because of proof irrelevance.

Note: This linter can be disabled with `set_option linter.style.haveILetI false`
warning: AutoSamplingTheory/TechnicalLemmas/Measure/CommonNoiseContraction.lean:92:0: automatically included section variable(s) unused in theorem `AutoSamplingTheory.TechnicalLemmas.Measure.CommonNoiseContraction.map_pairRight_prod_eq`:
  [BorelSpace E]
consider restructuring your `variable` declarations so that the variables are not in scope or explicitly omit them:
  omit [BorelSpace E] in theorem ...

Note: This linter can be disabled with `set_option linter.unusedSectionVars false`
warning: AutoSamplingTheory/TechnicalLemmas/Measure/CommonNoiseContraction.lean:119:2: Try this: 
  letI̵

The goal is a proposition, so `let` is preferred over `letI`.
The difference between `let` and `letI` is that `letI` inlines the value.
But this is not relevant for proofs because of proof irrelevance.

Note: This linter can be disabled with `set_option linter.style.haveILetI false`
warning: AutoSamplingTheory/TechnicalLemmas/Measure/CommonNoiseContraction.lean:148:0: automatically included section variable(s) unused in theorem `AutoSamplingTheory.TechnicalLemmas.Measure.CommonNoiseContraction.quadraticCost_synchronousNoiseMap`:
  [MeasurableSpace E]
  [BorelSpace E]
  [SecondCountableTopology E]
consider restructuring your `variable` declarations so that the variables are not in scope or explicitly omit them:
  omit [MeasurableSpace E] [BorelSpace E] [SecondCountableTopology E] in theorem ...

Note: This linter can be disabled with `set_option linter.unusedSectionVars false`
warning: AutoSamplingTheory/TechnicalLemmas/Measure/CommonNoiseContraction.lean:200:2: Try this: 
  letI̵

The goal is a proposition, so `let` is preferred over `letI`.
The difference between `let` and `letI` is that `letI` inlines the value.
But this is not relevant for proofs because of proof irrelevance.

Note: This linter can be disabled with `set_option linter.style.haveILetI false`
⚠ [3736/3748] Replayed AutoSamplingTheory.TechnicalLemmas.Measure.GaussianSmoothing
warning: AutoSamplingTheory/TechnicalLemmas/Measure/GaussianSmoothing.lean:75:0: automatically included section variable(s) unused in theorem `AutoSamplingTheory.TechnicalLemmas.Measure.GaussianSmoothing.heatSmoothing_eq_gaussianSmoothing_sqrt`:
  [BorelSpace E]
  [SecondCountableTopology E]
consider restructuring your `variable` declarations so that the variables are not in scope or explicitly omit them:
  omit [BorelSpace E] [SecondCountableTopology E] in theorem ...

Note: This linter can be disabled with `set_option linter.unusedSectionVars false`
✔ [3747/3748] Built AutoSamplingTheory.ExampleCases.SmoothedPicardHMC.StandardizedRGOSqrtDensity (8.2s)
✖ [3748/3748] Building Tests.StandardizedRGOSqrtDensity (9.3s)
trace: .> LEAN_PATH=E:\Samplinglib\.lake\packages\Cli\.lake\build\lib\lean;E:\Samplinglib\.lake\packages\batteries\.lake\build\lib\lean;E:\Samplinglib\.lake\packages\Qq\.lake\build\lib\lean;E:\Samplinglib\.lake\packages\aesop\.lake\build\lib\lean;E:\Samplinglib\.lake\packages\proofwidgets\.lake\build\lib\lean;E:\Samplinglib\.lake\packages\importGraph\.lake\build\lib\lean;E:\Samplinglib\.lake\packages\LeanSearchClient\.lake\build\lib\lean;E:\Samplinglib\.lake\packages\plausible\.lake\build\lib\lean;E:\Samplinglib\.lake\packages\mathlib\.lake\build\lib\lean;E:\Samplinglib\.lake\build\lib\lean c:\Users\admin\.elan\toolchains\leanprover--lean4---v4.33.0\bin\lean.exe E:\Samplinglib\Tests\StandardizedRGOSqrtDensity.lean -o E:\Samplinglib\.lake\build\lib\lean\Tests\StandardizedRGOSqrtDensity.olean -i E:\Samplinglib\.lake\build\lib\lean\Tests\StandardizedRGOSqrtDensity.ilean -c E:\Samplinglib\.lake\build\ir\Tests\StandardizedRGOSqrtDensity.c --setup E:\Samplinglib\.lake\build\ir\Tests\StandardizedRGOSqrtDensity.setup.json --json
error: Tests/StandardizedRGOSqrtDensity.lean:87:8: Tactic `rewrite` failed: Did not find an occurrence of the pattern
  gradient
    (fun u =>
      Real.exp (-(quadratic 1 (p () + √2 • u) - quadratic 1 (p ()) - √2 * ⟪gradient (quadratic 1) (p ()), u⟫) / 2) /
        √(∫ (u : ℝ),
            Real.exp
              (-(quadratic 1 (p () + √2 • u) - quadratic 1 (p ()) -
                  √2 * ⟪gradient (quadratic 1) (p ()), u⟫)) ∂stdGaussian ℝ))
    u
in the target expression
  gradient (fun u => Real.exp (-u ^ 2 / 2) / √(∫ (z : ℝ), Real.exp (-z ^ 2) ∂stdGaussian ℝ)) u =
    -u * (Real.exp (-u ^ 2 / 2) / √(∫ (z : ℝ), Real.exp (-z ^ 2) ∂stdGaussian ℝ))

hV : ContDiff ℝ 2 (quadratic 1)
hH :
  ∀ (x v : ℝ),
    1⁻¹ * ‖v‖ ^ 2 ≤ ((fderiv ℝ (fderiv ℝ (quadratic 1)) x) v) v ∧ ((fderiv ℝ (fderiv ℝ (quadratic 1)) x) v) v ≤ ‖v‖ ^ 2
p : Unit → ℝ
_hpm : Measurable p
hstat : ∀ (s : Unit), p s + 2 • gradient (quadratic 1) (p s) = 3
hdata :
  have rho := fun s u => quadratic 1 (p s + √2 • u) - quadratic 1 (p s) - √2 * ⟪gradient (quadratic 1) (p s), u⟫;
  have mu := ℙ.tilted fun x => -quadratic 1 x;
  have R := fun s => mu.tilted fun x => -‖x - 3‖ ^ 2 / (2 * 2);
  have r := fun s => Measure.map (fun x => (√2)⁻¹ • (x - p s)) (R s);
  have gamma := stdGaussian ℝ;
  have Z := fun s => ∫ (u : ℝ), Real.exp (-rho s u) ∂gamma;
  have q := fun s u => Real.exp (-rho s u) / Z s;
  have f := fun s u => Real.exp (-rho s u / 2) / √(Z s);
  ∀ (s : Unit),
    0 < Z s ∧
      Z s ≤ 1 ∧
        (r s = gamma.tilted fun u => -rho s u) ∧
          (r s = gamma.withDensity fun u => ENNReal.ofReal (q s u)) ∧
            IsProbabilityMeasure (r s) ∧
              (∀ (u : ℝ), 0 < q s u ∧ f s u ^ 2 = q s u) ∧
                ∫ (u : ℝ), q s u ∂gamma = 1 ∧
                  ContDiff ℝ 2 (f s) ∧
                    MemLp (f s) 2 gamma ∧
                      MemLp (gradient (f s)) 2 gamma ∧
                        MemLp (gradient (rho s)) 2 (r s) ∧
                          Integrable (fun u => q s u * Real.log (q s u)) gamma ∧
                            (∀ (u : ℝ), gradient (f s) u = -(f s u / 2) • gradient (rho s) u) ∧
                              (∀ (u : ℝ), gradient (fun z => Real.log (q s z)) u = -gradient (rho s) u) ∧
                                ∫ (u : ℝ), ‖gradient (f s) u‖ ^ 2 ∂gamma =
                                  1 / 4 * ∫ (u : ℝ), ‖gradient (rho s) u‖ ^ 2 ∂r s
hp : p () = 1
hρ :
  (fun u => quadratic 1 (p () + √2 • u) - quadratic 1 (p ()) - √2 * ⟪gradient (quadratic 1) (p ()), u⟫) = fun u => u ^ 2
_hZ :
  0 <
    ∫ (u : ℝ),
      Real.exp
        (-(quadratic 1 (p () + √2 • u) - quadratic 1 (p ()) - √2 * ⟪gradient (quadratic 1) (p ()), u⟫)) ∂stdGaussian ℝ
_hZone :
  ∫ (u : ℝ),
      Real.exp
        (-(quadratic 1 (p () + √2 • u) - quadratic 1 (p ()) - √2 * ⟪gradient (quadratic 1) (p ()), u⟫)) ∂stdGaussian ℝ ≤
    1
_hlaw :
  Measure.map (fun x => (√2)⁻¹ • (x - p ()))
      ((ℙ.tilted fun x => -quadratic 1 x).tilted fun x => -‖x - 3‖ ^ 2 / (2 * 2)) =
    (stdGaussian ℝ).tilted fun u =>
      -(quadratic 1 (p () + √2 • u) - quadratic 1 (p ()) - √2 * ⟪gradient (quadratic 1) (p ()), u⟫)
hdensity :
  Measure.map (fun x => (√2)⁻¹ • (x - p ()))
      ((ℙ.tilted fun x => -quadratic 1 x).tilted fun x => -‖x - 3‖ ^ 2 / (2 * 2)) =
    (stdGaussian ℝ).withDensity fun u =>
      ENNReal.ofReal
        (Real.exp (-(quadratic 1 (p () + √2 • u) - quadratic 1 (p ()) - √2 * ⟪gradient (quadratic 1) (p ()), u⟫)) /
          ∫ (u : ℝ),
            Real.exp
              (-(quadratic 1 (p () + √2 • u) - quadratic 1 (p ()) -
                  √2 * ⟪gradient (quadratic 1) (p ()), u⟫)) ∂stdGaussian ℝ)
hprob :
  IsProbabilityMeasure
    (Measure.map (fun x => (√2)⁻¹ • (x - p ()))
      ((ℙ.tilted fun x => -quadratic 1 x).tilted fun x => -‖x - 3‖ ^ 2 / (2 * 2)))
_hfq :
  ∀ (u : ℝ),
    0 <
        Real.exp (-(quadratic 1 (p () + √2 • u) - quadratic 1 (p ()) - √2 * ⟪gradient (quadratic 1) (p ()), u⟫)) /
          ∫ (u : ℝ),
            Real.exp
              (-(quadratic 1 (p () + √2 • u) - quadratic 1 (p ()) -
                  √2 * ⟪gradient (quadratic 1) (p ()), u⟫)) ∂stdGaussian ℝ ∧
      (Real.exp (-(quadratic 1 (p () + √2 • u) - quadratic 1 (p ()) - √2 * ⟪gradient (quadratic 1) (p ()), u⟫) / 2) /
            √(∫ (u : ℝ),
                Real.exp
                  (-(quadratic 1 (p () + √2 • u) - quadratic 1 (p ()) -
                      √2 * ⟪gradient (quadratic 1) (p ()), u⟫)) ∂stdGaussian ℝ)) ^
          2 =
        Real.exp (-(quadratic 1 (p () + √2 • u) - quadratic 1 (p ()) - √2 * ⟪gradient (quadratic 1) (p ()), u⟫)) /
          ∫ (u : ℝ),
            Real.exp
              (-(quadratic 1 (p () + √2 • u) - quadratic 1 (p ()) -
                  √2 * ⟪gradient (quadratic 1) (p ()), u⟫)) ∂stdGaussian ℝ
_hqone :
  ∫ (u : ℝ),
      Real.exp (-(quadratic 1 (p () + √2 • u) - quadratic 1 (p ()) - √2 * ⟪gradient (quadratic 1) (p ()), u⟫)) /
        ∫ (u : ℝ),
          Real.exp
            (-(quadratic 1 (p () + √2 • u) - quadratic 1 (p ()) -
                √2 * ⟪gradient (quadratic 1) (p ()), u⟫)) ∂stdGaussian ℝ ∂stdGaussian ℝ =
    1
_hf :
  ContDiff ℝ 2 fun u =>
    Real.exp (-(quadratic 1 (p () + √2 • u) - quadratic 1 (p ()) - √2 * ⟪gradient (quadratic 1) (p ()), u⟫) / 2) /
      √(∫ (u : ℝ),
          Real.exp
            (-(quadratic 1 (p () + √2 • u) - quadratic 1 (p ()) -
                √2 * ⟪gradient (quadratic 1) (p ()), u⟫)) ∂stdGaussian ℝ)
hflp :
  MemLp
    (fun u =>
      Real.exp (-(quadratic 1 (p () + √2 • u) - quadratic 1 (p ()) - √2 * ⟪gradient (quadratic 1) (p ()), u⟫) / 2) /
        √(∫ (u : ℝ),
            Real.exp
              (-(quadratic 1 (p () + √2 • u) - quadratic 1 (p ()) -
                  √2 * ⟪gradient (quadratic 1) (p ()), u⟫)) ∂stdGaussian ℝ))
    2 (stdGaussian ℝ)
hfglp :
  MemLp
    (gradient fun u =>
      Real.exp (-(quadratic 1 (p () + √2 • u) - quadratic 1 (p ()) - √2 * ⟪gradient (quadratic 1) (p ()), u⟫) / 2) /
        √(∫ (u : ℝ),
            Real.exp
              (-(quadratic 1 (p () + √2 • u) - quadratic 1 (p ()) -
                  √2 * ⟪gradient (quadratic 1) (p ()), u⟫)) ∂stdGaussian ℝ))
    2 (stdGaussian ℝ)
_hρlp :
  MemLp (gradient fun u => u ^ 2) 2
    (Measure.map (fun x => (√2)⁻¹ • (x - p ()))
      ((ℙ.tilted fun x => -quadratic 1 x).tilted fun x => -‖x - 3‖ ^ 2 / (2 * 2)))
he :
  Integrable
    (fun u =>
      (Real.exp (-(quadratic 1 (p () + √2 • u) - quadratic 1 (p ()) - √2 * ⟪gradient (quadratic 1) (p ()), u⟫)) /
          ∫ (u : ℝ),
            Real.exp
              (-(quadratic 1 (p () + √2 • u) - quadratic 1 (p ()) -
                  √2 * ⟪gradient (quadratic 1) (p ()), u⟫)) ∂stdGaussian ℝ) *
        Real.log
          (Real.exp (-(quadratic 1 (p () + √2 • u) - quadratic 1 (p ()) - √2 * ⟪gradient (quadratic 1) (p ()), u⟫)) /
            ∫ (u : ℝ),
              Real.exp
                (-(quadratic 1 (p () + √2 • u) - quadratic 1 (p ()) -
                    √2 * ⟪gradient (quadratic 1) (p ()), u⟫)) ∂stdGaussian ℝ))
    (stdGaussian ℝ)
hdf :
  ∀ (u : ℝ),
    gradient
        (fun u =>
          Real.exp (-(quadratic 1 (p () + √2 • u) - quadratic 1 (p ()) - √2 * ⟪gradient (quadratic 1) (p ()), u⟫) / 2) /
            √(∫ (u : ℝ),
                Real.exp
                  (-(quadratic 1 (p () + √2 • u) - quadratic 1 (p ()) -
                      √2 * ⟪gradient (quadratic 1) (p ()), u⟫)) ∂stdGaussian ℝ))
        u =
      -(Real.exp (-(quadratic 1 (p () + √2 • u) - quadratic 1 (p ()) - √2 * ⟪gradient (quadratic 1) (p ()), u⟫) / 2) /
              √(∫ (u : ℝ),
                  Real.exp
                    (-(quadratic 1 (p () + √2 • u) - quadratic 1 (p ()) -
                        √2 * ⟪gradient (quadratic 1) (p ()), u⟫)) ∂stdGaussian ℝ) /
            2) •
        (fun u => 2 * u) u
_hdlog :
  ∀ (u : ℝ),
    gradient
        (fun z =>
          Real.log
            (Real.exp (-(quadratic 1 (p () + √2 • z) - quadratic 1 (p ()) - √2 * ⟪gradient (quadratic 1) (p ()), z⟫)) /
              ∫ (u : ℝ),
                Real.exp
                  (-(quadratic 1 (p () + √2 • u) - quadratic 1 (p ()) -
                      √2 * ⟪gradient (quadratic 1) (p ()), u⟫)) ∂stdGaussian ℝ))
        u =
      -gradient (fun u => u ^ 2) u
henergy :
  ∫ (u : ℝ),
      ‖gradient
            (fun u =>
              Real.exp
                  (-(quadratic 1 (p () + √2 • u) - quadratic 1 (p ()) - √2 * ⟪gradient (quadratic 1) (p ()), u⟫) / 2) /
                √(∫ (u : ℝ),
                    Real.exp
                      (-(quadratic 1 (p () + √2 • u) - quadratic 1 (p ()) -
                          √2 * ⟪gradient (quadratic 1) (p ()), u⟫)) ∂stdGaussian ℝ))
            u‖ ^
        2 ∂stdGaussian ℝ =
    1 / 4 *
      ∫ (u : ℝ),
        ‖(fun u => 2 * u) u‖ ^
          2 ∂Measure.map (fun x => (√2)⁻¹ • (x - p ()))
          ((ℙ.tilted fun x => -quadratic 1 x).tilted fun x => -‖x - 3‖ ^ 2 / (2 * 2))
hρgrad : (gradient fun u => u ^ 2) = fun u => 2 * u
u : ℝ
⊢ gradient (fun u => Real.exp (-u ^ 2 / 2) / √(∫ (z : ℝ), Real.exp (-z ^ 2) ∂stdGaussian ℝ)) u =
    -u * (Real.exp (-u ^ 2 / 2) / √(∫ (z : ℝ), Real.exp (-z ^ 2) ∂stdGaussian ℝ))
error: Tests/StandardizedRGOSqrtDensity.lean:93:16: Application type mismatch: The argument
  he
has type
  Integrable
    (fun u =>
      (Real.exp (-(quadratic 1 (p () + √2 • u) - quadratic 1 (p ()) - √2 * ⟪gradient (quadratic 1) (p ()), u⟫)) /
          ∫ (u : ℝ),
            Real.exp
              (-(quadratic 1 (p () + √2 • u) - quadratic 1 (p ()) -
                  √2 * ⟪gradient (quadratic 1) (p ()), u⟫)) ∂stdGaussian ℝ) *
        Real.log
          (Real.exp (-(quadratic 1 (p () + √2 • u) - quadratic 1 (p ()) - √2 * ⟪gradient (quadratic 1) (p ()), u⟫)) /
            ∫ (u : ℝ),
              Real.exp
                (-(quadratic 1 (p () + √2 • u) - quadratic 1 (p ()) -
                    √2 * ⟪gradient (quadratic 1) (p ()), u⟫)) ∂stdGaussian ℝ))
    (stdGaussian ℝ)
but is expected to have type
  Integrable
    (fun u =>
      (fun u => Real.exp (-u ^ 2) / ∫ (u : ℝ), Real.exp (-u ^ 2) ∂stdGaussian ℝ) u *
        Real.log ((fun u => Real.exp (-u ^ 2) / ∫ (u : ℝ), Real.exp (-u ^ 2) ∂stdGaussian ℝ) u))
    (stdGaussian ℝ)
in the application
  And.intro he
error: Tests/StandardizedRGOSqrtDensity.lean:93:19: Application type mismatch: The argument
  hflp
has type
  MemLp
    (fun u =>
      Real.exp (-(quadratic 1 (p () + √2 • u) - quadratic 1 (p ()) - √2 * ⟪gradient (quadratic 1) (p ()), u⟫) / 2) /
        √(∫ (u : ℝ),
            Real.exp
              (-(quadratic 1 (p () + √2 • u) - quadratic 1 (p ()) -
                  √2 * ⟪gradient (quadratic 1) (p ()), u⟫)) ∂stdGaussian ℝ))
    2 (stdGaussian ℝ)
but is expected to have type
  MemLp (fun u => Real.exp (-u ^ 2 / 2) / √(∫ (u : ℝ), Real.exp (-u ^ 2) ∂stdGaussian ℝ)) 2 (stdGaussian ℝ)
in the application
  And.intro hflp
error: Tests/StandardizedRGOSqrtDensity.lean:93:24: Application type mismatch: The argument
  hfglp
has type
  MemLp
    (gradient fun u =>
      Real.exp (-(quadratic 1 (p () + √2 • u) - quadratic 1 (p ()) - √2 * ⟪gradient (quadratic 1) (p ()), u⟫) / 2) /
        √(∫ (u : ℝ),
            Real.exp
              (-(quadratic 1 (p () + √2 • u) - quadratic 1 (p ()) -
                  √2 * ⟪gradient (quadratic 1) (p ()), u⟫)) ∂stdGaussian ℝ))
    2 (stdGaussian ℝ)
but is expected to have type
  MemLp (gradient fun u => Real.exp (-u ^ 2 / 2) / √(∫ (u : ℝ), Real.exp (-u ^ 2) ∂stdGaussian ℝ)) 2 (stdGaussian ℝ)
in the application
  And.intro hfglp
error: Tests/StandardizedRGOSqrtDensity.lean:96:4: Type mismatch: After simplification, term
  hdensity
 has type
  Measure.map (fun x => (√2)⁻¹ * (x - 1)) ((ℙ.tilted fun x => -(x ^ 2 / 2)).tilted fun x => -(‖x - 3‖ ^ 2 / 4)) =
    (stdGaussian ℝ).withDensity fun u =>
      ENNReal.ofReal
        (Real.exp (-((1 + √2 * u) ^ 2 / 2 - 1 ^ 2 / 2 - √2 * ⟪gradient (quadratic 1) 1, u⟫)) /
          ∫ (u : ℝ), Real.exp (-((1 + √2 * u) ^ 2 / 2 - 1 ^ 2 / 2 - √2 * ⟪gradient (quadratic 1) 1, u⟫)) ∂stdGaussian ℝ)
but is expected to have type
  Measure.map (fun x => (√2)⁻¹ * (x - 1)) ((ℙ.tilted fun x => -(x ^ 2 / 2)).tilted fun x => -(‖x - 3‖ ^ 2 / 4)) =
    (stdGaussian ℝ).withDensity fun u =>
      ENNReal.ofReal (Real.exp (-u ^ 2) / ∫ (u : ℝ), Real.exp (-u ^ 2) ∂stdGaussian ℝ)
error: Tests/StandardizedRGOSqrtDensity.lean:98:4: Type mismatch: After simplification, term
  henergy
 has type
  ∫ (u : ℝ),
      gradient
          (fun u =>
            Real.exp ((√2 * (u * gradient (quadratic 1) 1) - ((1 + √2 * u) ^ 2 / 2 - 1 ^ 2 / 2)) / 2) /
              √(∫ (u : ℝ),
                  Real.exp (√2 * (u * gradient (quadratic 1) 1) - ((1 + √2 * u) ^ 2 / 2 - 1 ^ 2 / 2)) ∂stdGaussian ℝ))
          u ^
        2 ∂stdGaussian ℝ =
    1 / 4 *
      (4 *
        ∫ (a : ℝ),
          a ^
            2 ∂Measure.map (fun x => (√2)⁻¹ * (x - 1))
            ((ℙ.tilted fun x => -(x ^ 2 / 2)).tilted fun x => -((x - 3) ^ 2 / 4)))
but is expected to have type
  ∫ (u : ℝ),
      ‖gradient (fun u => Real.exp (-(u ^ 2 / 2)) / √(∫ (u : ℝ), Real.exp (-u ^ 2) ∂stdGaussian ℝ)) u‖ ^
        2 ∂stdGaussian ℝ =
    ∫ (u : ℝ),
      u ^
        2 ∂Measure.map (fun x => (√2)⁻¹ * (x - 1)) ((ℙ.tilted fun x => -(x ^ 2 / 2)).tilted fun x => -(‖x - 3‖ ^ 2 / 4))
info: Tests/StandardizedRGOSqrtDensity.lean:101:0: 'AutoSamplingTheory.ExampleCases.SmoothedPicardHMC.StandardizedRGOSqrtDensity.standardized_rgo_sqrt_density_domain' depends on axioms: [propext,
 Classical.choice,
 Quot.sound]
info: Tests/StandardizedRGOSqrtDensity.lean:102:0: 'Tests.StandardizedRGOSqrtDensity.quadratic_eta_two_domains' depends on axioms: [propext,
 sorryAx,
 Classical.choice,
 Quot.sound]
error: Lean exited with code 1
Some required targets logged failures:
- Tests.StandardizedRGOSqrtDensity
error: build failed
