⚠ [3660/3685] Replayed AutoSamplingTheory.TechnicalLemmas.Measure.GaussianSqrtDensityDomain
warning: AutoSamplingTheory/TechnicalLemmas/Measure/GaussianSqrtDensityDomain.lean:182:61: Used `tac1 <;> tac2` where `(tac1; tac2)` would suffice

Note: This linter can be disabled with `set_option linter.unnecessarySeqFocus false`
⚠ [3678/3685] Replayed AutoSamplingTheory.TechnicalLemmas.Probability.GaussianLipschitzExponential
warning: AutoSamplingTheory/TechnicalLemmas/Probability/GaussianLipschitzExponential.lean:148:8: automatically included section variable(s) unused in theorem `_private.AutoSamplingTheory.TechnicalLemmas.Probability.GaussianLipschitzExponential.0.AutoSamplingTheory.TechnicalLemmas.Probability.GaussianLipschitzExponential.standardWeight_pos`:
  [CompleteSpace E]
  [FiniteDimensional ℝ E]
  [MeasurableSpace E]
  [BorelSpace E]
consider restructuring your `variable` declarations so that the variables are not in scope or explicitly omit them:
  omit [CompleteSpace E] [FiniteDimensional ℝ E] [MeasurableSpace E] [BorelSpace E] in theorem ...

Note: This linter can be disabled with `set_option linter.unusedSectionVars false`
warning: AutoSamplingTheory/TechnicalLemmas/Probability/GaussianLipschitzExponential.lean:152:8: automatically included section variable(s) unused in theorem `_private.AutoSamplingTheory.TechnicalLemmas.Probability.GaussianLipschitzExponential.0.AutoSamplingTheory.TechnicalLemmas.Probability.GaussianLipschitzExponential.standardGaussian_density`:
  [CompleteSpace E]
consider restructuring your `variable` declarations so that the variables are not in scope or explicitly omit them:
  omit [CompleteSpace E] in theorem ...

Note: This linter can be disabled with `set_option linter.unusedSectionVars false`
info: AutoSamplingTheory/TechnicalLemmas/Probability/GaussianLipschitzExponential.lean:187:4: Try this:
  [apply] ring_nf
  
  The `ring` tactic failed to close the goal. Use `ring_nf` to obtain a normal form.
    
  Note that `ring` works primarily in *commutative* rings. If you have a noncommutative ring, abelian group or module, consider using `noncomm_ring`, `abel` or `module` instead.
warning: AutoSamplingTheory/TechnicalLemmas/Probability/GaussianLipschitzExponential.lean:177:8: automatically included section variable(s) unused in theorem `_private.AutoSamplingTheory.TechnicalLemmas.Probability.GaussianLipschitzExponential.0.AutoSamplingTheory.TechnicalLemmas.Probability.GaussianLipschitzExponential.standardWeight_hasFDerivAt`:
  [CompleteSpace E]
  [FiniteDimensional ℝ E]
  [MeasurableSpace E]
  [BorelSpace E]
consider restructuring your `variable` declarations so that the variables are not in scope or explicitly omit them:
  omit [CompleteSpace E] [FiniteDimensional ℝ E] [MeasurableSpace E] [BorelSpace E] in theorem ...

Note: This linter can be disabled with `set_option linter.unusedSectionVars false`
warning: AutoSamplingTheory/TechnicalLemmas/Probability/GaussianLipschitzExponential.lean:307:8: automatically included section variable(s) unused in theorem `_private.AutoSamplingTheory.TechnicalLemmas.Probability.GaussianLipschitzExponential.0.AutoSamplingTheory.TechnicalLemmas.Probability.GaussianLipschitzExponential.norm_linear_pair_le_two`:
  [CompleteSpace E]
  [FiniteDimensional ℝ E]
  [MeasurableSpace E]
  [BorelSpace E]
consider restructuring your `variable` declarations so that the variables are not in scope or explicitly omit them:
  omit [CompleteSpace E] [FiniteDimensional ℝ E] [MeasurableSpace E] [BorelSpace E] in theorem ...

Note: This linter can be disabled with `set_option linter.unusedSectionVars false`
warning: AutoSamplingTheory/TechnicalLemmas/Probability/GaussianLipschitzExponential.lean:325:8: automatically included section variable(s) unused in theorem `_private.AutoSamplingTheory.TechnicalLemmas.Probability.GaussianLipschitzExponential.0.AutoSamplingTheory.TechnicalLemmas.Probability.GaussianLipschitzExponential.rotX_hasDerivAt`:
  [CompleteSpace E]
  [FiniteDimensional ℝ E]
  [MeasurableSpace E]
  [BorelSpace E]
consider restructuring your `variable` declarations so that the variables are not in scope or explicitly omit them:
  omit [CompleteSpace E] [FiniteDimensional ℝ E] [MeasurableSpace E] [BorelSpace E] in theorem ...

Note: This linter can be disabled with `set_option linter.unusedSectionVars false`
warning: AutoSamplingTheory/TechnicalLemmas/Probability/GaussianLipschitzExponential.lean:330:8: automatically included section variable(s) unused in theorem `_private.AutoSamplingTheory.TechnicalLemmas.Probability.GaussianLipschitzExponential.0.AutoSamplingTheory.TechnicalLemmas.Probability.GaussianLipschitzExponential.lipschitz_growth_bound`:
  [InnerProductSpace ℝ E]
  [CompleteSpace E]
  [FiniteDimensional ℝ E]
  [MeasurableSpace E]
  [BorelSpace E]
consider restructuring your `variable` declarations so that the variables are not in scope or explicitly omit them:
  omit [InnerProductSpace ℝ
  E] [CompleteSpace E] [FiniteDimensional ℝ E] [MeasurableSpace E] [BorelSpace E] in theorem ...

Note: This linter can be disabled with `set_option linter.unusedSectionVars false`
warning: AutoSamplingTheory/TechnicalLemmas/Probability/GaussianLipschitzExponential.lean:495:5: Variable name `hf` is not explicitly referenced.

Hint: The binding can be removed (if unused) or named `_` (if used implicitly). Alternatively, prefix the name with `_` to silence this warning:
  [apply] _hf

Note: This linter can be disabled with `set_option linter.unusedVariables false`
warning: AutoSamplingTheory/TechnicalLemmas/Probability/GaussianLipschitzExponential.lean:512:8: automatically included section variable(s) unused in theorem `_private.AutoSamplingTheory.TechnicalLemmas.Probability.GaussianLipschitzExponential.0.AutoSamplingTheory.TechnicalLemmas.Probability.GaussianLipschitzExponential.rotation_inverse_first`:
  [CompleteSpace E]
  [FiniteDimensional ℝ E]
  [MeasurableSpace E]
  [BorelSpace E]
consider restructuring your `variable` declarations so that the variables are not in scope or explicitly omit them:
  omit [CompleteSpace E] [FiniteDimensional ℝ E] [MeasurableSpace E] [BorelSpace E] in theorem ...

Note: This linter can be disabled with `set_option linter.unusedSectionVars false`
warning: AutoSamplingTheory/TechnicalLemmas/Probability/GaussianLipschitzExponential.lean:721:76: Used `tac1 <;> tac2` where `(tac1; tac2)` would suffice

Note: This linter can be disabled with `set_option linter.unnecessarySeqFocus false`
warning: AutoSamplingTheory/TechnicalLemmas/Probability/GaussianLipschitzExponential.lean:722:26: Used `tac1 <;> tac2` where `(tac1; tac2)` would suffice

Note: This linter can be disabled with `set_option linter.unnecessarySeqFocus false`
warning: AutoSamplingTheory/TechnicalLemmas/Probability/GaussianLipschitzExponential.lean:723:78: Used `tac1 <;> tac2` where `(tac1; tac2)` would suffice

Note: This linter can be disabled with `set_option linter.unnecessarySeqFocus false`
warning: AutoSamplingTheory/TechnicalLemmas/Probability/GaussianLipschitzExponential.lean:724:27: Used `tac1 <;> tac2` where `(tac1; tac2)` would suffice

Note: This linter can be disabled with `set_option linter.unnecessarySeqFocus false`
warning: AutoSamplingTheory/TechnicalLemmas/Probability/GaussianLipschitzExponential.lean:757:15: This simp argument is unused:
  Pi.neg_apply

Hint: Omit it from the simp argument list.
  [apply] simp only [integral_neg] at h

Note: This linter can be disabled with `set_option linter.unusedSimpArgs false`
warning: AutoSamplingTheory/TechnicalLemmas/Probability/GaussianLipschitzExponential.lean:766:8: automatically included section variable(s) unused in theorem `_private.AutoSamplingTheory.TechnicalLemmas.Probability.GaussianLipschitzExponential.0.AutoSamplingTheory.TechnicalLemmas.Probability.GaussianLipschitzExponential.normed_bump_convolution_lipschitz`:
  [CompleteSpace E]
consider restructuring your `variable` declarations so that the variables are not in scope or explicitly omit them:
  omit [CompleteSpace E] in theorem ...

Note: This linter can be disabled with `set_option linter.unusedSectionVars false`
warning: AutoSamplingTheory/TechnicalLemmas/Probability/GaussianLipschitzExponential.lean:793:8: automatically included section variable(s) unused in theorem `_private.AutoSamplingTheory.TechnicalLemmas.Probability.GaussianLipschitzExponential.0.AutoSamplingTheory.TechnicalLemmas.Probability.GaussianLipschitzExponential.normed_bump_convolution_error`:
  [CompleteSpace E]
consider restructuring your `variable` declarations so that the variables are not in scope or explicitly omit them:
  omit [CompleteSpace E] in theorem ...

Note: This linter can be disabled with `set_option linter.unusedSectionVars false`
warning: AutoSamplingTheory/TechnicalLemmas/Probability/GaussianLipschitzExponential.lean:812:8: automatically included section variable(s) unused in theorem `_private.AutoSamplingTheory.TechnicalLemmas.Probability.GaussianLipschitzExponential.0.AutoSamplingTheory.TechnicalLemmas.Probability.GaussianLipschitzExponential.smoothApprox_contDiff`:
  [CompleteSpace E]
consider restructuring your `variable` declarations so that the variables are not in scope or explicitly omit them:
  omit [CompleteSpace E] in theorem ...

Note: This linter can be disabled with `set_option linter.unusedSectionVars false`
warning: AutoSamplingTheory/TechnicalLemmas/Probability/GaussianLipschitzExponential.lean:827:8: automatically included section variable(s) unused in theorem `_private.AutoSamplingTheory.TechnicalLemmas.Probability.GaussianLipschitzExponential.0.AutoSamplingTheory.TechnicalLemmas.Probability.GaussianLipschitzExponential.smoothApprox_tendsto`:
  [CompleteSpace E]
consider restructuring your `variable` declarations so that the variables are not in scope or explicitly omit them:
  omit [CompleteSpace E] in theorem ...

Note: This linter can be disabled with `set_option linter.unusedSectionVars false`
warning: AutoSamplingTheory/TechnicalLemmas/Probability/GaussianLipschitzExponential.lean:922:6: Try this: 
  letI̵

The goal is a proposition, so `let` is preferred over `letI`.
The difference between `let` and `letI` is that `letI` inlines the value.
But this is not relevant for proofs because of proof irrelevance.

Note: This linter can be disabled with `set_option linter.style.haveILetI false`
⚠ [3731/3748] Replayed AutoSamplingTheory.TechnicalLemmas.Measure.TransportGluing
warning: AutoSamplingTheory/TechnicalLemmas/Measure/TransportGluing.lean:91:2: Try this: 
  letI̵

The goal is a proposition, so `let` is preferred over `letI`.
The difference between `let` and `letI` is that `letI` inlines the value.
But this is not relevant for proofs because of proof irrelevance.

Note: This linter can be disabled with `set_option linter.style.haveILetI false`
warning: AutoSamplingTheory/TechnicalLemmas/Measure/TransportGluing.lean:93:2: Try this: 
  letI̵

The goal is a proposition, so `let` is preferred over `letI`.
The difference between `let` and `letI` is that `letI` inlines the value.
But this is not relevant for proofs because of proof irrelevance.

Note: This linter can be disabled with `set_option linter.style.haveILetI false`
⚠ [3733/3748] Replayed AutoSamplingTheory.TechnicalLemmas.Measure.WassersteinTriangleMarginals
warning: AutoSamplingTheory/TechnicalLemmas/Measure/WassersteinTriangleMarginals.lean:46:0: automatically included section variable(s) unused in theorem `AutoSamplingTheory.TechnicalLemmas.Measure.WassersteinTriangleMarginals.measurable_pair12`:
  [NormedAddCommGroup E]
  [BorelSpace E]
  [SecondCountableTopology E]
consider restructuring your `variable` declarations so that the variables are not in scope or explicitly omit them:
  omit [NormedAddCommGroup E] [BorelSpace E] [SecondCountableTopology E] in theorem ...

Note: This linter can be disabled with `set_option linter.unusedSectionVars false`
warning: AutoSamplingTheory/TechnicalLemmas/Measure/WassersteinTriangleMarginals.lean:50:0: automatically included section variable(s) unused in theorem `AutoSamplingTheory.TechnicalLemmas.Measure.WassersteinTriangleMarginals.measurable_pair23`:
  [NormedAddCommGroup E]
  [BorelSpace E]
  [SecondCountableTopology E]
consider restructuring your `variable` declarations so that the variables are not in scope or explicitly omit them:
  omit [NormedAddCommGroup E] [BorelSpace E] [SecondCountableTopology E] in theorem ...

Note: This linter can be disabled with `set_option linter.unusedSectionVars false`
warning: AutoSamplingTheory/TechnicalLemmas/Measure/WassersteinTriangleMarginals.lean:54:0: automatically included section variable(s) unused in theorem `AutoSamplingTheory.TechnicalLemmas.Measure.WassersteinTriangleMarginals.measurable_pair13`:
  [NormedAddCommGroup E]
  [BorelSpace E]
  [SecondCountableTopology E]
consider restructuring your `variable` declarations so that the variables are not in scope or explicitly omit them:
  omit [NormedAddCommGroup E] [BorelSpace E] [SecondCountableTopology E] in theorem ...

Note: This linter can be disabled with `set_option linter.unusedSectionVars false`
warning: AutoSamplingTheory/TechnicalLemmas/Measure/WassersteinTriangleMarginals.lean:65:0: automatically included section variable(s) unused in theorem `AutoSamplingTheory.TechnicalLemmas.Measure.WassersteinTriangleMarginals.edgeLength12_rpow_two_eq_quadraticCost_pair12`:
  [MeasurableSpace E]
  [BorelSpace E]
  [SecondCountableTopology E]
consider restructuring your `variable` declarations so that the variables are not in scope or explicitly omit them:
  omit [MeasurableSpace E] [BorelSpace E] [SecondCountableTopology E] in theorem ...

Note: This linter can be disabled with `set_option linter.unusedSectionVars false`
warning: AutoSamplingTheory/TechnicalLemmas/Measure/WassersteinTriangleMarginals.lean:74:0: automatically included section variable(s) unused in theorem `AutoSamplingTheory.TechnicalLemmas.Measure.WassersteinTriangleMarginals.edgeLength23_rpow_two_eq_quadraticCost_pair23`:
  [MeasurableSpace E]
  [BorelSpace E]
  [SecondCountableTopology E]
consider restructuring your `variable` declarations so that the variables are not in scope or explicitly omit them:
  omit [MeasurableSpace E] [BorelSpace E] [SecondCountableTopology E] in theorem ...

Note: This linter can be disabled with `set_option linter.unusedSectionVars false`
warning: AutoSamplingTheory/TechnicalLemmas/Measure/WassersteinTriangleMarginals.lean:83:0: automatically included section variable(s) unused in theorem `AutoSamplingTheory.TechnicalLemmas.Measure.WassersteinTriangleMarginals.edgeLength13_rpow_two_eq_quadraticCost_pair13`:
  [MeasurableSpace E]
  [BorelSpace E]
  [SecondCountableTopology E]
consider restructuring your `variable` declarations so that the variables are not in scope or explicitly omit them:
  omit [MeasurableSpace E] [BorelSpace E] [SecondCountableTopology E] in theorem ...

Note: This linter can be disabled with `set_option linter.unusedSectionVars false`
⚠ [3734/3748] Replayed AutoSamplingTheory.TechnicalLemmas.Measure.CommonNoiseContraction
warning: AutoSamplingTheory/TechnicalLemmas/Measure/CommonNoiseContraction.lean:62:8: automatically included section variable(s) unused in theorem `_private.AutoSamplingTheory.TechnicalLemmas.Measure.CommonNoiseContraction.0.AutoSamplingTheory.TechnicalLemmas.Measure.CommonNoiseContraction.measurable_pairLeft`:
  [NormedAddCommGroup E]
  [BorelSpace E]
  [SecondCountableTopology E]
consider restructuring your `variable` declarations so that the variables are not in scope or explicitly omit them:
  omit [NormedAddCommGroup E] [BorelSpace E] [SecondCountableTopology E] in theorem ...

Note: This linter can be disabled with `set_option linter.unusedSectionVars false`
warning: AutoSamplingTheory/TechnicalLemmas/Measure/CommonNoiseContraction.lean:66:8: automatically included section variable(s) unused in theorem `_private.AutoSamplingTheory.TechnicalLemmas.Measure.CommonNoiseContraction.0.AutoSamplingTheory.TechnicalLemmas.Measure.CommonNoiseContraction.measurable_pairRight`:
  [NormedAddCommGroup E]
  [BorelSpace E]
  [SecondCountableTopology E]
consider restructuring your `variable` declarations so that the variables are not in scope or explicitly omit them:
  omit [NormedAddCommGroup E] [BorelSpace E] [SecondCountableTopology E] in theorem ...

Note: This linter can be disabled with `set_option linter.unusedSectionVars false`
warning: AutoSamplingTheory/TechnicalLemmas/Measure/CommonNoiseContraction.lean:77:2: Try this: 
  letI̵

The goal is a proposition, so `let` is preferred over `letI`.
The difference between `let` and `letI` is that `letI` inlines the value.
But this is not relevant for proofs because of proof irrelevance.

Note: This linter can be disabled with `set_option linter.style.haveILetI false`
warning: AutoSamplingTheory/TechnicalLemmas/Measure/CommonNoiseContraction.lean:72:0: automatically included section variable(s) unused in theorem `AutoSamplingTheory.TechnicalLemmas.Measure.CommonNoiseContraction.map_pairLeft_prod_eq`:
  [BorelSpace E]
consider restructuring your `variable` declarations so that the variables are not in scope or explicitly omit them:
  omit [BorelSpace E] in theorem ...

Note: This linter can be disabled with `set_option linter.unusedSectionVars false`
warning: AutoSamplingTheory/TechnicalLemmas/Measure/CommonNoiseContraction.lean:97:2: Try this: 
  letI̵

The goal is a proposition, so `let` is preferred over `letI`.
The difference between `let` and `letI` is that `letI` inlines the value.
But this is not relevant for proofs because of proof irrelevance.

Note: This linter can be disabled with `set_option linter.style.haveILetI false`
warning: AutoSamplingTheory/TechnicalLemmas/Measure/CommonNoiseContraction.lean:92:0: automatically included section variable(s) unused in theorem `AutoSamplingTheory.TechnicalLemmas.Measure.CommonNoiseContraction.map_pairRight_prod_eq`:
  [BorelSpace E]
consider restructuring your `variable` declarations so that the variables are not in scope or explicitly omit them:
  omit [BorelSpace E] in theorem ...

Note: This linter can be disabled with `set_option linter.unusedSectionVars false`
warning: AutoSamplingTheory/TechnicalLemmas/Measure/CommonNoiseContraction.lean:119:2: Try this: 
  letI̵

The goal is a proposition, so `let` is preferred over `letI`.
The difference between `let` and `letI` is that `letI` inlines the value.
But this is not relevant for proofs because of proof irrelevance.

Note: This linter can be disabled with `set_option linter.style.haveILetI false`
warning: AutoSamplingTheory/TechnicalLemmas/Measure/CommonNoiseContraction.lean:148:0: automatically included section variable(s) unused in theorem `AutoSamplingTheory.TechnicalLemmas.Measure.CommonNoiseContraction.quadraticCost_synchronousNoiseMap`:
  [MeasurableSpace E]
  [BorelSpace E]
  [SecondCountableTopology E]
consider restructuring your `variable` declarations so that the variables are not in scope or explicitly omit them:
  omit [MeasurableSpace E] [BorelSpace E] [SecondCountableTopology E] in theorem ...

Note: This linter can be disabled with `set_option linter.unusedSectionVars false`
warning: AutoSamplingTheory/TechnicalLemmas/Measure/CommonNoiseContraction.lean:200:2: Try this: 
  letI̵

The goal is a proposition, so `let` is preferred over `letI`.
The difference between `let` and `letI` is that `letI` inlines the value.
But this is not relevant for proofs because of proof irrelevance.

Note: This linter can be disabled with `set_option linter.style.haveILetI false`
⚠ [3735/3748] Replayed AutoSamplingTheory.TechnicalLemmas.Measure.GaussianSmoothing
warning: AutoSamplingTheory/TechnicalLemmas/Measure/GaussianSmoothing.lean:75:0: automatically included section variable(s) unused in theorem `AutoSamplingTheory.TechnicalLemmas.Measure.GaussianSmoothing.heatSmoothing_eq_gaussianSmoothing_sqrt`:
  [BorelSpace E]
  [SecondCountableTopology E]
consider restructuring your `variable` declarations so that the variables are not in scope or explicitly omit them:
  omit [BorelSpace E] [SecondCountableTopology E] in theorem ...

Note: This linter can be disabled with `set_option linter.unusedSectionVars false`
⚠ [3746/3748] Built Tests.GaussianSqrtDensityDomain (8.4s)
warning: Tests/GaussianSqrtDensityDomain.lean:26:4: try 'simp' instead of 'simpa'

Note: This linter can be disabled with `set_option linter.unnecessarySimpa false`
warning: Tests/GaussianSqrtDensityDomain.lean:28:4: try 'simp' instead of 'simpa'

Note: This linter can be disabled with `set_option linter.unnecessarySimpa false`
info: Tests/GaussianSqrtDensityDomain.lean:38:0: 'AutoSamplingTheory.TechnicalLemmas.Measure.GaussianSqrtDensityDomain.gaussian_sqrt_density_domain' depends on axioms: [propext,
 Classical.choice,
 Quot.sound]
info: Tests/GaussianSqrtDensityDomain.lean:39:0: 'Tests.GaussianSqrtDensityDomain.zero_residual' depends on axioms: [propext, Classical.choice, Quot.sound]
info: Tests/GaussianSqrtDensityDomain.lean:40:0: 'Tests.GaussianSqrtDensityDomain.zero_dimension_zero_residual' depends on axioms: [propext,
 Classical.choice,
 Quot.sound]
✖ [3747/3748] Building AutoSamplingTheory.ExampleCases.SmoothedPicardHMC.StandardizedRGOSqrtDensity (8.8s)
trace: .> LEAN_PATH=E:\Samplinglib\.lake\packages\Cli\.lake\build\lib\lean;E:\Samplinglib\.lake\packages\batteries\.lake\build\lib\lean;E:\Samplinglib\.lake\packages\Qq\.lake\build\lib\lean;E:\Samplinglib\.lake\packages\aesop\.lake\build\lib\lean;E:\Samplinglib\.lake\packages\proofwidgets\.lake\build\lib\lean;E:\Samplinglib\.lake\packages\importGraph\.lake\build\lib\lean;E:\Samplinglib\.lake\packages\LeanSearchClient\.lake\build\lib\lean;E:\Samplinglib\.lake\packages\plausible\.lake\build\lib\lean;E:\Samplinglib\.lake\packages\mathlib\.lake\build\lib\lean;E:\Samplinglib\.lake\build\lib\lean c:\Users\admin\.elan\toolchains\leanprover--lean4---v4.33.0\bin\lean.exe E:\Samplinglib\AutoSamplingTheory\ExampleCases\SmoothedPicardHMC\StandardizedRGOSqrtDensity.lean -o E:\Samplinglib\.lake\build\lib\lean\AutoSamplingTheory\ExampleCases\SmoothedPicardHMC\StandardizedRGOSqrtDensity.olean -i E:\Samplinglib\.lake\build\lib\lean\AutoSamplingTheory\ExampleCases\SmoothedPicardHMC\StandardizedRGOSqrtDensity.ilean -c E:\Samplinglib\.lake\build\ir\AutoSamplingTheory\ExampleCases\SmoothedPicardHMC\StandardizedRGOSqrtDensity.c --setup E:\Samplinglib\.lake\build\ir\AutoSamplingTheory\ExampleCases\SmoothedPicardHMC\StandardizedRGOSqrtDensity.setup.json --json
error: AutoSamplingTheory/ExampleCases/SmoothedPicardHMC/StandardizedRGOSqrtDensity.lean:78:6: Tactic `rewrite` failed: Did not find an occurrence of the pattern
  r s
in the target expression
  0 < Z s ∧
    Z s ≤ 1 ∧
      ((fun s =>
              Measure.map (fun x => (√(eta s))⁻¹ • (x - p s))
                ((fun s => (ℙ.tilted fun x => -V x).tilted fun x => -‖x - y s‖ ^ 2 / (2 * eta s)) s))
            s =
          (stdGaussian E).tilted fun u =>
            -(fun s u => V (p s + √(eta s) • u) - V (p s) - √(eta s) * ⟪gradient V (p s), u⟫) s u) ∧
        ((fun s =>
                Measure.map (fun x => (√(eta s))⁻¹ • (x - p s))
                  ((fun s => (ℙ.tilted fun x => -V x).tilted fun x => -‖x - y s‖ ^ 2 / (2 * eta s)) s))
              s =
            (stdGaussian E).withDensity fun u =>
              ENNReal.ofReal
                ((fun s u =>
                    Real.exp (-(fun s u => V (p s + √(eta s) • u) - V (p s) - √(eta s) * ⟪gradient V (p s), u⟫) s u) /
                      (fun s =>
                          ∫ (u : E),
                            Real.exp
                              (-(fun s u => V (p s + √(eta s) • u) - V (p s) - √(eta s) * ⟪gradient V (p s), u⟫) s
                                  u) ∂stdGaussian E)
                        s)
                  s u)) ∧
          IsProbabilityMeasure
              ((fun s =>
                  Measure.map (fun x => (√(eta s))⁻¹ • (x - p s))
                    ((fun s => (ℙ.tilted fun x => -V x).tilted fun x => -‖x - y s‖ ^ 2 / (2 * eta s)) s))
                s) ∧
            (∀ (u : E),
                0 <
                    (fun s u =>
                        Real.exp
                            (-(fun s u => V (p s + √(eta s) • u) - V (p s) - √(eta s) * ⟪gradient V (p s), u⟫) s u) /
                          (fun s =>
                              ∫ (u : E),
                                Real.exp
                                  (-(fun s u => V (p s + √(eta s) • u) - V (p s) - √(eta s) * ⟪gradient V (p s), u⟫) s
                                      u) ∂stdGaussian E)
                            s)
                      s u ∧
                  (fun s u =>
                          Real.exp
                              (-(fun s u => V (p s + √(eta s) • u) - V (p s) - √(eta s) * ⟪gradient V (p s), u⟫) s u /
                                2) /
                            √((fun s =>
                                  ∫ (u : E),
                                    Real.exp
                                      (-(fun s u => V (p s + √(eta s) • u) - V (p s) - √(eta s) * ⟪gradient V (p s), u⟫)
                                          s u) ∂stdGaussian E)
                                s))
                        s u ^
                      2 =
                    (fun s u =>
                        Real.exp
                            (-(fun s u => V (p s + √(eta s) • u) - V (p s) - √(eta s) * ⟪gradient V (p s), u⟫) s u) /
                          (fun s =>
                              ∫ (u : E),
                                Real.exp
                                  (-(fun s u => V (p s + √(eta s) • u) - V (p s) - √(eta s) * ⟪gradient V (p s), u⟫) s
                                      u) ∂stdGaussian E)
                            s)
                      s u) ∧
              ∫ (u : E),
                    (fun s u =>
                        Real.exp
                            (-(fun s u => V (p s + √(eta s) • u) - V (p s) - √(eta s) * ⟪gradient V (p s), u⟫) s u) /
                          (fun s =>
                              ∫ (u : E),
                                Real.exp
                                  (-(fun s u => V (p s + √(eta s) • u) - V (p s) - √(eta s) * ⟪gradient V (p s), u⟫) s
                                      u) ∂stdGaussian E)
                            s)
                      s u ∂stdGaussian E =
                  1 ∧
                ContDiff ℝ 2
                    ((fun s u =>
                        Real.exp
                            (-(fun s u => V (p s + √(eta s) • u) - V (p s) - √(eta s) * ⟪gradient V (p s), u⟫) s u /
                              2) /
                          √((fun s =>
                                ∫ (u : E),
                                  Real.exp
                                    (-(fun s u => V (p s + √(eta s) • u) - V (p s) - √(eta s) * ⟪gradient V (p s), u⟫) s
                                        u) ∂stdGaussian E)
                              s))
                      s) ∧
                  MemLp
                      ((fun s u =>
                          Real.exp
                              (-(fun s u => V (p s + √(eta s) • u) - V (p s) - √(eta s) * ⟪gradient V (p s), u⟫) s u /
                                2) /
                            √((fun s =>
                                  ∫ (u : E),
                                    Real.exp
                                      (-(fun s u => V (p s + √(eta s) • u) - V (p s) - √(eta s) * ⟪gradient V (p s), u⟫)
                                          s u) ∂stdGaussian E)
                                s))
                        s)
                      2 (stdGaussian E) ∧
                    MemLp
                        (gradient
                          ((fun s u =>
                              Real.exp
                                  (-(fun s u => V (p s + √(eta s) • u) - V (p s) - √(eta s) * ⟪gradient V (p s), u⟫) s
                                        u /
                                    2) /
                                √((fun s =>
                                      ∫ (u : E),
                                        Real.exp
                                          (-(fun s u =>
                                                V (p s + √(eta s) • u) - V (p s) - √(eta s) * ⟪gradient V (p s), u⟫)
                                              s u) ∂stdGaussian E)
                                    s))
                            s))
                        2 (stdGaussian E) ∧
                      MemLp
                          (gradient
                            ((fun s u => V (p s + √(eta s) • u) - V (p s) - √(eta s) * ⟪gradient V (p s), u⟫) s))
                          2
                          ((fun s =>
                              Measure.map (fun x => (√(eta s))⁻¹ • (x - p s))
                                ((fun s => (ℙ.tilted fun x => -V x).tilted fun x => -‖x - y s‖ ^ 2 / (2 * eta s)) s))
                            s) ∧
                        Integrable
                            (fun u =>
                              (fun s u =>
                                    Real.exp
                                        (-(fun s u =>
                                              V (p s + √(eta s) • u) - V (p s) - √(eta s) * ⟪gradient V (p s), u⟫)
                                            s u) /
                                      (fun s =>
                                          ∫ (u : E),
                                            Real.exp
                                              (-(fun s u =>
                                                    V (p s + √(eta s) • u) - V (p s) - √(eta s) * ⟪gradient V (p s), u⟫)
                                                  s u) ∂stdGaussian E)
                                        s)
                                  s u *
                                Real.log
                                  ((fun s u =>
                                      Real.exp
                                          (-(fun s u =>
                                                V (p s + √(eta s) • u) - V (p s) - √(eta s) * ⟪gradient V (p s), u⟫)
                                              s u) /
                                        (fun s =>
                                            ∫ (u : E),
                                              Real.exp
                                                (-(fun s u =>
                                                      V (p s + √(eta s) • u) - V (p s) -
                                                        √(eta s) * ⟪gradient V (p s), u⟫)
                                                    s u) ∂stdGaussian E)
                                          s)
                                    s u))
                            (stdGaussian E) ∧
                          (∀ (u : E),
                              gradient
                                  ((fun s u =>
                                      Real.exp
                                          (-(fun s u =>
                                                  V (p s + √(eta s) • u) - V (p s) - √(eta s) * ⟪gradient V (p s), u⟫)
                                                s u /
                                            2) /
                                        √((fun s =>
                                              ∫ (u : E),
                                                Real.exp
                                                  (-(fun s u =>
                                                        V (p s + √(eta s) • u) - V (p s) -
                                                          √(eta s) * ⟪gradient V (p s), u⟫)
                                                      s u) ∂stdGaussian E)
                                            s))
                                    s)
                                  u =
                                -((fun s u =>
                                          Real.exp
                                              (-(fun s u =>
                                                      V (p s + √(eta s) • u) - V (p s) -
                                                        √(eta s) * ⟪gradient V (p s), u⟫)
                                                    s u /
                                                2) /
                                            √((fun s =>
                                                  ∫ (u : E),
                                                    Real.exp
                                                      (-(fun s u =>
                                                            V (p s + √(eta s) • u) - V (p s) -
                                                              √(eta s) * ⟪gradient V (p s), u⟫)
                                                          s u) ∂stdGaussian E)
                                                s))
                                        s u /
                                      2) •
                                  gradient
                                    ((fun s u => V (p s + √(eta s) • u) - V (p s) - √(eta s) * ⟪gradient V (p s), u⟫) s)
                                    u) ∧
                            (∀ (u : E),
                                gradient
                                    (fun z =>
                                      Real.log
                                        ((fun s u =>
                                            Real.exp
                                                (-(fun s u =>
                                                      V (p s + √(eta s) • u) - V (p s) -
                                                        √(eta s) * ⟪gradient V (p s), u⟫)
                                                    s u) /
                                              (fun s =>
                                                  ∫ (u : E),
                                                    Real.exp
                                                      (-(fun s u =>
                                                            V (p s + √(eta s) • u) - V (p s) -
                                                              √(eta s) * ⟪gradient V (p s), u⟫)
                                                          s u) ∂stdGaussian E)
                                                s)
                                          s z))
                                    u =
                                  -gradient
                                      ((fun s u => V (p s + √(eta s) • u) - V (p s) - √(eta s) * ⟪gradient V (p s), u⟫)
                                        s)
                                      u) ∧
                              ∫ (u : E),
                                  ‖gradient
                                        ((fun s u =>
                                            Real.exp
                                                (-(fun s u =>
                                                        V (p s + √(eta s) • u) - V (p s) -
                                                          √(eta s) * ⟪gradient V (p s), u⟫)
                                                      s u /
                                                  2) /
                                              √((fun s =>
                                                    ∫ (u : E),
                                                      Real.exp
                                                        (-(fun s u =>
                                                              V (p s + √(eta s) • u) - V (p s) -
                                                                √(eta s) * ⟪gradient V (p s), u⟫)
                                                            s u) ∂stdGaussian E)
                                                  s))
                                          s)
                                        u‖ ^
                                    2 ∂stdGaussian E =
                                1 / 4 *
                                  ∫ (u : E),
                                    ‖gradient
                                          ((fun s u =>
                                              V (p s + √(eta s) • u) - V (p s) - √(eta s) * ⟪gradient V (p s), u⟫)
                                            s)
                                          u‖ ^
                                      2 ∂(fun s =>
                                        Measure.map (fun x => (√(eta s))⁻¹ • (x - p s))
                                          ((fun s =>
                                              (ℙ.tilted fun x => -V x).tilted fun x => -‖x - y s‖ ^ 2 / (2 * eta s))
                                            s))
                                      s

E : Type u_1
S : Type u_2
inst✝⁶ : NormedAddCommGroup E
inst✝⁵ : InnerProductSpace ℝ E
inst✝⁴ : CompleteSpace E
inst✝³ : FiniteDimensional ℝ E
inst✝² : MeasurableSpace E
inst✝¹ : BorelSpace E
inst✝ : MeasurableSpace S
V : E → ℝ
κ : ℝ
hκ : 1 ≤ κ
hV : ContDiff ℝ 2 V
hH : ∀ (x v : E), κ⁻¹ * ‖v‖ ^ 2 ≤ ((fderiv ℝ (fderiv ℝ V) x) v) v ∧ ((fderiv ℝ (fderiv ℝ V) x) v) v ≤ ‖v‖ ^ 2
eta : S → ℝ
y : S → E
heta : Measurable eta
hy : Measurable y
hpos : ∀ (s : S), 0 < eta s
p : S → E
hpm : Measurable p
heq : ∀ (s : S), p s + eta s • gradient V (p s) = y s
hparent :
  have rho := fun s u => V (p s + √(eta s) • u) - V (p s) - √(eta s) * ⟪gradient V (p s), u⟫;
  have Q := fun s u => ‖u‖ ^ 2 / 2 + rho s u;
  have mu := ℙ.tilted fun x => -V x;
  have R := fun s => mu.tilted fun x => -‖x - y s‖ ^ 2 / (2 * eta s);
  have r := fun s => Measure.map (fun x => (√(eta s))⁻¹ • (x - p s)) (R s);
  IsProbabilityMeasure mu ∧
    ∀ (s : S),
      IsProbabilityMeasure (R s) ∧
        ContDiff ℝ 2 (rho s) ∧
          ContDiff ℝ 2 (Q s) ∧
            gradient (rho s) 0 = 0 ∧
              gradient (Q s) 0 = 0 ∧
                (∀ (u v : E),
                    0 ≤ ((fderiv ℝ (fderiv ℝ (rho s)) u) v) v ∧
                      ((fderiv ℝ (fderiv ℝ (rho s)) u) v) v ≤ eta s * ‖v‖ ^ 2) ∧
                  (∀ (u v : E),
                      ‖v‖ ^ 2 ≤ ((fderiv ℝ (fderiv ℝ (Q s)) u) v) v ∧
                        ((fderiv ℝ (fderiv ℝ (Q s)) u) v) v ≤ (1 + eta s) * ‖v‖ ^ 2) ∧
                    (r s = ℙ.tilted fun u => -Q s u) ∧
                      IsProbabilityMeasure (r s) ∧
                        MemLp id 2 (r s) ∧
                          Integrable (fun u => ‖u‖ ^ 2) (r s) ∧
                            ∫ (u : E), ‖u‖ ^ 2 ∂r s ≤ ↑(Module.finrank ℝ E) ∧
                              MemLp (gradient (rho s)) 2 (r s) ∧
                                ∫ (u : E), ‖gradient (rho s) u‖ ^ 2 ∂r s ≤ eta s ^ 2 * ∫ (u : E), ‖u‖ ^ 2 ∂r s ∧
                                  ∫ (u : E), ‖gradient (rho s) u‖ ^ 2 ∂r s ≤ eta s ^ 2 * ↑(Module.finrank ℝ E)
rho : S → E → ℝ := fun s u => V (p s + √(eta s) • u) - V (p s) - √(eta s) * ⟪gradient V (p s), u⟫
mu : Measure E := ℙ.tilted fun x => -V x
R : S → Measure E := fun s => mu.tilted fun x => -‖x - y s‖ ^ 2 / (2 * eta s)
r : S → Measure E := fun s => Measure.map (fun x => (√(eta s))⁻¹ • (x - p s)) (R s)
gamma : Measure E := stdGaussian E
Z : S → ℝ := fun s => ∫ (u : E), Real.exp (-rho s u) ∂gamma
q : S → E → ℝ := fun s u => Real.exp (-rho s u) / Z s
f : S → E → ℝ := fun s u => Real.exp (-rho s u / 2) / √(Z s)
s : S
_hRp : IsProbabilityMeasure ((fun s => (ℙ.tilted fun x => -V x).tilted fun x => -‖x - y s‖ ^ 2 / (2 * eta s)) s)
hρ : ContDiff ℝ 2 ((fun s u => V (p s + √(eta s) • u) - V (p s) - √(eta s) * ⟪gradient V (p s), u⟫) s)
_hQ :
  ContDiff ℝ 2
    ((fun s u => ‖u‖ ^ 2 / 2 + (fun s u => V (p s + √(eta s) • u) - V (p s) - √(eta s) * ⟪gradient V (p s), u⟫) s u) s)
hρgrad : gradient ((fun s u => V (p s + √(eta s) • u) - V (p s) - √(eta s) * ⟪gradient V (p s), u⟫) s) 0 = 0
_hQgrad :
  gradient
      ((fun s u => ‖u‖ ^ 2 / 2 + (fun s u => V (p s + √(eta s) • u) - V (p s) - √(eta s) * ⟪gradient V (p s), u⟫) s u)
        s)
      0 =
    0
hρH :
  ∀ (u v : E),
    0 ≤
        ((fderiv ℝ (fderiv ℝ ((fun s u => V (p s + √(eta s) • u) - V (p s) - √(eta s) * ⟪gradient V (p s), u⟫) s)) u) v)
          v ∧
      ((fderiv ℝ (fderiv ℝ ((fun s u => V (p s + √(eta s) • u) - V (p s) - √(eta s) * ⟪gradient V (p s), u⟫) s)) u) v)
          v ≤
        eta s * ‖v‖ ^ 2
_hQH :
  ∀ (u v : E),
    ‖v‖ ^ 2 ≤
        ((fderiv ℝ
              (fderiv ℝ
                ((fun s u =>
                    ‖u‖ ^ 2 / 2 + (fun s u => V (p s + √(eta s) • u) - V (p s) - √(eta s) * ⟪gradient V (p s), u⟫) s u)
                  s))
              u)
            v)
          v ∧
      ((fderiv ℝ
              (fderiv ℝ
                ((fun s u =>
                    ‖u‖ ^ 2 / 2 + (fun s u => V (p s + √(eta s) • u) - V (p s) - √(eta s) * ⟪gradient V (p s), u⟫) s u)
                  s))
              u)
            v)
          v ≤
        (1 + eta s) * ‖v‖ ^ 2
hlaw :
  (fun s =>
        Measure.map (fun x => (√(eta s))⁻¹ • (x - p s))
          ((fun s => (ℙ.tilted fun x => -V x).tilted fun x => -‖x - y s‖ ^ 2 / (2 * eta s)) s))
      s =
    ℙ.tilted fun u =>
      -(fun s u => ‖u‖ ^ 2 / 2 + (fun s u => V (p s + √(eta s) • u) - V (p s) - √(eta s) * ⟪gradient V (p s), u⟫) s u) s
          u
_hrest :
  IsProbabilityMeasure
      ((fun s =>
          Measure.map (fun x => (√(eta s))⁻¹ • (x - p s))
            ((fun s => (ℙ.tilted fun x => -V x).tilted fun x => -‖x - y s‖ ^ 2 / (2 * eta s)) s))
        s) ∧
    MemLp id 2
        ((fun s =>
            Measure.map (fun x => (√(eta s))⁻¹ • (x - p s))
              ((fun s => (ℙ.tilted fun x => -V x).tilted fun x => -‖x - y s‖ ^ 2 / (2 * eta s)) s))
          s) ∧
      Integrable (fun u => ‖u‖ ^ 2)
          ((fun s =>
              Measure.map (fun x => (√(eta s))⁻¹ • (x - p s))
                ((fun s => (ℙ.tilted fun x => -V x).tilted fun x => -‖x - y s‖ ^ 2 / (2 * eta s)) s))
            s) ∧
        ∫ (u : E),
              ‖u‖ ^
                2 ∂(fun s =>
                  Measure.map (fun x => (√(eta s))⁻¹ • (x - p s))
                    ((fun s => (ℙ.tilted fun x => -V x).tilted fun x => -‖x - y s‖ ^ 2 / (2 * eta s)) s))
                s ≤
            ↑(Module.finrank ℝ E) ∧
          MemLp (gradient ((fun s u => V (p s + √(eta s) • u) - V (p s) - √(eta s) * ⟪gradient V (p s), u⟫) s)) 2
              ((fun s =>
                  Measure.map (fun x => (√(eta s))⁻¹ • (x - p s))
                    ((fun s => (ℙ.tilted fun x => -V x).tilted fun x => -‖x - y s‖ ^ 2 / (2 * eta s)) s))
                s) ∧
            ∫ (u : E),
                  ‖gradient ((fun s u => V (p s + √(eta s) • u) - V (p s) - √(eta s) * ⟪gradient V (p s), u⟫) s) u‖ ^
                    2 ∂(fun s =>
                      Measure.map (fun x => (√(eta s))⁻¹ • (x - p s))
                        ((fun s => (ℙ.tilted fun x => -V x).tilted fun x => -‖x - y s‖ ^ 2 / (2 * eta s)) s))
                    s ≤
                eta s ^ 2 *
                  ∫ (u : E),
                    ‖u‖ ^
                      2 ∂(fun s =>
                        Measure.map (fun x => (√(eta s))⁻¹ • (x - p s))
                          ((fun s => (ℙ.tilted fun x => -V x).tilted fun x => -‖x - y s‖ ^ 2 / (2 * eta s)) s))
                      s ∧
              ∫ (u : E),
                  ‖gradient ((fun s u => V (p s + √(eta s) • u) - V (p s) - √(eta s) * ⟪gradient V (p s), u⟫) s) u‖ ^
                    2 ∂(fun s =>
                      Measure.map (fun x => (√(eta s))⁻¹ • (x - p s))
                        ((fun s => (ℙ.tilted fun x => -V x).tilted fun x => -‖x - y s‖ ^ 2 / (2 * eta s)) s))
                    s ≤
                eta s ^ 2 * ↑(Module.finrank ℝ E)
hρzero : rho s 0 = 0
L : ℝ≥0 := ⟨eta s, ⋯⟩
hHρ : ∀ (u v : E), 0 ≤ ((fderiv ℝ (fderiv ℝ (rho s)) u) v) v ∧ ((fderiv ℝ (fderiv ℝ (rho s)) u) v) v ≤ ↑L * ‖v‖ ^ 2
hZ :
  0 <
    ∫ (u : E),
      Real.exp (-(fun s u => V (p s + √(eta s) • u) - V (p s) - √(eta s) * ⟪gradient V (p s), u⟫) s u) ∂stdGaussian E
hZone :
  ∫ (u : E),
      Real.exp (-(fun s u => V (p s + √(eta s) • u) - V (p s) - √(eta s) * ⟪gradient V (p s), u⟫) s u) ∂stdGaussian E ≤
    1
hvolume :
  ((stdGaussian E).tilted fun u =>
      -(fun s u => V (p s + √(eta s) • u) - V (p s) - √(eta s) * ⟪gradient V (p s), u⟫) s u) =
    ℙ.tilted fun u =>
      -(‖u‖ ^ 2 / 2 + (fun s u => V (p s + √(eta s) • u) - V (p s) - √(eta s) * ⟪gradient V (p s), u⟫) s u)
hdensity :
  ((stdGaussian E).tilted fun u =>
      -(fun s u => V (p s + √(eta s) • u) - V (p s) - √(eta s) * ⟪gradient V (p s), u⟫) s u) =
    (stdGaussian E).withDensity fun u =>
      ENNReal.ofReal
        ((fun u =>
            Real.exp (-(fun s u => V (p s + √(eta s) • u) - V (p s) - √(eta s) * ⟪gradient V (p s), u⟫) s u) /
              ∫ (u : E),
                Real.exp
                  (-(fun s u => V (p s + √(eta s) • u) - V (p s) - √(eta s) * ⟪gradient V (p s), u⟫) s
                      u) ∂stdGaussian E)
          u)
hprob :
  IsProbabilityMeasure
    ((stdGaussian E).tilted fun u =>
      -(fun s u => V (p s + √(eta s) • u) - V (p s) - √(eta s) * ⟪gradient V (p s), u⟫) s u)
hfq :
  ∀ (u : E),
    0 <
        (fun u =>
            Real.exp (-(fun s u => V (p s + √(eta s) • u) - V (p s) - √(eta s) * ⟪gradient V (p s), u⟫) s u) /
              ∫ (u : E),
                Real.exp
                  (-(fun s u => V (p s + √(eta s) • u) - V (p s) - √(eta s) * ⟪gradient V (p s), u⟫) s
                      u) ∂stdGaussian E)
          u ∧
      (fun u =>
              Real.exp (-(fun s u => V (p s + √(eta s) • u) - V (p s) - √(eta s) * ⟪gradient V (p s), u⟫) s u / 2) /
                √(∫ (u : E),
                    Real.exp
                      (-(fun s u => V (p s + √(eta s) • u) - V (p s) - √(eta s) * ⟪gradient V (p s), u⟫) s
                          u) ∂stdGaussian E))
            u ^
          2 =
        (fun u =>
            Real.exp (-(fun s u => V (p s + √(eta s) • u) - V (p s) - √(eta s) * ⟪gradient V (p s), u⟫) s u) /
              ∫ (u : E),
                Real.exp
                  (-(fun s u => V (p s + √(eta s) • u) - V (p s) - √(eta s) * ⟪gradient V (p s), u⟫) s
                      u) ∂stdGaussian E)
          u
hqone :
  ∫ (u : E),
      (fun u =>
          Real.exp (-(fun s u => V (p s + √(eta s) • u) - V (p s) - √(eta s) * ⟪gradient V (p s), u⟫) s u) /
            ∫ (u : E),
              Real.exp
                (-(fun s u => V (p s + √(eta s) • u) - V (p s) - √(eta s) * ⟪gradient V (p s), u⟫) s u) ∂stdGaussian E)
        u ∂stdGaussian E =
    1
hf :
  ContDiff ℝ 2 fun u =>
    Real.exp (-(fun s u => V (p s + √(eta s) • u) - V (p s) - √(eta s) * ⟪gradient V (p s), u⟫) s u / 2) /
      √(∫ (u : E),
          Real.exp
            (-(fun s u => V (p s + √(eta s) • u) - V (p s) - √(eta s) * ⟪gradient V (p s), u⟫) s u) ∂stdGaussian E)
hflp :
  MemLp
    (fun u =>
      Real.exp (-(fun s u => V (p s + √(eta s) • u) - V (p s) - √(eta s) * ⟪gradient V (p s), u⟫) s u / 2) /
        √(∫ (u : E),
            Real.exp
              (-(fun s u => V (p s + √(eta s) • u) - V (p s) - √(eta s) * ⟪gradient V (p s), u⟫) s u) ∂stdGaussian E))
    2 (stdGaussian E)
hfglp :
  MemLp
    (gradient fun u =>
      Real.exp (-(fun s u => V (p s + √(eta s) • u) - V (p s) - √(eta s) * ⟪gradient V (p s), u⟫) s u / 2) /
        √(∫ (u : E),
            Real.exp
              (-(fun s u => V (p s + √(eta s) • u) - V (p s) - √(eta s) * ⟪gradient V (p s), u⟫) s u) ∂stdGaussian E))
    2 (stdGaussian E)
hρlp :
  MemLp (gradient ((fun s u => V (p s + √(eta s) • u) - V (p s) - √(eta s) * ⟪gradient V (p s), u⟫) s)) 2
    ((stdGaussian E).tilted fun u =>
      -(fun s u => V (p s + √(eta s) • u) - V (p s) - √(eta s) * ⟪gradient V (p s), u⟫) s u)
he :
  Integrable
    (fun u =>
      (fun u =>
            Real.exp (-(fun s u => V (p s + √(eta s) • u) - V (p s) - √(eta s) * ⟪gradient V (p s), u⟫) s u) /
              ∫ (u : E),
                Real.exp
                  (-(fun s u => V (p s + √(eta s) • u) - V (p s) - √(eta s) * ⟪gradient V (p s), u⟫) s
                      u) ∂stdGaussian E)
          u *
        Real.log
          ((fun u =>
              Real.exp (-(fun s u => V (p s + √(eta s) • u) - V (p s) - √(eta s) * ⟪gradient V (p s), u⟫) s u) /
                ∫ (u : E),
                  Real.exp
                    (-(fun s u => V (p s + √(eta s) • u) - V (p s) - √(eta s) * ⟪gradient V (p s), u⟫) s
                        u) ∂stdGaussian E)
            u))
    (stdGaussian E)
hdf :
  ∀ (u : E),
    gradient
        (fun u =>
          Real.exp (-(fun s u => V (p s + √(eta s) • u) - V (p s) - √(eta s) * ⟪gradient V (p s), u⟫) s u / 2) /
            √(∫ (u : E),
                Real.exp
                  (-(fun s u => V (p s + √(eta s) • u) - V (p s) - √(eta s) * ⟪gradient V (p s), u⟫) s
                      u) ∂stdGaussian E))
        u =
      -((fun u =>
                Real.exp (-(fun s u => V (p s + √(eta s) • u) - V (p s) - √(eta s) * ⟪gradient V (p s), u⟫) s u / 2) /
                  √(∫ (u : E),
                      Real.exp
                        (-(fun s u => V (p s + √(eta s) • u) - V (p s) - √(eta s) * ⟪gradient V (p s), u⟫) s
                            u) ∂stdGaussian E))
              u /
            2) •
        gradient ((fun s u => V (p s + √(eta s) • u) - V (p s) - √(eta s) * ⟪gradient V (p s), u⟫) s) u
hdlog :
  ∀ (u : E),
    gradient
        (fun z =>
          Real.log
            ((fun u =>
                Real.exp (-(fun s u => V (p s + √(eta s) • u) - V (p s) - √(eta s) * ⟪gradient V (p s), u⟫) s u) /
                  ∫ (u : E),
                    Real.exp
                      (-(fun s u => V (p s + √(eta s) • u) - V (p s) - √(eta s) * ⟪gradient V (p s), u⟫) s
                          u) ∂stdGaussian E)
              z))
        u =
      -gradient ((fun s u => V (p s + √(eta s) • u) - V (p s) - √(eta s) * ⟪gradient V (p s), u⟫) s) u
henergy :
  ∫ (u : E),
      ‖gradient
            (fun u =>
              Real.exp (-(fun s u => V (p s + √(eta s) • u) - V (p s) - √(eta s) * ⟪gradient V (p s), u⟫) s u / 2) /
                √(∫ (u : E),
                    Real.exp
                      (-(fun s u => V (p s + √(eta s) • u) - V (p s) - √(eta s) * ⟪gradient V (p s), u⟫) s
                          u) ∂stdGaussian E))
            u‖ ^
        2 ∂stdGaussian E =
    1 / 4 *
      ∫ (u : E),
        ‖gradient ((fun s u => V (p s + √(eta s) • u) - V (p s) - √(eta s) * ⟪gradient V (p s), u⟫) s) u‖ ^
          2 ∂(stdGaussian E).tilted fun u =>
          -(fun s u => V (p s + √(eta s) • u) - V (p s) - √(eta s) * ⟪gradient V (p s), u⟫) s u
htrue : r s = gamma.tilted fun u => -rho s u
⊢ 0 < Z s ∧
    Z s ≤ 1 ∧
      ((fun s =>
              Measure.map (fun x => (√(eta s))⁻¹ • (x - p s))
                ((fun s => (ℙ.tilted fun x => -V x).tilted fun x => -‖x - y s‖ ^ 2 / (2 * eta s)) s))
            s =
          (stdGaussian E).tilted fun u =>
            -(fun s u => V (p s + √(eta s) • u) - V (p s) - √(eta s) * ⟪gradient V (p s), u⟫) s u) ∧
        ((fun s =>
                Measure.map (fun x => (√(eta s))⁻¹ • (x - p s))
                  ((fun s => (ℙ.tilted fun x => -V x).tilted fun x => -‖x - y s‖ ^ 2 / (2 * eta s)) s))
              s =
            (stdGaussian E).withDensity fun u =>
              ENNReal.ofReal
                ((fun s u =>
                    Real.exp (-(fun s u => V (p s + √(eta s) • u) - V (p s) - √(eta s) * ⟪gradient V (p s), u⟫) s u) /
                      (fun s =>
                          ∫ (u : E),
                            Real.exp
                              (-(fun s u => V (p s + √(eta s) • u) - V (p s) - √(eta s) * ⟪gradient V (p s), u⟫) s
                                  u) ∂stdGaussian E)
                        s)
                  s u)) ∧
          IsProbabilityMeasure
              ((fun s =>
                  Measure.map (fun x => (√(eta s))⁻¹ • (x - p s))
                    ((fun s => (ℙ.tilted fun x => -V x).tilted fun x => -‖x - y s‖ ^ 2 / (2 * eta s)) s))
                s) ∧
            (∀ (u : E),
                0 <
                    (fun s u =>
                        Real.exp
                            (-(fun s u => V (p s + √(eta s) • u) - V (p s) - √(eta s) * ⟪gradient V (p s), u⟫) s u) /
                          (fun s =>
                              ∫ (u : E),
                                Real.exp
                                  (-(fun s u => V (p s + √(eta s) • u) - V (p s) - √(eta s) * ⟪gradient V (p s), u⟫) s
                                      u) ∂stdGaussian E)
                            s)
                      s u ∧
                  (fun s u =>
                          Real.exp
                              (-(fun s u => V (p s + √(eta s) • u) - V (p s) - √(eta s) * ⟪gradient V (p s), u⟫) s u /
                                2) /
                            √((fun s =>
                                  ∫ (u : E),
                                    Real.exp
                                      (-(fun s u => V (p s + √(eta s) • u) - V (p s) - √(eta s) * ⟪gradient V (p s), u⟫)
                                          s u) ∂stdGaussian E)
                                s))
                        s u ^
                      2 =
                    (fun s u =>
                        Real.exp
                            (-(fun s u => V (p s + √(eta s) • u) - V (p s) - √(eta s) * ⟪gradient V (p s), u⟫) s u) /
                          (fun s =>
                              ∫ (u : E),
                                Real.exp
                                  (-(fun s u => V (p s + √(eta s) • u) - V (p s) - √(eta s) * ⟪gradient V (p s), u⟫) s
                                      u) ∂stdGaussian E)
                            s)
                      s u) ∧
              ∫ (u : E),
                    (fun s u =>
                        Real.exp
                            (-(fun s u => V (p s + √(eta s) • u) - V (p s) - √(eta s) * ⟪gradient V (p s), u⟫) s u) /
                          (fun s =>
                              ∫ (u : E),
                                Real.exp
                                  (-(fun s u => V (p s + √(eta s) • u) - V (p s) - √(eta s) * ⟪gradient V (p s), u⟫) s
                                      u) ∂stdGaussian E)
                            s)
                      s u ∂stdGaussian E =
                  1 ∧
                ContDiff ℝ 2
                    ((fun s u =>
                        Real.exp
                            (-(fun s u => V (p s + √(eta s) • u) - V (p s) - √(eta s) * ⟪gradient V (p s), u⟫) s u /
                              2) /
                          √((fun s =>
                                ∫ (u : E),
                                  Real.exp
                                    (-(fun s u => V (p s + √(eta s) • u) - V (p s) - √(eta s) * ⟪gradient V (p s), u⟫) s
                                        u) ∂stdGaussian E)
                              s))
                      s) ∧
                  MemLp
                      ((fun s u =>
                          Real.exp
                              (-(fun s u => V (p s + √(eta s) • u) - V (p s) - √(eta s) * ⟪gradient V (p s), u⟫) s u /
                                2) /
                            √((fun s =>
                                  ∫ (u : E),
                                    Real.exp
                                      (-(fun s u => V (p s + √(eta s) • u) - V (p s) - √(eta s) * ⟪gradient V (p s), u⟫)
                                          s u) ∂stdGaussian E)
                                s))
                        s)
                      2 (stdGaussian E) ∧
                    MemLp
                        (gradient
                          ((fun s u =>
                              Real.exp
                                  (-(fun s u => V (p s + √(eta s) • u) - V (p s) - √(eta s) * ⟪gradient V (p s), u⟫) s
                                        u /
                                    2) /
                                √((fun s =>
                                      ∫ (u : E),
                                        Real.exp
                                          (-(fun s u =>
                                                V (p s + √(eta s) • u) - V (p s) - √(eta s) * ⟪gradient V (p s), u⟫)
                                              s u) ∂stdGaussian E)
                                    s))
                            s))
                        2 (stdGaussian E) ∧
                      MemLp
                          (gradient
                            ((fun s u => V (p s + √(eta s) • u) - V (p s) - √(eta s) * ⟪gradient V (p s), u⟫) s))
                          2
                          ((fun s =>
                              Measure.map (fun x => (√(eta s))⁻¹ • (x - p s))
                                ((fun s => (ℙ.tilted fun x => -V x).tilted fun x => -‖x - y s‖ ^ 2 / (2 * eta s)) s))
                            s) ∧
                        Integrable
                            (fun u =>
                              (fun s u =>
                                    Real.exp
                                        (-(fun s u =>
                                              V (p s + √(eta s) • u) - V (p s) - √(eta s) * ⟪gradient V (p s), u⟫)
                                            s u) /
                                      (fun s =>
                                          ∫ (u : E),
                                            Real.exp
                                              (-(fun s u =>
                                                    V (p s + √(eta s) • u) - V (p s) - √(eta s) * ⟪gradient V (p s), u⟫)
                                                  s u) ∂stdGaussian E)
                                        s)
                                  s u *
                                Real.log
                                  ((fun s u =>
                                      Real.exp
                                          (-(fun s u =>
                                                V (p s + √(eta s) • u) - V (p s) - √(eta s) * ⟪gradient V (p s), u⟫)
                                              s u) /
                                        (fun s =>
                                            ∫ (u : E),
                                              Real.exp
                                                (-(fun s u =>
                                                      V (p s + √(eta s) • u) - V (p s) -
                                                        √(eta s) * ⟪gradient V (p s), u⟫)
                                                    s u) ∂stdGaussian E)
                                          s)
                                    s u))
                            (stdGaussian E) ∧
                          (∀ (u : E),
                              gradient
                                  ((fun s u =>
                                      Real.exp
                                          (-(fun s u =>
                                                  V (p s + √(eta s) • u) - V (p s) - √(eta s) * ⟪gradient V (p s), u⟫)
                                                s u /
                                            2) /
                                        √((fun s =>
                                              ∫ (u : E),
                                                Real.exp
                                                  (-(fun s u =>
                                                        V (p s + √(eta s) • u) - V (p s) -
                                                          √(eta s) * ⟪gradient V (p s), u⟫)
                                                      s u) ∂stdGaussian E)
                                            s))
                                    s)
                                  u =
                                -((fun s u =>
                                          Real.exp
                                              (-(fun s u =>
                                                      V (p s + √(eta s) • u) - V (p s) -
                                                        √(eta s) * ⟪gradient V (p s), u⟫)
                                                    s u /
                                                2) /
                                            √((fun s =>
                                                  ∫ (u : E),
                                                    Real.exp
                                                      (-(fun s u =>
                                                            V (p s + √(eta s) • u) - V (p s) -
                                                              √(eta s) * ⟪gradient V (p s), u⟫)
                                                          s u) ∂stdGaussian E)
                                                s))
                                        s u /
                                      2) •
                                  gradient
                                    ((fun s u => V (p s + √(eta s) • u) - V (p s) - √(eta s) * ⟪gradient V (p s), u⟫) s)
                                    u) ∧
                            (∀ (u : E),
                                gradient
                                    (fun z =>
                                      Real.log
                                        ((fun s u =>
                                            Real.exp
                                                (-(fun s u =>
                                                      V (p s + √(eta s) • u) - V (p s) -
                                                        √(eta s) * ⟪gradient V (p s), u⟫)
                                                    s u) /
                                              (fun s =>
                                                  ∫ (u : E),
                                                    Real.exp
                                                      (-(fun s u =>
                                                            V (p s + √(eta s) • u) - V (p s) -
                                                              √(eta s) * ⟪gradient V (p s), u⟫)
                                                          s u) ∂stdGaussian E)
                                                s)
                                          s z))
                                    u =
                                  -gradient
                                      ((fun s u => V (p s + √(eta s) • u) - V (p s) - √(eta s) * ⟪gradient V (p s), u⟫)
                                        s)
                                      u) ∧
                              ∫ (u : E),
                                  ‖gradient
                                        ((fun s u =>
                                            Real.exp
                                                (-(fun s u =>
                                                        V (p s + √(eta s) • u) - V (p s) -
                                                          √(eta s) * ⟪gradient V (p s), u⟫)
                                                      s u /
                                                  2) /
                                              √((fun s =>
                                                    ∫ (u : E),
                                                      Real.exp
                                                        (-(fun s u =>
                                                              V (p s + √(eta s) • u) - V (p s) -
                                                                √(eta s) * ⟪gradient V (p s), u⟫)
                                                            s u) ∂stdGaussian E)
                                                  s))
                                          s)
                                        u‖ ^
                                    2 ∂stdGaussian E =
                                1 / 4 *
                                  ∫ (u : E),
                                    ‖gradient
                                          ((fun s u =>
                                              V (p s + √(eta s) • u) - V (p s) - √(eta s) * ⟪gradient V (p s), u⟫)
                                            s)
                                          u‖ ^
                                      2 ∂(fun s =>
                                        Measure.map (fun x => (√(eta s))⁻¹ • (x - p s))
                                          ((fun s =>
                                              (ℙ.tilted fun x => -V x).tilted fun x => -‖x - y s‖ ^ 2 / (2 * eta s))
                                            s))
                                      s
error: Lean exited with code 1
Some required targets logged failures:
- AutoSamplingTheory.ExampleCases.SmoothedPicardHMC.StandardizedRGOSqrtDensity
error: build failed
