✖ [3661/3661] Building AutoSamplingTheory.TechnicalLemmas.Measure.GaussianSqrtDensityDomain (8.7s)
trace: .> LEAN_PATH=E:\Samplinglib\.lake\packages\Cli\.lake\build\lib\lean;E:\Samplinglib\.lake\packages\batteries\.lake\build\lib\lean;E:\Samplinglib\.lake\packages\Qq\.lake\build\lib\lean;E:\Samplinglib\.lake\packages\aesop\.lake\build\lib\lean;E:\Samplinglib\.lake\packages\proofwidgets\.lake\build\lib\lean;E:\Samplinglib\.lake\packages\importGraph\.lake\build\lib\lean;E:\Samplinglib\.lake\packages\LeanSearchClient\.lake\build\lib\lean;E:\Samplinglib\.lake\packages\plausible\.lake\build\lib\lean;E:\Samplinglib\.lake\packages\mathlib\.lake\build\lib\lean;E:\Samplinglib\.lake\build\lib\lean c:\Users\admin\.elan\toolchains\leanprover--lean4---v4.33.0\bin\lean.exe E:\Samplinglib\AutoSamplingTheory\TechnicalLemmas\Measure\GaussianSqrtDensityDomain.lean -o E:\Samplinglib\.lake\build\lib\lean\AutoSamplingTheory\TechnicalLemmas\Measure\GaussianSqrtDensityDomain.olean -i E:\Samplinglib\.lake\build\lib\lean\AutoSamplingTheory\TechnicalLemmas\Measure\GaussianSqrtDensityDomain.ilean -c E:\Samplinglib\.lake\build\ir\AutoSamplingTheory\TechnicalLemmas\Measure\GaussianSqrtDensityDomain.c --setup E:\Samplinglib\.lake\build\ir\AutoSamplingTheory\TechnicalLemmas\Measure\GaussianSqrtDensityDomain.setup.json --json
error: AutoSamplingTheory/TechnicalLemmas/Measure/GaussianSqrtDensityDomain.lean:174:26: Tactic `rewrite` failed: Did not find an occurrence of the pattern
  |Real.exp ?m.216 * ?m.223 ^ 2|
in the target expression
  |((fun y => Real.exp ((-rho) y)) * (fun x => ‖gradient rho x‖) ^ 2) u| ≤ ↑L ^ 2 * ‖u‖ ^ 2

E : Type u_1
inst✝⁵ : NormedAddCommGroup E
inst✝⁴ : InnerProductSpace ℝ E
inst✝³ : CompleteSpace E
inst✝² : FiniteDimensional ℝ E
inst✝¹ : MeasurableSpace E
inst✝ : BorelSpace E
rho : E → ℝ
L : ℝ≥0
hrho : ContDiff ℝ 2 rho
hn : ∀ (u : E), 0 ≤ rho u
hg : ∀ (u : E), ‖gradient rho u‖ ≤ ↑L * ‖u‖
error: build failed
hm : Integrable (fun x => ‖x‖ ^ 2) (stdGaussian E) ∧ ∫ (x : E), ‖x‖ ^ 2 ∂stdGaussian E = ↑(Module.finrank ℝ E)
hc : Continuous fun x => gradient rho x
u : E
⊢ |((fun y => Real.exp ((-rho) y)) * (fun x => ‖gradient rho x‖) ^ 2) u| ≤ ↑L ^ 2 * ‖u‖ ^ 2
error: AutoSamplingTheory/TechnicalLemmas/Measure/GaussianSqrtDensityDomain.lean:205:8: Tactic `rewrite` failed: Did not find an occurrence of the pattern
  Real.log (Real.exp ?m.267 / Z)
in the target expression
  -Z⁻¹ * (rho u * Real.exp (-rho u)) - Real.log Z * (Real.exp (-rho u) / Z) =
    (fun u => Real.exp (-rho u) / Z * Real.log (Real.exp (-rho u) / Z)) u

E : Type u_1
inst✝⁴ : NormedAddCommGroup E
inst✝³ : InnerProductSpace ℝ E
inst✝² : FiniteDimensional ℝ E
inst✝¹ : MeasurableSpace E
inst✝ : BorelSpace E
rho : E → ℝ
Z : ℝ
hrho : Continuous rho
hn : ∀ (u : E), 0 ≤ rho u
hZ : 0 < Z
hq : Integrable (fun x => Real.exp (-rho x) / Z) (stdGaussian E)
hbound : ∀ (u : E), rho u * Real.exp (-rho u) ≤ 1
hp : Integrable (fun u => rho u * Real.exp (-rho u)) (stdGaussian E)
u : E
⊢ -Z⁻¹ * (rho u * Real.exp (-rho u)) - Real.log Z * (Real.exp (-rho u) / Z) =
    (fun u => Real.exp (-rho u) / Z * Real.log (Real.exp (-rho u) / Z)) u
error: Lean exited with code 1
Some required targets logged failures:
- AutoSamplingTheory.TechnicalLemmas.Measure.GaussianSqrtDensityDomain
