✖ [3660/3660] Building AutoSamplingTheory.TechnicalLemmas.Measure.GaussianSqrtDensityDomain (8.8s)
error: build failed
trace: .> LEAN_PATH=E:\Samplinglib\.lake\packages\Cli\.lake\build\lib\lean;E:\Samplinglib\.lake\packages\batteries\.lake\build\lib\lean;E:\Samplinglib\.lake\packages\Qq\.lake\build\lib\lean;E:\Samplinglib\.lake\packages\aesop\.lake\build\lib\lean;E:\Samplinglib\.lake\packages\proofwidgets\.lake\build\lib\lean;E:\Samplinglib\.lake\packages\importGraph\.lake\build\lib\lean;E:\Samplinglib\.lake\packages\LeanSearchClient\.lake\build\lib\lean;E:\Samplinglib\.lake\packages\plausible\.lake\build\lib\lean;E:\Samplinglib\.lake\packages\mathlib\.lake\build\lib\lean;E:\Samplinglib\.lake\build\lib\lean c:\Users\admin\.elan\toolchains\leanprover--lean4---v4.33.0\bin\lean.exe E:\Samplinglib\AutoSamplingTheory\TechnicalLemmas\Measure\GaussianSqrtDensityDomain.lean -o E:\Samplinglib\.lake\build\lib\lean\AutoSamplingTheory\TechnicalLemmas\Measure\GaussianSqrtDensityDomain.olean -i E:\Samplinglib\.lake\build\lib\lean\AutoSamplingTheory\TechnicalLemmas\Measure\GaussianSqrtDensityDomain.ilean -c E:\Samplinglib\.lake\build\ir\AutoSamplingTheory\TechnicalLemmas\Measure\GaussianSqrtDensityDomain.c --setup E:\Samplinglib\.lake\build\ir\AutoSamplingTheory\TechnicalLemmas\Measure\GaussianSqrtDensityDomain.setup.json --json
error: AutoSamplingTheory/TechnicalLemmas/Measure/GaussianSqrtDensityDomain.lean:114:43: Invalid field `tilted`: The environment does not contain `MeasureTheory.Measure.tilted`, so it is not possible to project the field `tilted` from an expression
  ℙ
of type `Measure E`
error: AutoSamplingTheory/TechnicalLemmas/Measure/GaussianSqrtDensityDomain.lean:137:14: Unknown constant `MeasureTheory.Measure.tilted`
error: AutoSamplingTheory/TechnicalLemmas/Measure/GaussianSqrtDensityDomain.lean:114:73: unsolved goals
E : Type u_1
inst✝⁵ : NormedAddCommGroup E
inst✝⁴ : InnerProductSpace ℝ E
inst✝³ : CompleteSpace E
inst✝² : FiniteDimensional ℝ E
inst✝¹ : MeasurableSpace E
inst✝ : BorelSpace E
c : ℝ := (√(2 * Real.pi))⁻¹ ^ Module.finrank ℝ E
w : E → ℝ := fun u => Real.exp (-‖u‖ ^ 2 / 2)
hc : 0 < c
hgamma : stdGaussian E = ℙ.withDensity fun u => ENNReal.ofReal (c * w u)
hreal : ∀ (u : E), (ENNReal.ofReal (c * w u)).toReal = c * w u
hmass : c * ∫ (u : E), w u = 1
hw : Integrable w ℙ
hI : 0 < ∫ (u : E), w u
⊢ (ℙ.withDensity fun u => ENNReal.ofReal (c * w u)) = sorry
error: AutoSamplingTheory/TechnicalLemmas/Measure/GaussianSqrtDensityDomain.lean:150:20: Invalid field `tilted`: The environment does not contain `MeasureTheory.Measure.tilted`, so it is not possible to project the field `tilted` from an expression
  stdGaussian E
of type `Measure E`
error: AutoSamplingTheory/TechnicalLemmas/Measure/GaussianSqrtDensityDomain.lean:151:27: Invalid field `tilted`: The environment does not contain `MeasureTheory.Measure.tilted`, so it is not possible to project the field `tilted` from an expression
  ℙ
of type `Measure E`
error: Lean exited with code 1
Some required targets logged failures:
- AutoSamplingTheory.TechnicalLemmas.Measure.GaussianSqrtDensityDomain
