✖ [3660/3660] Building AutoSamplingTheory.TechnicalLemmas.Measure.GaussianSqrtDensityDomain (8.4s)
trace: .> LEAN_PATH=E:\Samplinglib\.lake\packages\Cli\.lake\build\lib\lean;E:\Samplinglib\.lake\packages\batteries\.lake\build\lib\lean;E:\Samplinglib\.lake\packages\Qq\.lake\build\lib\lean;E:\Samplinglib\.lake\packages\aesop\.lake\build\lib\lean;E:\Samplinglib\.lake\packages\proofwidgets\.lake\build\lib\lean;E:\Samplinglib\.lake\packages\importGraph\.lake\build\lib\lean;E:\Samplinglib\.lake\packages\LeanSearchClient\.lake\build\lib\lean;E:\Samplinglib\.lake\packages\plausible\.lake\build\lib\lean;E:\Samplinglib\.lake\packages\mathlib\.lake\build\lib\lean;E:\Samplinglib\.lake\build\lib\lean c:\Users\admin\.elan\toolchains\leanprover--lean4---v4.33.0\bin\lean.exe E:\Samplinglib\AutoSamplingTheory\TechnicalLemmas\Measure\GaussianSqrtDensityDomain.lean -o E:\Samplinglib\.lake\build\lib\lean\AutoSamplingTheory\TechnicalLemmas\Measure\GaussianSqrtDensityDomain.olean -i E:\Samplinglib\.lake\build\lib\lean\AutoSamplingTheory\TechnicalLemmas\Measure\GaussianSqrtDensityDomain.ilean -c E:\Samplinglib\.lake\build\ir\AutoSamplingTheory\TechnicalLemmas\Measure\GaussianSqrtDensityDomain.c --setup E:\Samplinglib\.lake\build\ir\AutoSamplingTheory\TechnicalLemmas\Measure\GaussianSqrtDensityDomain.setup.json --json
error: AutoSamplingTheory/TechnicalLemmas/Measure/GaussianSqrtDensityDomain.lean:91:39: Tactic `rewrite` failed: Did not find an occurrence of the pattern
  f
in the target expression
  HasFDerivAt (fun u => Real.exp (-rho u / 2) / √Z)
    ((toDual ℝ E) (-((fun u => Real.exp (-rho u / 2) / √Z) u / 2) • gradient rho u)) u

case refine_2
E : Type u_1
inst✝² : NormedAddCommGroup E
inst✝¹ : InnerProductSpace ℝ E
inst✝ : CompleteSpace E
rho : E → ℝ
Z : ℝ
hrho : ContDiff ℝ 2 rho
hZ : 0 < Z
q : E → ℝ := fun u => Real.exp (-rho u) / Z
f : E → ℝ := fun u => Real.exp (-rho u / 2) / √Z
hd : Differentiable ℝ rho
u : E
hfun : f = fun z => (√Z)⁻¹ • Real.exp ((-1 / 2) • rho z)
hfd :
  HasFDerivAt ((√Z)⁻¹ • fun x => Real.exp (((-1 / 2) • rho) x))
    ((√Z)⁻¹ • Real.exp (((-1 / 2) • rho) u) • (-1 / 2) • fderiv ℝ rho u) u
⊢ HasFDerivAt (fun u => Real.exp (-rho u / 2) / √Z)
    ((toDual ℝ E) (-((fun u => Real.exp (-rho u / 2) / √Z) u / 2) • gradient rho u)) u
warning: AutoSamplingTheory/TechnicalLemmas/Measure/GaussianSqrtDensityDomain.lean:107:10: This simp argument is unused:
  InnerProductSpace.toDual_apply_apply

Hint: Omit it from the simp argument list.
  [apply] simp [← inner_gradient_left]

Note: This linter can be disabled with `set_option linter.unusedSimpArgs false`
error: Lean exited with code 1
Some required targets logged failures:
- AutoSamplingTheory.TechnicalLemmas.Measure.GaussianSqrtDensityDomain
error: build failed
