✖ [3661/3661] Building AutoSamplingTheory.TechnicalLemmas.Measure.GaussianSqrtDensityDomain (8.0s)
trace: .> LEAN_PATH=E:\Samplinglib\.lake\packages\Cli\.lake\build\lib\lean;E:\Samplinglib\.lake\packages\batteries\.lake\build\lib\lean;E:\Samplinglib\.lake\packages\Qq\.lake\build\lib\lean;E:\Samplinglib\.lake\packages\aesop\.lake\build\lib\lean;E:\Samplinglib\.lake\packages\proofwidgets\.lake\build\lib\lean;E:\Samplinglib\.lake\packages\importGraph\.lake\build\lib\lean;E:\Samplinglib\.lake\packages\LeanSearchClient\.lake\build\lib\lean;E:\Samplinglib\.lake\packages\plausible\.lake\build\lib\lean;E:\Samplinglib\.lake\packages\mathlib\.lake\build\lib\lean;E:\Samplinglib\.lake\build\lib\lean c:\Users\admin\.elan\toolchains\leanprover--lean4---v4.33.0\bin\lean.exe E:\Samplinglib\AutoSamplingTheory\TechnicalLemmas\Measure\GaussianSqrtDensityDomain.lean -o E:\Samplinglib\.lake\build\lib\lean\AutoSamplingTheory\TechnicalLemmas\Measure\GaussianSqrtDensityDomain.olean -i E:\Samplinglib\.lake\build\lib\lean\AutoSamplingTheory\TechnicalLemmas\Measure\GaussianSqrtDensityDomain.ilean -c E:\Samplinglib\.lake\build\ir\AutoSamplingTheory\TechnicalLemmas\Measure\GaussianSqrtDensityDomain.c --setup E:\Samplinglib\.lake\build\ir\AutoSamplingTheory\TechnicalLemmas\Measure\GaussianSqrtDensityDomain.setup.json --json
error: AutoSamplingTheory/TechnicalLemmas/Measure/GaussianSqrtDensityDomain.lean:180:29: unsolved goals
case e'_4
E : Type u_1
inst✝⁵ : NormedAddCommGroup E
inst✝⁴ : InnerProductSpace ℝ E
inst✝³ : CompleteSpace E
inst✝² : FiniteDimensional ℝ E
inst✝¹ : MeasurableSpace E
inst✝ : BorelSpace E
rho : E → ℝ
L : ℝ≥0
hrho : ContDiff ℝ 2 rho
hn : ∀ (u : E), 0 ≤ rho u
hg : ∀ (u : E), ‖gradient rho u‖ ≤ ↑L * ‖u‖
hm : Integrable (fun x => ‖x‖ ^ 2) (stdGaussian E) ∧ ∫ (x : E), ‖x‖ ^ 2 ∂stdGaussian E = ↑(Module.finrank ℝ E)
hc : Continuous fun x => gradient rho x
u : E
hs : ‖gradient rho u‖ ^ 2 ≤ (↑L * ‖u‖) ^ 2
⊢ ↑L ^ 2 * ‖u‖ ^ 2 = ↑L ^ 2 * ‖u‖ ^ 2
error: AutoSamplingTheory/TechnicalLemmas/Measure/GaussianSqrtDensityDomain.lean:253:10: Tactic `rewrite` failed: Did not find an occurrence of the pattern
  ‖?r‖
in the target expression
  q u = (fun x => ‖Real.exp (-rho x / 2) / √(∫ (u : E), Real.exp (-rho u) ∂stdGaussian E)‖ ^ 2) u

E : Type u_2
inst✝⁵ : NormedAddCommGroup E
inst✝⁴ : InnerProductSpace ℝ E
inst✝³ : CompleteSpace E
inst✝² : FiniteDimensional ℝ E
inst✝¹ : MeasurableSpace E
inst✝ : BorelSpace E
rho : E → ℝ
L : ℝ≥0
hrho : ContDiff ℝ 2 rho
hrho0 : rho 0 = 0
hgrad0 : gradient rho 0 = 0
hH : ∀ (u v : E), 0 ≤ ((fderiv ℝ (fderiv ℝ rho) u) v) v ∧ ((fderiv ℝ (fderiv ℝ rho) u) v) v ≤ ↑L * ‖v‖ ^ 2
gamma : Measure E := stdGaussian E
Z : ℝ := ∫ (u : E), Real.exp (-rho u) ∂gamma
q : E → ℝ := fun u => Real.exp (-rho u) / Z
f : E → ℝ := fun u => Real.exp (-rho u / 2) / √Z
r : Measure E := gamma.tilted fun u => -rho u
hn : ∀ (u : E), 0 ≤ rho u
hg : ∀ (u : E), ‖gradient rho u‖ ≤ ↑L * ‖u‖
hw : Integrable (fun u => Real.exp (-rho u)) (stdGaussian E)
hZ : 0 < ∫ (u : E), Real.exp (-rho u) ∂stdGaussian E
hZone : ∫ (u : E), Real.exp (-rho u) ∂stdGaussian E ≤ 1
hf : ContDiff ℝ 2 fun u => Real.exp (-rho u / 2) / √(∫ (u : E), Real.exp (-rho u) ∂stdGaussian E)
hfq :
  ∀ (u : E),
    0 < (fun u => Real.exp (-rho u) / ∫ (u : E), Real.exp (-rho u) ∂stdGaussian E) u ∧
      (fun u => Real.exp (-rho u / 2) / √(∫ (u : E), Real.exp (-rho u) ∂stdGaussian E)) u ^ 2 =
        (fun u => Real.exp (-rho u) / ∫ (u : E), Real.exp (-rho u) ∂stdGaussian E) u
hdf :
  ∀ (u : E),
    gradient (fun u => Real.exp (-rho u / 2) / √(∫ (u : E), Real.exp (-rho u) ∂stdGaussian E)) u =
      -((fun u => Real.exp (-rho u / 2) / √(∫ (u : E), Real.exp (-rho u) ∂stdGaussian E)) u / 2) • gradient rho u
hdlog :
  ∀ (u : E),
    gradient (fun z => Real.log ((fun u => Real.exp (-rho u) / ∫ (u : E), Real.exp (-rho u) ∂stdGaussian E) z)) u =
      -gradient rho u
hprob : IsProbabilityMeasure r
hq : Integrable q gamma
hqone : ∫ (u : E), q u ∂gamma = 1
u : E
⊢ q u = (fun x => ‖Real.exp (-rho x / 2) / √(∫ (u : E), Real.exp (-rho u) ∂stdGaussian E)‖ ^ 2) u
error: AutoSamplingTheory/TechnicalLemmas/Measure/GaussianSqrtDensityDomain.lean:280:10: Tactic `rewrite` failed: Did not find an occurrence of the pattern
  ‖gradient f u‖ ^ 2
in the target expression
  (fun a => ‖gradient f a‖ ^ 2) u =
    (fun a => 1 / 4 * (Real.exp (-rho a) / ∫ (x : E), Real.exp (-rho x) ∂gamma) • ‖gradient rho a‖ ^ 2) u

E : Type u_2
inst✝⁵ : NormedAddCommGroup E
inst✝⁴ : InnerProductSpace ℝ E
inst✝³ : CompleteSpace E
inst✝² : FiniteDimensional ℝ E
inst✝¹ : MeasurableSpace E
inst✝ : BorelSpace E
rho : E → ℝ
L : ℝ≥0
hrho : ContDiff ℝ 2 rho
hrho0 : rho 0 = 0
hgrad0 : gradient rho 0 = 0
hH : ∀ (u v : E), 0 ≤ ((fderiv ℝ (fderiv ℝ rho) u) v) v ∧ ((fderiv ℝ (fderiv ℝ rho) u) v) v ≤ ↑L * ‖v‖ ^ 2
gamma : Measure E := stdGaussian E
Z : ℝ := ∫ (u : E), Real.exp (-rho u) ∂gamma
q : E → ℝ := fun u => Real.exp (-rho u) / Z
f : E → ℝ := fun u => Real.exp (-rho u / 2) / √Z
r : Measure E := gamma.tilted fun u => -rho u
hn : ∀ (u : E), 0 ≤ rho u
hg : ∀ (u : E), ‖gradient rho u‖ ≤ ↑L * ‖u‖
hw : Integrable (fun u => Real.exp (-rho u)) (stdGaussian E)
hZ : 0 < ∫ (u : E), Real.exp (-rho u) ∂stdGaussian E
hZone : ∫ (u : E), Real.exp (-rho u) ∂stdGaussian E ≤ 1
hf : ContDiff ℝ 2 fun u => Real.exp (-rho u / 2) / √(∫ (u : E), Real.exp (-rho u) ∂stdGaussian E)
hfq :
  ∀ (u : E),
    0 < (fun u => Real.exp (-rho u) / ∫ (u : E), Real.exp (-rho u) ∂stdGaussian E) u ∧
      (fun u => Real.exp (-rho u / 2) / √(∫ (u : E), Real.exp (-rho u) ∂stdGaussian E)) u ^ 2 =
        (fun u => Real.exp (-rho u) / ∫ (u : E), Real.exp (-rho u) ∂stdGaussian E) u
hdf :
  ∀ (u : E),
    gradient (fun u => Real.exp (-rho u / 2) / √(∫ (u : E), Real.exp (-rho u) ∂stdGaussian E)) u =
      -((fun u => Real.exp (-rho u / 2) / √(∫ (u : E), Real.exp (-rho u) ∂stdGaussian E)) u / 2) • gradient rho u
hdlog :
  ∀ (u : E),
    gradient (fun z => Real.log ((fun u => Real.exp (-rho u) / ∫ (u : E), Real.exp (-rho u) ∂stdGaussian E) z)) u =
      -gradient rho u
hprob : IsProbabilityMeasure r
hq : Integrable q gamma
hqone : ∫ (u : E), q u ∂gamma = 1
hflp : MemLp f 2 gamma
hwg : Integrable (fun u => Real.exp (-rho u) * ‖gradient rho u‖ ^ 2) (stdGaussian E)
hgc : Continuous fun x => gradient rho x
hir : Integrable (fun u => ‖gradient rho u‖ ^ 2) r
hrlp : MemLp (gradient rho) 2 r
hpoint : ∀ (u : E), ‖gradient f u‖ ^ 2 = 1 / (4 * Z) * (Real.exp (-rho u) * ‖gradient rho u‖ ^ 2)
hfg : Integrable (fun u => ‖gradient f u‖ ^ 2) gamma
hfgc : Continuous fun x => gradient (fun u => Real.exp (-rho u / 2) / √(∫ (u : E), Real.exp (-rho u) ∂stdGaussian E)) x
hfglp : MemLp (gradient f) 2 gamma
he :
  Integrable
    (fun u =>
      (Real.exp (-rho u) / ∫ (u : E), Real.exp (-rho u) ∂stdGaussian E) *
        Real.log (Real.exp (-rho u) / ∫ (u : E), Real.exp (-rho u) ∂stdGaussian E))
    (stdGaussian E)
u : E
⊢ (fun a => ‖gradient f a‖ ^ 2) u =
    (fun a => 1 / 4 * (Real.exp (-rho a) / ∫ (x : E), Real.exp (-rho x) ∂gamma) • ‖gradient rho a‖ ^ 2) u
error: Lean exited with code 1
Some required targets logged failures:
- AutoSamplingTheory.TechnicalLemmas.Measure.GaussianSqrtDensityDomain
error: build failed
