{
  "cell": "ASTIS-SHARED-gaussian-sqrt-density-domain",
  "status": "graph coverage checked",
  "contributions": [
    {
      "node": "decl:AutoSamplingTheory.TechnicalLemmas.Measure.GaussianSqrtDensityDomain.gaussian_sqrt_density_domain",
      "focus": "lean-foundations.html?view=lean&focus=decl%3AAutoSamplingTheory.TechnicalLemmas.Measure.GaussianSqrtDensityDomain.gaussian_sqrt_density_domain&q=AutoSamplingTheory.TechnicalLemmas.Measure.GaussianSqrtDensityDomain.gaussian_sqrt_density_domain",
      "connections": [
        {
          "source": "decl:AutoSamplingTheory.TechnicalLemmas.Measure.GaussianSqrtDensityDomain.gaussian_sqrt_density_domain",
          "target": "semantic-audit:ASTIS-RT-20261007-GaussianSqrtDensityDomain",
          "relation": "Lean target under audit"
        },
        {
          "source": "module:AutoSamplingTheory.TechnicalLemmas.Measure.GaussianSqrtDensityDomain",
          "target": "decl:AutoSamplingTheory.TechnicalLemmas.Measure.GaussianSqrtDensityDomain.gaussian_sqrt_density_domain",
          "relation": "declares"
        },
        {
          "source": "decl:AutoSamplingTheory.TechnicalLemmas.Measure.GaussianSqrtDensityDomain.gaussian_sqrt_density_domain",
          "target": "case:ASTIS-SW-SPHMC-2026",
          "relation": "source correspondence; not a Lean dependency"
        },
        {
          "source": "decl:AutoSamplingTheory.TechnicalLemmas.Analysis.Calculus.Gradient.continuous_gradient_of_contDiff_one",
          "target": "decl:AutoSamplingTheory.TechnicalLemmas.Measure.GaussianSqrtDensityDomain.gaussian_sqrt_density_domain",
          "relation": "source reference (scanner)"
        }
      ],
      "omitted_connections": 0
    }
  ],
  "boundary": "Reference scans are incomplete. Inspect the affected view; this report is not visual QA or a proof certificate."
}
