'AutoSamplingTheory.ExampleCases.SmoothedPicardHMC.ActualContraction.source_synchronous_contraction' depends on axioms: [propext,
 Classical.choice,
 Quot.sound]
'AutoSamplingTheory.ExampleCases.SmoothedPicardHMC.PhaseMetric.phaseQuadraticForm' depends on axioms: [propext,
 Classical.choice,
 Quot.sound]
'AutoSamplingTheory.ExampleCases.SmoothedPicardHMC.PhaseMetric.ordinary_energy_le_phaseQuadraticForm' depends on axioms: [propext,
 Classical.choice,
 Quot.sound]
'AutoSamplingTheory.ExampleCases.SmoothedPicardHMC.PhaseMetric.phaseQuadraticForm_le_ordinary_energy' depends on axioms: [propext,
 Classical.choice,
 Quot.sound]
'AutoSamplingTheory.ExampleCases.SmoothedPicardHMC.PhaseMetric.phaseCost' depends on axioms: [propext,
 Classical.choice,
 Quot.sound]
'AutoSamplingTheory.ExampleCases.SmoothedPicardHMC.PhaseMetric.phaseWassersteinSq' depends on axioms: [propext,
 Classical.choice,
 Quot.sound]
'AutoSamplingTheory.ExampleCases.SmoothedPicardHMC.PhaseMetric.wassersteinDistance_sq_le_phaseWassersteinSq' depends on axioms: [propext,
 Classical.choice,
 Quot.sound]
'AutoSamplingTheory.ExampleCases.SmoothedPicardHMC.PhaseMetric.phase_state_second_moment_of_phaseWasserstein' depends on axioms: [propext,
 Classical.choice,
 Quot.sound]
