{
  "status": "artifact-footprint-reconciliation-required",
  "stale_artifact_footprints": [
    {
      "index": 1,
      "path": "website/content/declaration_lessons/sphmc-actual-contraction.json",
      "old": {
        "path": "website/content/declaration_lessons/sphmc-actual-contraction.json",
        "raw_sha256": "cd4695045d1ee11747af90c0a6f70384116b325279fc79499c20120f3794200f",
        "lf_sha256": "c11d75189d362defc0b7953e239af000eea76a5c7a3d69ef5364f286e3d663e0"
      },
      "current": {
        "raw_sha256": "96ede78c0990f400628b92c8a0f2b2c4216a63f392e27155085cc865883444fc",
        "lf_sha256": "9670a0a9b20f82ce109a84c150eeee0e55d62cba24c3debd197eaad0ec5002e3",
        "bytes": 18059,
        "git_blob_sha256": "9670a0a9b20f82ce109a84c150eeee0e55d62cba24c3debd197eaad0ec5002e3",
        "git_lf_equal": true
      }
    },
    {
      "index": 5,
      "path": "website/content/declaration_lessons/sphmc-actual-contraction.json",
      "old": {
        "path": "website/content/declaration_lessons/sphmc-actual-contraction.json",
        "raw_sha256": "cd4695045d1ee11747af90c0a6f70384116b325279fc79499c20120f3794200f",
        "lf_sha256": "c11d75189d362defc0b7953e239af000eea76a5c7a3d69ef5364f286e3d663e0"
      },
      "current": {
        "raw_sha256": "96ede78c0990f400628b92c8a0f2b2c4216a63f392e27155085cc865883444fc",
        "lf_sha256": "9670a0a9b20f82ce109a84c150eeee0e55d62cba24c3debd197eaad0ec5002e3",
        "bytes": 18059,
        "git_blob_sha256": "9670a0a9b20f82ce109a84c150eeee0e55d62cba24c3debd197eaad0ec5002e3",
        "git_lf_equal": true
      }
    },
    {
      "index": 6,
      "path": "website/content/declaration_lessons/sphmc-actual-contraction.json",
      "old": {
        "path": "website/content/declaration_lessons/sphmc-actual-contraction.json",
        "raw_sha256": "cd4695045d1ee11747af90c0a6f70384116b325279fc79499c20120f3794200f",
        "lf_sha256": "c11d75189d362defc0b7953e239af000eea76a5c7a3d69ef5364f286e3d663e0"
      },
      "current": {
        "raw_sha256": "96ede78c0990f400628b92c8a0f2b2c4216a63f392e27155085cc865883444fc",
        "lf_sha256": "9670a0a9b20f82ce109a84c150eeee0e55d62cba24c3debd197eaad0ec5002e3",
        "bytes": 18059,
        "git_blob_sha256": "9670a0a9b20f82ce109a84c150eeee0e55d62cba24c3debd197eaad0ec5002e3",
        "git_lf_equal": true
      }
    },
    {
      "index": 7,
      "path": "website/content/declaration_lessons/sphmc-actual-contraction.json",
      "old": {
        "path": "website/content/declaration_lessons/sphmc-actual-contraction.json",
        "raw_sha256": "cd4695045d1ee11747af90c0a6f70384116b325279fc79499c20120f3794200f",
        "lf_sha256": "c11d75189d362defc0b7953e239af000eea76a5c7a3d69ef5364f286e3d663e0"
      },
      "current": {
        "raw_sha256": "96ede78c0990f400628b92c8a0f2b2c4216a63f392e27155085cc865883444fc",
        "lf_sha256": "9670a0a9b20f82ce109a84c150eeee0e55d62cba24c3debd197eaad0ec5002e3",
        "bytes": 18059,
        "git_blob_sha256": "9670a0a9b20f82ce109a84c150eeee0e55d62cba24c3debd197eaad0ec5002e3",
        "git_lf_equal": true
      }
    },
    {
      "index": 8,
      "path": "website/content/declaration_lessons/sphmc-actual-contraction.json",
      "old": {
        "path": "website/content/declaration_lessons/sphmc-actual-contraction.json",
        "raw_sha256": "cd4695045d1ee11747af90c0a6f70384116b325279fc79499c20120f3794200f",
        "lf_sha256": "c11d75189d362defc0b7953e239af000eea76a5c7a3d69ef5364f286e3d663e0"
      },
      "current": {
        "raw_sha256": "96ede78c0990f400628b92c8a0f2b2c4216a63f392e27155085cc865883444fc",
        "lf_sha256": "9670a0a9b20f82ce109a84c150eeee0e55d62cba24c3debd197eaad0ec5002e3",
        "bytes": 18059,
        "git_blob_sha256": "9670a0a9b20f82ce109a84c150eeee0e55d62cba24c3debd197eaad0ec5002e3",
        "git_lf_equal": true
      }
    }
  ],
  "checked_commit": "58ed3f4e578a90bc15d2005b10e7312f6cb6b705",
  "lean_declarations": [
    "AutoSamplingTheory.ExampleCases.SmoothedPicardHMC.ActualContraction.source_synchronous_contraction",
    "AutoSamplingTheory.ExampleCases.SmoothedPicardHMC.PhaseMetric.phaseQuadraticForm",
    "AutoSamplingTheory.ExampleCases.SmoothedPicardHMC.PhaseMetric.ordinary_energy_le_phaseQuadraticForm",
    "AutoSamplingTheory.ExampleCases.SmoothedPicardHMC.PhaseMetric.phaseQuadraticForm_le_ordinary_energy"
  ],
  "source_audits": [
    {
      "audit_id": "ASTIS-RT-20261006-SPHMCActualContraction1",
      "declaration": "AutoSamplingTheory.ExampleCases.SmoothedPicardHMC.ActualContraction.source_synchronous_contraction",
      "state": "accepted",
      "verdict": "equivalent-after-elaboration",
      "reviewer": "phase_source_reviewer_20261005",
      "decoder": "anonymous_decoder_20261006",
      "source_packet_sha256": "5f0abbc869141ca8e3a36d8d2d84cf0dca137e44f1194e6d6de762c0d6473278",
      "source_run_sha256": "2f2ffe80af3c6d121b5456be9b449dbf57117d3599bd265ad605780a42d46176",
      "decoder_packet_sha256": "2826686c3c7bdd6a665b3905c3145c39f2887212d1c70e72d3b5693561dc6942",
      "decoder_run_sha256": "1a24901333594aa2090418a0ef322860b9c8055ed6dc0c7516f4123ac8da80b7",
      "publication_binding_sha256": "87ea12150b851d5771739de073776b3685bacd89b2277282464b89e10ce2f8fb",
      "whole_module_raw_sha256": "eea52bcf0c7cd7ecc6e97f11678b47c1951f9d21da75578a4b1da4db52c154f6",
      "whole_module_lf_sha256": "b05c70c514709ddfb57d296d258709b71a5ade0e9f86796a7edd295d3f19c975",
      "private_owners": [
        "B",
        "B_self",
        "B_bound",
        "quadratic_expansion",
        "endpoint_quadratic_contraction"
      ],
      "decoder_schema_correction_history": [
        {
          "correction": "Set input_artifacts to the approved packet canonical component array and preserve the actual packet location separately in input_packet_paths.",
          "previous_decoder_run_sha256": "cb4430d8be569e369a24ea3573a64fa8042c068417dcbcb27d80878957c16d55",
          "input_artifacts_before": [
            "E:\\Samplinglib\\runs\\20261006-companion-priority\\actual-contraction\\p01.decoder.json"
          ],
          "input_artifacts_after": [
            "lean-statement",
            "approved-definition-context"
          ],
          "input_packet_paths": [
            "E:\\Samplinglib\\runs\\20261006-companion-priority\\actual-contraction\\p01.decoder.json"
          ],
          "mathematical_reconstruction_changed": false,
          "reconstructed_text_sha256_unchanged": "ed3720c96b5f4fb4e3187bd829d1ee8116eb2bb996e37a31c95acb97534c5fde",
          "source_text_visible_unchanged": false
        }
      ],
      "review_result": "runs/20261006-companion-priority/actual-contraction/p01.source-review.result.json"
    },
    {
      "audit_id": "ASTIS-RT-20261006-SPHMCActualContraction2",
      "declaration": "AutoSamplingTheory.ExampleCases.SmoothedPicardHMC.PhaseMetric.phaseQuadraticForm",
      "state": "accepted",
      "verdict": "equivalent-after-elaboration",
      "reviewer": "phase_source_reviewer_20261005",
      "decoder": "anonymous_decoder_20261006",
      "source_packet_sha256": "10df0504b82a1d0c2c9a2149ae3029a542d2152e62b15bb418d5d1682334340d",
      "source_run_sha256": "2f3807204fd3ca87aeaaa80171c098bac873a21873e962c1110f03ee93da42d2",
      "decoder_packet_sha256": "62e897e5cb59fca020b58d5f982af0deda0b1b63d1716485a9055d16ea4741bb",
      "decoder_run_sha256": "01681256b490cffbd76d11e39c2788fe20e84138121f849e181525a76d29081c",
      "publication_binding_sha256": "57634cf058623f644e0debb57ba7383ef5ae7aff650b93832e3160bb133669e1",
      "whole_module_raw_sha256": "e2eb80fe4e4db9f61035cdffc6852c4b7d66f04c6a097c3193ed95efdfbb56cb",
      "whole_module_lf_sha256": "e237f031fa1413c33f0a6f823ac05802646aebb9cece9d823b507b665d24565c",
      "private_owners": [
        "phaseQuadraticForm_nonneg",
        "quadraticCost_le_phaseCost"
      ],
      "decoder_schema_correction_history": [
        {
          "correction": "Set input_artifacts to the approved packet canonical component array and preserve the actual packet location separately in input_packet_paths.",
          "previous_decoder_run_sha256": "6f3c78863478ee6301f6a79d247ca9b23b742cad169c063054430a219ced01ba",
          "input_artifacts_before": [
            "E:\\Samplinglib\\runs\\20261006-companion-priority\\actual-contraction\\p02.decoder.json"
          ],
          "input_artifacts_after": [
            "lean-statement",
            "approved-definition-context"
          ],
          "input_packet_paths": [
            "E:\\Samplinglib\\runs\\20261006-companion-priority\\actual-contraction\\p02.decoder.json"
          ],
          "mathematical_reconstruction_changed": false,
          "reconstructed_text_sha256_unchanged": "2cfdaf81241d5cdb2ed2d42fb686d644d907db8187c5b12fdf1730eeaa612d9f",
          "source_text_visible_unchanged": false
        }
      ],
      "review_result": "runs/20261006-companion-priority/actual-contraction/p02.provenance.source-review.result.json"
    },
    {
      "audit_id": "ASTIS-RT-20261006-SPHMCActualContraction3",
      "declaration": "AutoSamplingTheory.ExampleCases.SmoothedPicardHMC.PhaseMetric.ordinary_energy_le_phaseQuadraticForm",
      "state": "accepted",
      "verdict": "equivalent-after-elaboration",
      "reviewer": "phase_source_reviewer_20261005",
      "decoder": "anonymous_decoder_20261006",
      "source_packet_sha256": "7c3b5e21a54fe7b96814c25cf009c4e746dc8434684be56851f72d476a30056e",
      "source_run_sha256": "704bd5bcc4b6291681d38f685445076dd7f417d80096b8abe54ba296d39c1899",
      "decoder_packet_sha256": "7ce68d2ef04b67fea68690abb5a5ac28ad667eddb3de9a5f4afa5d7243596a82",
      "decoder_run_sha256": "c655697d0c0e8bbecd33bbaad38db5c24645235411321238e18c2ef7056b6817",
      "publication_binding_sha256": "af169bb664d6416f1c29fdedfad9fd3c32cbee75f3986b2c26dfef9b48bf7528",
      "whole_module_raw_sha256": "e2eb80fe4e4db9f61035cdffc6852c4b7d66f04c6a097c3193ed95efdfbb56cb",
      "whole_module_lf_sha256": "e237f031fa1413c33f0a6f823ac05802646aebb9cece9d823b507b665d24565c",
      "private_owners": [
        "phaseQuadraticForm_nonneg",
        "quadraticCost_le_phaseCost"
      ],
      "decoder_schema_correction_history": [
        {
          "correction": "Set input_artifacts to the approved packet canonical component array and preserve the actual packet location separately in input_packet_paths.",
          "previous_decoder_run_sha256": "a81c7888662dc594b09093db98cb6231260aacd981e8b7824a064d08fb8dbd56",
          "input_artifacts_before": [
            "E:\\Samplinglib\\runs\\20261006-companion-priority\\actual-contraction\\p03.decoder.json"
          ],
          "input_artifacts_after": [
            "lean-statement",
            "approved-definition-context"
          ],
          "input_packet_paths": [
            "E:\\Samplinglib\\runs\\20261006-companion-priority\\actual-contraction\\p03.decoder.json"
          ],
          "mathematical_reconstruction_changed": false,
          "reconstructed_text_sha256_unchanged": "ae7a92269f70d76acd8e59d9cd1fef7d6a656f620c1a7f4fd5ef9db4a13c0577",
          "source_text_visible_unchanged": false
        }
      ],
      "review_result": "runs/20261006-companion-priority/actual-contraction/p03.provenance.source-review.result.json"
    },
    {
      "audit_id": "ASTIS-RT-20261006-SPHMCActualContraction4",
      "declaration": "AutoSamplingTheory.ExampleCases.SmoothedPicardHMC.PhaseMetric.phaseQuadraticForm_le_ordinary_energy",
      "state": "accepted",
      "verdict": "equivalent-after-elaboration",
      "reviewer": "phase_source_reviewer_20261005",
      "decoder": "anonymous_decoder_20261006",
      "source_packet_sha256": "6a0c31349c20fc9352006fdf567a4012f9504ffc7ddfda99c626b98cfad106ab",
      "source_run_sha256": "175d72c905982a46053ec60fdc6777a7e732f75f38805a5d148044b7e6635507",
      "decoder_packet_sha256": "d175cc481b6f885a912a13ec38d032ba264f1ffc493c1b45b5122e35a08c72f6",
      "decoder_run_sha256": "1eb2cea17bf08d0fafede2f25fd848a76d6950750eb22bbc7b257cbc140f18d4",
      "publication_binding_sha256": "e57d2e072eefc7e890de8ba9da27250157f2f025a384bffff15aeacbdd17cf2c",
      "whole_module_raw_sha256": "e2eb80fe4e4db9f61035cdffc6852c4b7d66f04c6a097c3193ed95efdfbb56cb",
      "whole_module_lf_sha256": "e237f031fa1413c33f0a6f823ac05802646aebb9cece9d823b507b665d24565c",
      "private_owners": [
        "phaseQuadraticForm_nonneg",
        "quadraticCost_le_phaseCost"
      ],
      "decoder_schema_correction_history": [
        {
          "correction": "Set input_artifacts to the approved packet canonical component array and preserve the actual packet location separately in input_packet_paths.",
          "previous_decoder_run_sha256": "b85aaa534d758694345757b25d620418f8e63aee50ff9e59e7fd1b275e1e0666",
          "input_artifacts_before": [
            "E:\\Samplinglib\\runs\\20261006-companion-priority\\actual-contraction\\p04.decoder.json"
          ],
          "input_artifacts_after": [
            "lean-statement",
            "approved-definition-context"
          ],
          "input_packet_paths": [
            "E:\\Samplinglib\\runs\\20261006-companion-priority\\actual-contraction\\p04.decoder.json"
          ],
          "mathematical_reconstruction_changed": false,
          "reconstructed_text_sha256_unchanged": "b21521b2bc7a0b0194de5b12948e25eee22612722188490d8eedcf6dfd6f511f",
          "source_text_visible_unchanged": false
        }
      ],
      "review_result": "runs/20261006-companion-priority/actual-contraction/p04.provenance.source-review.result.json"
    },
    {
      "audit_id": "ASTIS-RT-20261006-SPHMCActualContraction5",
      "declaration": "AutoSamplingTheory.ExampleCases.SmoothedPicardHMC.PhaseMetric.phaseCost",
      "state": "accepted",
      "verdict": "equivalent-after-elaboration",
      "reviewer": "phase_source_reviewer_20261005",
      "decoder": "anonymous_decoder_20261006",
      "source_packet_sha256": "c8842e3bc61530852cf56b17b442d2f0f1fdc05e8878f017f3f1951bd0c2b3df",
      "source_run_sha256": "bf8f30940c561bfddabdc98a63360fe1f20da737ccca56a02ba9e0a5faada0a5",
      "decoder_packet_sha256": "a360e8c725342aef3e5076d2a45a4d67ab589104cce4684bd057226d3da65844",
      "decoder_run_sha256": "20733dbbb9c2de0e0bb442e044ce15e58170d4ef2b13022e33188a658a6935e0",
      "publication_binding_sha256": "6603c7f95badc32a02ed41ec2dace9d6306d49983a78ae9cb354b36fbaf333a4",
      "whole_module_raw_sha256": "e2eb80fe4e4db9f61035cdffc6852c4b7d66f04c6a097c3193ed95efdfbb56cb",
      "whole_module_lf_sha256": "e237f031fa1413c33f0a6f823ac05802646aebb9cece9d823b507b665d24565c",
      "private_owners": [
        "phaseQuadraticForm_nonneg",
        "quadraticCost_le_phaseCost"
      ],
      "decoder_schema_correction_history": [
        {
          "correction": "Set input_artifacts to the approved packet canonical component array and preserve the actual packet location separately in input_packet_paths.",
          "previous_decoder_run_sha256": "e187b3e3fcb11536e65866c1626818c7e9764b3171b5d42283555bdd81467758",
          "input_artifacts_before": [
            "E:\\Samplinglib\\runs\\20261006-companion-priority\\actual-contraction\\p05.decoder.json"
          ],
          "input_artifacts_after": [
            "lean-statement",
            "approved-definition-context"
          ],
          "input_packet_paths": [
            "E:\\Samplinglib\\runs\\20261006-companion-priority\\actual-contraction\\p05.decoder.json"
          ],
          "mathematical_reconstruction_changed": false,
          "reconstructed_text_sha256_unchanged": "43feb1314a8aae218d8f83cb5cc7e13db35cd450bcd0c0c85d1b8b7023f0943e",
          "source_text_visible_unchanged": false
        }
      ],
      "review_result": "runs/20261006-companion-priority/actual-contraction/p05.source-review.result.json"
    },
    {
      "audit_id": "ASTIS-RT-20261006-SPHMCActualContraction6",
      "declaration": "AutoSamplingTheory.ExampleCases.SmoothedPicardHMC.PhaseMetric.phaseWassersteinSq",
      "state": "accepted",
      "verdict": "equivalent-after-elaboration",
      "reviewer": "phase_source_reviewer_20261005",
      "decoder": "anonymous_decoder_20261006",
      "source_packet_sha256": "7c11dfc3baa7189b9d9b2aed62f114e50d8df75d43718325540bd0d621fa6a67",
      "source_run_sha256": "3d155a3b1be4e27ea6d97d67403c98290b3a1223a519acc88a4c6a29fd2033b3",
      "decoder_packet_sha256": "3048d61108799eff822cc82158811b9559ba4d7936fc8a7c5cab26412f19983a",
      "decoder_run_sha256": "4e3d070749755e7b15633a9efe26a5eced0f6f02b112ea3566947e3d37078435",
      "publication_binding_sha256": "9e116cca2dd81b4c6186dab80cd7816779856139279e63699f8cfcae79847ed8",
      "whole_module_raw_sha256": "e2eb80fe4e4db9f61035cdffc6852c4b7d66f04c6a097c3193ed95efdfbb56cb",
      "whole_module_lf_sha256": "e237f031fa1413c33f0a6f823ac05802646aebb9cece9d823b507b665d24565c",
      "private_owners": [
        "phaseQuadraticForm_nonneg",
        "quadraticCost_le_phaseCost"
      ],
      "decoder_schema_correction_history": [
        {
          "correction": "Set input_artifacts to the approved packet canonical component array and preserve the actual packet location separately in input_packet_paths.",
          "previous_decoder_run_sha256": "b6f5c9b3f1b4ab155b94f0ed27f17009cc312897e16b2612180e1f73b9983dad",
          "input_artifacts_before": [
            "E:\\Samplinglib\\runs\\20261006-companion-priority\\actual-contraction\\p06.decoder.json"
          ],
          "input_artifacts_after": [
            "lean-statement",
            "approved-definition-context"
          ],
          "input_packet_paths": [
            "E:\\Samplinglib\\runs\\20261006-companion-priority\\actual-contraction\\p06.decoder.json"
          ],
          "mathematical_reconstruction_changed": false,
          "reconstructed_text_sha256_unchanged": "6e495fff9408e7b731f7d02d4fc58898cd53450ddaaaa8ae54b493a607c18ecc",
          "source_text_visible_unchanged": false
        }
      ],
      "review_result": "runs/20261006-companion-priority/actual-contraction/p06.source-review.result.json"
    },
    {
      "audit_id": "ASTIS-RT-20261006-SPHMCActualContraction7",
      "declaration": "AutoSamplingTheory.ExampleCases.SmoothedPicardHMC.PhaseMetric.wassersteinDistance_sq_le_phaseWassersteinSq",
      "state": "accepted",
      "verdict": "equivalent-after-elaboration",
      "reviewer": "phase_source_reviewer_20261005",
      "decoder": "anonymous_decoder_20261006",
      "source_packet_sha256": "80ebdb0f5eb7a9cb47bc2cb6f52040fb393ee9245efa02bbe1f85a4760873061",
      "source_run_sha256": "069329d4d626e024bae7abf78622cd29dc868c0c061a813dd25fcc024ad40dd1",
      "decoder_packet_sha256": "77d06a63e0394c7c841c93806688bdaab50db14ea210bc2b689a7acb24bc847c",
      "decoder_run_sha256": "c14c83fb0c36e5ebc2a564ed662fe5766b4f57220c2992f9238d9d5efaf8209e",
      "publication_binding_sha256": "59b11cdeed6ccb271ced2d65b9b63a621ec2be8f266e6262423378a0c6691ead",
      "whole_module_raw_sha256": "e2eb80fe4e4db9f61035cdffc6852c4b7d66f04c6a097c3193ed95efdfbb56cb",
      "whole_module_lf_sha256": "e237f031fa1413c33f0a6f823ac05802646aebb9cece9d823b507b665d24565c",
      "private_owners": [
        "phaseQuadraticForm_nonneg",
        "quadraticCost_le_phaseCost"
      ],
      "decoder_schema_correction_history": [
        {
          "correction": "Set input_artifacts to the approved packet canonical component array and preserve the actual packet location separately in input_packet_paths.",
          "previous_decoder_run_sha256": "a434b7e349ada6ba5972f456ee5b69441b4862a3c08c646131c08906c3c2abe3",
          "input_artifacts_before": [
            "E:\\Samplinglib\\runs\\20261006-companion-priority\\actual-contraction\\p07.decoder.json"
          ],
          "input_artifacts_after": [
            "lean-statement",
            "approved-definition-context"
          ],
          "input_packet_paths": [
            "E:\\Samplinglib\\runs\\20261006-companion-priority\\actual-contraction\\p07.decoder.json"
          ],
          "mathematical_reconstruction_changed": false,
          "reconstructed_text_sha256_unchanged": "7e87aa11ef82c43a97908b0ab7492068a252077ba3d74f08259930b88acfa9e5",
          "source_text_visible_unchanged": false
        }
      ],
      "review_result": "runs/20261006-companion-priority/actual-contraction/p07.source-review.result.json"
    },
    {
      "audit_id": "ASTIS-RT-20261006-SPHMCActualContraction8",
      "declaration": "AutoSamplingTheory.ExampleCases.SmoothedPicardHMC.PhaseMetric.phase_state_second_moment_of_phaseWasserstein",
      "state": "accepted",
      "verdict": "equivalent-after-elaboration",
      "reviewer": "phase_source_reviewer_20261005",
      "decoder": "anonymous_decoder_20261006",
      "source_packet_sha256": "cd1c4d0d8fd6e38570d9f1b9985a8f4cf19cf8ac57a1d9b439e3525240b61f80",
      "source_run_sha256": "914ad0ea136d93cd9f0b32ee4c147bee986cbe50eb315ebdadcea7823f48dfa4",
      "decoder_packet_sha256": "6a0aa1e59e8b5ad6a61ecd5a4e040445904817f60c45c3b070bdb5723b3ed45b",
      "decoder_run_sha256": "78314981362524a1f4be5e34d912be57a77821846ccecfd4b3dba914d27847d8",
      "publication_binding_sha256": "556daf73fb85121124494907791a9e19fa8308fc9e5b4cb539e7251b94242f49",
      "whole_module_raw_sha256": "e2eb80fe4e4db9f61035cdffc6852c4b7d66f04c6a097c3193ed95efdfbb56cb",
      "whole_module_lf_sha256": "e237f031fa1413c33f0a6f823ac05802646aebb9cece9d823b507b665d24565c",
      "private_owners": [
        "phaseQuadraticForm_nonneg",
        "quadraticCost_le_phaseCost"
      ],
      "decoder_schema_correction_history": [
        {
          "correction": "Set input_artifacts to the approved packet canonical component array and preserve the actual packet location separately in input_packet_paths.",
          "previous_decoder_run_sha256": "afd8b772fdf4d5ccb3b3e1367b30e4e40c63aa9e9d08455ff57df4fb1c5be873",
          "input_artifacts_before": [
            "E:\\Samplinglib\\runs\\20261006-companion-priority\\actual-contraction\\p08.decoder.json"
          ],
          "input_artifacts_after": [
            "lean-statement",
            "approved-definition-context"
          ],
          "input_packet_paths": [
            "E:\\Samplinglib\\runs\\20261006-companion-priority\\actual-contraction\\p08.decoder.json"
          ],
          "mathematical_reconstruction_changed": false,
          "reconstructed_text_sha256_unchanged": "ff71c12e9022181f6f7af349b1013affc44b03599706909b52c2b97f314d79c2",
          "source_text_visible_unchanged": false
        }
      ],
      "review_result": "runs/20261006-companion-priority/actual-contraction/p08.source-review.result.json"
    }
  ],
  "input_hashes": {
    "AutoSamplingTheory/ExampleCases/SmoothedPicardHMC/ActualContraction.lean": {
      "raw_sha256": "eea52bcf0c7cd7ecc6e97f11678b47c1951f9d21da75578a4b1da4db52c154f6",
      "lf_sha256": "b05c70c514709ddfb57d296d258709b71a5ade0e9f86796a7edd295d3f19c975",
      "bytes": 15401,
      "git_blob_sha256": "b05c70c514709ddfb57d296d258709b71a5ade0e9f86796a7edd295d3f19c975",
      "git_lf_equal": true
    },
    "AutoSamplingTheory/ExampleCases/SmoothedPicardHMC/PhaseMetric.lean": {
      "raw_sha256": "e2eb80fe4e4db9f61035cdffc6852c4b7d66f04c6a097c3193ed95efdfbb56cb",
      "lf_sha256": "e237f031fa1413c33f0a6f823ac05802646aebb9cece9d823b507b665d24565c",
      "bytes": 9071,
      "git_blob_sha256": "e237f031fa1413c33f0a6f823ac05802646aebb9cece9d823b507b665d24565c",
      "git_lf_equal": true
    },
    "Tests/SmoothedPicardHMCActualContraction.lean": {
      "raw_sha256": "a5272da6aa904bcc17fbf2d13e0f54586c3e28d18e3c3ff508fa174bf79144f1",
      "lf_sha256": "75992c62225eb95ce599ff6ec93e1dbe798c9de212c0de38a48b58b9ed70260a",
      "bytes": 3848,
      "git_blob_sha256": "75992c62225eb95ce599ff6ec93e1dbe798c9de212c0de38a48b58b9ed70260a",
      "git_lf_equal": true
    },
    "proof-blueprints/SPHMC-actual-contraction.md": {
      "raw_sha256": "bbe5a060693020c0247eb218c5938ecd042b5496166cd7fcdb1b7f4fab588b3e",
      "lf_sha256": "bbe5a060693020c0247eb218c5938ecd042b5496166cd7fcdb1b7f4fab588b3e",
      "bytes": 1667,
      "git_blob_sha256": "bbe5a060693020c0247eb218c5938ecd042b5496166cd7fcdb1b7f4fab588b3e",
      "git_lf_equal": true
    },
    "AutoSamplingTheory/ExampleCases/SmoothedPicardHMC/FirstOrderDifference.lean": {
      "raw_sha256": "681d1fd911df42573523f90cfd0e1fbb1a270f28896d90897b82c19eb4313098",
      "lf_sha256": "f35de2f95a5124de2409d9b6d07fae63b0626f0b0797e6ff1d533c65cb9c83e5",
      "bytes": 27307,
      "git_blob_sha256": "f35de2f95a5124de2409d9b6d07fae63b0626f0b0797e6ff1d533c65cb9c83e5",
      "git_lf_equal": true
    },
    "AutoSamplingTheory/ExampleCases/SmoothedPicardHMC/KineticDissipation.lean": {
      "raw_sha256": "97ef2c2e5d7734248fa98a66ad28db4d225f7042fb50ae8161a80a926c748159",
      "lf_sha256": "99961d174fdbbd928785c0fa61d2af467c0907264b74f9734d1a115c7b07fae7",
      "bytes": 6396,
      "git_blob_sha256": "99961d174fdbbd928785c0fa61d2af467c0907264b74f9734d1a115c7b07fae7",
      "git_lf_equal": true
    },
    "AutoSamplingTheory/TechnicalLemmas/Analysis/ChebyshevLobattoQuadrature.lean": {
      "raw_sha256": "61e548713769439cfb41b5e8ff706eafe497747c6bba019c50098dac4ce16f3f",
      "lf_sha256": "5eb36302e86e26cc7ba7b61c4f17bb4f40093a0cbcb9b58b61f706cc523f69b3",
      "bytes": 7520,
      "git_blob_sha256": "5eb36302e86e26cc7ba7b61c4f17bb4f40093a0cbcb9b58b61f706cc523f69b3",
      "git_lf_equal": true
    },
    "AutoSamplingTheory/TechnicalLemmas/Analysis/HessianSecantOperator.lean": {
      "raw_sha256": "5fd26bfab4df6d62c7a4cfc319a2cfb6e1a7447299930a68ef6cce162e904886",
      "lf_sha256": "5fd26bfab4df6d62c7a4cfc319a2cfb6e1a7447299930a68ef6cce162e904886",
      "bytes": 6152,
      "git_blob_sha256": "5fd26bfab4df6d62c7a4cfc319a2cfb6e1a7447299930a68ef6cce162e904886",
      "git_lf_equal": true
    },
    "AutoSamplingTheory/TechnicalLemmas/Analysis/ChebyshevLobattoPositiveWeights.lean": {
      "raw_sha256": "a53db4eb58bb517d8468f3f8adfe1696e5c7630a97023ea5309ebd8021dc5860",
      "lf_sha256": "a53db4eb58bb517d8468f3f8adfe1696e5c7630a97023ea5309ebd8021dc5860",
      "bytes": 22708,
      "git_blob_sha256": "a53db4eb58bb517d8468f3f8adfe1696e5c7630a97023ea5309ebd8021dc5860",
      "git_lf_equal": true
    },
    "AutoSamplingTheory/ExampleCases/SmoothedPicardHMC/PhaseStateMoment.lean": {
      "raw_sha256": "724dbf45282c8811915aba04c3a47f83bde64acdeb14e94aefa03b39d421c5fd",
      "lf_sha256": "c08f1ee0890e1988977729b29c134d6b0b57fa6296eca4f4a976eb2302b7ffd7",
      "bytes": 2718,
      "git_blob_sha256": "c08f1ee0890e1988977729b29c134d6b0b57fa6296eca4f4a976eb2302b7ffd7",
      "git_lf_equal": true
    },
    "AutoSamplingTheory/TechnicalLemmas/Measure/CouplingQuadraticIntegrability.lean": {
      "raw_sha256": "007975e06c0fb055b26418d640595b1196a82e8c537b44af4a70c4e61b3c8376",
      "lf_sha256": "cbbff32480d47bac482f8ae52a0014817ac64a1436e1166b9a69d4cc0f3e3ead",
      "bytes": 3751,
      "git_blob_sha256": "cbbff32480d47bac482f8ae52a0014817ac64a1436e1166b9a69d4cc0f3e3ead",
      "git_lf_equal": true
    },
    "lean-toolchain": {
      "raw_sha256": "b2b5068d5a4835675e651ce83b29c0ddb308d28b80076e7c007aef4630af0477",
      "lf_sha256": "302cd63c54178885b89e669f33b38f12f4dd7ae7e5cac537b3203e3768d8fb2b",
      "bytes": 26,
      "git_blob_sha256": "302cd63c54178885b89e669f33b38f12f4dd7ae7e5cac537b3203e3768d8fb2b",
      "git_lf_equal": true
    },
    "lake-manifest.json": {
      "raw_sha256": "b1f16b43aaf4a886cfe0382d5e3ae63d6904281c00afd8f35af20f0270a747e2",
      "lf_sha256": "b83ca83b9cf7caa85fa8b023c2ff9a3fb7a7cce7e1c332e810c348535ec49c37",
      "bytes": 3234,
      "git_blob_sha256": "b83ca83b9cf7caa85fa8b023c2ff9a3fb7a7cce7e1c332e810c348535ec49c37",
      "git_lf_equal": true
    },
    ".lake/packages/mathlib/Mathlib/Analysis/Normed/Lp/ProdLp.lean": {
      "raw_sha256": "71f2c826aa1a7705a70692c0c35b572da09d74f39cc1d053993334270dd561a4",
      "lf_sha256": "a20ec7881e80e422fa20c6058fbf8001225a92cd23165bf19b738d077238ece0",
      "bytes": 51752
    },
    ".lake/packages/mathlib/Mathlib/Analysis/Normed/Lp/WithLp.lean": {
      "raw_sha256": "71dcf2c1df8f2516f154c1bc85458f772283d404614afe409e98a6b7a1acdaa6",
      "lf_sha256": "b05b66fcc68f3e3e7c20aae323b880e9edd8af18e5e096a207746df8bd3e79ba",
      "bytes": 11335
    },
    ".lake/packages/mathlib/Mathlib/Analysis/InnerProductSpace/ProdL2.lean": {
      "raw_sha256": "b3a972428de5345a0c8f447c16571fde3a334a06bf4298a77ae74cfa70367a57",
      "lf_sha256": "356d8e0295d9c792f95e8ddd2104e848b2b15f3588df3ce6de6c8d8b5024fd2a",
      "bytes": 7899
    },
    ".lake/packages/mathlib/Mathlib/Analysis/InnerProductSpace/Basic.lean": {
      "raw_sha256": "dae53a3f0057b25c5d8e4ac7377b332dc1617e92d999faac997bb03ba8e2a0e6",
      "lf_sha256": "344aa5e0b104223d327bb1f13db092b4d320017c8f82b7ba9846b5f517222468",
      "bytes": 47984
    },
    ".lake/packages/mathlib/Mathlib/Analysis/Real/Sqrt.lean": {
      "raw_sha256": "0de4732159254cf6267a6fcc89e1c505f7daf81f83646edbbefe6c231368ddf5",
      "lf_sha256": "d6055b85eb3279133dd76eead0e1306032314c2c42c99b431b07e6aad654da86",
      "bytes": 19112
    },
    "research-wiki/frontier-cells/ASTIS-SW-SPHMC-actual-contraction.json": {
      "raw_sha256": "0fe4b2ecbf39cf19ac610a1f5023c79e19e387f377f31d15ac21a5edd3613d67",
      "lf_sha256": "ae1754ba07da070b6d6abfb81646d2e980f2b442a1f8c2bf6fb78a6658697219",
      "bytes": 7379,
      "git_blob_sha256": "ae1754ba07da070b6d6abfb81646d2e980f2b442a1f8c2bf6fb78a6658697219",
      "git_lf_equal": true
    },
    "runs/20261006-companion-priority/actual-contraction/p01.source-review.json": {
      "raw_sha256": "4544fa1233835e2ecf4a2b3a180ca825b0435846f7d4f9be8811a44fc85d6823",
      "lf_sha256": "897779bdcce3a8e5f9740c735261ff8e5e5eeb0d8430e21041f7f213fdea4912",
      "bytes": 38285,
      "git_blob_sha256": "897779bdcce3a8e5f9740c735261ff8e5e5eeb0d8430e21041f7f213fdea4912",
      "git_lf_equal": true
    },
    "runs/20261006-companion-priority/actual-contraction/p01.decoder.json": {
      "raw_sha256": "4fd71ba3218d4fcd2a42b82f9e7aa388a76e328c3a1fb30211a4243936982878",
      "lf_sha256": "9ece9883f8be730698e5898bddea318dd4e86ade75c2e577d25cc32801675595",
      "bytes": 4417,
      "git_blob_sha256": "9ece9883f8be730698e5898bddea318dd4e86ade75c2e577d25cc32801675595",
      "git_lf_equal": true
    },
    "runs/20261006-companion-priority/actual-contraction/p01.reconstruction.json": {
      "raw_sha256": "e717fc1f5f7aa6acb8549b62b5b9e0eaaca7348d82d25b27c620889afe4a895b",
      "lf_sha256": "e717fc1f5f7aa6acb8549b62b5b9e0eaaca7348d82d25b27c620889afe4a895b",
      "bytes": 6406,
      "git_blob_sha256": "e717fc1f5f7aa6acb8549b62b5b9e0eaaca7348d82d25b27c620889afe4a895b",
      "git_lf_equal": true
    },
    "AutoSamplingTheory/TechnicalLemmas/Measure/WassersteinLipschitzMoment.lean": {
      "raw_sha256": "79241ef83f356e909196a75e6d9555d24497091bb6317005feb7a7d7632a2f44",
      "lf_sha256": "525556c5f5997842976155cd86c4edcdf7e2ddf4ae1cd17275a3afe9521f0560",
      "bytes": 6776,
      "git_blob_sha256": "525556c5f5997842976155cd86c4edcdf7e2ddf4ae1cd17275a3afe9521f0560",
      "git_lf_equal": true
    },
    "AutoSamplingTheory/TechnicalLemmas/Measure/Transport.lean": {
      "raw_sha256": "fc5d0e6132fa6e63d0ed1f0e1879df740ea4bf665381abe8c4b3e766b29a372c",
      "lf_sha256": "d3eff4916a04ab9473ee86b839fa13b8447fa1c4d162874a4ceddbce4003e414",
      "bytes": 4877,
      "git_blob_sha256": "d3eff4916a04ab9473ee86b839fa13b8447fa1c4d162874a4ceddbce4003e414",
      "git_lf_equal": true
    },
    "AutoSamplingTheory/TechnicalLemmas/Measure/WassersteinSpace.lean": {
      "raw_sha256": "73bb02915482d66fc2f42f058e597bbdf79763d54b3f057ccb7456f228f20117",
      "lf_sha256": "943f06c49f3e8e182ab731f9c8e4e5372b65b2eae81001c781a2f6bbc69998b5",
      "bytes": 5575,
      "git_blob_sha256": "943f06c49f3e8e182ab731f9c8e4e5372b65b2eae81001c781a2f6bbc69998b5",
      "git_lf_equal": true
    },
    "Tests/SmoothedPicardHMCPhaseMetric.lean": {
      "raw_sha256": "699dfd24f1e3e4f09d706260e2c1810e72241033e58f746611f40a1b2d7a8ded",
      "lf_sha256": "e81cc41e90b26ace6b055a2261917371234abd73a622671906a9e989d8fa106d",
      "bytes": 717,
      "git_blob_sha256": "e81cc41e90b26ace6b055a2261917371234abd73a622671906a9e989d8fa106d",
      "git_lf_equal": true
    },
    "website/content/publications/sphmc-actual-contraction.json": {
      "raw_sha256": "ea81c4e51cc26c0c372c16143f409cf36d69da5f1e35bfd27f85f48f3bac0e76",
      "lf_sha256": "bbc9e2a63787ebeac3dbc8e35b154850ec6a34cdfb64ff209955cc0e8d053c37",
      "bytes": 19815,
      "git_blob_sha256": "bbc9e2a63787ebeac3dbc8e35b154850ec6a34cdfb64ff209955cc0e8d053c37",
      "git_lf_equal": true
    },
    "website/content/declaration_lessons/sphmc-actual-contraction.json": {
      "raw_sha256": "96ede78c0990f400628b92c8a0f2b2c4216a63f392e27155085cc865883444fc",
      "lf_sha256": "9670a0a9b20f82ce109a84c150eeee0e55d62cba24c3debd197eaad0ec5002e3",
      "bytes": 18059,
      "git_blob_sha256": "9670a0a9b20f82ce109a84c150eeee0e55d62cba24c3debd197eaad0ec5002e3",
      "git_lf_equal": true
    },
    "website/content/publications/sphmc-phase-metric.json": {
      "raw_sha256": "460da2197efe230c281dad357c6dba096a5d57bac8eac8bb0c36bb1aa7336a6a",
      "lf_sha256": "ca39956d6e6489c1719e601e3ff3aacd2c9338fcfe23be735adf133f089d72e3",
      "bytes": 6117,
      "git_blob_sha256": "ca39956d6e6489c1719e601e3ff3aacd2c9338fcfe23be735adf133f089d72e3",
      "git_lf_equal": true
    },
    "website/content/declaration_lessons/sphmc-phase-metric.json": {
      "raw_sha256": "37c8ecebc579f69c6ff776234c00eaccde7096196c50dad23e301bdfc98e5e92",
      "lf_sha256": "18dcd0634962e4b092e78dcb4c3cde7422df8b89c27e6f4032c160f0d9982d8c",
      "bytes": 7405,
      "git_blob_sha256": "18dcd0634962e4b092e78dcb4c3cde7422df8b89c27e6f4032c160f0d9982d8c",
      "git_lf_equal": true
    },
    "runs/20261006-companion-priority/actual-contraction/p01.source-review.result.json": {
      "raw_sha256": "f67b2b8485d7e6a84580d8977562f895cba4d1312e6738e81f1f5b36b5bd2e17",
      "lf_sha256": "409bd62ed6f852fffd8f5099fb8732298ea1d43eb9ac5555e8f65af885e1eb3a",
      "bytes": 14467,
      "git_blob_sha256": "409bd62ed6f852fffd8f5099fb8732298ea1d43eb9ac5555e8f65af885e1eb3a",
      "git_lf_equal": true
    },
    "research-wiki/semantic-roundtrip/audits/ASTIS-RT-20261006-SPHMCActualContraction1.json": {
      "raw_sha256": "75cd663553aa20ef5ffd276527f05c4cbf3b3f61b2f10853d080deb22c985216",
      "lf_sha256": "dc8c3efedac7886161946f0dd7772d0b11a12c207190dab85e416663dfc0732b",
      "bytes": 42714,
      "git_blob_sha256": "dc8c3efedac7886161946f0dd7772d0b11a12c207190dab85e416663dfc0732b",
      "git_lf_equal": true
    },
    "runs/20261006-companion-priority/actual-contraction/p02.provenance.source-review.json": {
      "raw_sha256": "499331ce51995779cea9b9bff96e53af4ab2c4a5269b9d7a21809e504eaef9a1",
      "lf_sha256": "6284257ba47d7d9e7e50cb84f8f98aedb31ab335f9b5f05465d0162f0777d068",
      "bytes": 20439,
      "git_blob_sha256": "6284257ba47d7d9e7e50cb84f8f98aedb31ab335f9b5f05465d0162f0777d068",
      "git_lf_equal": true
    },
    "runs/20261006-companion-priority/actual-contraction/p02.decoder.json": {
      "raw_sha256": "47fdd9a08fefc0c50567aa0b2e80c2b493dd55ef986c865c71c6ceafe112e0fa",
      "lf_sha256": "7269993bf423ae6223cb3f75fce5728571f82c4a89e0c2e9570a37db257959ae",
      "bytes": 3054,
      "git_blob_sha256": "7269993bf423ae6223cb3f75fce5728571f82c4a89e0c2e9570a37db257959ae",
      "git_lf_equal": true
    },
    "runs/20261006-companion-priority/actual-contraction/p02.provenance.source-review.result.json": {
      "raw_sha256": "56d1763bd577237deaea87532e2ee8638e32c2a7a7f10f70a944c1693fcf904b",
      "lf_sha256": "1099b4983f26066f643c80b10486e9af05f1a6d26c577d82c067f9366ddceb98",
      "bytes": 9970,
      "git_blob_sha256": "1099b4983f26066f643c80b10486e9af05f1a6d26c577d82c067f9366ddceb98",
      "git_lf_equal": true
    },
    "runs/20261006-companion-priority/actual-contraction/p02.reconstruction.json": {
      "raw_sha256": "93c9c64513393f1d4f623362ef6e1dce142d63953f1eea6a676f40082c7efedc",
      "lf_sha256": "93c9c64513393f1d4f623362ef6e1dce142d63953f1eea6a676f40082c7efedc",
      "bytes": 3944,
      "git_blob_sha256": "93c9c64513393f1d4f623362ef6e1dce142d63953f1eea6a676f40082c7efedc",
      "git_lf_equal": true
    },
    "research-wiki/semantic-roundtrip/audits/ASTIS-RT-20261006-SPHMCActualContraction2.json": {
      "raw_sha256": "a0301d6eb3ff817b233a520c295cf4f12d3c33388f494f5a65f1c8ddf102d2d3",
      "lf_sha256": "e3caea1093ea349b181dcc82f7cad74e61f2b733144787ab385c73a392cd24d7",
      "bytes": 26396,
      "git_blob_sha256": "e3caea1093ea349b181dcc82f7cad74e61f2b733144787ab385c73a392cd24d7",
      "git_lf_equal": true
    },
    "runs/20261006-companion-priority/actual-contraction/p03.provenance.source-review.json": {
      "raw_sha256": "2289d8cdeb702c0c732b1cbab8eb3a26568e920d85f1e21aa9db0bda154fb363",
      "lf_sha256": "1a0b21fb4b0fbc3b0594215452cecec9776a782ff04eff61730195f69aa2aa70",
      "bytes": 20442,
      "git_blob_sha256": "1a0b21fb4b0fbc3b0594215452cecec9776a782ff04eff61730195f69aa2aa70",
      "git_lf_equal": true
    },
    "runs/20261006-companion-priority/actual-contraction/p03.decoder.json": {
      "raw_sha256": "1dd59219ee13c811ec866c3727f968bc4156770ffb8d79915998ae5091615d18",
      "lf_sha256": "a4bfd023331ce7c1ec2b256014ca4afb0d2380d42d95837816d2014a0f419ece",
      "bytes": 3087,
      "git_blob_sha256": "a4bfd023331ce7c1ec2b256014ca4afb0d2380d42d95837816d2014a0f419ece",
      "git_lf_equal": true
    },
    "runs/20261006-companion-priority/actual-contraction/p03.provenance.source-review.result.json": {
      "raw_sha256": "b242e087ac5a48302588c111cf07afa5407d85224c59f3de6c425f89492f12e2",
      "lf_sha256": "19812dface0023098765ff38b26f25289f35dd4deeb6e465323f6e51f91839a2",
      "bytes": 10381,
      "git_blob_sha256": "19812dface0023098765ff38b26f25289f35dd4deeb6e465323f6e51f91839a2",
      "git_lf_equal": true
    },
    "runs/20261006-companion-priority/actual-contraction/p03.reconstruction.json": {
      "raw_sha256": "86b84ea9432a248baa0e60b015180f2a8da32fc2a14984ef875fa3c1ba6acc56",
      "lf_sha256": "86b84ea9432a248baa0e60b015180f2a8da32fc2a14984ef875fa3c1ba6acc56",
      "bytes": 3730,
      "git_blob_sha256": "86b84ea9432a248baa0e60b015180f2a8da32fc2a14984ef875fa3c1ba6acc56",
      "git_lf_equal": true
    },
    "research-wiki/semantic-roundtrip/audits/ASTIS-RT-20261006-SPHMCActualContraction3.json": {
      "raw_sha256": "26fbdb4489eb79144dbb762ca595447762de7a39e05fe0a8a5afaaaedeb4407e",
      "lf_sha256": "8fb272358cfb85210f124131db5d6b0241cdb54eb81f637f9410f23a5ad473e4",
      "bytes": 26623,
      "git_blob_sha256": "8fb272358cfb85210f124131db5d6b0241cdb54eb81f637f9410f23a5ad473e4",
      "git_lf_equal": true
    },
    "runs/20261006-companion-priority/actual-contraction/p04.provenance.source-review.json": {
      "raw_sha256": "1c142b83aac31976f1717f3899043ce28689e51d37e83d8329229e906a834af2",
      "lf_sha256": "68d44d17848c350d97f5ff53a80b63adbfbe5c98b873c0cf1bcd7df5fbc563b0",
      "bytes": 20427,
      "git_blob_sha256": "68d44d17848c350d97f5ff53a80b63adbfbe5c98b873c0cf1bcd7df5fbc563b0",
      "git_lf_equal": true
    },
    "runs/20261006-companion-priority/actual-contraction/p04.decoder.json": {
      "raw_sha256": "61aa462a19a34acb4cbac6cd61653bb3ffd363291d5823039231658dae9bf149",
      "lf_sha256": "c005965d73594d6532395891917f47c9d00cb43568597a211a6f30b934534bff",
      "bytes": 3101,
      "git_blob_sha256": "c005965d73594d6532395891917f47c9d00cb43568597a211a6f30b934534bff",
      "git_lf_equal": true
    },
    "runs/20261006-companion-priority/actual-contraction/p04.provenance.source-review.result.json": {
      "raw_sha256": "a818c334bc3f929e1bf66c4307d32109fa4dd9020a8bd91f0ec96ec898af1b1c",
      "lf_sha256": "a2b199e841de831cd216f336c27c3f9128909430c702b163d9d8a59a01651fa4",
      "bytes": 9985,
      "git_blob_sha256": "a2b199e841de831cd216f336c27c3f9128909430c702b163d9d8a59a01651fa4",
      "git_lf_equal": true
    },
    "runs/20261006-companion-priority/actual-contraction/p04.reconstruction.json": {
      "raw_sha256": "b9a8fd30299c04e86f7977384ddb352b709811df4c89ea21ea659805345bcff3",
      "lf_sha256": "b9a8fd30299c04e86f7977384ddb352b709811df4c89ea21ea659805345bcff3",
      "bytes": 3488,
      "git_blob_sha256": "b9a8fd30299c04e86f7977384ddb352b709811df4c89ea21ea659805345bcff3",
      "git_lf_equal": true
    },
    "research-wiki/semantic-roundtrip/audits/ASTIS-RT-20261006-SPHMCActualContraction4.json": {
      "raw_sha256": "defdc6f921d932075cd92cb5476556a9b9591b04f57dbf6200ed97261a4b3815",
      "lf_sha256": "7a6e1adacab51363f4591a94da7a736d143bb27aee28992a6cb14a5c9ac54fa9",
      "bytes": 26317,
      "git_blob_sha256": "7a6e1adacab51363f4591a94da7a736d143bb27aee28992a6cb14a5c9ac54fa9",
      "git_lf_equal": true
    },
    "runs/20261006-companion-priority/actual-contraction/p05.source-review.json": {
      "raw_sha256": "988229e69a72c90e13c6c30a37e7148b6235b1d688bfaf48e95e0afd346fdf47",
      "lf_sha256": "08e349f533491352fc181a59e593b6618ebebe4fa5336a8d95c99d9f1aa34c6e",
      "bytes": 19008,
      "git_blob_sha256": "08e349f533491352fc181a59e593b6618ebebe4fa5336a8d95c99d9f1aa34c6e",
      "git_lf_equal": true
    },
    "runs/20261006-companion-priority/actual-contraction/p05.decoder.json": {
      "raw_sha256": "c63dbce56cef4467ac353badf04ab0194ef006575232c7d678482b6455c181c2",
      "lf_sha256": "dc8ff002974bb666698fbefb6b35e394599dbd169bbf8018541fb8060c936ff2",
      "bytes": 3049,
      "git_blob_sha256": "dc8ff002974bb666698fbefb6b35e394599dbd169bbf8018541fb8060c936ff2",
      "git_lf_equal": true
    },
    "runs/20261006-companion-priority/actual-contraction/p05.reconstruction.json": {
      "raw_sha256": "43d10107ea2845721547d96868863b98f2f730165ece16af4bb8ab8517340ace",
      "lf_sha256": "43d10107ea2845721547d96868863b98f2f730165ece16af4bb8ab8517340ace",
      "bytes": 3969,
      "git_blob_sha256": "43d10107ea2845721547d96868863b98f2f730165ece16af4bb8ab8517340ace",
      "git_lf_equal": true
    },
    "runs/20261006-companion-priority/actual-contraction/p05.source-review.result.json": {
      "raw_sha256": "095b46dd3b97915d7d087e433308ef1e0a0589e87c0397f2b54c460fdc17d95b",
      "lf_sha256": "1a379247c635cfab44b4a43f202fecc4154ce9f8b3e7af6acc6b554e78841153",
      "bytes": 13149,
      "git_blob_sha256": "1a379247c635cfab44b4a43f202fecc4154ce9f8b3e7af6acc6b554e78841153",
      "git_lf_equal": true
    },
    "research-wiki/semantic-roundtrip/audits/ASTIS-RT-20261006-SPHMCActualContraction5.json": {
      "raw_sha256": "f8562988095c8c64969ee274a8859131e4987cecd1ab8cd88702ca2ee257721d",
      "lf_sha256": "a183f017b7f4d43a5680c2215d8c922f791f0c588d84d4dac1d82afe9d11c5f8",
      "bytes": 21912,
      "git_blob_sha256": "a183f017b7f4d43a5680c2215d8c922f791f0c588d84d4dac1d82afe9d11c5f8",
      "git_lf_equal": true
    },
    "runs/20261006-companion-priority/actual-contraction/p06.source-review.json": {
      "raw_sha256": "100ec0d56260cc2ad79ddd58c34e1d2d1832313a0ee453efcd074ff4f1760137",
      "lf_sha256": "9526319f964d16d47c697bafccd5a922bedb3c05f2682c3aa9bcc6949665332b",
      "bytes": 19116,
      "git_blob_sha256": "9526319f964d16d47c697bafccd5a922bedb3c05f2682c3aa9bcc6949665332b",
      "git_lf_equal": true
    },
    "runs/20261006-companion-priority/actual-contraction/p06.decoder.json": {
      "raw_sha256": "5158ae251da99757e3d1101be97077190f46cbccd90b82c2c7c1f7277d9c5fdb",
      "lf_sha256": "81948cf6c5a6c16cd10b3acac447d98d0e1b9a9d48c58ecf55833a518e5a4da7",
      "bytes": 3079,
      "git_blob_sha256": "81948cf6c5a6c16cd10b3acac447d98d0e1b9a9d48c58ecf55833a518e5a4da7",
      "git_lf_equal": true
    },
    "runs/20261006-companion-priority/actual-contraction/p06.reconstruction.json": {
      "raw_sha256": "98985e3c8b77e81a8fa57459d3bb48a1c3021b57c3f5bfbf33894508383077b6",
      "lf_sha256": "98985e3c8b77e81a8fa57459d3bb48a1c3021b57c3f5bfbf33894508383077b6",
      "bytes": 4546,
      "git_blob_sha256": "98985e3c8b77e81a8fa57459d3bb48a1c3021b57c3f5bfbf33894508383077b6",
      "git_lf_equal": true
    },
    "runs/20261006-companion-priority/actual-contraction/p06.source-review.result.json": {
      "raw_sha256": "11674c4e566a6e4477c904a268a1f239e601f710fcb517c675c8bc43036ca269",
      "lf_sha256": "80840e23e840fe82cfcb0944875d040fa92679f03d5d41a5dad0af4691c5da76",
      "bytes": 12984,
      "git_blob_sha256": "80840e23e840fe82cfcb0944875d040fa92679f03d5d41a5dad0af4691c5da76",
      "git_lf_equal": true
    },
    "research-wiki/semantic-roundtrip/audits/ASTIS-RT-20261006-SPHMCActualContraction6.json": {
      "raw_sha256": "7f50efcfb792b6ebad972759a59da8d884c90ba4e6e75919a3ba0bb95044d48b",
      "lf_sha256": "87f290a4986b8d80ec408ca17e44e9581cbf4047457bacce17f2ff4366989389",
      "bytes": 22130,
      "git_blob_sha256": "87f290a4986b8d80ec408ca17e44e9581cbf4047457bacce17f2ff4366989389",
      "git_lf_equal": true
    },
    "runs/20261006-companion-priority/actual-contraction/p07.source-review.json": {
      "raw_sha256": "5d3cb072ff25540214328b4cecfa27db1074a78c19ee466bb68f163b699702ff",
      "lf_sha256": "158aacc3f4e9f064fccfc791ebf93795b0452b9e7973da6f5018294847ceb5c5",
      "bytes": 21329,
      "git_blob_sha256": "158aacc3f4e9f064fccfc791ebf93795b0452b9e7973da6f5018294847ceb5c5",
      "git_lf_equal": true
    },
    "runs/20261006-companion-priority/actual-contraction/p07.decoder.json": {
      "raw_sha256": "dfa56cc78048cbab82ddb13cb8e79dd9bc52222b3db382e01e40cde47109a08f",
      "lf_sha256": "32e7343aa93874d4b4bb36d9e74c279abab171de8d899843d15650e236e8b597",
      "bytes": 3618,
      "git_blob_sha256": "32e7343aa93874d4b4bb36d9e74c279abab171de8d899843d15650e236e8b597",
      "git_lf_equal": true
    },
    "runs/20261006-companion-priority/actual-contraction/p07.reconstruction.json": {
      "raw_sha256": "91153aeae0e80a75552f59b20a4fed3e33e886333ca0ce6ac0d0de971fdf8218",
      "lf_sha256": "91153aeae0e80a75552f59b20a4fed3e33e886333ca0ce6ac0d0de971fdf8218",
      "bytes": 6448,
      "git_blob_sha256": "91153aeae0e80a75552f59b20a4fed3e33e886333ca0ce6ac0d0de971fdf8218",
      "git_lf_equal": true
    },
    "runs/20261006-companion-priority/actual-contraction/p07.source-review.result.json": {
      "raw_sha256": "037e84817e4766d180ba8f075bee6ce8c57fd473d1ee87a2de2014f2e988fa3c",
      "lf_sha256": "05595d3ec7b45230d7f71a8a5981e518051d42906f950925ff657085dfd9501a",
      "bytes": 13471,
      "git_blob_sha256": "05595d3ec7b45230d7f71a8a5981e518051d42906f950925ff657085dfd9501a",
      "git_lf_equal": true
    },
    "research-wiki/semantic-roundtrip/audits/ASTIS-RT-20261006-SPHMCActualContraction7.json": {
      "raw_sha256": "fb8a3b4c724842d7ee15edfa671b1352688d6716ff362936edf66a33cd0e016d",
      "lf_sha256": "f09177ea0509c30ce06e05c34520d31fcc1a22187b290c653b2e0133bd2929e8",
      "bytes": 24919,
      "git_blob_sha256": "f09177ea0509c30ce06e05c34520d31fcc1a22187b290c653b2e0133bd2929e8",
      "git_lf_equal": true
    },
    "runs/20261006-companion-priority/actual-contraction/p08.source-review.json": {
      "raw_sha256": "b6bb866ffa25fb2c04aaf27493ac476f02009bf96b0b734f54ee54cc9e8f5eaa",
      "lf_sha256": "b25437eca1cb5d27ba68d65d324c72a690f96a0d304beeade097f8d74bb401c6",
      "bytes": 21150,
      "git_blob_sha256": "b25437eca1cb5d27ba68d65d324c72a690f96a0d304beeade097f8d74bb401c6",
      "git_lf_equal": true
    },
    "runs/20261006-companion-priority/actual-contraction/p08.decoder.json": {
      "raw_sha256": "568525bfa0b793b43f62dee51dbe176aa5acfe473d44e513726cac85c46f2c03",
      "lf_sha256": "6fcddf8b28ecc281d4d9cd633d71b4f87e665f8b81d52da4c4f1bedf4cc24e8b",
      "bytes": 3692,
      "git_blob_sha256": "6fcddf8b28ecc281d4d9cd633d71b4f87e665f8b81d52da4c4f1bedf4cc24e8b",
      "git_lf_equal": true
    },
    "runs/20261006-companion-priority/actual-contraction/p08.reconstruction.json": {
      "raw_sha256": "4af8d8f862a6c9ceeecb30a9e605e5397f14d3687e4a5368d909c501b13794a9",
      "lf_sha256": "4af8d8f862a6c9ceeecb30a9e605e5397f14d3687e4a5368d909c501b13794a9",
      "bytes": 5852,
      "git_blob_sha256": "4af8d8f862a6c9ceeecb30a9e605e5397f14d3687e4a5368d909c501b13794a9",
      "git_lf_equal": true
    },
    "runs/20261006-companion-priority/actual-contraction/p08.source-review.result.json": {
      "raw_sha256": "f43d3a88121805eecb99108972f8b1ae9a27ad451b0f8d759a1e5e99d9b97c51",
      "lf_sha256": "56fce8f9ac56f3c23b15457a1cd05b74fd505b5d1c63bbdae62dfcafe3d588ac",
      "bytes": 13407,
      "git_blob_sha256": "56fce8f9ac56f3c23b15457a1cd05b74fd505b5d1c63bbdae62dfcafe3d588ac",
      "git_lf_equal": true
    },
    "research-wiki/semantic-roundtrip/audits/ASTIS-RT-20261006-SPHMCActualContraction8.json": {
      "raw_sha256": "cc921c95d8b8d651f776d6a77bf23e8020094043ef881181abe55373ed12a7e4",
      "lf_sha256": "42055e5a740a419ee01d3c1a6000b3818f517f60278a2f747f3108655d5ea911",
      "bytes": 24560,
      "git_blob_sha256": "42055e5a740a419ee01d3c1a6000b3818f517f60278a2f747f3108655d5ea911",
      "git_lf_equal": true
    },
    "runs/20261006-companion-priority/actual-contraction/math-review.json": {
      "raw_sha256": "0c8c2bddaac6d3fe13a3e8b791c046819f29c0896497f102f5c0e749182aaf9e",
      "lf_sha256": "845f2770d554b8c6d5826aeb21a030f54e8243765b7fe29fd0fd88602523d110",
      "bytes": 18592,
      "git_blob_sha256": "845f2770d554b8c6d5826aeb21a030f54e8243765b7fe29fd0fd88602523d110",
      "git_lf_equal": true
    },
    "runs/20261006-companion-priority/actual-contraction/review-manifest.json": {
      "raw_sha256": "6055d1e3289f532f1e4cf7e45f64854a115f3f9d29e60836277b3b8a998848ef",
      "lf_sha256": "415ccfb03a7106e4da57a1ea21be594800f2a7089d231748b7a5f8a66dc0206f",
      "bytes": 5185,
      "git_blob_sha256": "415ccfb03a7106e4da57a1ea21be594800f2a7089d231748b7a5f8a66dc0206f",
      "git_lf_equal": true
    },
    "runs/20261006-companion-priority/actual-contraction/proved-local.json": {
      "raw_sha256": "726d84dd04350eec224c60b5a698dee0e5dc730a1e2b9bf6ca93204c8cd98196",
      "lf_sha256": "cf51c8a0af247df81ebde60db89375045a014189e245d8f1eeeed5a1090e21b8",
      "bytes": 3505,
      "git_blob_sha256": "cf51c8a0af247df81ebde60db89375045a014189e245d8f1eeeed5a1090e21b8",
      "git_lf_equal": true
    }
  },
  "math_unchanged_inputs": [
    "AutoSamplingTheory/ExampleCases/SmoothedPicardHMC/ActualContraction.lean",
    "AutoSamplingTheory/ExampleCases/SmoothedPicardHMC/PhaseMetric.lean",
    "Tests/SmoothedPicardHMCActualContraction.lean",
    "proof-blueprints/SPHMC-actual-contraction.md",
    "AutoSamplingTheory/ExampleCases/SmoothedPicardHMC/FirstOrderDifference.lean",
    "AutoSamplingTheory/ExampleCases/SmoothedPicardHMC/KineticDissipation.lean",
    "AutoSamplingTheory/TechnicalLemmas/Analysis/ChebyshevLobattoQuadrature.lean",
    "AutoSamplingTheory/TechnicalLemmas/Analysis/HessianSecantOperator.lean",
    "AutoSamplingTheory/TechnicalLemmas/Analysis/ChebyshevLobattoPositiveWeights.lean",
    "AutoSamplingTheory/ExampleCases/SmoothedPicardHMC/PhaseStateMoment.lean",
    "AutoSamplingTheory/TechnicalLemmas/Measure/CouplingQuadraticIntegrability.lean",
    "lean-toolchain",
    "lake-manifest.json",
    ".lake/packages/mathlib/Mathlib/Analysis/Normed/Lp/ProdLp.lean",
    ".lake/packages/mathlib/Mathlib/Analysis/Normed/Lp/WithLp.lean",
    ".lake/packages/mathlib/Mathlib/Analysis/InnerProductSpace/ProdL2.lean",
    ".lake/packages/mathlib/Mathlib/Analysis/InnerProductSpace/Basic.lean",
    ".lake/packages/mathlib/Mathlib/Analysis/Real/Sqrt.lean"
  ],
  "math_changed_inputs": [
    "research-wiki/frontier-cells/ASTIS-SW-SPHMC-actual-contraction.json"
  ],
  "fake_closure_scan": {
    "status": "PASS",
    "files": [
      "AutoSamplingTheory/ExampleCases/SmoothedPicardHMC/ActualContraction.lean",
      "AutoSamplingTheory/ExampleCases/SmoothedPicardHMC/PhaseMetric.lean",
      "Tests/SmoothedPicardHMCActualContraction.lean",
      "AutoSamplingTheory/ExampleCases/SmoothedPicardHMC/FirstOrderDifference.lean",
      "AutoSamplingTheory/ExampleCases/SmoothedPicardHMC/KineticDissipation.lean",
      "AutoSamplingTheory/TechnicalLemmas/Analysis/ChebyshevLobattoQuadrature.lean",
      "AutoSamplingTheory/TechnicalLemmas/Analysis/HessianSecantOperator.lean",
      "AutoSamplingTheory/TechnicalLemmas/Analysis/ChebyshevLobattoPositiveWeights.lean",
      "AutoSamplingTheory/ExampleCases/SmoothedPicardHMC/PhaseStateMoment.lean",
      "AutoSamplingTheory/TechnicalLemmas/Measure/CouplingQuadraticIntegrability.lean"
    ],
    "hits": [],
    "standard_axioms": [
      "propext",
      "Classical.choice",
      "Quot.sound"
    ],
    "unrecognized_axioms": []
  },
  "original18124471": "not-certified; per-declaration provenance corrected and independently source-reviewed at final58ed3f4e"
}
