⚠ [3411/3426] Replayed AutoSamplingTheory.TechnicalLemmas.Analysis.ChebyshevLobattoQuadrature
warning: AutoSamplingTheory/TechnicalLemmas/Analysis/ChebyshevLobattoQuadrature.lean:91:6: try 'simp' instead of 'simpa'

Note: This linter can be disabled with `set_option linter.unnecessarySimpa false`
⚠ [3657/3667] Replayed AutoSamplingTheory.TechnicalLemmas.Measure.CouplingQuadraticIntegrability
warning: AutoSamplingTheory/TechnicalLemmas/Measure/CouplingQuadraticIntegrability.lean:29:0: automatically included section variable(s) unused in theorem `AutoSamplingTheory.TechnicalLemmas.Measure.CouplingQuadraticIntegrability.measurePreserving_fst_of_isCoupling`:
  [NormedAddCommGroup E]
  [BorelSpace E]
  [SecondCountableTopology E]
consider restructuring your `variable` declarations so that the variables are not in scope or explicitly omit them:
  omit [NormedAddCommGroup E] [BorelSpace E] [SecondCountableTopology E] in theorem ...

Note: This linter can be disabled with `set_option linter.unusedSectionVars false`
warning: AutoSamplingTheory/TechnicalLemmas/Measure/CouplingQuadraticIntegrability.lean:38:0: automatically included section variable(s) unused in theorem `AutoSamplingTheory.TechnicalLemmas.Measure.CouplingQuadraticIntegrability.measurePreserving_snd_of_isCoupling`:
  [NormedAddCommGroup E]
  [BorelSpace E]
  [SecondCountableTopology E]
consider restructuring your `variable` declarations so that the variables are not in scope or explicitly omit them:
  omit [NormedAddCommGroup E] [BorelSpace E] [SecondCountableTopology E] in theorem ...

Note: This linter can be disabled with `set_option linter.unusedSectionVars false`
⚠ [3665/3667] Replayed AutoSamplingTheory.ExampleCases.SmoothedPicardHMC.PhaseMetric
warning: AutoSamplingTheory/ExampleCases/SmoothedPicardHMC/PhaseMetric.lean:65:64: Used `tac1 <;> tac2` where `(tac1; tac2)` would suffice

Note: This linter can be disabled with `set_option linter.unnecessarySeqFocus false`
warning: AutoSamplingTheory/ExampleCases/SmoothedPicardHMC/PhaseMetric.lean:121:6: try 'simp' instead of 'simpa'

Note: This linter can be disabled with `set_option linter.unnecessarySimpa false`
⚠ [3667/3667] Replayed Tests.SmoothedPicardHMCActualContraction
warning: Tests/SmoothedPicardHMCActualContraction.lean:17:81: This simp argument is unused:
  potential

Hint: Omit it from the simp argument list.
  [apply] simp [Pi.add_apply, mul_comm]

Note: This linter can be disabled with `set_option linter.unusedSimpArgs false`
warning: Tests/SmoothedPicardHMCActualContraction.lean:17:92: This simp argument is unused:
  Pi.add_apply

Hint: Omit it from the simp argument list.
  [apply] simp [potential, mul_comm]

Note: This linter can be disabled with `set_option linter.unusedSimpArgs false`
info: Tests/SmoothedPicardHMCActualContraction.lean:65:0: @source_synchronous_contraction : ∀ {E : Type u_1} [inst : NormedAddCommGroup E] [inst_1 : InnerProductSpace ℝ E]
  [FiniteDimensional ℝ E] [inst_3 : CompleteSpace E] [inst_4 : MeasurableSpace E] [BorelSpace E] {f : E → ℝ} {κ h : ℝ}
  {J : ℕ},
  1 ≤ κ →
    ContDiff ℝ 2 f →
      (∀ (z v : E),
          1 / (2 * κ) * ‖v‖ ^ 2 ≤ ((fderiv ℝ (fderiv ℝ f) z) v) v ∧ ((fderiv ℝ (fderiv ℝ f) z) v) v ≤ ‖v‖ ^ 2) →
        2 ≤ J →
          0 < h →
            have t := fun i => h / 2 * (1 - Real.cos (↑↑i / (↑J - 1) * Real.pi));
            have ell := fun j => Lagrange.basis Finset.univ t j;
            have Λ := sSup ((fun s => ∑ j, |Polynomial.eval s (ell j)|) '' Icc 0 h);
            have ω := fun i j => ∫ (s : ℝ) in 0..t i, (t i - s) * Polynomial.eval s (ell j);
            have b := fun j => ∫ (s : ℝ) in 0..h, Polynomial.eval s (ell j);
            have c := fun j => ∫ (s : ℝ) in 0..h, (h - s) * Polynomial.eval s (ell j);
            h * Λ ≤ 1 / (65536 * κ) →
              have a := Real.exp (-h / 2);
              have sigma := √(1 - Real.exp (-h));
              have P0 := fun z ζ => a • z.2 + sigma • ζ.1;
              have Y0 := fun z ζ j => z.1 + t j • P0 z ζ;
              have Y1 := fun z ζ i => Y0 z ζ i - ∑ j, ω i j • gradient f (Y0 z ζ j);
              have Φ := fun w =>
                (w.1.1 + h • P0 w.1 w.2 - ∑ j, c j • gradient f (Y1 w.1 w.2 j),
                  a • (P0 w.1 w.2 - ∑ j, b j • gradient f (Y1 w.1 w.2 j)) + sigma • w.2.2);
              ∀ (z z' ζ : E × E),
                √(phaseQuadraticForm κ ((Φ (z, ζ)).1 - (Φ (z', ζ)).1, (Φ (z, ζ)).2 - (Φ (z', ζ)).2)) ≤
                  (1 - h / (65536 * κ)) * √(phaseQuadraticForm κ (z.1 - z'.1, z.2 - z'.2))
info: Tests/SmoothedPicardHMCActualContraction.lean:66:0: 'AutoSamplingTheory.ExampleCases.SmoothedPicardHMC.ActualContraction.source_synchronous_contraction' depends on axioms: [propext,
 Classical.choice,
 Quot.sound]
info: Tests/SmoothedPicardHMCActualContraction.lean:67:0: 'AutoSamplingTheory.ExampleCases.SmoothedPicardHMC.PhaseMetric.ordinary_energy_le_phaseQuadraticForm' depends on axioms: [propext,
 Classical.choice,
 Quot.sound]
info: Tests/SmoothedPicardHMCActualContraction.lean:68:0: 'AutoSamplingTheory.ExampleCases.SmoothedPicardHMC.PhaseMetric.phaseQuadraticForm_le_ordinary_energy' depends on axioms: [propext,
 Classical.choice,
 Quot.sound]
Build completed successfully (3667 jobs).
