{
  "cell": "ASTIS-SHARED-unit-exponential-product",
  "targets": [
    {
      "declaration": "AutoSamplingTheory.TechnicalLemmas.Probability.UnitExponentialProduct.unit_exponential_product_laws",
      "source_item": "unit-exponential-product",
      "lesson": "authored",
      "audit_id": "ASTIS-RT-20261010-UnitExponentialProduct",
      "audit_state": "accepted",
      "publication_binding_sha256": "465fcece1be5adf9e62da6bad2639b3d4c65943b35b733b75e6f44227b6e09bf",
      "remaining_boundary": "Countable unit-exponential input law only. No event-time nonaccumulation, global physical-time path/PDMP/Markov/invariance/kernel/hypocoercivity/main/error/expected-query cost/actual-input composition. Source author direct Exp-SLLN/mean-one route remains separate from any sufficient ASTIS bounded-indicator SLLN alternative. No full Exposition/PURIFIED/main/live/whole-paper/Goal credit. Focused compilation is local evidence; independent compiled-source, exact-commit and aggregate/reader acceptance remain separate."
    }
  ],
  "graph_check": "python3 tools/astis_publication.py graph-check --cell ASTIS-SHARED-unit-exponential-product",
  "missing": [],
  "next": [
    "Run the smallest focused Lean test.",
    "Reuse unchanged source/lesson/audit records; never reuse a stale binding.",
    "For a new/changed theorem, use astis-semantic-roundtrip: anonymous decoder → independent anti-anchored source review → separate repair review if needed.",
    "Run tools/astis_publication.py check --base <base commit> before stabilization."
  ],
  "boundary": "This coordinator packet is NOT decoder input. It deliberately contains source identity."
}
