{
  "cell": "ASTIS-SW-PBPS-macroscopic-centered-range",
  "status": "graph coverage checked",
  "contributions": [
    {
      "node": "decl:AutoSamplingTheory.ExampleCases.ProximalBPS.MacroscopicRange.actual_macroscopic_centered_range",
      "focus": "lean-foundations.html?view=lean&focus=decl%3AAutoSamplingTheory.ExampleCases.ProximalBPS.MacroscopicRange.actual_macroscopic_centered_range&q=AutoSamplingTheory.ExampleCases.ProximalBPS.MacroscopicRange.actual_macroscopic_centered_range",
      "connections": [
        {
          "source": "decl:AutoSamplingTheory.ExampleCases.ProximalBPS.MacroscopicRange.actual_macroscopic_centered_range",
          "target": "semantic-audit:ASTIS-RT-20261008-PBPSMacroscopicCenteredRange",
          "relation": "Lean target under audit"
        },
        {
          "source": "module:AutoSamplingTheory.ExampleCases.ProximalBPS.MacroscopicRange",
          "target": "decl:AutoSamplingTheory.ExampleCases.ProximalBPS.MacroscopicRange.actual_macroscopic_centered_range",
          "relation": "declares"
        },
        {
          "source": "decl:AutoSamplingTheory.ExampleCases.ProximalBPS.MacroscopicRange.actual_macroscopic_centered_range",
          "target": "case:ASTIS-SW-PBPS-2026",
          "relation": "source correspondence; not a Lean dependency"
        },
        {
          "source": "decl:AutoSamplingTheory.TechnicalLemmas.Geometry.LogConcavity.LogConcaveOn.prod",
          "target": "decl:AutoSamplingTheory.ExampleCases.ProximalBPS.MacroscopicRange.actual_macroscopic_centered_range",
          "relation": "source reference (scanner)"
        },
        {
          "source": "decl:AutoSamplingTheory.TechnicalLemmas.Measure.L2PullbackRange.l2_pullback_range_eq_lpMeas",
          "target": "decl:AutoSamplingTheory.ExampleCases.ProximalBPS.MacroscopicRange.actual_macroscopic_centered_range",
          "relation": "source reference (scanner)"
        }
      ],
      "omitted_connections": 0
    }
  ],
  "boundary": "Reference scans are incomplete. Inspect the affected view; this report is not visual QA or a proof certificate."
}
