⚠ [3159/3159] Built AutoSamplingTheory.ExampleCases.ProximalBPS.MacroscopicRange (7.6s)
warning: AutoSamplingTheory/ExampleCases/ProximalBPS/MacroscopicRange.lean:56:2: Try this: 
  letI̵

The goal is a proposition, so `let` is preferred over `letI`.
The difference between `let` and `letI` is that `letI` inlines the value.
But this is not relevant for proofs because of proof irrelevance.

Note: This linter can be disabled with `set_option linter.style.haveILetI false`
warning: AutoSamplingTheory/ExampleCases/ProximalBPS/MacroscopicRange.lean:58:2: Try this: 
  letI̵

The goal is a proposition, so `let` is preferred over `letI`.
The difference between `let` and `letI` is that `letI` inlines the value.
But this is not relevant for proofs because of proof irrelevance.

Note: This linter can be disabled with `set_option linter.style.haveILetI false`
warning: AutoSamplingTheory/ExampleCases/ProximalBPS/MacroscopicRange.lean:59:2: Try this: 
  letI̵

The goal is a proposition, so `let` is preferred over `letI`.
The difference between `let` and `letI` is that `letI` inlines the value.
But this is not relevant for proofs because of proof irrelevance.

Note: This linter can be disabled with `set_option linter.style.haveILetI false`
warning: AutoSamplingTheory/ExampleCases/ProximalBPS/MacroscopicRange.lean:21:24: Variable name `hαβ` is not explicitly referenced.

Hint: The binding can be removed (if unused) or named `_` (if used implicitly). Alternatively, prefix the name with `_` to silence this warning:
  [apply] _hαβ

Note: This linter can be disabled with `set_option linter.unusedVariables false`
warning: AutoSamplingTheory/ExampleCases/ProximalBPS/MacroscopicRange.lean:25:18: Variable name `hβη` is not explicitly referenced.

Hint: The binding can be removed (if unused) or named `_` (if used implicitly). Alternatively, prefix the name with `_` to silence this warning:
  [apply] _hβη

Note: This linter can be disabled with `set_option linter.unusedVariables false`
warning: AutoSamplingTheory/ExampleCases/ProximalBPS/MacroscopicRange.lean:66:4: Unused tactic linter: `change P.range = S` does nothing

Note: This linter can be disabled with `set_option linter.unusedTactic false`
Build completed successfully (3159 jobs).
