✖ [3159/3159] Building AutoSamplingTheory.ExampleCases.ProximalBPS.MacroscopicRange (7.4s)
trace: .> LEAN_PATH=E:\Samplinglib\.lake\packages\Cli\.lake\build\lib\lean;E:\Samplinglib\.lake\packages\batteries\.lake\build\lib\lean;E:\Samplinglib\.lake\packages\Qq\.lake\build\lib\lean;E:\Samplinglib\.lake\packages\aesop\.lake\build\lib\lean;E:\Samplinglib\.lake\packages\proofwidgets\.lake\build\lib\lean;E:\Samplinglib\.lake\packages\importGraph\.lake\build\lib\lean;E:\Samplinglib\.lake\packages\LeanSearchClient\.lake\build\lib\lean;E:\Samplinglib\.lake\packages\plausible\.lake\build\lib\lean;E:\Samplinglib\.lake\packages\mathlib\.lake\build\lib\lean;E:\Samplinglib\.lake\build\lib\lean c:\Users\admin\.elan\toolchains\leanprover--lean4---v4.33.0\bin\lean.exe E:\Samplinglib\AutoSamplingTheory\ExampleCases\ProximalBPS\MacroscopicRange.lean -o E:\Samplinglib\.lake\build\lib\lean\AutoSamplingTheory\ExampleCases\ProximalBPS\MacroscopicRange.olean -i E:\Samplinglib\.lake\build\lib\lean\AutoSamplingTheory\ExampleCases\ProximalBPS\MacroscopicRange.ilean -c E:\Samplinglib\.lake\build\ir\AutoSamplingTheory\ExampleCases\ProximalBPS\MacroscopicRange.c --setup E:\Samplinglib\.lake\build\ir\AutoSamplingTheory\ExampleCases\ProximalBPS\MacroscopicRange.setup.json --json
warning: AutoSamplingTheory/ExampleCases/ProximalBPS/MacroscopicRange.lean:56:2: Try this: 
  letI̵

The goal is a proposition, so `let` is preferred over `letI`.
The difference between `let` and `letI` is that `letI` inlines the value.
But this is not relevant for proofs because of proof irrelevance.

Note: This linter can be disabled with `set_option linter.style.haveILetI false`
warning: AutoSamplingTheory/ExampleCases/ProximalBPS/MacroscopicRange.lean:58:2: Try this: 
  letI̵

The goal is a proposition, so `let` is preferred over `letI`.
The difference between `let` and `letI` is that `letI` inlines the value.
But this is not relevant for proofs because of proof irrelevance.

Note: This linter can be disabled with `set_option linter.style.haveILetI false`
warning: AutoSamplingTheory/ExampleCases/ProximalBPS/MacroscopicRange.lean:59:2: Try this: 
  letI̵

The goal is a proposition, so `let` is preferred over `letI`.
The difference between `let` and `letI` is that `letI` inlines the value.
But this is not relevant for proofs because of proof irrelevance.

Note: This linter can be disabled with `set_option linter.style.haveILetI false`
error: AutoSamplingTheory/ExampleCases/ProximalBPS/MacroscopicRange.lean:90:18: Tactic `rewrite` failed: Did not find an occurrence of the pattern
  M.toLinearMap u
in the target expression
  ∫ (p : E × E), ↑↑(M u) p ∂J = 0

case mpr
E : Type u_1
inst✝⁴ : NormedAddCommGroup E
inst✝³ : InnerProductSpace ℝ E
inst✝² : FiniteDimensional ℝ E
inst✝¹ : MeasurableSpace E
inst✝ : BorelSpace E
V : E → ℝ
α β : ℝ≥0
η : ℝ
hα : 0 < ↑α
hαβ : α ≤ β
hV : ContDiff ℝ 2 V
hH : ∀ (x v : E), ↑α * ‖v‖ ^ 2 ≤ ((fderiv ℝ (fderiv ℝ V) x) v) v ∧ ((fderiv ℝ (fderiv ℝ V) x) v) v ≤ ↑β * ‖v‖ ^ 2
hη : 0 < η
hβη : ↑β * η ≤ 1
μ : Measure E := ℙ.tilted fun x => -V x
J : Measure (E × E) := Measure.map (fun p => (p.1, p.1 + √η • p.2)) (μ.prod (stdGaussian E))
ν : Measure E := J.snd
hp : MeasurePreserving Prod.snd J ν := { measurable := measurable_snd, map_eq := rfl }
M : ↥(Lp ℝ 2 ν) →ₗᵢ[ℝ] ↥(Lp ℝ 2 J) := Lp.compMeasurePreservingₗᵢ ℝ Prod.snd hp
S : Submodule ℝ ↥(Lp ℝ 2 J) := lpMeas ℝ ℝ (MeasurableSpace.comap Prod.snd inferInstance) 2 J
P : ↥(Lp ℝ 2 J) →L[ℝ] ↥(Lp ℝ 2 J) := S.subtypeL ∘SL condExpL2 ℝ ℝ ⋯
left✝ : 0 < ∫ (x : E), Real.exp (-V x)
hJ : IsProbabilityMeasure (Measure.map (fun p => (p.1, p.1 + √η • p.2)) ((ℙ.tilted fun x => -V x).prod (stdGaussian E)))
right✝ :
  Measure.map (fun p => (p.1, p.1 + √η • p.2)) ((ℙ.tilted fun x => -V x).prod (stdGaussian E)) =
    (ℙ.prod ℙ).withDensity fun p =>
      ENNReal.ofReal
        (((√(2 * Real.pi * η))⁻¹ ^ Module.finrank ℝ E / ∫ (x : E), Real.exp (-V x)) *
          Real.exp (-V p.1 - ‖p.2 - p.1‖ ^ 2 / (2 * η)))
this✝¹ : IsProbabilityMeasure J := hJ
hν : IsProbabilityMeasure ν
this✝ : IsProbabilityMeasure ν := hν
this : Fact (MeasurableSpace.comap Prod.snd inferInstance ≤ inferInstance) :=
  { out := Measurable.comap_le measurable_snd }
hMrange : M.range = S
hPdef : P = S.starProjection
hPrange : (↑P).range = S
hRange : M.range = (↑P).range
hMean : ∀ (u : ↥(Lp ℝ 2 ν)), ∫ (p : E × E), ↑↑(M u) p ∂J = ∫ (y : E), ↑↑u y ∂ν
f : ↥(Lp ℝ 2 (Measure.map (fun p => (p.1, p.1 + √η • p.2)) ((ℙ.tilted fun x => -V x).prod (stdGaussian E))))
hf :
  f ∈
    (↑((lpMeas ℝ ℝ (MeasurableSpace.comap Prod.snd inferInstance) 2
              (Measure.map (fun p => (p.1, p.1 + √η • p.2))
                ((ℙ.tilted fun x => -V x).prod (stdGaussian E)))).subtypeL ∘SL
          condExpL2 ℝ ℝ ⋯)).range
hfmean :
  ∫ (p : E × E), ↑↑f p ∂Measure.map (fun p => (p.1, p.1 + √η • p.2)) ((ℙ.tilted fun x => -V x).prod (stdGaussian E)) = 0
u : ↥(Lp ℝ 2 ν)
hu : M.toLinearMap u = f
⊢ ∫ (p : E × E), ↑↑(M u) p ∂J = 0
error: Lean exited with code 1
Some required targets logged failures:
- AutoSamplingTheory.ExampleCases.ProximalBPS.MacroscopicRange
error: build failed
