{
  "math_review": {
    "path": "runs/20261007-companion-priority/gaussian-product-entropy/whole-proof-review/math.review.json",
    "raw_sha256": "1ddb34bcb6771d3f9c19af40fd0414962e5f0081d6cbdf62796ae7ac7ea4b638",
    "lf_sha256": "1ddb34bcb6771d3f9c19af40fd0414962e5f0081d6cbdf62796ae7ac7ea4b638",
    "bytes": 11017
  },
  "run": {
    "path": "runs/20261007-companion-priority/gaussian-product-entropy/whole-proof-review/math.review.run.json",
    "raw_sha256": "28ff03965d5cb9a9a47f3c1a3bc112c78266e67633739e71f412edd797544f31",
    "lf_sha256": "28ff03965d5cb9a9a47f3c1a3bc112c78266e67633739e71f412edd797544f31",
    "bytes": 2406
  },
  "input_bindings": {
    "path": "runs/20261007-companion-priority/gaussian-product-entropy/whole-proof-review/input-bindings.json",
    "raw_sha256": "0381712d90ddf943fa3c122424a6539c6d4247d0b13f5d665341ca2d3d1720f1",
    "lf_sha256": "0381712d90ddf943fa3c122424a6539c6d4247d0b13f5d665341ca2d3d1720f1",
    "bytes": 19685
  },
  "private_providers": 15,
  "canonical_fake_files": 887,
  "leases": "ALL CLOSED"
}
