<stdin>:18:6: error: Application type mismatch: The argument
  measurable_of_countable
has type
  ∀ (f : ?m.145 → ?m.146), Measurable f
but is expected to have type
  Measurable q
in the application
  bounded_product_entropy_subadditivity (Measure.dirac false) (Measure.dirac false) q measurable_of_countable
<stdin>:21:2: error: unsolved goals
case refine_1
h :
  have Φ := fun t => t * Real.log t;
  have A := fun x => ∫ (y : Bool), q (x, y) ∂Measure.dirac false;
  have B := fun y => ∫ (x : Bool), q (x, y) ∂Measure.dirac false;
  have m := ∫ (z : Bool × Bool), q z ∂(Measure.dirac false).prod (Measure.dirac false);
  Integrable q ((Measure.dirac false).prod (Measure.dirac false)) ∧
    Integrable (fun z => Φ (q z)) ((Measure.dirac false).prod (Measure.dirac false)) ∧
      (∀ (x : Bool),
          Integrable (fun y => q (x, y)) (Measure.dirac false) ∧
            Integrable (fun y => Φ (q (x, y))) (Measure.dirac false)) ∧
        (∀ (y : Bool),
            Integrable (fun x => q (x, y)) (Measure.dirac false) ∧
              Integrable (fun x => Φ (q (x, y))) (Measure.dirac false)) ∧
          Integrable A (Measure.dirac false) ∧
            Integrable B (Measure.dirac false) ∧
              Integrable (fun x => Φ (A x)) (Measure.dirac false) ∧
                Integrable (fun y => Φ (B y)) (Measure.dirac false) ∧
                  ∫ (x : Bool), Φ (A x) ∂Measure.dirac false + ∫ (y : Bool), Φ (B y) ∂Measure.dirac false ≤
                    ∫ (z : Bool × Bool), Φ (q z) ∂(Measure.dirac false).prod (Measure.dirac false) + Φ m
⊢ ∫ (z : Bool × Bool), if z.1 = true then 1 else 0 ∂(Measure.dirac false).prod (Measure.dirac false) = 0
<stdin>:22:2: error: unsolved goals
case refine_2
h :
  have Φ := fun t => t * Real.log t;
  have A := fun x => ∫ (y : Bool), q (x, y) ∂Measure.dirac false;
  have B := fun y => ∫ (x : Bool), q (x, y) ∂Measure.dirac false;
  have m := ∫ (z : Bool × Bool), q z ∂(Measure.dirac false).prod (Measure.dirac false);
  Integrable q ((Measure.dirac false).prod (Measure.dirac false)) ∧
    Integrable (fun z => Φ (q z)) ((Measure.dirac false).prod (Measure.dirac false)) ∧
      (∀ (x : Bool),
          Integrable (fun y => q (x, y)) (Measure.dirac false) ∧
            Integrable (fun y => Φ (q (x, y))) (Measure.dirac false)) ∧
        (∀ (y : Bool),
            Integrable (fun x => q (x, y)) (Measure.dirac false) ∧
              Integrable (fun x => Φ (q (x, y))) (Measure.dirac false)) ∧
          Integrable A (Measure.dirac false) ∧
            Integrable B (Measure.dirac false) ∧
              Integrable (fun x => Φ (A x)) (Measure.dirac false) ∧
                Integrable (fun y => Φ (B y)) (Measure.dirac false) ∧
                  ∫ (x : Bool), Φ (A x) ∂Measure.dirac false + ∫ (y : Bool), Φ (B y) ∂Measure.dirac false ≤
                    ∫ (z : Bool × Bool), Φ (q z) ∂(Measure.dirac false).prod (Measure.dirac false) + Φ m
⊢ (Measure.dirac false).real {false, true} = 1
'Independent39.zero_mass_nonzero_null_slice' depends on axioms: [propext, sorryAx, Classical.choice, Quot.sound]
'Tests.ProductEntropy.compact_zero_fiber' depends on axioms: [propext, Classical.choice, Quot.sound]
'Tests.ProductEntropy.actual_probe_signed' depends on axioms: [propext, Classical.choice, Quot.sound]
'Tests.ProductEntropy.actual_probe_C2_compact' depends on axioms: [propext, Classical.choice, Quot.sound]
