Contributor scope: base=c05de12e6a8ca7af8ce2df8608836f8d4e90f617; HEAD=a115115d42b3fa2b67885d87fe4d5300af36fcd1; affected declarations=28; changed cells=28
Scope includes base-to-working-tree edits and untracked production/metadata files.
- declaration: AutoSamplingTheory.ExampleCases.ProximalBPS.AmbientAdjointCorrector.actual_ambient_adjoint_centered_decomposition
- declaration: AutoSamplingTheory.ExampleCases.ProximalBPS.CenteredDefectOperator.actual_centered_selfadjoint_defect
- declaration: AutoSamplingTheory.ExampleCases.ProximalBPS.CenteredRootOrderInverse.actual_centered_root_order_inverse
- declaration: AutoSamplingTheory.ExampleCases.ProximalBPS.ConditionalGradientEnergy.reflected_conditional_gradient_energy
- declaration: AutoSamplingTheory.ExampleCases.ProximalBPS.ConditionalGradientVariance.reflected_conditional_gradient_variance
- declaration: AutoSamplingTheory.ExampleCases.ProximalBPS.DefectComplexLift.actual_positive_defect_complex_lift
- declaration: AutoSamplingTheory.ExampleCases.ProximalBPS.L2MacroscopicMean.actual_macroscopic_l2_mean
- declaration: AutoSamplingTheory.ExampleCases.ProximalBPS.LiteralReflectedMean.reflected_gibbs_mean_c1
- declaration: AutoSamplingTheory.ExampleCases.ProximalBPS.MacroscopicDefectRoot.actual_unique_positive_macroscopic_defect_root
- declaration: AutoSamplingTheory.ExampleCases.ProximalBPS.MacroscopicEnergy.actual_macroscopic_gradient_energy_blocks
- declaration: AutoSamplingTheory.ExampleCases.ProximalBPS.MacroscopicRange.actual_macroscopic_centered_range
- declaration: AutoSamplingTheory.ExampleCases.ProximalBPS.PolarIsometry.actual_centered_polar_isometry
- declaration: AutoSamplingTheory.ExampleCases.ProximalBPS.RealDefectRoot.actual_positive_real_defect_root
- declaration: AutoSamplingTheory.ExampleCases.ProximalBPS.RealDefectRootUnique.actual_unique_positive_real_defect_root
- declaration: AutoSamplingTheory.ExampleCases.ProximalBPS.RoughMeanGradient.actual_rough_mean_gradient
- declaration: AutoSamplingTheory.ExampleCases.ProximalBPS.SourceMeanGradientDomain.literal_source_mean_in_closed_gradient
- declaration: AutoSamplingTheory.ExampleCases.SmoothedPicardHMC.StandardizedRGOKLDimension.standardized_rgo_unique_prox_and_kl_le_dimension
- declaration: AutoSamplingTheory.ExampleCases.SmoothedPicardHMC.StandardizedRGOKLFisher.standardized_rgo_unique_prox_and_kl_le_fisher
- declaration: AutoSamplingTheory.TechnicalLemmas.FunctionalInequalities.GaussianMarginalGradient.gaussian_marginal_gradient_closable
- declaration: AutoSamplingTheory.TechnicalLemmas.FunctionalInequalities.GaussianMarginalPoincare.actual_gaussian_marginal_centered_poincare
- declaration: AutoSamplingTheory.TechnicalLemmas.Measure.GaussianReflectedMean.gaussian_reflected_mean_c1
- declaration: AutoSamplingTheory.TechnicalLemmas.Measure.L2PullbackRange.l2_pullback_range_eq_lpMeas
- declaration: AutoSamplingTheory.TechnicalLemmas.Measure.L2RealComplexOperator.exists_positive_complex_lift
- declaration: AutoSamplingTheory.TechnicalLemmas.Measure.L2RealSquareOrder.positive_square_order
- declaration: AutoSamplingTheory.TechnicalLemmas.Measure.L2RealSquareRoot.exists_positive_real_square_root
- declaration: AutoSamplingTheory.TechnicalLemmas.Measure.L2RealSquareRootUnique.positive_square_roots_unique
- declaration: Tests.ProximalBPSCenteredDefect.actual_centered_defect_coercive_and_unit
- declaration: Tests.ProximalBPSMacroscopicRange.actual_centered_macro_contraction_and_defect_gap
- cell: ASTIS-SHARED-gaussian-marginal-gradient
- cell: ASTIS-SHARED-gaussian-marginal-poincare
- cell: ASTIS-SHARED-gaussian-reflected-mean
- cell: ASTIS-SHARED-l2-positive-real-root-uniqueness
- cell: ASTIS-SHARED-l2-positive-real-square-root
- cell: ASTIS-SHARED-l2-pullback-range
- cell: ASTIS-SHARED-l2-real-complex-positive-lift
- cell: ASTIS-SHARED-l2-real-positive-square-order
- cell: ASTIS-SW-PBPS-actual-polar-isometry
- cell: ASTIS-SW-PBPS-ambient-adjoint-corrector
- cell: ASTIS-SW-PBPS-centered-defect-inverse
- cell: ASTIS-SW-PBPS-centered-macro-defect-gap
- cell: ASTIS-SW-PBPS-centered-root-order-inverse
- cell: ASTIS-SW-PBPS-centered-selfadjoint-defect
- cell: ASTIS-SW-PBPS-conditional-gradient-energy
- cell: ASTIS-SW-PBPS-conditional-gradient-variance
- cell: ASTIS-SW-PBPS-l2-macroscopic-mean
- cell: ASTIS-SW-PBPS-literal-reflected-mean
- cell: ASTIS-SW-PBPS-macroscopic-centered-range
- cell: ASTIS-SW-PBPS-macroscopic-energy
- cell: ASTIS-SW-PBPS-positive-defect-complex-lift
- cell: ASTIS-SW-PBPS-real-defect-root
- cell: ASTIS-SW-PBPS-real-defect-root-uniqueness
- cell: ASTIS-SW-PBPS-rough-mean-gradient
- cell: ASTIS-SW-PBPS-source-mean-gradient-domain
- cell: ASTIS-SW-PBPS-unique-macroscopic-defect-root
- cell: ASTIS-SW-SPHMC-standardized-rgo-kl-dimension
- cell: ASTIS-SW-SPHMC-standardized-rgo-kl-fisher
ASTIS contributor contract PASS (affected metadata only; publication/semantic/Lean gates remain required)
