Tests/WeakGradientZeroKernel.lean:19:81: warning: This simp argument is unused:
  potential

Hint: Omit it from the simp argument list.
  [apply] simp [Pi.add_apply, mul_comm]

Note: This linter can be disabled with `set_option linter.unusedSimpArgs false`
Tests/WeakGradientZeroKernel.lean:19:92: warning: This simp argument is unused:
  Pi.add_apply

Hint: Omit it from the simp argument list.
  [apply] simp [potential, mul_comm]

Note: This linter can be disabled with `set_option linter.unusedSimpArgs false`
Tests/WeakGradientZeroKernel.lean:51:6: warning: Try this: 
  letI̵

The goal is a proposition, so `let` is preferred over `letI`.
The difference between `let` and `letI` is that `letI` inlines the value.
But this is not relevant for proofs because of proof irrelevance.

Note: This linter can be disabled with `set_option linter.style.haveILetI false`
'AutoSamplingTheory.TechnicalLemmas.Analysis.WeakGradientZero.ordinary_weak_zero_gradient_ae_constant' depends on axioms: [propext,
 Classical.choice,
 Quot.sound]
'AutoSamplingTheory.TechnicalLemmas.FunctionalInequalities.GibbsGradientKernel.closed_gradient_zero_ae_constant' depends on axioms: [propext,
 Classical.choice,
 Quot.sound]
'AutoSamplingTheory.ExampleCases.ProximalBPS.ConditionalGradientKernel.conditional_gradient_zero_ae_constant' depends on axioms: [propext,
 Classical.choice,
 Quot.sound]
'Tests.WeakGradientZeroKernel.actual_noncompact_seven_weak_zero' depends on axioms: [propext,
 Classical.choice,
 Quot.sound]
'Tests.WeakGradientZeroKernel.actual_nonquadratic_conditional_gradient_zero' depends on axioms: [propext,
 Classical.choice,
 Quot.sound]
