ℹ [3255/3262] Replayed AutoSamplingTheory.ExampleCases.ProximalBPS.ConditionalScore
info: AutoSamplingTheory/ExampleCases/ProximalBPS/ConditionalScore.lean:296:52: Try this:
  [apply] ring_nf
  
  The `ring` tactic failed to close the goal. Use `ring_nf` to obtain a normal form.
    
  Note that `ring` works primarily in *commutative* rings. If you have a noncommutative ring, abelian group or module, consider using `noncomm_ring`, `abel` or `module` instead.
⚠ [3257/3262] Replayed AutoSamplingTheory.ExampleCases.ProximalBPS.ConditionalScoreDomain
warning: AutoSamplingTheory/ExampleCases/ProximalBPS/ConditionalScoreDomain.lean:199:15: This simp argument is unused:
  smul_eq_mul

Hint: Omit it from the simp argument list.
  [apply] simp only [Real.norm_eq_abs, abs_of_nonneg (mul_nonneg (Real.exp_nonneg _) (sq_nonneg _))]

Note: This linter can be disabled with `set_option linter.unusedSimpArgs false`
warning: AutoSamplingTheory/ExampleCases/ProximalBPS/ConditionalScoreDomain.lean:80:114: Used `tac1 <;> tac2` where `(tac1; tac2)` would suffice

Note: This linter can be disabled with `set_option linter.unnecessarySeqFocus false`
⚠ [3304/3304] Replayed Tests.WeakGradientZeroKernel
warning: Tests/WeakGradientZeroKernel.lean:19:81: This simp argument is unused:
  potential

Hint: Omit it from the simp argument list.
  [apply] simp [Pi.add_apply, mul_comm]

Note: This linter can be disabled with `set_option linter.unusedSimpArgs false`
warning: Tests/WeakGradientZeroKernel.lean:19:92: This simp argument is unused:
  Pi.add_apply

Hint: Omit it from the simp argument list.
  [apply] simp [potential, mul_comm]

Note: This linter can be disabled with `set_option linter.unusedSimpArgs false`
warning: Tests/WeakGradientZeroKernel.lean:51:6: Try this: 
  letI̵

The goal is a proposition, so `let` is preferred over `letI`.
The difference between `let` and `letI` is that `letI` inlines the value.
But this is not relevant for proofs because of proof irrelevance.

Note: This linter can be disabled with `set_option linter.style.haveILetI false`
info: Tests/WeakGradientZeroKernel.lean:102:0: 'AutoSamplingTheory.TechnicalLemmas.Analysis.WeakGradientZero.ordinary_weak_zero_gradient_ae_constant' depends on axioms: [propext,
 Classical.choice,
 Quot.sound]
info: Tests/WeakGradientZeroKernel.lean:103:0: 'AutoSamplingTheory.TechnicalLemmas.FunctionalInequalities.GibbsGradientKernel.closed_gradient_zero_ae_constant' depends on axioms: [propext,
 Classical.choice,
 Quot.sound]
info: Tests/WeakGradientZeroKernel.lean:104:0: 'AutoSamplingTheory.ExampleCases.ProximalBPS.ConditionalGradientKernel.conditional_gradient_zero_ae_constant' depends on axioms: [propext,
 Classical.choice,
 Quot.sound]
info: Tests/WeakGradientZeroKernel.lean:105:0: 'Tests.WeakGradientZeroKernel.actual_noncompact_seven_weak_zero' depends on axioms: [propext,
 Classical.choice,
 Quot.sound]
info: Tests/WeakGradientZeroKernel.lean:106:0: 'Tests.WeakGradientZeroKernel.actual_nonquadratic_conditional_gradient_zero' depends on axioms: [propext,
 Classical.choice,
 Quot.sound]
Build completed successfully (3304 jobs).
