.astis/WeakGradientZeroPrototype.lean:19:4: error: typeclass instance problem is stuck
  Module ?m.88 ℝ

Note: Lean will not try to resolve this typeclass instance problem because the first and third type arguments to `Module` contain metavariables. These arguments must be fully determined before Lean will try to resolve the typeclass.

Hint: Adding type annotations and supplying implicit arguments to functions can give Lean more information for typeclass resolution. For example, if you have a variable `x` that you intend to be a `Nat`, but Lean reports it as having an unresolved type like `?m`, replacing `x` with `(x : Nat)` can get typeclass resolution un-stuck.
.astis/WeakGradientZeroPrototype.lean:57:49: error: unsolved goals
E : Type u_1
inst✝⁴ : NormedAddCommGroup E
inst✝³ : InnerProductSpace ℝ E
inst✝² : FiniteDimensional ℝ E
inst✝¹ : MeasurableSpace E
inst✝ : BorelSpace E
u : E → ℝ
hu : LocallyIntegrable u volume
hweak :
  ∀ (ψ : E → ℝ),
    ContDiff ℝ 1 ψ →
      HasCompactSupport ψ →
        ∀ (a : E), Integrable (fun x => u x * (fderiv ℝ ψ x) a) volume ∧ ∫ (x : E), u x * (fderiv ℝ ψ x) a = 0
ρ : ℕ → ContDiffBump 0 := fun n => { rIn := 1 / (↑n + 1), rOut := 2 / (↑n + 1), rIn_pos := ⋯, rIn_lt_rOut := ⋯ }
hρ : Tendsto (fun n => (ρ n).rOut) atTop (𝓝 0)
n : ℕ
⊢ 1 ≤ 1
.astis/WeakGradientZeroPrototype.lean:65:4: error: failed to synthesize
  NormedSpace ?𝕜 E

Hint: Additional diagnostic information may be available using the `set_option diagnostics true` command.
.astis/WeakGradientZeroPrototype.lean:74:14: error(lean.unknownIdentifier): Unknown constant `convolution_derivative_zero`
'WeakGradientZeroPrototype.ordinary_weak_zero_gradient_ae_constant' depends on axioms: [propext,
 sorryAx,
 Classical.choice,
 Quot.sound]
