.astis/WeakGradientZeroPrototype.lean:155:56: error: unsolved goals
⊢ ¬IsFiniteMeasure ℙ
.astis/WeakGradientZeroPrototype.lean:166:6: error: Type mismatch: After simplification, term
  hn
 has type
  x ∉ tsupport (fderiv ℝ ψ)
but is expected to have type
  fderiv ℝ ψ x = 0
.astis/WeakGradientZeroPrototype.lean:173:60: error: Type mismatch
  integrable_zero
has type
  ∀ (α : Type ?u.161) {m : MeasurableSpace α} (ε' : Type ?u.160) [inst : TopologicalSpace ε']
    [inst_1 : ESeminormedAddMonoid ε'] (μ : Measure α), Integrable 0 μ
but is expected to have type
  Integrable (fun x => 0) ℙ
.astis/WeakGradientZeroPrototype.lean:176:2: error: Type mismatch: After simplification, term
  h
 has type
  ∫ (x : ℝ), 7 * (fderiv ℝ ψ x) a = -∫ (x : ℝ), (fderiv ℝ (fun x => 7) x) a * ψ x
but is expected to have type
  ∫ (x : ℝ), 7 * (fderiv ℝ ψ x) a = 0
.astis/WeakGradientZeroPrototype.lean:156:32: warning: This simp argument is unused:
  Real.volume_univ

Hint: Omit it from the simp argument list.
  [apply] simp [integrable_const_iff]

Note: This linter can be disabled with `set_option linter.unusedSimpArgs false`
'WeakGradientZeroPrototype.actual_noncompact_seven_weak_zero' depends on axioms: [propext,
 sorryAx,
 Classical.choice,
 Quot.sound]
'WeakGradientZeroPrototype.conditional_gradient_kernel_constants' depends on axioms: [propext,
 Classical.choice,
 Quot.sound]
'WeakGradientZeroPrototype.gibbs_closed_gradient_kernel_constants' depends on axioms: [propext,
 Classical.choice,
 Quot.sound]
'_private.«.astis».WeakGradientZeroPrototype.0.WeakGradientZeroPrototype.convolution_derivative_zero' depends on axioms: [propext,
 Classical.choice,
 Quot.sound]
'WeakGradientZeroPrototype.ordinary_weak_zero_gradient_ae_constant' depends on axioms: [propext,
 Classical.choice,
 Quot.sound]
