.astis/WeakGradientZeroPrototype.lean:30:10: error: Tactic `rewrite` failed: Did not find an occurrence of the pattern
  fderiv ℝ (φ ∘ HSub.hSub x) y
in the target expression
  (fderiv ℝ ψ y) a = -(fderiv ℝ φ (x - y)) a

E : Type u_1
inst✝⁴ : NormedAddCommGroup E
inst✝³ : InnerProductSpace ℝ E
inst✝² : FiniteDimensional ℝ E
inst✝¹ : MeasurableSpace E
inst✝ : BorelSpace E
u φ : E → ℝ
hu : LocallyIntegrable u volume
hφ : ContDiff ℝ 1 φ
hc : HasCompactSupport φ
hweak :
  ∀ (ψ : E → ℝ),
    ContDiff ℝ 1 ψ →
      HasCompactSupport ψ →
        ∀ (a : E), Integrable (fun x => u x * (fderiv ℝ ψ x) a) volume ∧ ∫ (x : E), u x * (fderiv ℝ ψ x) a = 0
x : E
hder : HasFDerivAt (φ ⋆[lsmul ℝ ℝ, volume] u) ((fderiv ℝ φ ⋆[precompL E (lsmul ℝ ℝ), volume] u) x) x
a : E
ψ : E → ℝ := fun y => φ (x - y)
hψ : ContDiff ℝ 1 ψ
hψc : HasCompactSupport ψ
y : E
h : HasFDerivAt (φ ∘ HSub.hSub x) (fderiv ℝ φ (x - y) ∘SL (-ContinuousLinearMap.id ℝ E)) y
⊢ (fderiv ℝ ψ y) a = -(fderiv ℝ φ (x - y)) a
.astis/WeakGradientZeroPrototype.lean:37:8: error: Tactic `rewrite` failed: Did not find an occurrence of the pattern
  ?m.501 ⋆[ContinuousLinearMap.flip ?L, ?μ] ?m.500
in the target expression
  ((fderiv ℝ φ ⋆[precompL E (lsmul ℝ ℝ), volume] u) x) a = 0 a

E : Type u_1
inst✝⁴ : NormedAddCommGroup E
inst✝³ : InnerProductSpace ℝ E
inst✝² : FiniteDimensional ℝ E
inst✝¹ : MeasurableSpace E
inst✝ : BorelSpace E
u φ : E → ℝ
hu : LocallyIntegrable u volume
hφ : ContDiff ℝ 1 φ
hc : HasCompactSupport φ
hweak :
  ∀ (ψ : E → ℝ),
    ContDiff ℝ 1 ψ →
      HasCompactSupport ψ →
        ∀ (a : E), Integrable (fun x => u x * (fderiv ℝ ψ x) a) volume ∧ ∫ (x : E), u x * (fderiv ℝ ψ x) a = 0
x : E
hder : HasFDerivAt (φ ⋆[lsmul ℝ ℝ, volume] u) ((fderiv ℝ φ ⋆[precompL E (lsmul ℝ ℝ), volume] u) x) x
a : E
ψ : E → ℝ := fun y => φ (x - y)
hψ : ContDiff ℝ 1 ψ
hψc : HasCompactSupport ψ
hψD : ∀ (y : E), (fderiv ℝ ψ y) a = -(fderiv ℝ φ (x - y)) a
hweak0 : ∫ (x_1 : E), u x_1 * -(fderiv ℝ φ (x - x_1)) a = 0
hn : ∫ (y : E), u y * (fderiv ℝ φ (x - y)) a = 0
⊢ ((fderiv ℝ φ ⋆[precompL E (lsmul ℝ ℝ), volume] u) x) a = 0 a
'_private.«.astis».WeakGradientZeroPrototype.0.WeakGradientZeroPrototype.convolution_derivative_zero' depends on axioms: [propext,
 sorryAx,
 Classical.choice,
 Quot.sound]
'WeakGradientZeroPrototype.ordinary_weak_zero_gradient_ae_constant' depends on axioms: [propext,
 sorryAx,
 Classical.choice,
 Quot.sound]
