runs/20261007-companion-priority/pbps-centered-root64/combined-draft-v2.lean:25:2: warning: Try this: 
  letI̵

The goal is a proposition, so `let` is preferred over `letI`.
The difference between `let` and `letI` is that `letI` inlines the value.
But this is not relevant for proofs because of proof irrelevance.

Note: This linter can be disabled with `set_option linter.style.haveILetI false`
runs/20261007-companion-priority/pbps-centered-root64/combined-draft-v2.lean:27:2: warning: Try this: 
  letI̵

The goal is a proposition, so `let` is preferred over `letI`.
The difference between `let` and `letI` is that `letI` inlines the value.
But this is not relevant for proofs because of proof irrelevance.

Note: This linter can be disabled with `set_option linter.style.haveILetI false`
runs/20261007-companion-priority/pbps-centered-root64/combined-draft-v2.lean:29:2: warning: Try this: 
  letI̵

The goal is a proposition, so `let` is preferred over `letI`.
The difference between `let` and `letI` is that `letI` inlines the value.
But this is not relevant for proofs because of proof irrelevance.

Note: This linter can be disabled with `set_option linter.style.haveILetI false`
runs/20261007-companion-priority/pbps-centered-root64/combined-draft-v2.lean:32:2: warning: Try this: 
  letI̵

The goal is a proposition, so `let` is preferred over `letI`.
The difference between `let` and `letI` is that `letI` inlines the value.
But this is not relevant for proofs because of proof irrelevance.

Note: This linter can be disabled with `set_option linter.style.haveILetI false`
runs/20261007-companion-priority/pbps-centered-root64/combined-draft-v2.lean:52:15: warning: `ContinuousLinearMap.sub_apply` has been deprecated: Use `sub_apply` instead

Note: The updated constant is in a different namespace. Dot notation may need to be changed (e.g., from `x.sub_apply` to `sub_apply x`).
runs/20261007-companion-priority/pbps-centered-root64/combined-draft-v2.lean:52:45: warning: `ContinuousLinearMap.mul_apply` has been deprecated: Use `mul_apply_eq_comp` instead

Note: The updated constant is in a different namespace. Dot notation may need to be changed (e.g., from `x.mul_apply` to `mul_apply_eq_comp x`).
runs/20261007-companion-priority/pbps-centered-root64/combined-draft-v2.lean:66:2: warning: Try this: 
  letI̵

The goal is a proposition, so `let` is preferred over `letI`.
The difference between `let` and `letI` is that `letI` inlines the value.
But this is not relevant for proofs because of proof irrelevance.

Note: This linter can be disabled with `set_option linter.style.haveILetI false`
runs/20261007-companion-priority/pbps-centered-root64/combined-draft-v2.lean:76:15: warning: `ContinuousLinearMap.sub_apply` has been deprecated: Use `sub_apply` instead

Note: The updated constant is in a different namespace. Dot notation may need to be changed (e.g., from `x.sub_apply` to `sub_apply x`).
'AutoSamplingTheory.TechnicalLemmas.Measure.L2RealSquareOrder.positive_square_order' depends on axioms: [propext,
 Classical.choice,
 Quot.sound]
runs/20261007-companion-priority/pbps-centered-root64/combined-draft-v2.lean:171:2: warning: Try this: 
  letI̵

The goal is a proposition, so `let` is preferred over `letI`.
The difference between `let` and `letI` is that `letI` inlines the value.
But this is not relevant for proofs because of proof irrelevance.

Note: This linter can be disabled with `set_option linter.style.haveILetI false`
runs/20261007-companion-priority/pbps-centered-root64/combined-draft-v2.lean:172:2: warning: Try this: 
  letI̵

The goal is a proposition, so `let` is preferred over `letI`.
The difference between `let` and `letI` is that `letI` inlines the value.
But this is not relevant for proofs because of proof irrelevance.

Note: This linter can be disabled with `set_option linter.style.haveILetI false`
runs/20261007-companion-priority/pbps-centered-root64/combined-draft-v2.lean:174:2: warning: Try this: 
  letI̵

The goal is a proposition, so `let` is preferred over `letI`.
The difference between `let` and `letI` is that `letI` inlines the value.
But this is not relevant for proofs because of proof irrelevance.

Note: This linter can be disabled with `set_option linter.style.haveILetI false`
runs/20261007-companion-priority/pbps-centered-root64/combined-draft-v2.lean:175:2: warning: Try this: 
  letI̵

The goal is a proposition, so `let` is preferred over `letI`.
The difference between `let` and `letI` is that `letI` inlines the value.
But this is not relevant for proofs because of proof irrelevance.

Note: This linter can be disabled with `set_option linter.style.haveILetI false`
runs/20261007-companion-priority/pbps-centered-root64/combined-draft-v2.lean:184:2: warning: Try this: 
  letI̵

The goal is a proposition, so `let` is preferred over `letI`.
The difference between `let` and `letI` is that `letI` inlines the value.
But this is not relevant for proofs because of proof irrelevance.

Note: This linter can be disabled with `set_option linter.style.haveILetI false`
runs/20261007-companion-priority/pbps-centered-root64/combined-draft-v2.lean:185:2: warning: Try this: 
  letI̵

The goal is a proposition, so `let` is preferred over `letI`.
The difference between `let` and `letI` is that `letI` inlines the value.
But this is not relevant for proofs because of proof irrelevance.

Note: This linter can be disabled with `set_option linter.style.haveILetI false`
runs/20261007-companion-priority/pbps-centered-root64/combined-draft-v2.lean:186:2: warning: Try this: 
  letI̵

The goal is a proposition, so `let` is preferred over `letI`.
The difference between `let` and `letI` is that `letI` inlines the value.
But this is not relevant for proofs because of proof irrelevance.

Note: This linter can be disabled with `set_option linter.style.haveILetI false`
runs/20261007-companion-priority/pbps-centered-root64/combined-draft-v2.lean:199:8: error: Tactic `rewrite` failed: Did not find an occurrence of the pattern
  ⟪↑T ?x, ?y⟫_ℝ
in the target expression
  ⟪T q, u⟫_ℝ = ⟪q, u⟫_ℝ

E : Type u_1
inst✝⁴ : NormedAddCommGroup E
inst✝³ : InnerProductSpace ℝ E
inst✝² : FiniteDimensional ℝ E
inst✝¹ : MeasurableSpace E
inst✝ : BorelSpace E
V : E → ℝ
α β : ℝ≥0
η : ℝ
hα : 0 < ↑α
hαβ : α ≤ β
hV : ContDiff ℝ 2 V
hH : ∀ (x v : E), ↑α * ‖v‖ ^ 2 ≤ ((fderiv ℝ (fderiv ℝ V) x) v) v ∧ ((fderiv ℝ (fderiv ℝ V) x) v) v ≤ ↑β * ‖v‖ ^ 2
hη : 0 < η
hβη : ↑β * η ≤ 1
μ : Measure E := ℙ.tilted fun x => -V x
J : Measure (E × E) := Measure.map (fun p => (p.1, p.1 + √η • p.2)) (μ.prod (stdGaussian E))
ν : Measure E := J.snd
mY : MeasurableSpace (E × E) := MeasurableSpace.comap Prod.snd inferInstance
this✝⁵ : MeasurableSpace (E × E) := Prod.instMeasurableSpace
this✝⁴ : Fact (mY ≤ inferInstance) := { out := Measurable.comap_le measurable_snd }
HP : Submodule ℝ ↥(Lp ℝ 2 J) := lpMeas ℝ ℝ mY 2 J
this✝³ : NormedAddCommGroup ↥HP := HP.normedAddCommGroup
this✝² : InnerProductSpace ℝ ↥HP := HP.innerProductSpace
P : ↥(Lp ℝ 2 J) →L[ℝ] ↥(Lp ℝ 2 J) := HP.subtypeL ∘SL condExpL2 ℝ ℝ ⋯
hμ : IsProbabilityMeasure (ℙ.tilted fun x => -V x)
hJ : IsProbabilityMeasure (Measure.map (fun p => (p.1, p.1 + √η • p.2)) ((ℙ.tilted fun x => -V x).prod (stdGaussian E)))
hν :
  IsProbabilityMeasure
    (Measure.map (fun p => (p.1, p.1 + √η • p.2)) ((ℙ.tilted fun x => -V x).prod (stdGaussian E))).snd
hRange :
  lpMeas ℝ ℝ (MeasurableSpace.comap Prod.snd inferInstance) 2
      (Measure.map (fun p => (p.1, p.1 + √η • p.2)) ((ℙ.tilted fun x => -V x).prod (stdGaussian E))) =
    (↑((lpMeas ℝ ℝ (MeasurableSpace.comap Prod.snd inferInstance) 2
              (Measure.map (fun p => (p.1, p.1 + √η • p.2))
                ((ℙ.tilted fun x => -V x).prod (stdGaussian E)))).subtypeL ∘SL
          condExpL2 ℝ ℝ ⋯)).range
hPf :
  ∀
    (f :
      ↥(lpMeas ℝ ℝ (MeasurableSpace.comap Prod.snd inferInstance) 2
          (Measure.map (fun p => (p.1, p.1 + √η • p.2)) ((ℙ.tilted fun x => -V x).prod (stdGaussian E))))),
    ((lpMeas ℝ ℝ (MeasurableSpace.comap Prod.snd inferInstance) 2
              (Measure.map (fun p => (p.1, p.1 + √η • p.2))
                ((ℙ.tilted fun x => -V x).prod (stdGaussian E)))).subtypeL ∘SL
          condExpL2 ℝ ℝ ⋯)
        ↑f =
      ↑f
S : Kernel E E
hS : IsMarkovKernel S
hSd : ∀ (y : E), S y = ℙ.tilted fun x => -V ((1 / 2) • (y + x)) - ‖y - x‖ ^ 2 / (8 * η)
hSc :
  (Measure.map (fun p => (p.2, 2 • p.1 - p.2))
        (Measure.map (fun p => (p.1, p.1 + √η • p.2)) ((ℙ.tilted fun x => -V x).prod (stdGaussian E)))).IsCondKernel
    S
hSf :
  (Measure.map (fun p => (p.2, 2 • p.1 - p.2))
        (Measure.map (fun p => (p.1, p.1 + √η • p.2)) ((ℙ.tilted fun x => -V x).prod (stdGaussian E)))).fst =
    (Measure.map (fun p => (p.1, p.1 + √η • p.2)) ((ℙ.tilted fun x => -V x).prod (stdGaussian E))).snd
hSs :
  (Measure.map (fun p => (p.2, 2 • p.1 - p.2))
        (Measure.map (fun p => (p.1, p.1 + √η • p.2)) ((ℙ.tilted fun x => -V x).prod (stdGaussian E)))).snd =
    (Measure.map (fun p => (p.1, p.1 + √η • p.2)) ((ℙ.tilted fun x => -V x).prod (stdGaussian E))).snd
e :
  ↥(Lp ℝ 2 (Measure.map (fun p => (p.1, p.1 + √η • p.2)) ((ℙ.tilted fun x => -V x).prod (stdGaussian E))).snd) ≃ₗᵢ[ℝ]
    ↥(lpMeas ℝ ℝ (MeasurableSpace.comap Prod.snd inferInstance) 2
        (Measure.map (fun p => (p.1, p.1 + √η • p.2)) ((ℙ.tilted fun x => -V x).prod (stdGaussian E))))
he :
  ∀ (u : ↥(Lp ℝ 2 (Measure.map (fun p => (p.1, p.1 + √η • p.2)) ((ℙ.tilted fun x => -V x).prod (stdGaussian E))).snd)),
    ↑(e u) = (Lp.compMeasurePreservingₗᵢ ℝ Prod.snd ⋯) u
U :
  ↥(Lp ℝ 2 (Measure.map (fun p => (p.1, p.1 + √η • p.2)) ((ℙ.tilted fun x => -V x).prod (stdGaussian E)))) →ₗᵢ[ℝ]
    ↥(Lp ℝ 2 (Measure.map (fun p => (p.1, p.1 + √η • p.2)) ((ℙ.tilted fun x => -V x).prod (stdGaussian E))))
hU :
  ∀ (g : ↥(Lp ℝ 2 (Measure.map (fun p => (p.1, p.1 + √η • p.2)) ((ℙ.tilted fun x => -V x).prod (stdGaussian E))))),
    ↑↑(U g) =ᵐ[Measure.map (fun p => (p.1, p.1 + √η • p.2)) ((ℙ.tilted fun x => -V x).prod (stdGaussian E))]
      ↑↑g ∘ fun p => (p.1, 2 • p.1 - p.2)
hUi : Function.Involutive ⇑U
hUs : IsSelfAdjoint U.toContinuousLinearMap
T :
  ↥(Lp ℝ 2 (Measure.map (fun p => (p.1, p.1 + √η • p.2)) ((ℙ.tilted fun x => -V x).prod (stdGaussian E))).snd) →L[ℝ]
    ↥(Lp ℝ 2 (Measure.map (fun p => (p.1, p.1 + √η • p.2)) ((ℙ.tilted fun x => -V x).prod (stdGaussian E))).snd)
hTs : IsSelfAdjoint T
hAll :
  ∀ (u : ↥(Lp ℝ 2 (Measure.map (fun p => (p.1, p.1 + √η • p.2)) ((ℙ.tilted fun x => -V x).prod (stdGaussian E))).snd)),
    ‖T u‖ ≤ ‖u‖ ∧
      (↑↑(T u) =ᵐ[(Measure.map (fun p => (p.1, p.1 + √η • p.2)) ((ℙ.tilted fun x => -V x).prod (stdGaussian E))).snd]
          fun y => ∫ (x : E), ↑↑u x ∂S y) ∧
        ∫ (y : E),
            ↑↑(T u)
              y ∂(Measure.map (fun p => (p.1, p.1 + √η • p.2)) ((ℙ.tilted fun x => -V x).prod (stdGaussian E))).snd =
          ∫ (y : E),
            ↑↑u y ∂(Measure.map (fun p => (p.1, p.1 + √η • p.2)) ((ℙ.tilted fun x => -V x).prod (stdGaussian E))).snd
hAeq :
  (lpMeas ℝ ℝ (MeasurableSpace.comap Prod.snd inferInstance) 2
          (Measure.map (fun p => (p.1, p.1 + √η • p.2))
            ((ℙ.tilted fun x => -V x).prod (stdGaussian E)))).orthogonalProjectionOnto ∘SL
      U.toContinuousLinearMap ∘SL
        (lpMeas ℝ ℝ (MeasurableSpace.comap Prod.snd inferInstance) 2
            (Measure.map (fun p => (p.1, p.1 + √η • p.2)) ((ℙ.tilted fun x => -V x).prod (stdGaussian E)))).subtypeL =
    e.conjStarAlgEquiv T
hAs :
  IsSelfAdjoint
    ((lpMeas ℝ ℝ (MeasurableSpace.comap Prod.snd inferInstance) 2
          (Measure.map (fun p => (p.1, p.1 + √η • p.2))
            ((ℙ.tilted fun x => -V x).prod (stdGaussian E)))).orthogonalProjectionOnto ∘SL
      U.toContinuousLinearMap ∘SL
        (lpMeas ℝ ℝ (MeasurableSpace.comap Prod.snd inferInstance) 2
            (Measure.map (fun p => (p.1, p.1 + √η • p.2)) ((ℙ.tilted fun x => -V x).prod (stdGaussian E)))).subtypeL)
hAn :
  ∀
    (f :
      ↥(lpMeas ℝ ℝ (MeasurableSpace.comap Prod.snd inferInstance) 2
          (Measure.map (fun p => (p.1, p.1 + √η • p.2)) ((ℙ.tilted fun x => -V x).prod (stdGaussian E))))),
    ‖((lpMeas ℝ ℝ (MeasurableSpace.comap Prod.snd inferInstance) 2
                (Measure.map (fun p => (p.1, p.1 + √η • p.2))
                  ((ℙ.tilted fun x => -V x).prod (stdGaussian E)))).orthogonalProjectionOnto ∘SL
            U.toContinuousLinearMap ∘SL
              (lpMeas ℝ ℝ (MeasurableSpace.comap Prod.snd inferInstance) 2
                  (Measure.map (fun p => (p.1, p.1 + √η • p.2))
                    ((ℙ.tilted fun x => -V x).prod (stdGaussian E)))).subtypeL)
          f‖ ≤
      ‖f‖
hPB :
  ∀
    (f :
      ↥(lpMeas ℝ ℝ (MeasurableSpace.comap Prod.snd inferInstance) 2
          (Measure.map (fun p => (p.1, p.1 + √η • p.2)) ((ℙ.tilted fun x => -V x).prod (stdGaussian E))))),
    ((lpMeas ℝ ℝ (MeasurableSpace.comap Prod.snd inferInstance) 2
              (Measure.map (fun p => (p.1, p.1 + √η • p.2))
                ((ℙ.tilted fun x => -V x).prod (stdGaussian E)))).subtypeL ∘SL
          condExpL2 ℝ ℝ ⋯)
        ((((1 -
                  (lpMeas ℝ ℝ (MeasurableSpace.comap Prod.snd inferInstance) 2
                        (Measure.map (fun p => (p.1, p.1 + √η • p.2))
                          ((ℙ.tilted fun x => -V x).prod (stdGaussian E)))).subtypeL ∘SL
                    condExpL2 ℝ ℝ ⋯) *
                U.toContinuousLinearMap *
              (lpMeas ℝ ℝ (MeasurableSpace.comap Prod.snd inferInstance) 2
                    (Measure.map (fun p => (p.1, p.1 + √η • p.2))
                      ((ℙ.tilted fun x => -V x).prod (stdGaussian E)))).subtypeL ∘SL
                condExpL2 ℝ ℝ ⋯) ∘SL
            (lpMeas ℝ ℝ (MeasurableSpace.comap Prod.snd inferInstance) 2
                (Measure.map (fun p => (p.1, p.1 + √η • p.2))
                  ((ℙ.tilted fun x => -V x).prod (stdGaussian E)))).subtypeL)
          f) =
      0
Γ :
  ↥(Lp ℝ 2 (Measure.map (fun p => (p.1, p.1 + √η • p.2)) ((ℙ.tilted fun x => -V x).prod (stdGaussian E))).snd) →L[ℝ]
    ↥(Lp ℝ 2 (Measure.map (fun p => (p.1, p.1 + √η • p.2)) ((ℙ.tilted fun x => -V x).prod (stdGaussian E))).snd)
hΓ : Γ.IsPositive
hΓSq : Γ * Γ = 1 - T * T
hΓP : (e.conjStarAlgEquiv Γ).IsPositive
hΓPSq :
  e.conjStarAlgEquiv Γ * e.conjStarAlgEquiv Γ =
    1 -
      (lpMeas ℝ ℝ (MeasurableSpace.comap Prod.snd inferInstance) 2
              (Measure.map (fun p => (p.1, p.1 + √η • p.2))
                ((ℙ.tilted fun x => -V x).prod (stdGaussian E)))).orthogonalProjectionOnto ∘SL
          U.toContinuousLinearMap ∘SL
            (lpMeas ℝ ℝ (MeasurableSpace.comap Prod.snd inferInstance) 2
                (Measure.map (fun p => (p.1, p.1 + √η • p.2))
                  ((ℙ.tilted fun x => -V x).prod (stdGaussian E)))).subtypeL *
        (lpMeas ℝ ℝ (MeasurableSpace.comap Prod.snd inferInstance) 2
              (Measure.map (fun p => (p.1, p.1 + √η • p.2))
                ((ℙ.tilted fun x => -V x).prod (stdGaussian E)))).orthogonalProjectionOnto ∘SL
          U.toContinuousLinearMap ∘SL
            (lpMeas ℝ ℝ (MeasurableSpace.comap Prod.snd inferInstance) 2
                (Measure.map (fun p => (p.1, p.1 + √η • p.2)) ((ℙ.tilted fun x => -V x).prod (stdGaussian E)))).subtypeL
hGram :
  ContinuousLinearMap.adjoint
        (((1 -
                (lpMeas ℝ ℝ (MeasurableSpace.comap Prod.snd inferInstance) 2
                      (Measure.map (fun p => (p.1, p.1 + √η • p.2))
                        ((ℙ.tilted fun x => -V x).prod (stdGaussian E)))).subtypeL ∘SL
                  condExpL2 ℝ ℝ ⋯) *
              U.toContinuousLinearMap *
            (lpMeas ℝ ℝ (MeasurableSpace.comap Prod.snd inferInstance) 2
                  (Measure.map (fun p => (p.1, p.1 + √η • p.2))
                    ((ℙ.tilted fun x => -V x).prod (stdGaussian E)))).subtypeL ∘SL
              condExpL2 ℝ ℝ ⋯) ∘SL
          (lpMeas ℝ ℝ (MeasurableSpace.comap Prod.snd inferInstance) 2
              (Measure.map (fun p => (p.1, p.1 + √η • p.2))
                ((ℙ.tilted fun x => -V x).prod (stdGaussian E)))).subtypeL) ∘SL
      ((1 -
              (lpMeas ℝ ℝ (MeasurableSpace.comap Prod.snd inferInstance) 2
                    (Measure.map (fun p => (p.1, p.1 + √η • p.2))
                      ((ℙ.tilted fun x => -V x).prod (stdGaussian E)))).subtypeL ∘SL
                condExpL2 ℝ ℝ ⋯) *
            U.toContinuousLinearMap *
          (lpMeas ℝ ℝ (MeasurableSpace.comap Prod.snd inferInstance) 2
                (Measure.map (fun p => (p.1, p.1 + √η • p.2))
                  ((ℙ.tilted fun x => -V x).prod (stdGaussian E)))).subtypeL ∘SL
            condExpL2 ℝ ℝ ⋯) ∘SL
        (lpMeas ℝ ℝ (MeasurableSpace.comap Prod.snd inferInstance) 2
            (Measure.map (fun p => (p.1, p.1 + √η • p.2)) ((ℙ.tilted fun x => -V x).prod (stdGaussian E)))).subtypeL =
    e.conjStarAlgEquiv Γ * e.conjStarAlgEquiv Γ
hEnergy :
  ∀
    (f :
      ↥(lpMeas ℝ ℝ (MeasurableSpace.comap Prod.snd inferInstance) 2
          (Measure.map (fun p => (p.1, p.1 + √η • p.2)) ((ℙ.tilted fun x => -V x).prod (stdGaussian E))))),
    ‖(((1 -
                    (lpMeas ℝ ℝ (MeasurableSpace.comap Prod.snd inferInstance) 2
                          (Measure.map (fun p => (p.1, p.1 + √η • p.2))
                            ((ℙ.tilted fun x => -V x).prod (stdGaussian E)))).subtypeL ∘SL
                      condExpL2 ℝ ℝ ⋯) *
                  U.toContinuousLinearMap *
                (lpMeas ℝ ℝ (MeasurableSpace.comap Prod.snd inferInstance) 2
                      (Measure.map (fun p => (p.1, p.1 + √η • p.2))
                        ((ℙ.tilted fun x => -V x).prod (stdGaussian E)))).subtypeL ∘SL
                  condExpL2 ℝ ℝ ⋯) ∘SL
              (lpMeas ℝ ℝ (MeasurableSpace.comap Prod.snd inferInstance) 2
                  (Measure.map (fun p => (p.1, p.1 + √η • p.2))
                    ((ℙ.tilted fun x => -V x).prod (stdGaussian E)))).subtypeL)
            f‖ =
        ‖(e.conjStarAlgEquiv Γ) f‖ ∧
      ‖(e.conjStarAlgEquiv Γ) f‖ ^ 2 =
        ‖f‖ ^ 2 -
          ‖((lpMeas ℝ ℝ (MeasurableSpace.comap Prod.snd inferInstance) 2
                      (Measure.map (fun p => (p.1, p.1 + √η • p.2))
                        ((ℙ.tilted fun x => -V x).prod (stdGaussian E)))).orthogonalProjectionOnto ∘SL
                  U.toContinuousLinearMap ∘SL
                    (lpMeas ℝ ℝ (MeasurableSpace.comap Prod.snd inferInstance) 2
                        (Measure.map (fun p => (p.1, p.1 + √η • p.2))
                          ((ℙ.tilted fun x => -V x).prod (stdGaussian E)))).subtypeL)
                f‖ ^
            2
hUnique :
  ∀
    (G :
      ↥(lpMeas ℝ ℝ (MeasurableSpace.comap Prod.snd inferInstance) 2
            (Measure.map (fun p => (p.1, p.1 + √η • p.2)) ((ℙ.tilted fun x => -V x).prod (stdGaussian E)))) →L[ℝ]
        ↥(lpMeas ℝ ℝ (MeasurableSpace.comap Prod.snd inferInstance) 2
            (Measure.map (fun p => (p.1, p.1 + √η • p.2)) ((ℙ.tilted fun x => -V x).prod (stdGaussian E))))),
    G.IsPositive →
      G * G =
          1 -
            (lpMeas ℝ ℝ (MeasurableSpace.comap Prod.snd inferInstance) 2
                    (Measure.map (fun p => (p.1, p.1 + √η • p.2))
                      ((ℙ.tilted fun x => -V x).prod (stdGaussian E)))).orthogonalProjectionOnto ∘SL
                U.toContinuousLinearMap ∘SL
                  (lpMeas ℝ ℝ (MeasurableSpace.comap Prod.snd inferInstance) 2
                      (Measure.map (fun p => (p.1, p.1 + √η • p.2))
                        ((ℙ.tilted fun x => -V x).prod (stdGaussian E)))).subtypeL *
              (lpMeas ℝ ℝ (MeasurableSpace.comap Prod.snd inferInstance) 2
                    (Measure.map (fun p => (p.1, p.1 + √η • p.2))
                      ((ℙ.tilted fun x => -V x).prod (stdGaussian E)))).orthogonalProjectionOnto ∘SL
                U.toContinuousLinearMap ∘SL
                  (lpMeas ℝ ℝ (MeasurableSpace.comap Prod.snd inferInstance) 2
                      (Measure.map (fun p => (p.1, p.1 + √η • p.2))
                        ((ℙ.tilted fun x => -V x).prod (stdGaussian E)))).subtypeL →
        G = e.conjStarAlgEquiv Γ
this✝¹ : IsProbabilityMeasure μ := hμ
this✝ : IsProbabilityMeasure J := hJ
this : IsProbabilityMeasure ν := hν
A : ↥HP →L[ℝ] ↥HP := HP.orthogonalProjectionOnto ∘SL U.toContinuousLinearMap ∘SL HP.subtypeL
B : ↥HP →L[ℝ] ↥(Lp ℝ 2 J) := ((1 - P) * U.toContinuousLinearMap * P) ∘SL HP.subtypeL
ΓP : ↥HP →L[ℝ] ↥HP := e.conjStarAlgEquiv Γ
q : ↥(Lp ℝ 2 ν) := TechnicalLemmas.Measure.L2Expectation.one ν
hq : ∀ (u : ↥(Lp ℝ 2 ν)), ⟪q, u⟫_ℝ = ∫ (y : E), ↑↑u y ∂ν
hqa : ↑↑q =ᵐ[ν] fun x => 1
u : ↥(Lp ℝ 2 (Measure.map (fun p => (p.1, p.1 + √η • p.2)) ((ℙ.tilted fun x => -V x).prod (stdGaussian E))).snd)
⊢ ⟪T q, u⟫_ℝ = ⟪q, u⟫_ℝ
runs/20261007-companion-priority/pbps-centered-root64/combined-draft-v2.lean:205:36: error: Tactic `rewrite` failed: Did not find an occurrence of the pattern
  Γ * Γ
in the target expression
  ‖Γ u‖ ^ 2 = RCLike.re ⟪u, (Γ ∘SL Γ) u⟫_ℝ

E : Type u_1
inst✝⁴ : NormedAddCommGroup E
inst✝³ : InnerProductSpace ℝ E
inst✝² : FiniteDimensional ℝ E
inst✝¹ : MeasurableSpace E
inst✝ : BorelSpace E
V : E → ℝ
α β : ℝ≥0
η : ℝ
hα : 0 < ↑α
hαβ : α ≤ β
hV : ContDiff ℝ 2 V
hH : ∀ (x v : E), ↑α * ‖v‖ ^ 2 ≤ ((fderiv ℝ (fderiv ℝ V) x) v) v ∧ ((fderiv ℝ (fderiv ℝ V) x) v) v ≤ ↑β * ‖v‖ ^ 2
hη : 0 < η
hβη : ↑β * η ≤ 1
μ : Measure E := ℙ.tilted fun x => -V x
J : Measure (E × E) := Measure.map (fun p => (p.1, p.1 + √η • p.2)) (μ.prod (stdGaussian E))
ν : Measure E := J.snd
mY : MeasurableSpace (E × E) := MeasurableSpace.comap Prod.snd inferInstance
this✝⁵ : MeasurableSpace (E × E) := Prod.instMeasurableSpace
this✝⁴ : Fact (mY ≤ inferInstance) := { out := Measurable.comap_le measurable_snd }
HP : Submodule ℝ ↥(Lp ℝ 2 J) := lpMeas ℝ ℝ mY 2 J
this✝³ : NormedAddCommGroup ↥HP := HP.normedAddCommGroup
this✝² : InnerProductSpace ℝ ↥HP := HP.innerProductSpace
P : ↥(Lp ℝ 2 J) →L[ℝ] ↥(Lp ℝ 2 J) := HP.subtypeL ∘SL condExpL2 ℝ ℝ ⋯
hμ : IsProbabilityMeasure (ℙ.tilted fun x => -V x)
hJ : IsProbabilityMeasure (Measure.map (fun p => (p.1, p.1 + √η • p.2)) ((ℙ.tilted fun x => -V x).prod (stdGaussian E)))
hν :
  IsProbabilityMeasure
    (Measure.map (fun p => (p.1, p.1 + √η • p.2)) ((ℙ.tilted fun x => -V x).prod (stdGaussian E))).snd
hRange :
  lpMeas ℝ ℝ (MeasurableSpace.comap Prod.snd inferInstance) 2
      (Measure.map (fun p => (p.1, p.1 + √η • p.2)) ((ℙ.tilted fun x => -V x).prod (stdGaussian E))) =
    (↑((lpMeas ℝ ℝ (MeasurableSpace.comap Prod.snd inferInstance) 2
              (Measure.map (fun p => (p.1, p.1 + √η • p.2))
                ((ℙ.tilted fun x => -V x).prod (stdGaussian E)))).subtypeL ∘SL
          condExpL2 ℝ ℝ ⋯)).range
hPf :
  ∀
    (f :
      ↥(lpMeas ℝ ℝ (MeasurableSpace.comap Prod.snd inferInstance) 2
          (Measure.map (fun p => (p.1, p.1 + √η • p.2)) ((ℙ.tilted fun x => -V x).prod (stdGaussian E))))),
    ((lpMeas ℝ ℝ (MeasurableSpace.comap Prod.snd inferInstance) 2
              (Measure.map (fun p => (p.1, p.1 + √η • p.2))
                ((ℙ.tilted fun x => -V x).prod (stdGaussian E)))).subtypeL ∘SL
          condExpL2 ℝ ℝ ⋯)
        ↑f =
      ↑f
S : Kernel E E
hS : IsMarkovKernel S
hSd : ∀ (y : E), S y = ℙ.tilted fun x => -V ((1 / 2) • (y + x)) - ‖y - x‖ ^ 2 / (8 * η)
hSc :
  (Measure.map (fun p => (p.2, 2 • p.1 - p.2))
        (Measure.map (fun p => (p.1, p.1 + √η • p.2)) ((ℙ.tilted fun x => -V x).prod (stdGaussian E)))).IsCondKernel
    S
hSf :
  (Measure.map (fun p => (p.2, 2 • p.1 - p.2))
        (Measure.map (fun p => (p.1, p.1 + √η • p.2)) ((ℙ.tilted fun x => -V x).prod (stdGaussian E)))).fst =
    (Measure.map (fun p => (p.1, p.1 + √η • p.2)) ((ℙ.tilted fun x => -V x).prod (stdGaussian E))).snd
hSs :
  (Measure.map (fun p => (p.2, 2 • p.1 - p.2))
        (Measure.map (fun p => (p.1, p.1 + √η • p.2)) ((ℙ.tilted fun x => -V x).prod (stdGaussian E)))).snd =
    (Measure.map (fun p => (p.1, p.1 + √η • p.2)) ((ℙ.tilted fun x => -V x).prod (stdGaussian E))).snd
e :
  ↥(Lp ℝ 2 (Measure.map (fun p => (p.1, p.1 + √η • p.2)) ((ℙ.tilted fun x => -V x).prod (stdGaussian E))).snd) ≃ₗᵢ[ℝ]
    ↥(lpMeas ℝ ℝ (MeasurableSpace.comap Prod.snd inferInstance) 2
        (Measure.map (fun p => (p.1, p.1 + √η • p.2)) ((ℙ.tilted fun x => -V x).prod (stdGaussian E))))
he :
  ∀ (u : ↥(Lp ℝ 2 (Measure.map (fun p => (p.1, p.1 + √η • p.2)) ((ℙ.tilted fun x => -V x).prod (stdGaussian E))).snd)),
    ↑(e u) = (Lp.compMeasurePreservingₗᵢ ℝ Prod.snd ⋯) u
U :
  ↥(Lp ℝ 2 (Measure.map (fun p => (p.1, p.1 + √η • p.2)) ((ℙ.tilted fun x => -V x).prod (stdGaussian E)))) →ₗᵢ[ℝ]
    ↥(Lp ℝ 2 (Measure.map (fun p => (p.1, p.1 + √η • p.2)) ((ℙ.tilted fun x => -V x).prod (stdGaussian E))))
hU :
  ∀ (g : ↥(Lp ℝ 2 (Measure.map (fun p => (p.1, p.1 + √η • p.2)) ((ℙ.tilted fun x => -V x).prod (stdGaussian E))))),
    ↑↑(U g) =ᵐ[Measure.map (fun p => (p.1, p.1 + √η • p.2)) ((ℙ.tilted fun x => -V x).prod (stdGaussian E))]
      ↑↑g ∘ fun p => (p.1, 2 • p.1 - p.2)
hUi : Function.Involutive ⇑U
hUs : IsSelfAdjoint U.toContinuousLinearMap
T :
  ↥(Lp ℝ 2 (Measure.map (fun p => (p.1, p.1 + √η • p.2)) ((ℙ.tilted fun x => -V x).prod (stdGaussian E))).snd) →L[ℝ]
    ↥(Lp ℝ 2 (Measure.map (fun p => (p.1, p.1 + √η • p.2)) ((ℙ.tilted fun x => -V x).prod (stdGaussian E))).snd)
hTs : IsSelfAdjoint T
hAll :
  ∀ (u : ↥(Lp ℝ 2 (Measure.map (fun p => (p.1, p.1 + √η • p.2)) ((ℙ.tilted fun x => -V x).prod (stdGaussian E))).snd)),
    ‖T u‖ ≤ ‖u‖ ∧
      (↑↑(T u) =ᵐ[(Measure.map (fun p => (p.1, p.1 + √η • p.2)) ((ℙ.tilted fun x => -V x).prod (stdGaussian E))).snd]
          fun y => ∫ (x : E), ↑↑u x ∂S y) ∧
        ∫ (y : E),
            ↑↑(T u)
              y ∂(Measure.map (fun p => (p.1, p.1 + √η • p.2)) ((ℙ.tilted fun x => -V x).prod (stdGaussian E))).snd =
          ∫ (y : E),
            ↑↑u y ∂(Measure.map (fun p => (p.1, p.1 + √η • p.2)) ((ℙ.tilted fun x => -V x).prod (stdGaussian E))).snd
hAeq :
  (lpMeas ℝ ℝ (MeasurableSpace.comap Prod.snd inferInstance) 2
          (Measure.map (fun p => (p.1, p.1 + √η • p.2))
            ((ℙ.tilted fun x => -V x).prod (stdGaussian E)))).orthogonalProjectionOnto ∘SL
      U.toContinuousLinearMap ∘SL
        (lpMeas ℝ ℝ (MeasurableSpace.comap Prod.snd inferInstance) 2
            (Measure.map (fun p => (p.1, p.1 + √η • p.2)) ((ℙ.tilted fun x => -V x).prod (stdGaussian E)))).subtypeL =
    e.conjStarAlgEquiv T
hAs :
  IsSelfAdjoint
    ((lpMeas ℝ ℝ (MeasurableSpace.comap Prod.snd inferInstance) 2
          (Measure.map (fun p => (p.1, p.1 + √η • p.2))
            ((ℙ.tilted fun x => -V x).prod (stdGaussian E)))).orthogonalProjectionOnto ∘SL
      U.toContinuousLinearMap ∘SL
        (lpMeas ℝ ℝ (MeasurableSpace.comap Prod.snd inferInstance) 2
            (Measure.map (fun p => (p.1, p.1 + √η • p.2)) ((ℙ.tilted fun x => -V x).prod (stdGaussian E)))).subtypeL)
hAn :
  ∀
    (f :
      ↥(lpMeas ℝ ℝ (MeasurableSpace.comap Prod.snd inferInstance) 2
          (Measure.map (fun p => (p.1, p.1 + √η • p.2)) ((ℙ.tilted fun x => -V x).prod (stdGaussian E))))),
    ‖((lpMeas ℝ ℝ (MeasurableSpace.comap Prod.snd inferInstance) 2
                (Measure.map (fun p => (p.1, p.1 + √η • p.2))
                  ((ℙ.tilted fun x => -V x).prod (stdGaussian E)))).orthogonalProjectionOnto ∘SL
            U.toContinuousLinearMap ∘SL
              (lpMeas ℝ ℝ (MeasurableSpace.comap Prod.snd inferInstance) 2
                  (Measure.map (fun p => (p.1, p.1 + √η • p.2))
                    ((ℙ.tilted fun x => -V x).prod (stdGaussian E)))).subtypeL)
          f‖ ≤
      ‖f‖
hPB :
  ∀
    (f :
      ↥(lpMeas ℝ ℝ (MeasurableSpace.comap Prod.snd inferInstance) 2
          (Measure.map (fun p => (p.1, p.1 + √η • p.2)) ((ℙ.tilted fun x => -V x).prod (stdGaussian E))))),
    ((lpMeas ℝ ℝ (MeasurableSpace.comap Prod.snd inferInstance) 2
              (Measure.map (fun p => (p.1, p.1 + √η • p.2))
                ((ℙ.tilted fun x => -V x).prod (stdGaussian E)))).subtypeL ∘SL
          condExpL2 ℝ ℝ ⋯)
        ((((1 -
                  (lpMeas ℝ ℝ (MeasurableSpace.comap Prod.snd inferInstance) 2
                        (Measure.map (fun p => (p.1, p.1 + √η • p.2))
                          ((ℙ.tilted fun x => -V x).prod (stdGaussian E)))).subtypeL ∘SL
                    condExpL2 ℝ ℝ ⋯) *
                U.toContinuousLinearMap *
              (lpMeas ℝ ℝ (MeasurableSpace.comap Prod.snd inferInstance) 2
                    (Measure.map (fun p => (p.1, p.1 + √η • p.2))
                      ((ℙ.tilted fun x => -V x).prod (stdGaussian E)))).subtypeL ∘SL
                condExpL2 ℝ ℝ ⋯) ∘SL
            (lpMeas ℝ ℝ (MeasurableSpace.comap Prod.snd inferInstance) 2
                (Measure.map (fun p => (p.1, p.1 + √η • p.2))
                  ((ℙ.tilted fun x => -V x).prod (stdGaussian E)))).subtypeL)
          f) =
      0
Γ :
  ↥(Lp ℝ 2 (Measure.map (fun p => (p.1, p.1 + √η • p.2)) ((ℙ.tilted fun x => -V x).prod (stdGaussian E))).snd) →L[ℝ]
    ↥(Lp ℝ 2 (Measure.map (fun p => (p.1, p.1 + √η • p.2)) ((ℙ.tilted fun x => -V x).prod (stdGaussian E))).snd)
hΓ : Γ.IsPositive
hΓSq : Γ * Γ = 1 - T * T
hΓP : (e.conjStarAlgEquiv Γ).IsPositive
hΓPSq :
  e.conjStarAlgEquiv Γ * e.conjStarAlgEquiv Γ =
    1 -
      (lpMeas ℝ ℝ (MeasurableSpace.comap Prod.snd inferInstance) 2
              (Measure.map (fun p => (p.1, p.1 + √η • p.2))
                ((ℙ.tilted fun x => -V x).prod (stdGaussian E)))).orthogonalProjectionOnto ∘SL
          U.toContinuousLinearMap ∘SL
            (lpMeas ℝ ℝ (MeasurableSpace.comap Prod.snd inferInstance) 2
                (Measure.map (fun p => (p.1, p.1 + √η • p.2))
                  ((ℙ.tilted fun x => -V x).prod (stdGaussian E)))).subtypeL *
        (lpMeas ℝ ℝ (MeasurableSpace.comap Prod.snd inferInstance) 2
              (Measure.map (fun p => (p.1, p.1 + √η • p.2))
                ((ℙ.tilted fun x => -V x).prod (stdGaussian E)))).orthogonalProjectionOnto ∘SL
          U.toContinuousLinearMap ∘SL
            (lpMeas ℝ ℝ (MeasurableSpace.comap Prod.snd inferInstance) 2
                (Measure.map (fun p => (p.1, p.1 + √η • p.2)) ((ℙ.tilted fun x => -V x).prod (stdGaussian E)))).subtypeL
hGram :
  ContinuousLinearMap.adjoint
        (((1 -
                (lpMeas ℝ ℝ (MeasurableSpace.comap Prod.snd inferInstance) 2
                      (Measure.map (fun p => (p.1, p.1 + √η • p.2))
                        ((ℙ.tilted fun x => -V x).prod (stdGaussian E)))).subtypeL ∘SL
                  condExpL2 ℝ ℝ ⋯) *
              U.toContinuousLinearMap *
            (lpMeas ℝ ℝ (MeasurableSpace.comap Prod.snd inferInstance) 2
                  (Measure.map (fun p => (p.1, p.1 + √η • p.2))
                    ((ℙ.tilted fun x => -V x).prod (stdGaussian E)))).subtypeL ∘SL
              condExpL2 ℝ ℝ ⋯) ∘SL
          (lpMeas ℝ ℝ (MeasurableSpace.comap Prod.snd inferInstance) 2
              (Measure.map (fun p => (p.1, p.1 + √η • p.2))
                ((ℙ.tilted fun x => -V x).prod (stdGaussian E)))).subtypeL) ∘SL
      ((1 -
              (lpMeas ℝ ℝ (MeasurableSpace.comap Prod.snd inferInstance) 2
                    (Measure.map (fun p => (p.1, p.1 + √η • p.2))
                      ((ℙ.tilted fun x => -V x).prod (stdGaussian E)))).subtypeL ∘SL
                condExpL2 ℝ ℝ ⋯) *
            U.toContinuousLinearMap *
          (lpMeas ℝ ℝ (MeasurableSpace.comap Prod.snd inferInstance) 2
                (Measure.map (fun p => (p.1, p.1 + √η • p.2))
                  ((ℙ.tilted fun x => -V x).prod (stdGaussian E)))).subtypeL ∘SL
            condExpL2 ℝ ℝ ⋯) ∘SL
        (lpMeas ℝ ℝ (MeasurableSpace.comap Prod.snd inferInstance) 2
            (Measure.map (fun p => (p.1, p.1 + √η • p.2)) ((ℙ.tilted fun x => -V x).prod (stdGaussian E)))).subtypeL =
    e.conjStarAlgEquiv Γ * e.conjStarAlgEquiv Γ
hEnergy :
  ∀
    (f :
      ↥(lpMeas ℝ ℝ (MeasurableSpace.comap Prod.snd inferInstance) 2
          (Measure.map (fun p => (p.1, p.1 + √η • p.2)) ((ℙ.tilted fun x => -V x).prod (stdGaussian E))))),
    ‖(((1 -
                    (lpMeas ℝ ℝ (MeasurableSpace.comap Prod.snd inferInstance) 2
                          (Measure.map (fun p => (p.1, p.1 + √η • p.2))
                            ((ℙ.tilted fun x => -V x).prod (stdGaussian E)))).subtypeL ∘SL
                      condExpL2 ℝ ℝ ⋯) *
                  U.toContinuousLinearMap *
                (lpMeas ℝ ℝ (MeasurableSpace.comap Prod.snd inferInstance) 2
                      (Measure.map (fun p => (p.1, p.1 + √η • p.2))
                        ((ℙ.tilted fun x => -V x).prod (stdGaussian E)))).subtypeL ∘SL
                  condExpL2 ℝ ℝ ⋯) ∘SL
              (lpMeas ℝ ℝ (MeasurableSpace.comap Prod.snd inferInstance) 2
                  (Measure.map (fun p => (p.1, p.1 + √η • p.2))
                    ((ℙ.tilted fun x => -V x).prod (stdGaussian E)))).subtypeL)
            f‖ =
        ‖(e.conjStarAlgEquiv Γ) f‖ ∧
      ‖(e.conjStarAlgEquiv Γ) f‖ ^ 2 =
        ‖f‖ ^ 2 -
          ‖((lpMeas ℝ ℝ (MeasurableSpace.comap Prod.snd inferInstance) 2
                      (Measure.map (fun p => (p.1, p.1 + √η • p.2))
                        ((ℙ.tilted fun x => -V x).prod (stdGaussian E)))).orthogonalProjectionOnto ∘SL
                  U.toContinuousLinearMap ∘SL
                    (lpMeas ℝ ℝ (MeasurableSpace.comap Prod.snd inferInstance) 2
                        (Measure.map (fun p => (p.1, p.1 + √η • p.2))
                          ((ℙ.tilted fun x => -V x).prod (stdGaussian E)))).subtypeL)
                f‖ ^
            2
hUnique :
  ∀
    (G :
      ↥(lpMeas ℝ ℝ (MeasurableSpace.comap Prod.snd inferInstance) 2
            (Measure.map (fun p => (p.1, p.1 + √η • p.2)) ((ℙ.tilted fun x => -V x).prod (stdGaussian E)))) →L[ℝ]
        ↥(lpMeas ℝ ℝ (MeasurableSpace.comap Prod.snd inferInstance) 2
            (Measure.map (fun p => (p.1, p.1 + √η • p.2)) ((ℙ.tilted fun x => -V x).prod (stdGaussian E))))),
    G.IsPositive →
      G * G =
          1 -
            (lpMeas ℝ ℝ (MeasurableSpace.comap Prod.snd inferInstance) 2
                    (Measure.map (fun p => (p.1, p.1 + √η • p.2))
                      ((ℙ.tilted fun x => -V x).prod (stdGaussian E)))).orthogonalProjectionOnto ∘SL
                U.toContinuousLinearMap ∘SL
                  (lpMeas ℝ ℝ (MeasurableSpace.comap Prod.snd inferInstance) 2
                      (Measure.map (fun p => (p.1, p.1 + √η • p.2))
                        ((ℙ.tilted fun x => -V x).prod (stdGaussian E)))).subtypeL *
              (lpMeas ℝ ℝ (MeasurableSpace.comap Prod.snd inferInstance) 2
                    (Measure.map (fun p => (p.1, p.1 + √η • p.2))
                      ((ℙ.tilted fun x => -V x).prod (stdGaussian E)))).orthogonalProjectionOnto ∘SL
                U.toContinuousLinearMap ∘SL
                  (lpMeas ℝ ℝ (MeasurableSpace.comap Prod.snd inferInstance) 2
                      (Measure.map (fun p => (p.1, p.1 + √η • p.2))
                        ((ℙ.tilted fun x => -V x).prod (stdGaussian E)))).subtypeL →
        G = e.conjStarAlgEquiv Γ
this✝¹ : IsProbabilityMeasure μ := hμ
this✝ : IsProbabilityMeasure J := hJ
this : IsProbabilityMeasure ν := hν
A : ↥HP →L[ℝ] ↥HP := HP.orthogonalProjectionOnto ∘SL U.toContinuousLinearMap ∘SL HP.subtypeL
B : ↥HP →L[ℝ] ↥(Lp ℝ 2 J) := ((1 - P) * U.toContinuousLinearMap * P) ∘SL HP.subtypeL
ΓP : ↥HP →L[ℝ] ↥HP := e.conjStarAlgEquiv Γ
q : ↥(Lp ℝ 2 ν) := TechnicalLemmas.Measure.L2Expectation.one ν
hq : ∀ (u : ↥(Lp ℝ 2 ν)), ⟪q, u⟫_ℝ = ∫ (y : E), ↑↑u y ∂ν
hqa : ↑↑q =ᵐ[ν] fun x => 1
hTq : T q = q
hqq : ⟪q, q⟫_ℝ = 1
u : ↥(Lp ℝ 2 ν)
h : ‖Γ u‖ ^ 2 = RCLike.re ⟪u, (Γ ∘SL Γ) u⟫_ℝ
⊢ ‖Γ u‖ ^ 2 = ‖u‖ ^ 2 - ‖T u‖ ^ 2
runs/20261007-companion-priority/pbps-centered-root64/combined-draft-v2.lean:93:0: error: (deterministic) timeout at `whnf`, maximum number of heartbeats (2000000) has been reached

Note: Use `set_option maxHeartbeats <num>` to set the limit.

Hint: Additional diagnostic information may be available using the `set_option diagnostics true` command.
'AutoSamplingTheory.ExampleCases.ProximalBPS.CenteredRootOrderInverse.actual_centered_root_order_inverse' does not depend on any axioms
