{
  "cell": "ASTIS-SW-PBPS-actual-hazard-clock",
  "status": "graph coverage checked",
  "contributions": [
    {
      "node": "decl:AutoSamplingTheory.ExampleCases.ProximalBPS.ActualHazardClock.actual_integrated_hazard_clock_laws",
      "focus": "lean-foundations.html?view=lean&focus=decl%3AAutoSamplingTheory.ExampleCases.ProximalBPS.ActualHazardClock.actual_integrated_hazard_clock_laws&q=AutoSamplingTheory.ExampleCases.ProximalBPS.ActualHazardClock.actual_integrated_hazard_clock_laws",
      "connections": [
        {
          "source": "decl:AutoSamplingTheory.ExampleCases.ProximalBPS.ActualHazardClock.actual_integrated_hazard_clock_laws",
          "target": "semantic-audit:ASTIS-RT-20261010-PBPSActualHazardClock",
          "relation": "Lean target under audit"
        },
        {
          "source": "module:AutoSamplingTheory.ExampleCases.ProximalBPS.ActualHazardClock",
          "target": "decl:AutoSamplingTheory.ExampleCases.ProximalBPS.ActualHazardClock.actual_integrated_hazard_clock_laws",
          "relation": "declares"
        },
        {
          "source": "decl:AutoSamplingTheory.ExampleCases.ProximalBPS.ActualHazardClock.actual_integrated_hazard_clock_laws",
          "target": "case:ASTIS-SW-PBPS-2026",
          "relation": "source correspondence; not a Lean dependency"
        }
      ],
      "omitted_connections": 0
    }
  ],
  "boundary": "Reference scans are incomplete. Inspect the affected view; this report is not visual QA or a proof certificate."
}
