{
  "cell": "ASTIS-SW-PBPS-actual-corrector-change",
  "targets": [
    {
      "declaration": "AutoSamplingTheory.ExampleCases.ProximalBPS.ActualCorrectorChange.actual_corrector_change",
      "source_item": "pbps-actual-corrector-change",
      "lesson": "authored",
      "audit_id": "ASTIS-RT-20261010-PBPSActualCorrectorChange",
      "audit_state": "blind-reconstructed",
      "publication_binding_sha256": "542a93f21db8575c2e949b17450d5699d6fc465f06c4b0729a9765baff031b80",
      "remaining_boundary": "Actual B21 corrector change is the present bounded theorem. Lemma B4/B28 dynamics, weak H1/B2, invariance/nonexplosion, full PBPS/SPHMC results, implementation errors/caps, actual-input expected-query costs and composition remain separate obligations. Independent review, integration, full Exposition and PURIFIED remain pending."
    }
  ],
  "graph_check": "python3 tools/astis_publication.py graph-check --cell ASTIS-SW-PBPS-actual-corrector-change",
  "missing": [],
  "next": [
    "Run the smallest focused Lean test.",
    "Reuse unchanged source/lesson/audit records; never reuse a stale binding.",
    "For a new/changed theorem, use astis-semantic-roundtrip: anonymous decoder → independent anti-anchored source review → separate repair review if needed.",
    "Run tools/astis_publication.py check --base <base commit> before stabilization."
  ],
  "boundary": "This coordinator packet is NOT decoder input. It deliberately contains source identity."
}
