✖ [2866/2866] Building AutoSamplingTheory.TechnicalLemmas.Measure.L2RealComplexOperator (129s)
trace: .> LEAN_PATH=E:\Samplinglib\.lake\packages\Cli\.lake\build\lib\lean;E:\Samplinglib\.lake\packages\batteries\.lake\build\lib\lean;E:\Samplinglib\.lake\packages\Qq\.lake\build\lib\lean;E:\Samplinglib\.lake\packages\aesop\.lake\build\lib\lean;E:\Samplinglib\.lake\packages\proofwidgets\.lake\build\lib\lean;E:\Samplinglib\.lake\packages\importGraph\.lake\build\lib\lean;E:\Samplinglib\.lake\packages\LeanSearchClient\.lake\build\lib\lean;E:\Samplinglib\.lake\packages\plausible\.lake\build\lib\lean;E:\Samplinglib\.lake\packages\mathlib\.lake\build\lib\lean;E:\Samplinglib\.lake\build\lib\lean c:\Users\admin\.elan\toolchains\leanprover--lean4---v4.33.0\bin\lean.exe E:\Samplinglib\AutoSamplingTheory\TechnicalLemmas\Measure\L2RealComplexOperator.lean -o E:\Samplinglib\.lake\build\lib\lean\AutoSamplingTheory\TechnicalLemmas\Measure\L2RealComplexOperator.olean -i E:\Samplinglib\.lake\build\lib\lean\AutoSamplingTheory\TechnicalLemmas\Measure\L2RealComplexOperator.ilean -c E:\Samplinglib\.lake\build\ir\AutoSamplingTheory\TechnicalLemmas\Measure\L2RealComplexOperator.c --setup E:\Samplinglib\.lake\build\ir\AutoSamplingTheory\TechnicalLemmas\Measure\L2RealComplexOperator.setup.json --json
error: AutoSamplingTheory/TechnicalLemmas/Measure/L2RealComplexOperator.lean:46:10: Tactic `rewrite` failed: Did not find an occurrence of the pattern
  ↑↑(Complex.I • (embed μ) ((imagPart μ) g)) x
in the target expression
  (↑↑((embed μ) ((realPart μ) g)) + ↑↑(Complex.I • (embed μ) ((imagPart μ) g))) x = ↑↑g x

Ω : Type u_1
inst✝ : MeasurableSpace Ω
μ : Measure Ω
g : ↥(Lp ℂ 2 μ)
x : Ω
her :
  ↑↑((ContinuousLinearMap.compLpL 2 μ Complex.ofRealCLM) ((realPart μ) g)) x = Complex.ofRealCLM (↑↑((realPart μ) g) x)
hei :
  ↑↑((ContinuousLinearMap.compLpL 2 μ Complex.ofRealCLM) ((imagPart μ) g)) x = Complex.ofRealCLM (↑↑((imagPart μ) g) x)
hr : ↑↑((ContinuousLinearMap.compLpL 2 μ Complex.reCLM) g) x = Complex.reCLM (↑↑g x)
hi : ↑↑((ContinuousLinearMap.compLpL 2 μ Complex.imCLM) g) x = Complex.imCLM (↑↑g x)
ha :
  ↑↑((embed μ) ((realPart μ) g) + Complex.I • (embed μ) ((imagPart μ) g)) x =
    (↑↑((embed μ) ((realPart μ) g)) + ↑↑(Complex.I • (embed μ) ((imagPart μ) g))) x
hs : ↑↑(Complex.I • (embed μ) ((imagPart μ) g)) x = (Complex.I • ↑↑((embed μ) ((imagPart μ) g))) x
⊢ (↑↑((embed μ) ((realPart μ) g)) + ↑↑(Complex.I • (embed μ) ((imagPart μ) g))) x = ↑↑g x
error: AutoSamplingTheory/TechnicalLemmas/Measure/L2RealComplexOperator.lean:55:14: Tactic `rewrite` failed: Did not find an occurrence of the pattern
  ↑↑((ContinuousLinearMap.compLpL 2 μ Complex.imCLM) g) x
in the target expression
  Complex.reCLM (↑↑(Complex.I • g) x) = (-↑↑((imagPart μ) g)) x

Ω : Type u_1
inst✝ : MeasurableSpace Ω
μ : Measure Ω
g : ↥(Lp ℂ 2 μ)
x : Ω
hr : ↑↑((ContinuousLinearMap.compLpL 2 μ Complex.reCLM) (Complex.I • g)) x = Complex.reCLM (↑↑(Complex.I • g) x)
hi : ↑↑((ContinuousLinearMap.compLpL 2 μ Complex.imCLM) g) x = Complex.imCLM (↑↑g x)
hs : ↑↑(Complex.I • g) x = (Complex.I • ↑↑g) x
hn : ↑↑(-(imagPart μ) g) x = (-↑↑((imagPart μ) g)) x
⊢ Complex.reCLM (↑↑(Complex.I • g) x) = (-↑↑((imagPart μ) g)) x
warning: AutoSamplingTheory/TechnicalLemmas/Measure/L2RealComplexOperator.lean:73:28: This simp argument is unused:
  Real.inner_apply

Hint: Omit it from the simp argument list.
  [apply] simp [RCLike.inner_apply, mul_comm]

Note: This linter can be disabled with `set_option linter.unusedSimpArgs false`
error: AutoSamplingTheory/TechnicalLemmas/Measure/L2RealComplexOperator.lean:78:4: Type mismatch: After simplification, term
  h
 has type
  (↑‖(embed μ) u‖ ^ 2).re = (↑‖u‖ ^ 2).re
but is expected to have type
  ‖(embed μ) u‖ = ‖u‖
error: AutoSamplingTheory/TechnicalLemmas/Measure/L2RealComplexOperator.lean:98:16: Tactic `rewrite` failed: Did not find an occurrence of the pattern
  ↑↑(Complex.I • (embed μ) ((imagPart μ) g)) x
in the target expression
  ↑Complex.conjCLE (↑↑g x) = (↑↑((embed μ) ((realPart μ) g)) - ↑↑(Complex.I • (embed μ) ((imagPart μ) g))) x

Ω : Type u_1
inst✝ : MeasurableSpace Ω
μ : Measure Ω
g : ↥(Lp ℂ 2 μ)
x : Ω
hc : ↑↑((ContinuousLinearMap.compLpL 2 μ ↑Complex.conjCLE) g) x = ↑Complex.conjCLE (↑↑g x)
her :
  ↑↑((ContinuousLinearMap.compLpL 2 μ Complex.ofRealCLM) ((realPart μ) g)) x = Complex.ofRealCLM (↑↑((realPart μ) g) x)
hei :
  ↑↑((ContinuousLinearMap.compLpL 2 μ Complex.ofRealCLM) ((imagPart μ) g)) x = Complex.ofRealCLM (↑↑((imagPart μ) g) x)
hr : ↑↑((ContinuousLinearMap.compLpL 2 μ Complex.reCLM) g) x = Complex.reCLM (↑↑g x)
hi : ↑↑((ContinuousLinearMap.compLpL 2 μ Complex.imCLM) g) x = Complex.imCLM (↑↑g x)
hsub :
  ↑↑((embed μ) ((realPart μ) g) - Complex.I • (embed μ) ((imagPart μ) g)) x =
    (↑↑((embed μ) ((realPart μ) g)) - ↑↑(Complex.I • (embed μ) ((imagPart μ) g))) x
hs : ↑↑(Complex.I • (embed μ) ((imagPart μ) g)) x = (Complex.I • ↑↑((embed μ) ((imagPart μ) g))) x
⊢ ↑Complex.conjCLE (↑↑g x) = (↑↑((embed μ) ((realPart μ) g)) - ↑↑(Complex.I • (embed μ) ((imagPart μ) g))) x
error: Lean exited with code 1
Some required targets logged failures:
- AutoSamplingTheory.TechnicalLemmas.Measure.L2RealComplexOperator
