website-first reader build	Test website, Harness, source-reader, and semantic contracts	﻿2026-10-07T17:17:57.6208436Z ##[group]Run python3 -m unittest \
website-first reader build	Test website, Harness, source-reader, and semantic contracts	2026-10-07T17:17:57.6208894Z ^[[36;1mpython3 -m unittest \^[[0m
website-first reader build	Test website, Harness, source-reader, and semantic contracts	2026-10-07T17:17:57.6209260Z ^[[36;1m  tools.tests.test_astis_site \^[[0m
website-first reader build	Test website, Harness, source-reader, and semantic contracts	2026-10-07T17:17:57.6209638Z ^[[36;1m  tools.tests.test_proof_readers \^[[0m
website-first reader build	Test website, Harness, source-reader, and semantic contracts	2026-10-07T17:17:57.6210039Z ^[[36;1m  tools.tests.test_metadata_reader \^[[0m
website-first reader build	Test website, Harness, source-reader, and semantic contracts	2026-10-07T17:17:57.6210412Z ^[[36;1m  tools.tests.test_astis_source \^[[0m
website-first reader build	Test website, Harness, source-reader, and semantic contracts	2026-10-07T17:17:57.6210793Z ^[[36;1m  tools.tests.test_astis_advance \^[[0m
website-first reader build	Test website, Harness, source-reader, and semantic contracts	2026-10-07T17:17:57.6211211Z ^[[36;1m  tools.tests.test_astis_semantic_roundtrip \^[[0m
website-first reader build	Test website, Harness, source-reader, and semantic contracts	2026-10-07T17:17:57.6211642Z ^[[36;1m  tools.tests.test_astis_publication \^[[0m
website-first reader build	Test website, Harness, source-reader, and semantic contracts	2026-10-07T17:17:57.6212074Z ^[[36;1m  tools.tests.test_astis_process_memory \^[[0m
website-first reader build	Test website, Harness, source-reader, and semantic contracts	2026-10-07T17:17:57.6212479Z ^[[36;1m  tools.tests.test_harness_site \^[[0m
website-first reader build	Test website, Harness, source-reader, and semantic contracts	2026-10-07T17:17:57.6212837Z ^[[36;1m  tools.tests.test_lean_tutor \^[[0m
website-first reader build	Test website, Harness, source-reader, and semantic contracts	2026-10-07T17:17:57.6213214Z ^[[36;1m  tools.tests.test_undergrad_guides \^[[0m
website-first reader build	Test website, Harness, source-reader, and semantic contracts	2026-10-07T17:17:57.6213642Z ^[[36;1m  tools.tests.test_chewi_source_first_contract \^[[0m
website-first reader build	Test website, Harness, source-reader, and semantic contracts	2026-10-07T17:17:57.6214173Z ^[[36;1m  tools.tests.test_chewi_source_first_refinement \^[[0m
website-first reader build	Test website, Harness, source-reader, and semantic contracts	2026-10-07T17:17:57.6214648Z ^[[36;1m  tools.tests.test_samplewiki_reader_contract \^[[0m
website-first reader build	Test website, Harness, source-reader, and semantic contracts	2026-10-07T17:17:57.6215103Z ^[[36;1m  tools.tests.test_samplewiki_companions \^[[0m
website-first reader build	Test website, Harness, source-reader, and semantic contracts	2026-10-07T17:17:57.6215544Z ^[[36;1m  tools.tests.test_underlying_lean_graph \^[[0m
website-first reader build	Test website, Harness, source-reader, and semantic contracts	2026-10-07T17:17:57.6215966Z ^[[36;1m  tools.tests.test_cross_domain_program \^[[0m
website-first reader build	Test website, Harness, source-reader, and semantic contracts	2026-10-07T17:17:57.6216382Z ^[[36;1m  tools.tests.test_discrete_sampling \^[[0m
website-first reader build	Test website, Harness, source-reader, and semantic contracts	2026-10-07T17:17:57.6216962Z ^[[36;1m  tools.tests.test_mcmc_library \^[[0m
website-first reader build	Test website, Harness, source-reader, and semantic contracts	2026-10-07T17:17:57.6217366Z ^[[36;1m  tools.tests.test_project_authors_footer^[[0m
website-first reader build	Test website, Harness, source-reader, and semantic contracts	2026-10-07T17:17:57.6217994Z ^[[36;1mnode --check website/static/site.js^[[0m
website-first reader build	Test website, Harness, source-reader, and semantic contracts	2026-10-07T17:17:57.6218396Z ^[[36;1mnode --check website/static/ide.js^[[0m
website-first reader build	Test website, Harness, source-reader, and semantic contracts	2026-10-07T17:17:57.6218807Z ^[[36;1mnode --check website/static/lean-tutor.js^[[0m
website-first reader build	Test website, Harness, source-reader, and semantic contracts	2026-10-07T17:17:57.6219319Z ^[[36;1mnode --check website/static/module-lean-tutor.js^[[0m
website-first reader build	Test website, Harness, source-reader, and semantic contracts	2026-10-07T17:17:57.6219821Z ^[[36;1mnode --check website/static/underlying-lean-graph.js^[[0m
website-first reader build	Test website, Harness, source-reader, and semantic contracts	2026-10-07T17:17:57.6220318Z ^[[36;1mnode --check website/static/graph-alias.js^[[0m
website-first reader build	Test website, Harness, source-reader, and semantic contracts	2026-10-07T17:17:57.6298290Z shell: /usr/bin/bash -e {0}
website-first reader build	Test website, Harness, source-reader, and semantic contracts	2026-10-07T17:17:57.6298611Z env:
website-first reader build	Test website, Harness, source-reader, and semantic contracts	2026-10-07T17:17:57.6298860Z   ASTIS_PUBLIC_SOURCE_LINKS: 1
website-first reader build	Test website, Harness, source-reader, and semantic contracts	2026-10-07T17:17:57.6299285Z   pythonLocation: /opt/hostedtoolcache/Python/3.12.15/x64
website-first reader build	Test website, Harness, source-reader, and semantic contracts	2026-10-07T17:17:57.6299862Z   PKG_CONFIG_PATH: /opt/hostedtoolcache/Python/3.12.15/x64/lib/pkgconfig
website-first reader build	Test website, Harness, source-reader, and semantic contracts	2026-10-07T17:17:57.6300424Z   Python_ROOT_DIR: /opt/hostedtoolcache/Python/3.12.15/x64
website-first reader build	Test website, Harness, source-reader, and semantic contracts	2026-10-07T17:17:57.6300925Z   Python2_ROOT_DIR: /opt/hostedtoolcache/Python/3.12.15/x64
website-first reader build	Test website, Harness, source-reader, and semantic contracts	2026-10-07T17:17:57.6301441Z   Python3_ROOT_DIR: /opt/hostedtoolcache/Python/3.12.15/x64
website-first reader build	Test website, Harness, source-reader, and semantic contracts	2026-10-07T17:17:57.6301940Z   LD_LIBRARY_PATH: /opt/hostedtoolcache/Python/3.12.15/x64/lib
website-first reader build	Test website, Harness, source-reader, and semantic contracts	2026-10-07T17:17:57.6302361Z ##[endgroup]
website-first reader build	Test website, Harness, source-reader, and semantic contracts	2026-10-07T17:19:01.0343091Z ..........................................................................................................................................................................F...F.................................................
website-first reader build	Test website, Harness, source-reader, and semantic contracts	2026-10-07T17:19:01.0344013Z ======================================================================
website-first reader build	Test website, Harness, source-reader, and semantic contracts	2026-10-07T17:19:01.0344867Z FAIL: test_overlay_does_not_create_compiler_edges (tools.tests.test_samplewiki_companions.CompanionTests.test_overlay_does_not_create_compiler_edges)
website-first reader build	Test website, Harness, source-reader, and semantic contracts	2026-10-07T17:19:01.0345698Z ----------------------------------------------------------------------
website-first reader build	Test website, Harness, source-reader, and semantic contracts	2026-10-07T17:19:01.0346135Z Traceback (most recent call last):
website-first reader build	Test website, Harness, source-reader, and semantic contracts	2026-10-07T17:19:01.0352529Z   File "/home/runner/work/Automization-Sampling-Optimisation-Geometry-Lib/Automization-Sampling-Optimisation-Geometry-Lib/tools/tests/test_samplewiki_companions.py", line 74, in test_overlay_does_not_create_compiler_edges
website-first reader build	Test website, Harness, source-reader, and semantic contracts	2026-10-07T17:19:01.0353903Z     self.assertEqual(counts,{'source_cases':3,'composition_views':1,'technology_candidates':12})
website-first reader build	Test website, Harness, source-reader, and semantic contracts	2026-10-07T17:19:01.0354824Z AssertionError: {'source_cases': 4, 'composition_views': 1, 'technology_candidates': 12} != {'source_cases': 3, 'composition_views': 1, 'technology_candidates': 12}
website-first reader build	Test website, Harness, source-reader, and semantic contracts	2026-10-07T17:19:01.0356060Z - {'composition_views': 1, 'source_cases': 4, 'technology_candidates': 12}
website-first reader build	Test website, Harness, source-reader, and semantic contracts	2026-10-07T17:19:01.0356489Z ?                                          ^
website-first reader build	Test website, Harness, source-reader, and semantic contracts	2026-10-07T17:19:01.0356845Z 
website-first reader build	Test website, Harness, source-reader, and semantic contracts	2026-10-07T17:19:01.0357064Z + {'composition_views': 1, 'source_cases': 3, 'technology_candidates': 12}
website-first reader build	Test website, Harness, source-reader, and semantic contracts	2026-10-07T17:19:01.0357470Z ?                                          ^
website-first reader build	Test website, Harness, source-reader, and semantic contracts	2026-10-07T17:19:01.0357667Z 
website-first reader build	Test website, Harness, source-reader, and semantic contracts	2026-10-07T17:19:01.0357672Z 
website-first reader build	Test website, Harness, source-reader, and semantic contracts	2026-10-07T17:19:01.0357796Z ======================================================================
website-first reader build	Test website, Harness, source-reader, and semantic contracts	2026-10-07T17:19:01.0358736Z FAIL: test_three_sources_keep_the_two_paper_composition_separate (tools.tests.test_samplewiki_companions.CompanionTests.test_three_sources_keep_the_two_paper_composition_separate)
website-first reader build	Test website, Harness, source-reader, and semantic contracts	2026-10-07T17:19:01.0359713Z ----------------------------------------------------------------------
website-first reader build	Test website, Harness, source-reader, and semantic contracts	2026-10-07T17:19:01.0360114Z Traceback (most recent call last):
website-first reader build	Test website, Harness, source-reader, and semantic contracts	2026-10-07T17:19:01.0361374Z   File "/home/runner/work/Automization-Sampling-Optimisation-Geometry-Lib/Automization-Sampling-Optimisation-Geometry-Lib/tools/tests/test_samplewiki_companions.py", line 23, in test_three_sources_keep_the_two_paper_composition_separate
website-first reader build	Test website, Harness, source-reader, and semantic contracts	2026-10-07T17:19:01.0362534Z     self.assertEqual(len(m['sources']),3)
website-first reader build	Test website, Harness, source-reader, and semantic contracts	2026-10-07T17:19:01.0362838Z AssertionError: 4 != 3
website-first reader build	Test website, Harness, source-reader, and semantic contracts	2026-10-07T17:19:01.0362996Z 
website-first reader build	Test website, Harness, source-reader, and semantic contracts	2026-10-07T17:19:01.0363151Z ----------------------------------------------------------------------
website-first reader build	Test website, Harness, source-reader, and semantic contracts	2026-10-07T17:19:01.0363523Z Ran 224 tests in 63.112s
website-first reader build	Test website, Harness, source-reader, and semantic contracts	2026-10-07T17:19:01.0363675Z 
website-first reader build	Test website, Harness, source-reader, and semantic contracts	2026-10-07T17:19:01.0363962Z FAILED (failures=2)
website-first reader build	Test website, Harness, source-reader, and semantic contracts	2026-10-07T17:19:01.1292485Z ##[error]Process completed with exit code 1.
