{
  "cell": "ASTIS-SW-PBPS-centered-root-order-inverse",
  "targets": [
    {
      "declaration": "AutoSamplingTheory.ExampleCases.ProximalBPS.CenteredRootOrderInverse.actual_centered_root_order_inverse",
      "source_item": "pbps-centered-root-order-inverse",
      "lesson": "authored",
      "audit_id": "ASTIS-RT-20261009-PBPSCenteredRootOrderInverse",
      "audit_state": "blind-reconstructed",
      "publication_binding_sha256": "de050e046bde6730a2da8152084103b1977e6c4e887bdb6b42e0d6f02c51616d",
      "remaining_boundary": "Exact printed B15 centered positive-root order and internally derived bounded inverse on the SAME actual H_P^0, plus a genuine original-input Test showing normalized actual leakage preserves norm and lies in ker P. Full-joint inverse, completed polar map into the closed complement/onto claims, other B5, H1, B13/B14, event dynamics/nonexplosion/invariance/hypocoercivity/main mixing, implementation error, expected query costs and actual-input PBPS/SPHMC composition remain separate."
    }
  ],
  "graph_check": "python3 tools/astis_publication.py graph-check --cell ASTIS-SW-PBPS-centered-root-order-inverse",
  "missing": [],
  "next": [
    "Run the smallest focused Lean test.",
    "Reuse unchanged source/lesson/audit records; never reuse a stale binding.",
    "For a new/changed theorem, use astis-semantic-roundtrip: anonymous decoder → independent anti-anchored source review → separate repair review if needed.",
    "Run tools/astis_publication.py check --base <base commit> before stabilization."
  ],
  "boundary": "This coordinator packet is NOT decoder input. It deliberately contains source identity."
}
