{
  "cell": "ASTIS-SHARED-l2-positive-real-root-uniqueness",
  "status": "graph coverage checked",
  "contributions": [
    {
      "node": "decl:AutoSamplingTheory.TechnicalLemmas.Measure.L2RealSquareRootUnique.positive_square_roots_unique",
      "focus": "lean-foundations.html?view=lean&focus=decl%3AAutoSamplingTheory.TechnicalLemmas.Measure.L2RealSquareRootUnique.positive_square_roots_unique&q=AutoSamplingTheory.TechnicalLemmas.Measure.L2RealSquareRootUnique.positive_square_roots_unique",
      "connections": [
        {
          "source": "decl:AutoSamplingTheory.TechnicalLemmas.Measure.L2RealSquareRootUnique.positive_square_roots_unique",
          "target": "semantic-audit:ASTIS-RT-20261009-L2PositiveRealRootUniqueness",
          "relation": "Lean target under audit"
        },
        {
          "source": "module:AutoSamplingTheory.TechnicalLemmas.Measure.L2RealSquareRootUnique",
          "target": "decl:AutoSamplingTheory.TechnicalLemmas.Measure.L2RealSquareRootUnique.positive_square_roots_unique",
          "relation": "declares"
        },
        {
          "source": "decl:AutoSamplingTheory.TechnicalLemmas.Measure.L2RealSquareRootUnique.positive_square_roots_unique",
          "target": "case:ASTIS-SW-PBPS-2026",
          "relation": "source correspondence; not a Lean dependency"
        },
        {
          "source": "decl:AutoSamplingTheory.TechnicalLemmas.Measure.L2RealComplexOperator.exists_positive_complex_lift",
          "target": "decl:AutoSamplingTheory.TechnicalLemmas.Measure.L2RealSquareRootUnique.positive_square_roots_unique",
          "relation": "source reference (scanner)"
        },
        {
          "source": "decl:AutoSamplingTheory.TechnicalLemmas.Measure.L2RealSquareRootUnique.positive_square_roots_unique",
          "target": "decl:AutoSamplingTheory.ExampleCases.ProximalBPS.RealDefectRootUnique.actual_unique_positive_real_defect_root",
          "relation": "source reference (scanner)"
        }
      ],
      "omitted_connections": 0
    }
  ],
  "boundary": "Reference scans are incomplete. Inspect the affected view; this report is not visual QA or a proof certificate."
}
