E:\Samplinglib\.astis\pbps-centered-defect59\independent-elab-review\phase4\positive-typed-actual-one-API.lean:46:2: warning: Try this: 
  letI̵

The goal is a proposition, so `let` is preferred over `letI`.
The difference between `let` and `letI` is that `letI` inlines the value.
But this is not relevant for proofs because of proof irrelevance.

Note: This linter can be disabled with `set_option linter.style.haveILetI false`
E:\Samplinglib\.astis\pbps-centered-defect59\independent-elab-review\phase4\positive-typed-actual-one-API.lean:47:2: warning: Try this: 
  letI̵

The goal is a proposition, so `let` is preferred over `letI`.
The difference between `let` and `letI` is that `letI` inlines the value.
But this is not relevant for proofs because of proof irrelevance.

Note: This linter can be disabled with `set_option linter.style.haveILetI false`
E:\Samplinglib\.astis\pbps-centered-defect59\independent-elab-review\phase4\positive-typed-actual-one-API.lean:48:2: warning: Try this: 
  letI̵

The goal is a proposition, so `let` is preferred over `letI`.
The difference between `let` and `letI` is that `letI` inlines the value.
But this is not relevant for proofs because of proof irrelevance.

Note: This linter can be disabled with `set_option linter.style.haveILetI false`
E:\Samplinglib\.astis\pbps-centered-defect59\independent-elab-review\phase4\positive-typed-actual-one-API.lean:49:2: warning: Try this: 
  letI̵

The goal is a proposition, so `let` is preferred over `letI`.
The difference between `let` and `letI` is that `letI` inlines the value.
But this is not relevant for proofs because of proof irrelevance.

Note: This linter can be disabled with `set_option linter.style.haveILetI false`
E:\Samplinglib\.astis\pbps-centered-defect59\independent-elab-review\phase4\positive-typed-actual-one-API.lean:50:2: warning: Try this: 
  letI̵

The goal is a proposition, so `let` is preferred over `letI`.
The difference between `let` and `letI` is that `letI` inlines the value.
But this is not relevant for proofs because of proof irrelevance.

Note: This linter can be disabled with `set_option linter.style.haveILetI false`
59 begin symmetry
59 symmetry constructed
59 mean constructed
E:\Samplinglib\.astis\pbps-centered-defect59\independent-elab-review\phase4\positive-typed-actual-one-API.lean:112:15: warning: `ContinuousLinearMap.sub_apply` has been deprecated: Use `sub_apply` instead

Note: The updated constant is in a different namespace. Dot notation may need to be changed (e.g., from `x.sub_apply` to `sub_apply x`).
E:\Samplinglib\.astis\pbps-centered-defect59\independent-elab-review\phase4\positive-typed-actual-one-API.lean:112:46: warning: `ContinuousLinearMap.one_apply` has been deprecated: Use `one_apply_eq_self` instead

Note: The updated constant is in a different namespace. Dot notation may need to be changed (e.g., from `x.one_apply` to `one_apply_eq_self x`).
E:\Samplinglib\.astis\pbps-centered-defect59\independent-elab-review\phase4\positive-typed-actual-one-API.lean:113:6: warning: `ContinuousLinearMap.mul_apply` has been deprecated: Use `mul_apply_eq_comp` instead

Note: The updated constant is in a different namespace. Dot notation may need to be changed (e.g., from `x.mul_apply` to `mul_apply_eq_comp x`).
59 full defect identity constructed
E:\Samplinglib\.astis\pbps-centered-defect59\independent-elab-review\phase4\positive-typed-actual-one-API.lean:124:15: warning: `ContinuousLinearMap.sub_apply` has been deprecated: Use `sub_apply` instead

Note: The updated constant is in a different namespace. Dot notation may need to be changed (e.g., from `x.sub_apply` to `sub_apply x`).
E:\Samplinglib\.astis\pbps-centered-defect59\independent-elab-review\phase4\positive-typed-actual-one-API.lean:124:46: warning: `ContinuousLinearMap.one_apply` has been deprecated: Use `one_apply_eq_self` instead

Note: The updated constant is in a different namespace. Dot notation may need to be changed (e.g., from `x.one_apply` to `one_apply_eq_self x`).
E:\Samplinglib\.astis\pbps-centered-defect59\independent-elab-review\phase4\positive-typed-actual-one-API.lean:125:6: warning: `ContinuousLinearMap.mul_apply` has been deprecated: Use `mul_apply_eq_comp` instead

Note: The updated constant is in a different namespace. Dot notation may need to be changed (e.g., from `x.mul_apply` to `mul_apply_eq_comp x`).
E:\Samplinglib\.astis\pbps-centered-defect59\independent-elab-review\phase4\positive-typed-actual-one-API.lean:25:8: warning: Variable name `Λ` is not explicitly referenced.

Hint: The binding can be removed (if unused) or named `_` (if used implicitly). Alternatively, prefix the name with `_` to silence this warning:
  [apply] _Λ

Note: This linter can be disabled with `set_option linter.unusedVariables false`
E:\Samplinglib\.astis\pbps-centered-defect59\independent-elab-review\phase4\positive-typed-actual-one-API.lean:26:8: warning: Variable name `F` is not explicitly referenced.

Hint: The binding can be removed (if unused) or named `_` (if used implicitly). Alternatively, prefix the name with `_` to silence this warning:
  [apply] _F

Note: This linter can be disabled with `set_option linter.unusedVariables false`
E:\Samplinglib\.astis\pbps-centered-defect59\independent-elab-review\phase4\positive-typed-actual-one-API.lean:27:8: warning: Variable name `P` is not explicitly referenced.

Hint: The binding can be removed (if unused) or named `_` (if used implicitly). Alternatively, prefix the name with `_` to silence this warning:
  [apply] _P

Note: This linter can be disabled with `set_option linter.unusedVariables false`
E:\Samplinglib\.astis\pbps-centered-defect59\independent-elab-review\phase4\positive-typed-actual-one-API.lean:53:2: warning: Unused tactic linter: `trace "59 begin symmetry"` does nothing

Note: This linter can be disabled with `set_option linter.unusedTactic false`
E:\Samplinglib\.astis\pbps-centered-defect59\independent-elab-review\phase4\positive-typed-actual-one-API.lean:68:2: warning: Unused tactic linter: `trace "59 symmetry constructed"` does nothing

Note: This linter can be disabled with `set_option linter.unusedTactic false`
E:\Samplinglib\.astis\pbps-centered-defect59\independent-elab-review\phase4\positive-typed-actual-one-API.lean:85:2: warning: Unused tactic linter: `trace "59 mean constructed"` does nothing

Note: This linter can be disabled with `set_option linter.unusedTactic false`
E:\Samplinglib\.astis\pbps-centered-defect59\independent-elab-review\phase4\positive-typed-actual-one-API.lean:116:2: warning: Unused tactic linter: `trace "59 full defect identity constructed"` does nothing

Note: This linter can be disabled with `set_option linter.unusedTactic false`
'AutoSamplingTheory.ExampleCases.ProximalBPS.CenteredDefectOperator.diagnostic_positive_fragment59' depends on axioms: [propext,
 Classical.choice,
 Quot.sound]
