Tests/ScaledResolventLimit.lean:18:81: warning: This simp argument is unused:
  potential

Hint: Omit it from the simp argument list.
  [apply] simp [Pi.add_apply, mul_comm]

Note: This linter can be disabled with `set_option linter.unusedSimpArgs false`
Tests/ScaledResolventLimit.lean:18:92: warning: This simp argument is unused:
  Pi.add_apply

Hint: Omit it from the simp argument list.
  [apply] simp [potential, mul_comm]

Note: This linter can be disabled with `set_option linter.unusedSimpArgs false`
'Tests.ScaledResolventLimit.actual_nonquadratic_centered_resolvent' depends on axioms: [propext,
 Classical.choice,
 Quot.sound]
'Tests.ScaledResolventLimit.actual_zero_dim_centered_resolvent' depends on axioms: [propext,
 Classical.choice,
 Quot.sound]
'Tests.ScaledResolventLimit.noncentered_constant_residual' depends on axioms: [propext, Classical.choice, Quot.sound]
'Tests.ScaledResolventLimit.zeroOperator_isClosed' depends on axioms: [propext, Classical.choice, Quot.sound]
'Tests.ScaledResolventLimit.noncentered_residual_does_not_tendsto_zero' depends on axioms: [propext,
 Classical.choice,
 Quot.sound]
'AutoSamplingTheory.TechnicalLemmas.FunctionalInequalities.ScaledClosedGraphResolvent.scaled_resolvent_sequence_tendsto_zero' depends on axioms: [propext,
 Classical.choice,
 Quot.sound]
'AutoSamplingTheory.TechnicalLemmas.FunctionalInequalities.CenteredGibbsResolventLimit.gibbs_centered_resolvent_sequence' depends on axioms: [propext,
 Classical.choice,
 Quot.sound]
'AutoSamplingTheory.ExampleCases.ProximalBPS.ConditionalCenteredResolventLimit.conditional_centered_resolvent_sequence' depends on axioms: [propext,
 Classical.choice,
 Quot.sound]
