<stdin>:24:53: error: unsolved goals
⊢ 1 / 3 < (if Even 3 then 1 else 2) / 4
<stdin>:42:4: error: 'change' tactic failed, pattern
  0 * WithLp.fst ↑v + 7 * WithLp.snd ↑v = 0
is not definitionally equal to target
  ⟪forcing, ↑v⟫ = 0
<stdin>:50:4: error: 'change' tactic failed, pattern
  eps n * (0 * WithLp.fst ↑v + 7 / (1 + eps n) * WithLp.snd ↑v) + 7 / (1 + eps n) * WithLp.snd ↑v =
    0 * WithLp.fst ↑v + 7 * WithLp.snd ↑v
is not definitionally equal to target
  eps n * ⟪↑(u n), ↑v⟫ + ⟪↑D (u n), ↑D v⟫ = ⟪forcing, ↑v⟫
'IndependentScaledResolventStress.actual_nonzero_operator_forcing_all_kernel_orthogonal' depends on axioms: [propext,
 sorryAx,
 Classical.choice,
 Quot.sound]
'IndependentScaledResolventStress.eps_is_not_monotone_decay' depends on axioms: [propext,
 sorryAx,
 Classical.choice,
 Quot.sound]
'Tests.ScaledResolventLimit.actual_nonquadratic_centered_resolvent' depends on axioms: [propext,
 Classical.choice,
 Quot.sound]
'Tests.ScaledResolventLimit.actual_zero_dim_centered_resolvent' depends on axioms: [propext,
 Classical.choice,
 Quot.sound]
'Tests.ScaledResolventLimit.noncentered_residual_does_not_tendsto_zero' depends on axioms: [propext,
 Classical.choice,
 Quot.sound]
