'ScaledResidualPrototype.weak_strong_closed_graph' depends on axioms: [propext, Classical.choice, Quot.sound]
'ScaledResidualPrototype.bounded_weak_subsequence' depends on axioms: [propext, Classical.choice, Quot.sound]
'ScaledResidualPrototype.bounded_kernel_orthogonal_sequence_tendsto_zero' depends on axioms: [propext,
 Classical.choice,
 Quot.sound]
.astis/ScaledResidualPrototype.lean:98:0: warning: automatically included section variable(s) unused in theorem `ScaledResidualPrototype.scaled_energy_bounds`:
  [CompleteSpace H]
  [CompleteSpace K]
consider restructuring your `variable` declarations so that the variables are not in scope or explicitly omit them:
  omit [CompleteSpace H] [CompleteSpace K] in theorem ...

Note: This linter can be disabled with `set_option linter.unusedSectionVars false`
'ScaledResidualPrototype.scaled_energy_bounds' depends on axioms: [propext, Classical.choice, Quot.sound]
'ScaledResidualPrototype.scaled_resolvent_sequence_tendsto_zero' depends on axioms: [propext,
 Classical.choice,
 Quot.sound]
.astis/ScaledResidualPrototype.lean:152:23: error: expected token
.astis/ScaledResidualPrototype.lean:152:20: error(lean.synthInstanceFailed): failed to synthesize instance of type class
  LE Type

Hint: Type class instance resolution failures can be inspected with the `set_option trace.Meta.synthInstance true` command.
.astis/ScaledResidualPrototype.lean:152:22: error(lean.synthInstanceFailed): failed to synthesize instance of type class
  OfNat Type 0
numerals are polymorphic in Lean, but the numeral `0` cannot be used in a context where the expected type is
  Type
due to the absence of the instance above

Hint: Type class instance resolution failures can be inspected with the `set_option trace.Meta.synthInstance true` command.
.astis/ScaledResidualPrototype.lean:152:7: error: Missing cases:
.astis/ScaledResidualPrototype.lean:152:2: warning: Try this: 
  letI̵

The goal is a proposition, so `let` is preferred over `letI`.
The difference between `let` and `letI` is that `letI` inlines the value.
But this is not relevant for proofs because of proof irrelevance.

Note: This linter can be disabled with `set_option linter.style.haveILetI false`
.astis/ScaledResidualPrototype.lean:148:88: error: unsolved goals
H : Type u_1
K : Type u_2
inst✝¹¹ : NormedAddCommGroup H
inst✝¹⁰ : InnerProductSpace ℝ H
inst✝⁹ : CompleteSpace H
inst✝⁸ : NormedAddCommGroup K
inst✝⁷ : InnerProductSpace ℝ K
inst✝⁶ : CompleteSpace K
E : Type u_3
inst✝⁵ : NormedAddCommGroup E
inst✝⁴ : InnerProductSpace ℝ E
inst✝³ : FiniteDimensional ℝ E
inst✝² : MeasurableSpace E
inst✝¹ : BorelSpace E
μ : Measure E
inst✝ : IsFiniteMeasure μ
this✝² : SecondCountableTopology E
this✝¹ : MeasurableSpace.CountablyGenerated E
this✝ : IsSeparable μ
this : Fact sorry := nomatch
⊢ TopologicalSpace.SeparableSpace ↥(Lp ℝ 2 μ)
