'ScaledResidualPrototype.weak_strong_closed_graph' depends on axioms: [propext, Classical.choice, Quot.sound]
'ScaledResidualPrototype.bounded_weak_subsequence' depends on axioms: [propext, Classical.choice, Quot.sound]
'ScaledResidualPrototype.bounded_kernel_orthogonal_sequence_tendsto_zero' depends on axioms: [propext,
 Classical.choice,
 Quot.sound]
.astis/ScaledResidualPrototype.lean:101:0: warning: automatically included section variable(s) unused in theorem `ScaledResidualPrototype.scaled_energy_bounds`:
  [CompleteSpace H]
  [CompleteSpace K]
consider restructuring your `variable` declarations so that the variables are not in scope or explicitly omit them:
  omit [CompleteSpace H] [CompleteSpace K] in theorem ...

Note: This linter can be disabled with `set_option linter.unusedSectionVars false`
'ScaledResidualPrototype.scaled_energy_bounds' depends on axioms: [propext, Classical.choice, Quot.sound]
'ScaledResidualPrototype.scaled_resolvent_sequence_tendsto_zero' depends on axioms: [propext,
 Classical.choice,
 Quot.sound]
.astis/ScaledResidualPrototype.lean:155:2: warning: Try this: 
  letI̵

The goal is a proposition, so `let` is preferred over `letI`.
The difference between `let` and `letI` is that `letI` inlines the value.
But this is not relevant for proofs because of proof irrelevance.

Note: This linter can be disabled with `set_option linter.style.haveILetI false`
.astis/ScaledResidualPrototype.lean:156:2: warning: Try this: 
  letI̵

The goal is a proposition, so `let` is preferred over `letI`.
The difference between `let` and `letI` is that `letI` inlines the value.
But this is not relevant for proofs because of proof irrelevance.

Note: This linter can be disabled with `set_option linter.style.haveILetI false`
.astis/ScaledResidualPrototype.lean:186:2: warning: Try this: 
  letI̵

The goal is a proposition, so `let` is preferred over `letI`.
The difference between `let` and `letI` is that `letI` inlines the value.
But this is not relevant for proofs because of proof irrelevance.

Note: This linter can be disabled with `set_option linter.style.haveILetI false`
.astis/ScaledResidualPrototype.lean:187:2: warning: Try this: 
  letI̵

The goal is a proposition, so `let` is preferred over `letI`.
The difference between `let` and `letI` is that `letI` inlines the value.
But this is not relevant for proofs because of proof irrelevance.

Note: This linter can be disabled with `set_option linter.style.haveILetI false`
.astis/ScaledResidualPrototype.lean:188:2: warning: Try this: 
  letI̵

The goal is a proposition, so `let` is preferred over `letI`.
The difference between `let` and `letI` is that `letI` inlines the value.
But this is not relevant for proofs because of proof irrelevance.

Note: This linter can be disabled with `set_option linter.style.haveILetI false`
.astis/ScaledResidualPrototype.lean:207:22: error(lean.unknownIdentifier): Unknown identifier `inner_mul`
.astis/ScaledResidualPrototype.lean:205:46: error: unsolved goals
E : Type u_3
inst✝⁴ : NormedAddCommGroup E
inst✝³ : InnerProductSpace ℝ E
inst✝² : FiniteDimensional ℝ E
inst✝¹ : MeasurableSpace E
inst✝ : BorelSpace E
W : E → ℝ
hW : ContDiff ℝ 1 W
hI : Integrable (fun x => Real.exp (-W x)) volume
μ : Measure E := volume.tilted fun x => -W x
D : ↥(Lp ℝ 2 (volume.tilted fun x => -W x)) →ₗ.[ℝ] ↥(Lp E 2 (volume.tilted fun x => -W x))
hD : D.IsClosable
hgraph :
  ∀ (a : ↥(Lp ℝ 2 (volume.tilted fun x => -W x))) (G : ↥(Lp E 2 (volume.tilted fun x => -W x))),
    (a, G) ∈ D.graph ↔
      ∃ φ,
        ContDiff ℝ ∞ φ ∧
          HasCompactSupport φ ∧ ↑↑a =ᵐ[volume.tilted fun x => -W x] φ ∧ ↑↑G =ᵐ[volume.tilted fun x => -W x] gradient φ
f : ↥(Lp ℝ 2 (volume.tilted fun x => -W x))
hf : (∫ (x : E), ↑↑f x ∂volume.tilted fun x => -W x) = 0
ε : ℕ → ℝ
hε : ∀ (n : ℕ), 0 < ε n
hε0 : Tendsto ε atTop (𝓝 0)
this✝¹ : IsProbabilityMeasure μ := isProbabilityMeasure_tilted hI
this✝ : Fact (2 ≠ ⊤) :=
  {
    out :=
      of_eq_true
        (Eq.trans
          (Eq.trans (congrArg Not (Eq.trans ENNReal.ofNat_ne_top._simp_1 (eq_false not_false))) not_false_eq_true)
          (eq_true True.intro)) }
this : SecondCountableTopology ↥(Lp ℝ 2 μ) := inferInstance
hsol :
  ∀ (n : ℕ),
    ∃ u,
      (∀ (v : ↥D.closure.domain), ε n * ⟪↑u, ↑v⟫ + ⟪↑D.closure u, ↑D.closure v⟫ = ⟪f, ↑v⟫) ∧
        LocallyIntegrable (fun x => ↑↑↑u x) volume ∧
          LocallyIntegrable (fun x => ↑↑(↑D.closure u) x) volume ∧
            (∀ (ψ : E → ℝ),
                ContDiff ℝ 1 ψ →
                  HasCompactSupport ψ →
                    ∀ (v : E),
                      Integrable (fun x => ψ x * ⟪↑↑(↑D.closure u) x, v⟫) volume ∧
                        Integrable (fun x => ↑↑↑u x * (fderiv ℝ ψ x) v) volume ∧
                          ∫ (x : E), ψ x * ⟪↑↑(↑D.closure u) x, v⟫ = -∫ (x : E), ↑↑↑u x * (fderiv ℝ ψ x) v) ∧
              ∀ (ψ : E → ℝ),
                ContDiff ℝ ∞ ψ →
                  HasCompactSupport ψ →
                    Integrable (fun x => Real.exp (-W x) * (↑↑↑u x * ψ x)) volume ∧
                      Integrable (fun x => Real.exp (-W x) * ⟪↑↑(↑D.closure u) x, gradient ψ x⟫) volume ∧
                        Integrable (fun x => Real.exp (-W x) * (↑↑f x * ψ x)) volume ∧
                          (ε n * ∫ (x : E), Real.exp (-W x) * (↑↑↑u x * ψ x)) +
                              ∫ (x : E), Real.exp (-W x) * ⟪↑↑(↑D.closure u) x, gradient ψ x⟫ =
                            ∫ (x : E), Real.exp (-W x) * (↑↑f x * ψ x)
u : ℕ → ↥D.closure.domain := fun n => Classical.choose ⋯
hu :
  ∀ (n : ℕ),
    (∀ (v : ↥D.closure.domain),
        ε n * ⟪↑(Classical.choose ⋯), ↑v⟫ + ⟪↑D.closure (Classical.choose ⋯), ↑D.closure v⟫ = ⟪f, ↑v⟫) ∧
      LocallyIntegrable (fun x => ↑↑↑(Classical.choose ⋯) x) volume ∧
        LocallyIntegrable (fun x => ↑↑(↑D.closure (Classical.choose ⋯)) x) volume ∧
          (∀ (ψ : E → ℝ),
              ContDiff ℝ 1 ψ →
                HasCompactSupport ψ →
                  ∀ (v : E),
                    Integrable (fun x => ψ x * ⟪↑↑(↑D.closure (Classical.choose ⋯)) x, v⟫) volume ∧
                      Integrable (fun x => ↑↑↑(Classical.choose ⋯) x * (fderiv ℝ ψ x) v) volume ∧
                        ∫ (x : E), ψ x * ⟪↑↑(↑D.closure (Classical.choose ⋯)) x, v⟫ =
                          -∫ (x : E), ↑↑↑(Classical.choose ⋯) x * (fderiv ℝ ψ x) v) ∧
            ∀ (ψ : E → ℝ),
              ContDiff ℝ ∞ ψ →
                HasCompactSupport ψ →
                  Integrable (fun x => Real.exp (-W x) * (↑↑↑(Classical.choose ⋯) x * ψ x)) volume ∧
                    Integrable (fun x => Real.exp (-W x) * ⟪↑↑(↑D.closure (Classical.choose ⋯)) x, gradient ψ x⟫)
                        volume ∧
                      Integrable (fun x => Real.exp (-W x) * (↑↑f x * ψ x)) volume ∧
                        (ε n * ∫ (x : E), Real.exp (-W x) * (↑↑↑(Classical.choose ⋯) x * ψ x)) +
                            ∫ (x : E), Real.exp (-W x) * ⟪↑↑(↑D.closure (Classical.choose ⋯)) x, gradient ψ x⟫ =
                          ∫ (x : E), Real.exp (-W x) * (↑↑f x * ψ x)
v : ↥D.closure.domain
hv : ↑D.closure v = 0
c : ℝ
hc : ↑↑↑v =ᵐ[volume.tilted fun x => -W x] fun x => c
x : E
hx : ↑↑↑v x = c
⊢ ⟪↑↑f x, c⟫ = ↑↑f x * c
'ScaledResidualPrototype.gibbs_centered_resolvent_sequence' depends on axioms: [propext,
 sorryAx,
 Classical.choice,
 Quot.sound]
