'ScaledResidualPrototype.weak_strong_closed_graph' depends on axioms: [propext, Classical.choice, Quot.sound]
.astis/ScaledResidualPrototype.lean:51:40: error(lean.unknownIdentifier): Unknown identifier `toDual`
.astis/ScaledResidualPrototype.lean:53:13: error(lean.unknownIdentifier): Unknown identifier `toDual`
.astis/ScaledResidualPrototype.lean:53:11: error(lean.synthInstanceFailed): failed to synthesize instance of type class
  Norm ℕ

Hint: Type class instance resolution failures can be inspected with the `set_option trace.Meta.synthInstance true` command.
.astis/ScaledResidualPrototype.lean:55:61: error: Application type mismatch: The argument
  0
has type
  StrongDual ℝ H
of sort `Type u_1` but is expected to have type
  Type ?u.77
of sort `Type (?u.77 + 1)` in the application
  WeakDual.isSeqCompact_closedBall 0
.astis/ScaledResidualPrototype.lean:55:9: error: Tactic `rcases` failed: `x✝ : ?m.84` is not an inductive datatype
.astis/ScaledResidualPrototype.lean:83:8: error: Tactic `rewrite` failed: Did not find an occurrence of the pattern
  ⟪f, v⟫
in the target expression
  Tendsto (fun n => ⟪↑(r (ns (φ n))), f⟫) atTop (𝓝 ⟪v, f⟫)

H : Type u_1
K : Type u_2
inst✝⁶ : NormedAddCommGroup H
inst✝⁵ : InnerProductSpace ℝ H
inst✝⁴ : CompleteSpace H
inst✝³ : NormedAddCommGroup K
inst✝² : InnerProductSpace ℝ K
inst✝¹ : CompleteSpace K
inst✝ : TopologicalSpace.SeparableSpace H
D : H →ₗ.[ℝ] K
hD : D.IsClosed
r : ℕ → ↥D.domain
f : H
hb : ∀ (n : ℕ), ‖↑(r n)‖ ≤ ‖f‖
hz : Tendsto (fun n => ↑D (r n)) atTop (𝓝 0)
he : ∀ (n : ℕ), ‖↑(r n)‖ ^ 2 ≤ ⟪f, ↑(r n)⟫
hk : ∀ (v : ↥D.domain), ↑D v = 0 → ⟪f, ↑v⟫ = 0
ns : ℕ → ℕ
hns : Tendsto ns atTop atTop
v : H
φ : ℕ → ℕ
hφ : StrictMono φ
hw : ∀ (a : H), Tendsto (fun n => ⟪↑(r (ns (φ n))), a⟫) atTop (𝓝 ⟪v, a⟫)
hnsφ : Tendsto (fun n => ns (φ n)) atTop atTop
w : ↥D.domain
hwv : ↑w = v
hwz : ↑D w = 0
hfv : ⟪f, v⟫ = 0
h : Tendsto (fun n => ⟪↑(r (ns (φ n))), f⟫) atTop (𝓝 ⟪v, f⟫)
⊢ Tendsto (fun n => ⟪f, ↑(r (ns (φ n)))⟫) atTop (𝓝 0)
'ScaledResidualPrototype.bounded_weak_subsequence' depends on axioms: [propext, sorryAx, Classical.choice, Quot.sound]
'ScaledResidualPrototype.bounded_kernel_orthogonal_sequence_tendsto_zero' depends on axioms: [propext,
 sorryAx,
 Classical.choice,
 Quot.sound]
.astis/ScaledResidualPrototype.lean:95:0: warning: automatically included section variable(s) unused in theorem `ScaledResidualPrototype.scaled_energy_bounds`:
  [CompleteSpace H]
  [CompleteSpace K]
consider restructuring your `variable` declarations so that the variables are not in scope or explicitly omit them:
  omit [CompleteSpace H] [CompleteSpace K] in theorem ...

Note: This linter can be disabled with `set_option linter.unusedSectionVars false`
'ScaledResidualPrototype.scaled_energy_bounds' depends on axioms: [propext, Classical.choice, Quot.sound]
'ScaledResidualPrototype.scaled_resolvent_sequence_tendsto_zero' depends on axioms: [propext,
 sorryAx,
 Classical.choice,
 Quot.sound]
.astis/ScaledResidualPrototype.lean:146:2: error(lean.synthInstanceFailed): failed to synthesize instance of type class
  TopologicalSpace.SeparableSpace ↥(Lp ℝ 2 μ)

Hint: Type class instance resolution failures can be inspected with the `set_option trace.Meta.synthInstance true` command.
