'ScaledResidualPrototype.weak_strong_closed_graph' depends on axioms: [propext, Classical.choice, Quot.sound]
'ScaledResidualPrototype.bounded_weak_subsequence' depends on axioms: [propext, Classical.choice, Quot.sound]
'ScaledResidualPrototype.bounded_kernel_orthogonal_sequence_tendsto_zero' depends on axioms: [propext,
 Classical.choice,
 Quot.sound]
.astis/ScaledResidualPrototype.lean:98:0: warning: automatically included section variable(s) unused in theorem `ScaledResidualPrototype.scaled_energy_bounds`:
  [CompleteSpace H]
  [CompleteSpace K]
consider restructuring your `variable` declarations so that the variables are not in scope or explicitly omit them:
  omit [CompleteSpace H] [CompleteSpace K] in theorem ...

Note: This linter can be disabled with `set_option linter.unusedSectionVars false`
'ScaledResidualPrototype.scaled_energy_bounds' depends on axioms: [propext, Classical.choice, Quot.sound]
'ScaledResidualPrototype.scaled_resolvent_sequence_tendsto_zero' depends on axioms: [propext,
 Classical.choice,
 Quot.sound]
.astis/ScaledResidualPrototype.lean:149:9: error(lean.unknownIdentifier): Unknown constant `TopologicalSpace.SecondCountableTopology`
.astis/ScaledResidualPrototype.lean:152:9: error(lean.unknownIdentifier): Unknown constant `TopologicalSpace.SecondCountableTopology`
.astis/ScaledResidualPrototype.lean:153:2: error(lean.synthInstanceFailed): failed to synthesize instance of type class
  TopologicalSpace.SeparableSpace ↥(Lp ℝ 2 μ)

Hint: Type class instance resolution failures can be inspected with the `set_option trace.Meta.synthInstance true` command.
