'ScaledResidualPrototype.weak_strong_closed_graph' depends on axioms: [propext, Classical.choice, Quot.sound]
.astis/ScaledResidualPrototype.lean:55:4: error: 'change' tactic failed, pattern
  ‖(toDual ℝ H) (r n) - 0‖ ≤ C
is not definitionally equal to target
  d n ∈ ⇑WeakDual.toStrongDual ⁻¹' Metric.closedBall 0 C
.astis/ScaledResidualPrototype.lean:85:61: error: Application type mismatch: The argument
  hfv
has type
  ⟪f, v⟫ = 0
but is expected to have type
  ⟪v, f⟫ = ?m.246
in the application
  Eq.trans (real_inner_comm v f) hfv
.astis/ScaledResidualPrototype.lean:87:78: error: Application type mismatch: The argument
  h
has type
  Tendsto (fun n => ⟪↑(r (ns (φ n))), f⟫) atTop (𝓝 0)
but is expected to have type
  Tendsto (fun n => ⟪f, ↑(r (ns (φ n)))⟫) ?m.260 ?m.261
in the application
  (tendsto_congr fun n => real_inner_comm f ↑(r (ns (φ n)))).mpr h
'ScaledResidualPrototype.bounded_weak_subsequence' depends on axioms: [propext, sorryAx, Classical.choice, Quot.sound]
'ScaledResidualPrototype.bounded_kernel_orthogonal_sequence_tendsto_zero' depends on axioms: [propext,
 sorryAx,
 Classical.choice,
 Quot.sound]
.astis/ScaledResidualPrototype.lean:98:0: warning: automatically included section variable(s) unused in theorem `ScaledResidualPrototype.scaled_energy_bounds`:
  [CompleteSpace H]
  [CompleteSpace K]
consider restructuring your `variable` declarations so that the variables are not in scope or explicitly omit them:
  omit [CompleteSpace H] [CompleteSpace K] in theorem ...

Note: This linter can be disabled with `set_option linter.unusedSectionVars false`
'ScaledResidualPrototype.scaled_energy_bounds' depends on axioms: [propext, Classical.choice, Quot.sound]
'ScaledResidualPrototype.scaled_resolvent_sequence_tendsto_zero' depends on axioms: [propext,
 sorryAx,
 Classical.choice,
 Quot.sound]
.astis/ScaledResidualPrototype.lean:149:2: error(lean.synthInstanceFailed): failed to synthesize instance of type class
  TopologicalSpace.SeparableSpace ↥(Lp ℝ 2 μ)

Hint: Type class instance resolution failures can be inspected with the `set_option trace.Meta.synthInstance true` command.
