'ScaledResidualPrototype.weak_strong_closed_graph' depends on axioms: [propext, Classical.choice, Quot.sound]
'ScaledResidualPrototype.bounded_weak_subsequence' depends on axioms: [propext, Classical.choice, Quot.sound]
'ScaledResidualPrototype.bounded_kernel_orthogonal_sequence_tendsto_zero' depends on axioms: [propext,
 Classical.choice,
 Quot.sound]
.astis/ScaledResidualPrototype.lean:101:0: warning: automatically included section variable(s) unused in theorem `ScaledResidualPrototype.scaled_energy_bounds`:
  [CompleteSpace H]
  [CompleteSpace K]
consider restructuring your `variable` declarations so that the variables are not in scope or explicitly omit them:
  omit [CompleteSpace H] [CompleteSpace K] in theorem ...

Note: This linter can be disabled with `set_option linter.unusedSectionVars false`
'ScaledResidualPrototype.scaled_energy_bounds' depends on axioms: [propext, Classical.choice, Quot.sound]
'ScaledResidualPrototype.scaled_resolvent_sequence_tendsto_zero' depends on axioms: [propext,
 Classical.choice,
 Quot.sound]
.astis/ScaledResidualPrototype.lean:155:2: warning: Try this: 
  letI̵

The goal is a proposition, so `let` is preferred over `letI`.
The difference between `let` and `letI` is that `letI` inlines the value.
But this is not relevant for proofs because of proof irrelevance.

Note: This linter can be disabled with `set_option linter.style.haveILetI false`
.astis/ScaledResidualPrototype.lean:156:2: warning: Try this: 
  letI̵

The goal is a proposition, so `let` is preferred over `letI`.
The difference between `let` and `letI` is that `letI` inlines the value.
But this is not relevant for proofs because of proof irrelevance.

Note: This linter can be disabled with `set_option linter.style.haveILetI false`
.astis/ScaledResidualPrototype.lean:186:2: warning: Try this: 
  letI̵

The goal is a proposition, so `let` is preferred over `letI`.
The difference between `let` and `letI` is that `letI` inlines the value.
But this is not relevant for proofs because of proof irrelevance.

Note: This linter can be disabled with `set_option linter.style.haveILetI false`
.astis/ScaledResidualPrototype.lean:188:2: warning: Try this: 
  letI̵

The goal is a proposition, so `let` is preferred over `letI`.
The difference between `let` and `letI` is that `letI` inlines the value.
But this is not relevant for proofs because of proof irrelevance.

Note: This linter can be disabled with `set_option linter.style.haveILetI false`
.astis/ScaledResidualPrototype.lean:189:2: warning: Try this: 
  letI̵

The goal is a proposition, so `let` is preferred over `letI`.
The difference between `let` and `letI` is that `letI` inlines the value.
But this is not relevant for proofs because of proof irrelevance.

Note: This linter can be disabled with `set_option linter.style.haveILetI false`
'ScaledResidualPrototype.gibbs_centered_resolvent_sequence' depends on axioms: [propext, Classical.choice, Quot.sound]
