.astis\pbps-marginal-gradient51\draft55.lean:89:43: warning: `ContinuousLinearMap.mul_apply` has been deprecated: Use `mul_apply_eq_comp` instead

Note: The updated constant is in a different namespace. Dot notation may need to be changed (e.g., from `x.mul_apply` to `mul_apply_eq_comp x`).
.astis\pbps-marginal-gradient51\draft55.lean:89:27: error: unsolved goals
E : Type u_1
inst✝⁴ : NormedAddCommGroup E
inst✝³ : InnerProductSpace ℝ E
inst✝² : FiniteDimensional ℝ E
inst✝¹ : MeasurableSpace E
inst✝ : BorelSpace E
V : E → ℝ
α β : ℝ≥0
η : ℝ
hα : 0 < ↑α
hαβ : α ≤ β
hV : ContDiff ℝ 2 V
hH : ∀ (x v : E), ↑α * ‖v‖ ^ 2 ≤ ((fderiv ℝ (fderiv ℝ V) x) v) v ∧ ((fderiv ℝ (fderiv ℝ V) x) v) v ≤ ↑β * ‖v‖ ^ 2
hη : 0 < η
hβη : ↑β * η ≤ 1
μ : Measure E := ℙ.tilted fun x => -V x
J : Measure (E × E) := Measure.map (fun p => (p.1, p.1 + √η • p.2)) (μ.prod (stdGaussian E))
ν : Measure E := J.snd
P : ↥(Lp ℝ 2 J) →L[ℝ] ↥(Lp ℝ 2 J) :=
  (lpMeas ℝ ℝ (MeasurableSpace.comap Prod.snd inferInstance) 2 J).subtypeL ∘SL condExpL2 ℝ ℝ ⋯
hμ : IsProbabilityMeasure (ℙ.tilted fun x => -V x)
hJ : IsProbabilityMeasure (Measure.map (fun p => (p.1, p.1 + √η • p.2)) ((ℙ.tilted fun x => -V x).prod (stdGaussian E)))
hν :
  IsProbabilityMeasure
    (Measure.map (fun p => (p.1, p.1 + √η • p.2)) ((ℙ.tilted fun x => -V x).prod (stdGaussian E))).snd
R S : Kernel E E
hR : IsMarkovKernel R
hS : IsMarkovKernel S
hRc :
  (Measure.map Prod.swap
        (Measure.map (fun p => (p.1, p.1 + √η • p.2)) ((ℙ.tilted fun x => -V x).prod (stdGaussian E)))).IsCondKernel
    R
hSr : ∀ (y : E), S y = Measure.map (fun x => 2 • x - y) (R y)
hSd : ∀ (y : E), S y = ℙ.tilted fun u => -V ((1 / 2) • (y + u)) - ‖y - u‖ ^ 2 / (8 * η)
hSc :
  (Measure.map (fun p => (p.2, 2 • p.1 - p.2))
        (Measure.map (fun p => (p.1, p.1 + √η • p.2)) ((ℙ.tilted fun x => -V x).prod (stdGaussian E)))).IsCondKernel
    S
hSf :
  (Measure.map (fun p => (p.2, 2 • p.1 - p.2))
        (Measure.map (fun p => (p.1, p.1 + √η • p.2)) ((ℙ.tilted fun x => -V x).prod (stdGaussian E)))).fst =
    (Measure.map (fun p => (p.1, p.1 + √η • p.2)) ((ℙ.tilted fun x => -V x).prod (stdGaussian E))).snd
U :
  ↥(Lp ℝ 2 (Measure.map (fun p => (p.1, p.1 + √η • p.2)) ((ℙ.tilted fun x => -V x).prod (stdGaussian E)))) →ₗᵢ[ℝ]
    ↥(Lp ℝ 2 (Measure.map (fun p => (p.1, p.1 + √η • p.2)) ((ℙ.tilted fun x => -V x).prod (stdGaussian E))))
hU :
  ∀ (g : ↥(Lp ℝ 2 (Measure.map (fun p => (p.1, p.1 + √η • p.2)) ((ℙ.tilted fun x => -V x).prod (stdGaussian E))))),
    ↑↑(U g) =ᵐ[Measure.map (fun p => (p.1, p.1 + √η • p.2)) ((ℙ.tilted fun x => -V x).prod (stdGaussian E))]
      ↑↑g ∘ fun p => (p.1, 2 • p.1 - p.2)
hUi : Function.Involutive ⇑U
hUs : IsSelfAdjoint U.toContinuousLinearMap
this✝¹ : IsProbabilityMeasure μ := hμ
this✝ : IsProbabilityMeasure J := hJ
this : IsProbabilityMeasure ν := hν
hBA :
  star
        ((1 -
              (lpMeas ℝ ℝ (MeasurableSpace.comap Prod.snd inferInstance) 2
                    (Measure.map (fun p => (p.1, p.1 + √η • p.2))
                      ((ℙ.tilted fun x => -V x).prod (stdGaussian E)))).subtypeL ∘SL
                condExpL2 ℝ ℝ ⋯) *
            U.toContinuousLinearMap *
          (lpMeas ℝ ℝ (MeasurableSpace.comap Prod.snd inferInstance) 2
                (Measure.map (fun p => (p.1, p.1 + √η • p.2))
                  ((ℙ.tilted fun x => -V x).prod (stdGaussian E)))).subtypeL ∘SL
            condExpL2 ℝ ℝ ⋯) *
      ((1 -
            (lpMeas ℝ ℝ (MeasurableSpace.comap Prod.snd inferInstance) 2
                  (Measure.map (fun p => (p.1, p.1 + √η • p.2))
                    ((ℙ.tilted fun x => -V x).prod (stdGaussian E)))).subtypeL ∘SL
              condExpL2 ℝ ℝ ⋯) *
          U.toContinuousLinearMap *
        (lpMeas ℝ ℝ (MeasurableSpace.comap Prod.snd inferInstance) 2
              (Measure.map (fun p => (p.1, p.1 + √η • p.2))
                ((ℙ.tilted fun x => -V x).prod (stdGaussian E)))).subtypeL ∘SL
          condExpL2 ℝ ℝ ⋯) =
    (lpMeas ℝ ℝ (MeasurableSpace.comap Prod.snd inferInstance) 2
            (Measure.map (fun p => (p.1, p.1 + √η • p.2)) ((ℙ.tilted fun x => -V x).prod (stdGaussian E)))).subtypeL ∘SL
        condExpL2 ℝ ℝ ⋯ -
      ((lpMeas ℝ ℝ (MeasurableSpace.comap Prod.snd inferInstance) 2
                  (Measure.map (fun p => (p.1, p.1 + √η • p.2))
                    ((ℙ.tilted fun x => -V x).prod (stdGaussian E)))).subtypeL ∘SL
              condExpL2 ℝ ℝ ⋯ *
            U.toContinuousLinearMap *
          (lpMeas ℝ ℝ (MeasurableSpace.comap Prod.snd inferInstance) 2
                (Measure.map (fun p => (p.1, p.1 + √η • p.2))
                  ((ℙ.tilted fun x => -V x).prod (stdGaussian E)))).subtypeL ∘SL
            condExpL2 ℝ ℝ ⋯) ^
        2
hBD :
  star
        ((1 -
              (lpMeas ℝ ℝ (MeasurableSpace.comap Prod.snd inferInstance) 2
                    (Measure.map (fun p => (p.1, p.1 + √η • p.2))
                      ((ℙ.tilted fun x => -V x).prod (stdGaussian E)))).subtypeL ∘SL
                condExpL2 ℝ ℝ ⋯) *
            U.toContinuousLinearMap *
          (lpMeas ℝ ℝ (MeasurableSpace.comap Prod.snd inferInstance) 2
                (Measure.map (fun p => (p.1, p.1 + √η • p.2))
                  ((ℙ.tilted fun x => -V x).prod (stdGaussian E)))).subtypeL ∘SL
            condExpL2 ℝ ℝ ⋯) *
      ((1 -
            (lpMeas ℝ ℝ (MeasurableSpace.comap Prod.snd inferInstance) 2
                  (Measure.map (fun p => (p.1, p.1 + √η • p.2))
                    ((ℙ.tilted fun x => -V x).prod (stdGaussian E)))).subtypeL ∘SL
              condExpL2 ℝ ℝ ⋯) *
          U.toContinuousLinearMap *
        (1 -
          (lpMeas ℝ ℝ (MeasurableSpace.comap Prod.snd inferInstance) 2
                (Measure.map (fun p => (p.1, p.1 + √η • p.2))
                  ((ℙ.tilted fun x => -V x).prod (stdGaussian E)))).subtypeL ∘SL
            condExpL2 ℝ ℝ ⋯)) =
    -((lpMeas ℝ ℝ (MeasurableSpace.comap Prod.snd inferInstance) 2
                  (Measure.map (fun p => (p.1, p.1 + √η • p.2))
                    ((ℙ.tilted fun x => -V x).prod (stdGaussian E)))).subtypeL ∘SL
              condExpL2 ℝ ℝ ⋯ *
            U.toContinuousLinearMap *
          (lpMeas ℝ ℝ (MeasurableSpace.comap Prod.snd inferInstance) 2
                (Measure.map (fun p => (p.1, p.1 + √η • p.2))
                  ((ℙ.tilted fun x => -V x).prod (stdGaussian E)))).subtypeL ∘SL
            condExpL2 ℝ ℝ ⋯ *
        star
          ((1 -
                (lpMeas ℝ ℝ (MeasurableSpace.comap Prod.snd inferInstance) 2
                      (Measure.map (fun p => (p.1, p.1 + √η • p.2))
                        ((ℙ.tilted fun x => -V x).prod (stdGaussian E)))).subtypeL ∘SL
                  condExpL2 ℝ ℝ ⋯) *
              U.toContinuousLinearMap *
            (lpMeas ℝ ℝ (MeasurableSpace.comap Prod.snd inferInstance) 2
                  (Measure.map (fun p => (p.1, p.1 + √η • p.2))
                    ((ℙ.tilted fun x => -V x).prod (stdGaussian E)))).subtypeL ∘SL
              condExpL2 ℝ ℝ ⋯))
hdef :
  ∀ (g : ↥(Lp ℝ 2 (Measure.map (fun p => (p.1, p.1 + √η • p.2)) ((ℙ.tilted fun x => -V x).prod (stdGaussian E))))),
    ((lpMeas ℝ ℝ (MeasurableSpace.comap Prod.snd inferInstance) 2
                (Measure.map (fun p => (p.1, p.1 + √η • p.2))
                  ((ℙ.tilted fun x => -V x).prod (stdGaussian E)))).subtypeL ∘SL
            condExpL2 ℝ ℝ ⋯)
          g =
        g →
      ‖((1 -
                    (lpMeas ℝ ℝ (MeasurableSpace.comap Prod.snd inferInstance) 2
                          (Measure.map (fun p => (p.1, p.1 + √η • p.2))
                            ((ℙ.tilted fun x => -V x).prod (stdGaussian E)))).subtypeL ∘SL
                      condExpL2 ℝ ℝ ⋯) *
                  U.toContinuousLinearMap *
                (lpMeas ℝ ℝ (MeasurableSpace.comap Prod.snd inferInstance) 2
                      (Measure.map (fun p => (p.1, p.1 + √η • p.2))
                        ((ℙ.tilted fun x => -V x).prod (stdGaussian E)))).subtypeL ∘SL
                  condExpL2 ℝ ℝ ⋯)
              g‖ ^
          2 =
        ‖g‖ ^ 2 -
          ‖((lpMeas ℝ ℝ (MeasurableSpace.comap Prod.snd inferInstance) 2
                          (Measure.map (fun p => (p.1, p.1 + √η • p.2))
                            ((ℙ.tilted fun x => -V x).prod (stdGaussian E)))).subtypeL ∘SL
                      condExpL2 ℝ ℝ ⋯ *
                    U.toContinuousLinearMap *
                  (lpMeas ℝ ℝ (MeasurableSpace.comap Prod.snd inferInstance) 2
                        (Measure.map (fun p => (p.1, p.1 + √η • p.2))
                          ((ℙ.tilted fun x => -V x).prod (stdGaussian E)))).subtypeL ∘SL
                    condExpL2 ℝ ℝ ⋯)
                g‖ ^
            2
hcompact :
  ∀ (f : E → ℝ),
    ContDiff ℝ ∞ f →
      HasCompactSupport f →
        have Tf := fun y => ∫ (u : E), f u ∂S y;
        Differentiable ℝ Tf ∧
          MemLp f 2 (Measure.map (fun p => (p.1, p.1 + √η • p.2)) ((ℙ.tilted fun x => -V x).prod (stdGaussian E))).snd ∧
            MemLp Tf 2
                (Measure.map (fun p => (p.1, p.1 + √η • p.2)) ((ℙ.tilted fun x => -V x).prod (stdGaussian E))).snd ∧
              MemLp (gradient Tf) 2
                  (Measure.map (fun p => (p.1, p.1 + √η • p.2)) ((ℙ.tilted fun x => -V x).prod (stdGaussian E))).snd ∧
                Integrable (fun y => TechnicalLemmas.FunctionalInequalities.Poincare.variance (S y) f)
                    (Measure.map (fun p => (p.1, p.1 + √η • p.2)) ((ℙ.tilted fun x => -V x).prod (stdGaussian E))).snd ∧
                  ∃ g,
                    (↑↑g =ᵐ[Measure.map (fun p => (p.1, p.1 + √η • p.2))
                          ((ℙ.tilted fun x => -V x).prod (stdGaussian E))]
                        fun p => f p.2) ∧
                      ((lpMeas ℝ ℝ (MeasurableSpace.comap Prod.snd inferInstance) 2
                                  (Measure.map (fun p => (p.1, p.1 + √η • p.2))
                                    ((ℙ.tilted fun x => -V x).prod (stdGaussian E)))).subtypeL ∘SL
                              condExpL2 ℝ ℝ ⋯)
                            g =
                          g ∧
                        (↑↑(((lpMeas ℝ ℝ (MeasurableSpace.comap Prod.snd inferInstance) 2
                                            (Measure.map (fun p => (p.1, p.1 + √η • p.2))
                                              ((ℙ.tilted fun x => -V x).prod (stdGaussian E)))).subtypeL ∘SL
                                        condExpL2 ℝ ℝ ⋯ *
                                      U.toContinuousLinearMap *
                                    (lpMeas ℝ ℝ (MeasurableSpace.comap Prod.snd inferInstance) 2
                                          (Measure.map (fun p => (p.1, p.1 + √η • p.2))
                                            ((ℙ.tilted fun x => -V x).prod (stdGaussian E)))).subtypeL ∘SL
                                      condExpL2 ℝ ℝ ⋯)
                                  g) =ᵐ[Measure.map (fun p => (p.1, p.1 + √η • p.2))
                              ((ℙ.tilted fun x => -V x).prod (stdGaussian E))]
                            fun p => Tf p.2) ∧
                          ‖g‖ ^ 2 =
                              ∫ (y : E),
                                f y ^
                                  2 ∂(Measure.map (fun p => (p.1, p.1 + √η • p.2))
                                    ((ℙ.tilted fun x => -V x).prod (stdGaussian E))).snd ∧
                            ‖((lpMeas ℝ ℝ (MeasurableSpace.comap Prod.snd inferInstance) 2
                                                (Measure.map (fun p => (p.1, p.1 + √η • p.2))
                                                  ((ℙ.tilted fun x => -V x).prod (stdGaussian E)))).subtypeL ∘SL
                                            condExpL2 ℝ ℝ ⋯ *
                                          U.toContinuousLinearMap *
                                        (lpMeas ℝ ℝ (MeasurableSpace.comap Prod.snd inferInstance) 2
                                              (Measure.map (fun p => (p.1, p.1 + √η • p.2))
                                                ((ℙ.tilted fun x => -V x).prod (stdGaussian E)))).subtypeL ∘SL
                                          condExpL2 ℝ ℝ ⋯)
                                      g‖ ^
                                  2 =
                                ∫ (y : E),
                                  Tf y ^
                                    2 ∂(Measure.map (fun p => (p.1, p.1 + √η • p.2))
                                      ((ℙ.tilted fun x => -V x).prod (stdGaussian E))).snd ∧
                              ∫ (y : E),
                                    TechnicalLemmas.FunctionalInequalities.Poincare.variance (S y)
                                      f ∂(Measure.map (fun p => (p.1, p.1 + √η • p.2))
                                        ((ℙ.tilted fun x => -V x).prod (stdGaussian E))).snd =
                                  ‖((1 -
                                              (lpMeas ℝ ℝ (MeasurableSpace.comap Prod.snd inferInstance) 2
                                                    (Measure.map (fun p => (p.1, p.1 + √η • p.2))
                                                      ((ℙ.tilted fun x => -V x).prod (stdGaussian E)))).subtypeL ∘SL
                                                condExpL2 ℝ ℝ ⋯) *
                                            U.toContinuousLinearMap *
                                          (lpMeas ℝ ℝ (MeasurableSpace.comap Prod.snd inferInstance) 2
                                                (Measure.map (fun p => (p.1, p.1 + √η • p.2))
                                                  ((ℙ.tilted fun x => -V x).prod (stdGaussian E)))).subtypeL ∘SL
                                            condExpL2 ℝ ℝ ⋯)
                                        g‖ ^
                                    2 ∧
                                η *
                                    ∫ (y : E),
                                      ‖gradient Tf y‖ ^
                                        2 ∂(Measure.map (fun p => (p.1, p.1 + √η • p.2))
                                          ((ℙ.tilted fun x => -V x).prod (stdGaussian E))).snd ≤
                                  (1 - ↑α * η) ^ 2 / (4 * (1 + ↑α * η)) *
                                    ‖((1 -
                                                (lpMeas ℝ ℝ (MeasurableSpace.comap Prod.snd inferInstance) 2
                                                      (Measure.map (fun p => (p.1, p.1 + √η • p.2))
                                                        ((ℙ.tilted fun x => -V x).prod (stdGaussian E)))).subtypeL ∘SL
                                                  condExpL2 ℝ ℝ ⋯) *
                                              U.toContinuousLinearMap *
                                            (lpMeas ℝ ℝ (MeasurableSpace.comap Prod.snd inferInstance) 2
                                                  (Measure.map (fun p => (p.1, p.1 + √η • p.2))
                                                    ((ℙ.tilted fun x => -V x).prod (stdGaussian E)))).subtypeL ∘SL
                                              condExpL2 ℝ ℝ ⋯)
                                          g‖ ^
                                      2
A : ↥(Lp ℝ 2 J) →L[ℝ] ↥(Lp ℝ 2 J) := P * U.toContinuousLinearMap * P
hp : MeasurePreserving Prod.snd J ν
M : ↥(Lp ℝ 2 ν) →ₗᵢ[ℝ] ↥(Lp ℝ 2 J) := Lp.compMeasurePreservingₗᵢ ℝ Prod.snd hp
hM : ∀ (u : ↥(Lp ℝ 2 ν)), ↑↑(M u) =ᵐ[J] ↑↑u ∘ Prod.snd
D :
  ↥(Lp ℝ 2 (Measure.map (fun p => (p.1, p.1 + √η • p.2)) (μ.prod (stdGaussian E))).snd) →ₗ.[ℝ]
    ↥(Lp E 2 (Measure.map (fun p => (p.1, p.1 + √η • p.2)) (μ.prod (stdGaussian E))).snd)
hDense : Dense ↑D.domain
hClose : D.IsClosable
hClosed : D.closure.IsClosed
hGraph :
  ∀ (u : ↥(Lp ℝ 2 (Measure.map (fun p => (p.1, p.1 + √η • p.2)) (μ.prod (stdGaussian E))).snd))
    (v : ↥(Lp E 2 (Measure.map (fun p => (p.1, p.1 + √η • p.2)) (μ.prod (stdGaussian E))).snd)),
    (u, v) ∈ D.graph ↔
      ∃ f,
        ContDiff ℝ ∞ f ∧
          HasCompactSupport f ∧
            ↑↑u =ᵐ[(Measure.map (fun p => (p.1, p.1 + √η • p.2)) (μ.prod (stdGaussian E))).snd] f ∧
              ↑↑v =ᵐ[(Measure.map (fun p => (p.1, p.1 + √η • p.2)) (μ.prod (stdGaussian E))).snd] gradient f
hCore : ∀ u ∈ D.domain, P (M u) = M u ∧ A (M u) ∈ M.range
hPM : ∀ (u : ↥(Lp ℝ 2 ν)), P (M u) = M u
hAM : ∀ (u : ↥(Lp ℝ 2 ν)), A (M u) ∈ M.range
Ar : ↥(Lp ℝ 2 ν) →L[ℝ] ↥M.range := (A ∘SL M.toContinuousLinearMap).codRestrict M.range hAM
T : ↥(Lp ℝ 2 ν) →L[ℝ] ↥(Lp ℝ 2 ν) := ↑↑M.equivRange.symm ∘SL Ar
hMT : ∀ (u : ↥(Lp ℝ 2 ν)), M (T u) = A (M u)
hPn : ∀ (v : ↥(Lp ℝ 2 J)), ‖P v‖ ≤ ‖v‖
u : ↥(Lp ℝ 2 ν)
⊢ ‖P (U.toContinuousLinearMap (M u))‖ = ‖P (U (M u))‖
'_private.«.astis».«pbps-marginal-gradient51».draft55.0.AutoSamplingTheory.ExampleCases.ProximalBPS.L2MacroscopicMean.pullback_stage' depends on axioms: [propext,
 sorryAx,
 Classical.choice,
 Quot.sound]
ContinuousLinearMap.codRestrict.{u_1, u_2, u_4, u_5} {R₁ : Type u_1} {R₂ : Type u_2} [Semiring R₁] [Semiring R₂]
  {σ₁₂ : R₁ →+* R₂} {M₁ : Type u_4} {M₂ : Type u_5} [TopologicalSpace M₁] [AddCommMonoid M₁] [Module R₁ M₁]
  [TopologicalSpace M₂] [AddCommMonoid M₂] [Module R₂ M₂] (f : M₁ →SL[σ₁₂] M₂) (p : Submodule R₂ M₂)
  (h : ∀ (x : M₁), f x ∈ p) : M₁ →SL[σ₁₂] ↥p
LinearIsometry.equivRange.{u_5, u_9, u_11, u_12} {E : Type u_5} {F : Type u_9} [SeminormedAddCommGroup E]
  [NormedAddCommGroup F] {R : Type u_11} {S : Type u_12} [Semiring R] [Ring S] [Module S E] [Module R F] {σ₁₂ : R →+* S}
  {σ₂₁ : S →+* R} [RingHomInvPair σ₁₂ σ₂₁] [RingHomInvPair σ₂₁ σ₁₂] (f : F →ₛₗᵢ[σ₁₂] E) : F ≃ₛₗᵢ[σ₁₂] ↥f.range
