{
  "cell": "ASTIS-SW-PBPS-l2-macroscopic-mean",
  "status": "graph coverage checked",
  "contributions": [
    {
      "node": "decl:AutoSamplingTheory.ExampleCases.ProximalBPS.L2MacroscopicMean.actual_macroscopic_l2_mean",
      "focus": "lean-foundations.html?view=lean&focus=decl%3AAutoSamplingTheory.ExampleCases.ProximalBPS.L2MacroscopicMean.actual_macroscopic_l2_mean&q=AutoSamplingTheory.ExampleCases.ProximalBPS.L2MacroscopicMean.actual_macroscopic_l2_mean",
      "connections": [
        {
          "source": "decl:AutoSamplingTheory.ExampleCases.ProximalBPS.L2MacroscopicMean.actual_macroscopic_l2_mean",
          "target": "semantic-audit:ASTIS-RT-20261008-PBPSL2MacroscopicMean",
          "relation": "Lean target under audit"
        },
        {
          "source": "module:AutoSamplingTheory.ExampleCases.ProximalBPS.L2MacroscopicMean",
          "target": "decl:AutoSamplingTheory.ExampleCases.ProximalBPS.L2MacroscopicMean.actual_macroscopic_l2_mean",
          "relation": "declares"
        },
        {
          "source": "decl:AutoSamplingTheory.ExampleCases.ProximalBPS.L2MacroscopicMean.actual_macroscopic_l2_mean",
          "target": "case:ASTIS-SW-PBPS-2026",
          "relation": "source correspondence; not a Lean dependency"
        },
        {
          "source": "decl:AutoSamplingTheory.ExampleCases.ProximalBPS.MacroscopicEnergy.actual_macroscopic_gradient_energy_blocks",
          "target": "decl:AutoSamplingTheory.ExampleCases.ProximalBPS.L2MacroscopicMean.actual_macroscopic_l2_mean",
          "relation": "source reference (scanner)"
        },
        {
          "source": "decl:AutoSamplingTheory.TechnicalLemmas.FunctionalInequalities.GaussianMarginalGradient.gaussian_marginal_gradient_closable",
          "target": "decl:AutoSamplingTheory.ExampleCases.ProximalBPS.L2MacroscopicMean.actual_macroscopic_l2_mean",
          "relation": "source reference (scanner)"
        },
        {
          "source": "decl:AutoSamplingTheory.TechnicalLemmas.FunctionalInequalities.Poincare.variance",
          "target": "decl:AutoSamplingTheory.ExampleCases.ProximalBPS.L2MacroscopicMean.actual_macroscopic_l2_mean",
          "relation": "source reference (scanner)"
        },
        {
          "source": "decl:AutoSamplingTheory.TechnicalLemmas.Geometry.LogConcavity.LogConcaveOn.prod",
          "target": "decl:AutoSamplingTheory.ExampleCases.ProximalBPS.L2MacroscopicMean.actual_macroscopic_l2_mean",
          "relation": "source reference (scanner)"
        }
      ],
      "omitted_connections": 0
    }
  ],
  "boundary": "Reference scans are incomplete. Inspect the affected view; this report is not visual QA or a proof certificate."
}
