✖ [2674/2674] Building AutoSamplingTheory.ExampleCases.ProximalBPS.ActualBounceRate (68s)
trace: .> LEAN_PATH=E:\Samplinglib\.lake\packages\Cli\.lake\build\lib\lean;E:\Samplinglib\.lake\packages\batteries\.lake\build\lib\lean;E:\Samplinglib\.lake\packages\Qq\.lake\build\lib\lean;E:\Samplinglib\.lake\packages\aesop\.lake\build\lib\lean;E:\Samplinglib\.lake\packages\proofwidgets\.lake\build\lib\lean;E:\Samplinglib\.lake\packages\importGraph\.lake\build\lib\lean;E:\Samplinglib\.lake\packages\LeanSearchClient\.lake\build\lib\lean;E:\Samplinglib\.lake\packages\plausible\.lake\build\lib\lean;E:\Samplinglib\.lake\packages\mathlib\.lake\build\lib\lean;E:\Samplinglib\.lake\build\lib\lean c:\Users\admin\.elan\toolchains\leanprover--lean4---v4.33.0\bin\lean.exe E:\Samplinglib\AutoSamplingTheory\ExampleCases\ProximalBPS\ActualBounceRate.lean -o E:\Samplinglib\.lake\build\lib\lean\AutoSamplingTheory\ExampleCases\ProximalBPS\ActualBounceRate.olean -i E:\Samplinglib\.lake\build\lib\lean\AutoSamplingTheory\ExampleCases\ProximalBPS\ActualBounceRate.ilean -c E:\Samplinglib\.lake\build\ir\AutoSamplingTheory\ExampleCases\ProximalBPS\ActualBounceRate.c --setup E:\Samplinglib\.lake\build\ir\AutoSamplingTheory\ExampleCases\ProximalBPS\ActualBounceRate.setup.json --json
warning: AutoSamplingTheory/ExampleCases/ProximalBPS/ActualBounceRate.lean:20:5: Variable name `hα` is not explicitly referenced.

Hint: The binding can be removed (if unused) or named `_` (if used implicitly). Alternatively, prefix the name with `_` to silence this warning:
  [apply] _hα

Note: This linter can be disabled with `set_option linter.unusedVariables false`
warning: AutoSamplingTheory/ExampleCases/ProximalBPS/ActualBounceRate.lean:20:24: Variable name `hαβ` is not explicitly referenced.

Hint: The binding can be removed (if unused) or named `_` (if used implicitly). Alternatively, prefix the name with `_` to silence this warning:
  [apply] _hαβ

Note: This linter can be disabled with `set_option linter.unusedVariables false`
warning: AutoSamplingTheory/ExampleCases/ProximalBPS/ActualBounceRate.lean:20:38: Variable name `hV` is not explicitly referenced.

Hint: The binding can be removed (if unused) or named `_` (if used implicitly). Alternatively, prefix the name with `_` to silence this warning:
  [apply] _hV

Note: This linter can be disabled with `set_option linter.unusedVariables false`
warning: AutoSamplingTheory/ExampleCases/ProximalBPS/ActualBounceRate.lean:21:5: Variable name `hH` is not explicitly referenced.

Hint: The binding can be removed (if unused) or named `_` (if used implicitly). Alternatively, prefix the name with `_` to silence this warning:
  [apply] _hH

Note: This linter can be disabled with `set_option linter.unusedVariables false`
warning: AutoSamplingTheory/ExampleCases/ProximalBPS/ActualBounceRate.lean:24:5: Variable name `hη` is not explicitly referenced.

Hint: The binding can be removed (if unused) or named `_` (if used implicitly). Alternatively, prefix the name with `_` to silence this warning:
  [apply] _hη

Note: This linter can be disabled with `set_option linter.unusedVariables false`
warning: AutoSamplingTheory/ExampleCases/ProximalBPS/ActualBounceRate.lean:24:18: Variable name `hβη` is not explicitly referenced.

Hint: The binding can be removed (if unused) or named `_` (if used implicitly). Alternatively, prefix the name with `_` to silence this warning:
  [apply] _hβη

Note: This linter can be disabled with `set_option linter.unusedVariables false`
warning: AutoSamplingTheory/ExampleCases/ProximalBPS/ActualBounceRate.lean:106:2: Try this: 
  letI̵

The goal is a proposition, so `let` is preferred over `letI`.
The difference between `let` and `letI` is that `letI` inlines the value.
But this is not relevant for proofs because of proof irrelevance.

Note: This linter can be disabled with `set_option linter.style.haveILetI false`
error: AutoSamplingTheory/ExampleCases/ProximalBPS/ActualBounceRate.lean:118:4: ring failed, ring expressions not equal
E : Type u_1
inst✝⁴ : NormedAddCommGroup E
inst✝³ : InnerProductSpace ℝ E
inst✝² : FiniteDimensional ℝ E
inst✝¹ : MeasurableSpace E
inst✝ : BorelSpace E
V : E → ℝ
α β : ℝ≥0
η : ℝ
hα : 0 < ↑α
hαβ : α ≤ β
hV : ContDiff ℝ 2 V
hH : ∀ (x v : E), ↑α * ‖v‖ ^ 2 ≤ ((fderiv ℝ (fderiv ℝ V) x) v) v ∧ ((fderiv ℝ (fderiv ℝ V) x) v) v ≤ ↑β * ‖v‖ ^ 2
hη : 0 < η
hβη : ↑β * η ≤ 1
c : E → E → E := ⋯
h : E → E → E := ⋯
R : E → E → E := ⋯
S : E → E × E → E × E := ⋯
rate : E → E × E → ℝ := ⋯
H : E → E → E × E → ℝ := ⋯
this : CompleteSpace E := ⋯
hLip : LipschitzWith β (gradient V)
hgrad :
  Continuous[PseudoMetricSpace.toUniformSpace.toTopologicalSpace, PseudoMetricSpace.toUniformSpace.toTopologicalSpace]
    (gradient V)
hRzero : ∀ (p : E), R 0 p = p
n p : E
⊢ -(⟪p, n⟫_ℝ * ‖n‖⁻¹ ^ 2 * 2) = -(‖n‖⁻¹ ^ 2 * ⟪n, p⟫_ℝ * 2)
error: AutoSamplingTheory/ExampleCases/ProximalBPS/ActualBounceRate.lean:197:58: Application type mismatch: The argument
  add_le_add_right hx ?m.2110
has type
  ?m.2110 + ‖z.1 - c y xRef‖ ≤ ?m.2110 + √(2 * η * H y xRef z₀)
but is expected to have type
  ‖z.1 - c y xRef‖ + ‖c y xRef - xRef‖ ≤ √(2 * η * H y xRef z₀) + ‖c y xRef - xRef‖
in the application
  LE.le.trans htriangle (add_le_add_right hx ?m.2110)
warning: AutoSamplingTheory/ExampleCases/ProximalBPS/ActualBounceRate.lean:115:15: This simp argument is unused:
  real_inner_comm n p

Hint: Omit it from the simp argument list.
  [apply] simp only [two_smul, add_smul, neg_sub]

Note: This linter can be disabled with `set_option linter.unusedSimpArgs false`
warning: AutoSamplingTheory/ExampleCases/ProximalBPS/ActualBounceRate.lean:115:46: This simp argument is unused:
  add_smul

Hint: Omit it from the simp argument list.
  [apply] simp only [real_inner_comm n p, two_smul, neg_sub]

Note: This linter can be disabled with `set_option linter.unusedSimpArgs false`
warning: AutoSamplingTheory/ExampleCases/ProximalBPS/ActualBounceRate.lean:117:41: This simp argument is unused:
  add_smul

Hint: Omit it from the simp argument list.
  [apply] simp only [div_eq_mul_inv, mul_smul]

Note: This linter can be disabled with `set_option linter.unusedSimpArgs false`
error: Lean exited with code 1
Some required targets logged failures:
- AutoSamplingTheory.ExampleCases.ProximalBPS.ActualBounceRate
