{
  "cell": "ASTIS-SW-PBPS-sharp-corrector-energy",
  "targets": [
    {
      "declaration": "AutoSamplingTheory.ExampleCases.ProximalBPS.SharpCorrectorEnergy.actual_sharp_corrector_bound",
      "source_item": "pbps-sharp-corrector-energy",
      "lesson": "authored",
      "audit_id": "ASTIS-RT-20261009-PBPSSharpCorrectorEnergy",
      "audit_state": "draft",
      "publication_binding_sha256": "4c8cc05bd2c97750ce077882ce2b01062b5594efc19ed4bb0a0b27972b73e1ce",
      "remaining_boundary": "Sharp first-corrector energy/LemmaB.3 only. B21 rotation,B2/weakH1,B4 dynamics,hypocoercivity/main,invariance/nonexplosion,errors,caps,expectedquery costs and actual-input composition remain independent. All original finite real Hilbert/Borel/C2/two Hessians/positive capped eta callers retained; no new provider/coercivity/strict endpoint/Nontrivial premise. Rank0 and alphaeta1 legal."
    }
  ],
  "graph_check": "python3 tools/astis_publication.py graph-check --cell ASTIS-SW-PBPS-sharp-corrector-energy",
  "missing": [],
  "next": [
    "Run the smallest focused Lean test.",
    "Reuse unchanged source/lesson/audit records; never reuse a stale binding.",
    "For a new/changed theorem, use astis-semantic-roundtrip: anonymous decoder → independent anti-anchored source review → separate repair review if needed.",
    "Run tools/astis_publication.py check --base <base commit> before stabilization."
  ],
  "boundary": "This coordinator packet is NOT decoder input. It deliberately contains source identity."
}
