✖ [2523/2523] Building AutoSamplingTheory.ExampleCases.ProximalBPS.ActualHarmonicFlow (62s)
trace: .> LEAN_PATH=E:\Samplinglib\.lake\packages\Cli\.lake\build\lib\lean;E:\Samplinglib\.lake\packages\batteries\.lake\build\lib\lean;E:\Samplinglib\.lake\packages\Qq\.lake\build\lib\lean;E:\Samplinglib\.lake\packages\aesop\.lake\build\lib\lean;E:\Samplinglib\.lake\packages\proofwidgets\.lake\build\lib\lean;E:\Samplinglib\.lake\packages\importGraph\.lake\build\lib\lean;E:\Samplinglib\.lake\packages\LeanSearchClient\.lake\build\lib\lean;E:\Samplinglib\.lake\packages\plausible\.lake\build\lib\lean;E:\Samplinglib\.lake\packages\mathlib\.lake\build\lib\lean;E:\Samplinglib\.lake\build\lib\lean c:\Users\admin\.elan\toolchains\leanprover--lean4---v4.33.0\bin\lean.exe E:\Samplinglib\AutoSamplingTheory\ExampleCases\ProximalBPS\ActualHarmonicFlow.lean -o E:\Samplinglib\.lake\build\lib\lean\AutoSamplingTheory\ExampleCases\ProximalBPS\ActualHarmonicFlow.olean -i E:\Samplinglib\.lake\build\lib\lean\AutoSamplingTheory\ExampleCases\ProximalBPS\ActualHarmonicFlow.ilean -c E:\Samplinglib\.lake\build\ir\AutoSamplingTheory\ExampleCases\ProximalBPS\ActualHarmonicFlow.c --setup E:\Samplinglib\.lake\build\ir\AutoSamplingTheory\ExampleCases\ProximalBPS\ActualHarmonicFlow.setup.json --json
warning: AutoSamplingTheory/ExampleCases/ProximalBPS/ActualHarmonicFlow.lean:24:5: Variable name `hα` is not explicitly referenced.

Hint: The binding can be removed (if unused) or named `_` (if used implicitly). Alternatively, prefix the name with `_` to silence this warning:
  [apply] _hα

Note: This linter can be disabled with `set_option linter.unusedVariables false`
warning: AutoSamplingTheory/ExampleCases/ProximalBPS/ActualHarmonicFlow.lean:24:24: Variable name `hαβ` is not explicitly referenced.

Hint: The binding can be removed (if unused) or named `_` (if used implicitly). Alternatively, prefix the name with `_` to silence this warning:
  [apply] _hαβ

Note: This linter can be disabled with `set_option linter.unusedVariables false`
warning: AutoSamplingTheory/ExampleCases/ProximalBPS/ActualHarmonicFlow.lean:24:38: Variable name `hV` is not explicitly referenced.

Hint: The binding can be removed (if unused) or named `_` (if used implicitly). Alternatively, prefix the name with `_` to silence this warning:
  [apply] _hV

Note: This linter can be disabled with `set_option linter.unusedVariables false`
warning: AutoSamplingTheory/ExampleCases/ProximalBPS/ActualHarmonicFlow.lean:25:5: Variable name `hH` is not explicitly referenced.

Hint: The binding can be removed (if unused) or named `_` (if used implicitly). Alternatively, prefix the name with `_` to silence this warning:
  [apply] _hH

Note: This linter can be disabled with `set_option linter.unusedVariables false`
warning: AutoSamplingTheory/ExampleCases/ProximalBPS/ActualHarmonicFlow.lean:28:5: Variable name `hη` is not explicitly referenced.

Hint: The binding can be removed (if unused) or named `_` (if used implicitly). Alternatively, prefix the name with `_` to silence this warning:
  [apply] _hη

Note: This linter can be disabled with `set_option linter.unusedVariables false`
warning: AutoSamplingTheory/ExampleCases/ProximalBPS/ActualHarmonicFlow.lean:28:18: Variable name `hβη` is not explicitly referenced.

Hint: The binding can be removed (if unused) or named `_` (if used implicitly). Alternatively, prefix the name with `_` to silence this warning:
  [apply] _hβη

Note: This linter can be disabled with `set_option linter.unusedVariables false`
error: AutoSamplingTheory/ExampleCases/ProximalBPS/ActualHarmonicFlow.lean:140:24: `field_simp` made no progress on the goal
error: AutoSamplingTheory/ExampleCases/ProximalBPS/ActualHarmonicFlow.lean:140:24: `field_simp` made no progress on the goal
error: AutoSamplingTheory/ExampleCases/ProximalBPS/ActualHarmonicFlow.lean:140:24: `field_simp` made no progress on the goal
error: AutoSamplingTheory/ExampleCases/ProximalBPS/ActualHarmonicFlow.lean:140:24: `field_simp` made no progress on the goal
error: AutoSamplingTheory/ExampleCases/ProximalBPS/ActualHarmonicFlow.lean:145:24: `field_simp` made no progress on the goal
error: AutoSamplingTheory/ExampleCases/ProximalBPS/ActualHarmonicFlow.lean:145:24: `field_simp` made no progress on the goal
error: AutoSamplingTheory/ExampleCases/ProximalBPS/ActualHarmonicFlow.lean:145:24: `field_simp` made no progress on the goal
error: AutoSamplingTheory/ExampleCases/ProximalBPS/ActualHarmonicFlow.lean:161:60: Unknown identifier `sq_neg`
error: AutoSamplingTheory/ExampleCases/ProximalBPS/ActualHarmonicFlow.lean:164:4: ring failed, ring expressions not equal
E : Type u_1
inst✝⁴ : NormedAddCommGroup E
inst✝³ : InnerProductSpace ℝ E
inst✝² : FiniteDimensional ℝ E
inst✝¹ : MeasurableSpace E
inst✝ : BorelSpace E
V : E → ℝ
α β : ℝ≥0
η : ℝ
hα : 0 < ↑α
hαβ : α ≤ β
hV : ContDiff ℝ 2 V
hH : ∀ (x v : E), ↑α * ‖v‖ ^ 2 ≤ ((fderiv ℝ (fderiv ℝ V) x) v) v ∧ ((fderiv ℝ (fderiv ℝ V) x) v) v ≤ ↑β * ‖v‖ ^ 2
hη : 0 < η
hβη : ↑β * η ≤ 1
c : E → E → E := ⋯
Φ : E → E → ℝ → E × E → E × E := ⋯
H : E → E → E × E → ℝ := ⋯
hr : 0 < √η
hr0 : √η ≠ 0
hr2 : √η ^ 2 = η
hgrad :
  Continuous[PseudoMetricSpace.toUniformSpace.toTopologicalSpace, PseudoMetricSpace.toUniformSpace.toTopologicalSpace]
    fun x => gradient V x
hc : Continuous[instTopologicalSpaceProd, PseudoMetricSpace.toUniformSpace.toTopologicalSpace] fun a => c a.1 a.2
hcont : Continuous[instTopologicalSpaceProd, instTopologicalSpaceProd] fun a => Φ a.1.1 a.1.2 a.2.1 a.2.2
hzero : ∀ (y xRef : E) (z : E × E), Φ y xRef 0 z = z
hgroup : ∀ (y xRef : E) (s t : ℝ) (z : E × E), Φ y xRef (s + t) z = Φ y xRef s (Φ y xRef t z)
hinverse : ∀ (y xRef : E) (t : ℝ) (z : E × E), Φ y xRef (-t) (Φ y xRef t z) = z ∧ Φ y xRef t (Φ y xRef (-t) z) = z
hode :
  ∀ (y xRef : E) (t : ℝ) (z : E × E),
    HasDerivAt (fun s => (Φ y xRef s z).1) (√η • (Φ y xRef t z).2) t ∧
      HasDerivAt (fun s => (Φ y xRef s z).2) (-(√η)⁻¹ • ((Φ y xRef t z).1 - y) - √η • gradient V xRef) t
hnonneg : ∀ (y xRef : E) (z : E × E), 0 ≤ H y xRef z
y xRef : E
t : ℝ
z : E × E
hcenter : (Φ y xRef t z).1 - c y xRef = Real.cos t • (z.1 - c y xRef) + (√η * Real.sin t) • z.2
⊢ -(√(√η ^ 2) * Real.cos t * Real.sin t * ⟪z.1 - c y xRef, z.2⟫_ℝ * √η ^ 2 * 2) +
                              √(√η ^ 2) ^ 2 * Real.cos t ^ 2 * ‖z.1 - c y xRef‖ ^ 2 +
                            √(√η ^ 2) ^ 2 * Real.cos t ^ 2 * ‖z.2‖ ^ 2 * √η ^ 2 -
                          √(√η ^ 2) ^ 2 * ‖z.1 - c y xRef‖ ^ 2 -
                        √(√η ^ 2) ^ 2 * ‖z.2‖ ^ 2 * √η ^ 2 +
                      √(√η ^ 2) ^ 3 * Real.cos t * Real.sin t * ⟪z.1 - c y xRef, z.2⟫_ℝ * 2 +
                    √(√η ^ 2) ^ 4 * Real.sin t ^ 2 * ‖z.2‖ ^ 2 -
                  Real.cos t ^ 2 * ‖z.1 - c y xRef‖ ^ 2 -
                Real.cos t ^ 2 * ‖z.2‖ ^ 2 * √η ^ 2 +
              ‖z.1 - c y xRef‖ ^ 2 -
            ‖z.1 - c y xRef‖ ^ 2 * Real.sin t ^ 2 +
          ‖z.1 - c y xRef‖ ^ 2 * Real.sin t ^ 2 * √η ^ 2 -
        Real.sin t ^ 2 * ‖z.2‖ ^ 2 * √η ^ 2 +
      ‖z.2‖ ^ 2 * √η ^ 2 =
    0
info: AutoSamplingTheory/ExampleCases/ProximalBPS/ActualHarmonicFlow.lean:178:0: 'AutoSamplingTheory.ExampleCases.ProximalBPS.ActualHarmonicFlow.actual_harmonic_flow_laws' depends on axioms: [propext,
 sorryAx,
 Classical.choice,
 Quot.sound]
error: Lean exited with code 1
Some required targets logged failures:
- AutoSamplingTheory.ExampleCases.ProximalBPS.ActualHarmonicFlow
