runs/20261007-companion-priority/gaussian-flip-energy/whole-proof-review/stress.attempt3.lean:67:2: warning: Try this: 
  haveI̵

The goal is a proposition, so `have` is preferred over `haveI`.
The difference between `have` and `haveI` is that `haveI` inlines the value.
But this is not relevant for proofs because of proof irrelevance.

Note: This linter can be disabled with `set_option linter.style.haveILetI false`
runs/20261007-companion-priority/gaussian-flip-energy/whole-proof-review/stress.attempt3.lean:84:2: error: Type mismatch: After simplification, term
  h
 has type
  ((if ε 0 = false then smoothUnitCutoff (if ε 0 = false then 1 else -1)
        else -smoothUnitCutoff (if ε 0 = false then 1 else -1)) -
        if ε 0 = true then smoothUnitCutoff (if ε 0 = true then 1 else -1)
        else -smoothUnitCutoff (if ε 0 = true then 1 else -1)) ^
      2 =
    4
but is expected to have type
  ((if (!ε 0) = true then 1 else -1) * smoothUnitCutoff (if (!ε 0) = true then 1 else -1) -
        (if ε 0 = true then 1 else -1) * smoothUnitCutoff (if ε 0 = true then 1 else -1)) ^
      2 =
    4
'IndependentGaussianFlipEnergyStress.actual_nonzero_N0_energy' depends on axioms: [propext,
 Classical.choice,
 Quot.sound]
'IndependentGaussianFlipEnergyStress.actual_full_N0_flip_zero' depends on axioms: [propext,
 Classical.choice,
 Quot.sound]
'IndependentGaussianFlipEnergyStress.actual_full_N1_flip_average' depends on axioms: [propext,
 sorryAx,
 Classical.choice,
 Quot.sound]
