runs/20261007-companion-priority/gaussian-flip-energy/whole-proof-review/stress.lean:68:4: error: `simp` made no progress
runs/20261007-companion-priority/gaussian-flip-energy/whole-proof-review/stress.lean:65:2: warning: Try this: 
  haveI̵

The goal is a proposition, so `have` is preferred over `haveI`.
The difference between `have` and `haveI` is that `haveI` inlines the value.
But this is not relevant for proofs because of proof irrelevance.

Note: This linter can be disabled with `set_option linter.style.haveILetI false`
runs/20261007-companion-priority/gaussian-flip-energy/whole-proof-review/stress.lean:74:10: error(lean.synthInstanceFailed): failed to synthesize instance of type class
  MeasureSpace (Fin 1 → Bool)

Hint: Type class instance resolution failures can be inspected with the `set_option trace.Meta.synthInstance true` command.
runs/20261007-companion-priority/gaussian-flip-energy/whole-proof-review/stress.lean:74:9: error: Type mismatch
  ∫ (ε : Fin 1 → Bool),
    (∑ j, probe ((√↑1)⁻¹ * ∑ k, if Function.update ε j (!ε j) k = true then 1 else -1) -
        probe ((√↑1)⁻¹ * ∑ k, if ε k = true then 1 else -1)) ^
      2
has type
  ℝ
but is expected to have type
  Prop
runs/20261007-companion-priority/gaussian-flip-energy/whole-proof-review/stress.lean:76:90: error: unexpected token '∂'; expected command
'IndependentGaussianFlipEnergyStress.actual_nonzero_N0_energy' depends on axioms: [propext,
 Classical.choice,
 Quot.sound]
'IndependentGaussianFlipEnergyStress.actual_full_N0_flip_zero' depends on axioms: [propext,
 Classical.choice,
 Quot.sound]
'IndependentGaussianFlipEnergyStress.actual_full_N1_flip_average' depends on axioms: [propext,
 sorryAx,
 Classical.choice,
 Quot.sound]
