⚠ [3032/3160] Replayed AutoSamplingTheory.TechnicalLemmas.FunctionalInequalities.CompactC1GradientDomain
warning: AutoSamplingTheory/TechnicalLemmas/FunctionalInequalities/CompactC1GradientDomain.lean:100:8: automatically included section variable(s) unused in theorem `_private.AutoSamplingTheory.TechnicalLemmas.FunctionalInequalities.CompactC1GradientDomain.0.AutoSamplingTheory.TechnicalLemmas.FunctionalInequalities.CompactC1GradientDomain.l2_convergence`:
  [NormedAddCommGroup E]
  [InnerProductSpace ℝ E]
  [FiniteDimensional ℝ E]
  [BorelSpace E]
consider restructuring your `variable` declarations so that the variables are not in scope or explicitly omit them:
  omit [NormedAddCommGroup E] [InnerProductSpace ℝ E] [FiniteDimensional ℝ E] [BorelSpace E] in theorem ...

Note: This linter can be disabled with `set_option linter.unusedSectionVars false`
ℹ [3261/3307] Replayed AutoSamplingTheory.ExampleCases.ProximalBPS.ConditionalScore
info: AutoSamplingTheory/ExampleCases/ProximalBPS/ConditionalScore.lean:296:52: Try this:
  [apply] ring_nf
  
  The `ring` tactic failed to close the goal. Use `ring_nf` to obtain a normal form.
    
  Note that `ring` works primarily in *commutative* rings. If you have a noncommutative ring, abelian group or module, consider using `noncomm_ring`, `abel` or `module` instead.
⚠ [3263/3307] Replayed AutoSamplingTheory.ExampleCases.ProximalBPS.ConditionalScoreDomain
warning: AutoSamplingTheory/ExampleCases/ProximalBPS/ConditionalScoreDomain.lean:199:15: This simp argument is unused:
  smul_eq_mul

Hint: Omit it from the simp argument list.
  [apply] simp only [Real.norm_eq_abs, abs_of_nonneg (mul_nonneg (Real.exp_nonneg _) (sq_nonneg _))]

Note: This linter can be disabled with `set_option linter.unusedSimpArgs false`
warning: AutoSamplingTheory/ExampleCases/ProximalBPS/ConditionalScoreDomain.lean:80:114: Used `tac1 <;> tac2` where `(tac1; tac2)` would suffice

Note: This linter can be disabled with `set_option linter.unnecessarySeqFocus false`
⚠ [3305/3307] Built AutoSamplingTheory.TechnicalLemmas.FunctionalInequalities.OrdinaryWeakResolvent (9.9s)
warning: AutoSamplingTheory/TechnicalLemmas/FunctionalInequalities/OrdinaryWeakResolvent.lean:16:8: automatically included section variable(s) unused in theorem `_private.AutoSamplingTheory.TechnicalLemmas.FunctionalInequalities.OrdinaryWeakResolvent.0.AutoSamplingTheory.TechnicalLemmas.FunctionalInequalities.OrdinaryWeakResolvent.inverseweight_gradient`:
  [MeasurableSpace E]
  [BorelSpace E]
consider restructuring your `variable` declarations so that the variables are not in scope or explicitly omit them:
  omit [MeasurableSpace E] [BorelSpace E] in theorem ...

Note: This linter can be disabled with `set_option linter.unusedSectionVars false`
✔ [3306/3307] Built AutoSamplingTheory.ExampleCases.ProximalBPS.ConditionalOrdinaryResolvent (10s)
✖ [3307/3307] Building Tests.OrdinaryWeakResolvent (8.7s)
trace: .> LEAN_PATH=E:\Samplinglib\.lake\packages\Cli\.lake\build\lib\lean;E:\Samplinglib\.lake\packages\batteries\.lake\build\lib\lean;E:\Samplinglib\.lake\packages\Qq\.lake\build\lib\lean;E:\Samplinglib\.lake\packages\aesop\.lake\build\lib\lean;E:\Samplinglib\.lake\packages\proofwidgets\.lake\build\lib\lean;E:\Samplinglib\.lake\packages\importGraph\.lake\build\lib\lean;E:\Samplinglib\.lake\packages\LeanSearchClient\.lake\build\lib\lean;E:\Samplinglib\.lake\packages\plausible\.lake\build\lib\lean;E:\Samplinglib\.lake\packages\mathlib\.lake\build\lib\lean;E:\Samplinglib\.lake\build\lib\lean c:\Users\admin\.elan\toolchains\leanprover--lean4---v4.33.0\bin\lean.exe E:\Samplinglib\Tests\OrdinaryWeakResolvent.lean -o E:\Samplinglib\.lake\build\lib\lean\Tests\OrdinaryWeakResolvent.olean -i E:\Samplinglib\.lake\build\lib\lean\Tests\OrdinaryWeakResolvent.ilean -c E:\Samplinglib\.lake\build\ir\Tests\OrdinaryWeakResolvent.c --setup E:\Samplinglib\.lake\build\ir\Tests\OrdinaryWeakResolvent.setup.json --json
warning: Tests/OrdinaryWeakResolvent.lean:18:81: This simp argument is unused:
  potential

Hint: Omit it from the simp argument list.
  [apply] simp [Pi.add_apply, mul_comm]

Note: This linter can be disabled with `set_option linter.unusedSimpArgs false`
warning: Tests/OrdinaryWeakResolvent.lean:18:92: This simp argument is unused:
  Pi.add_apply

Hint: Omit it from the simp argument list.
  [apply] simp [potential, mul_comm]

Note: This linter can be disabled with `set_option linter.unusedSimpArgs false`
error: Tests/OrdinaryWeakResolvent.lean:89:51: Application type mismatch: The argument
  contDiff_norm_rpow ?m.1373
has type
  ContDiff ℝ 1 fun x => ‖x‖ ^ ?m.1359
but is expected to have type
  ContDiff ℝ ↑2 fun x => ‖x‖ ^ (5 / 2)
in the application
  ContDiff.mul (contDiff_infty.mp (ContDiffBump.contDiff_normed bump) 2) (contDiff_norm_rpow ?m.1373)
error: Tests/OrdinaryWeakResolvent.lean:89:71: Application type mismatch: The argument
  Mathlib.Meta.NormNum.isNNRat_lt_true
    (Mathlib.Meta.NormNum.IsNat.to_isNNRat (Mathlib.Meta.NormNum.isNat_ofNat ℝ (Eq.refl 2)))
    (Mathlib.Meta.NormNum.isNNRat_div
      (Mathlib.Meta.NormNum.isNNRat_mul (Eq.refl HMul.hMul)
        (Mathlib.Meta.NormNum.IsNat.to_isNNRat (Mathlib.Meta.NormNum.isNat_ofNat ℝ (Eq.refl 5)))
        (Mathlib.Meta.NormNum.isNNRat_inv_pos
          (Mathlib.Meta.NormNum.IsNat.to_isNNRat (Mathlib.Meta.NormNum.isNat_ofNat ℝ (Eq.refl 2))))
        (Eq.refl (Nat.mul 5 1)) (Eq.refl 2)))
    (Eq.refl true)
has type
  2 < 5 / 2
but is expected to have type
  1 < ?m.1359
in the application
  contDiff_norm_rpow
    (Mathlib.Meta.NormNum.isNNRat_lt_true
      (Mathlib.Meta.NormNum.IsNat.to_isNNRat (Mathlib.Meta.NormNum.isNat_ofNat ℝ (Eq.refl 2)))
      (Mathlib.Meta.NormNum.isNNRat_div
        (Mathlib.Meta.NormNum.isNNRat_mul (Eq.refl HMul.hMul)
          (Mathlib.Meta.NormNum.IsNat.to_isNNRat (Mathlib.Meta.NormNum.isNat_ofNat ℝ (Eq.refl 5)))
          (Mathlib.Meta.NormNum.isNNRat_inv_pos
            (Mathlib.Meta.NormNum.IsNat.to_isNNRat (Mathlib.Meta.NormNum.isNat_ofNat ℝ (Eq.refl 2))))
          (Eq.refl (Nat.mul 5 1)) (Eq.refl 2)))
      (Eq.refl true))
info: Tests/OrdinaryWeakResolvent.lean:109:0: 'AutoSamplingTheory.TechnicalLemmas.FunctionalInequalities.OrdinaryWeakResolvent.weak_resolvent_laplacian' depends on axioms: [propext,
 Classical.choice,
 Quot.sound]
info: Tests/OrdinaryWeakResolvent.lean:110:0: 'AutoSamplingTheory.ExampleCases.ProximalBPS.ConditionalOrdinaryResolvent.conditional_ordinary_resolvent' depends on axioms: [propext,
 Classical.choice,
 Quot.sound]
info: Tests/OrdinaryWeakResolvent.lean:111:0: 'Tests.OrdinaryWeakResolvent.actual_nonconstant_c2_pde' depends on axioms: [propext,
 sorryAx,
 Classical.choice,
 Quot.sound]
error: Lean exited with code 1
Some required targets logged failures:
- Tests.OrdinaryWeakResolvent
error: build failed
