⚠ [3032/3246] Replayed AutoSamplingTheory.TechnicalLemmas.FunctionalInequalities.CompactC1GradientDomain
warning: AutoSamplingTheory/TechnicalLemmas/FunctionalInequalities/CompactC1GradientDomain.lean:100:8: automatically included section variable(s) unused in theorem `_private.AutoSamplingTheory.TechnicalLemmas.FunctionalInequalities.CompactC1GradientDomain.0.AutoSamplingTheory.TechnicalLemmas.FunctionalInequalities.CompactC1GradientDomain.l2_convergence`:
  [NormedAddCommGroup E]
  [InnerProductSpace ℝ E]
  [FiniteDimensional ℝ E]
  [BorelSpace E]
consider restructuring your `variable` declarations so that the variables are not in scope or explicitly omit them:
  omit [NormedAddCommGroup E] [InnerProductSpace ℝ E] [FiniteDimensional ℝ E] [BorelSpace E] in theorem ...

Note: This linter can be disabled with `set_option linter.unusedSectionVars false`
⚠ [3041/3246] Replayed AutoSamplingTheory.TechnicalLemmas.FunctionalInequalities.OrdinaryWeakResolvent
warning: AutoSamplingTheory/TechnicalLemmas/FunctionalInequalities/OrdinaryWeakResolvent.lean:16:8: automatically included section variable(s) unused in theorem `_private.AutoSamplingTheory.TechnicalLemmas.FunctionalInequalities.OrdinaryWeakResolvent.0.AutoSamplingTheory.TechnicalLemmas.FunctionalInequalities.OrdinaryWeakResolvent.inverseweight_gradient`:
  [MeasurableSpace E]
  [BorelSpace E]
consider restructuring your `variable` declarations so that the variables are not in scope or explicitly omit them:
  omit [MeasurableSpace E] [BorelSpace E] in theorem ...

Note: This linter can be disabled with `set_option linter.unusedSectionVars false`
ℹ [3262/3307] Replayed AutoSamplingTheory.ExampleCases.ProximalBPS.ConditionalScore
info: AutoSamplingTheory/ExampleCases/ProximalBPS/ConditionalScore.lean:296:52: Try this:
  [apply] ring_nf
  
  The `ring` tactic failed to close the goal. Use `ring_nf` to obtain a normal form.
    
  Note that `ring` works primarily in *commutative* rings. If you have a noncommutative ring, abelian group or module, consider using `noncomm_ring`, `abel` or `module` instead.
⚠ [3264/3307] Replayed AutoSamplingTheory.ExampleCases.ProximalBPS.ConditionalScoreDomain
warning: AutoSamplingTheory/ExampleCases/ProximalBPS/ConditionalScoreDomain.lean:199:15: This simp argument is unused:
  smul_eq_mul

Hint: Omit it from the simp argument list.
  [apply] simp only [Real.norm_eq_abs, abs_of_nonneg (mul_nonneg (Real.exp_nonneg _) (sq_nonneg _))]

Note: This linter can be disabled with `set_option linter.unusedSimpArgs false`
warning: AutoSamplingTheory/ExampleCases/ProximalBPS/ConditionalScoreDomain.lean:80:114: Used `tac1 <;> tac2` where `(tac1; tac2)` would suffice

Note: This linter can be disabled with `set_option linter.unnecessarySeqFocus false`
⚠ [3307/3307] Replayed Tests.OrdinaryWeakResolvent
warning: Tests/OrdinaryWeakResolvent.lean:18:81: This simp argument is unused:
  potential

Hint: Omit it from the simp argument list.
  [apply] simp [Pi.add_apply, mul_comm]

Note: This linter can be disabled with `set_option linter.unusedSimpArgs false`
warning: Tests/OrdinaryWeakResolvent.lean:18:92: This simp argument is unused:
  Pi.add_apply

Hint: Omit it from the simp argument list.
  [apply] simp [potential, mul_comm]

Note: This linter can be disabled with `set_option linter.unusedSimpArgs false`
info: Tests/OrdinaryWeakResolvent.lean:110:0: 'AutoSamplingTheory.TechnicalLemmas.FunctionalInequalities.OrdinaryWeakResolvent.weak_resolvent_laplacian' depends on axioms: [propext,
 Classical.choice,
 Quot.sound]
info: Tests/OrdinaryWeakResolvent.lean:111:0: 'AutoSamplingTheory.ExampleCases.ProximalBPS.ConditionalOrdinaryResolvent.conditional_ordinary_resolvent' depends on axioms: [propext,
 Classical.choice,
 Quot.sound]
info: Tests/OrdinaryWeakResolvent.lean:112:0: 'Tests.OrdinaryWeakResolvent.actual_nonconstant_c2_pde' depends on axioms: [propext, Classical.choice, Quot.sound]
Build completed successfully (3307 jobs).
