Contributor scope: base=29168992899a9de07b8779cacdf8749863749dbc; HEAD=e15c75690beb0c54c4ae3507b92696836a0201c5; affected declarations=43; changed cells=39
Scope includes base-to-working-tree edits and untracked production/metadata files.
- declaration: AutoSamplingTheory.ExampleCases.ProximalBPS.ConditionalC1Resolvent.conditional_c1_resolvent
- declaration: AutoSamplingTheory.ExampleCases.ProximalBPS.ConditionalOrdinaryResolvent.conditional_ordinary_resolvent
- declaration: AutoSamplingTheory.ExampleCases.SmoothedPicardHMC.ActualContraction.source_synchronous_contraction
- declaration: AutoSamplingTheory.ExampleCases.SmoothedPicardHMC.ActualIncrement.source_synchronous_increment
- declaration: AutoSamplingTheory.ExampleCases.SmoothedPicardHMC.ActualKernelTransport.source_kernel_transport_contraction
- declaration: AutoSamplingTheory.ExampleCases.SmoothedPicardHMC.CountedPhaseProgram.implemented_phase_expected_query_work
- declaration: AutoSamplingTheory.ExampleCases.SmoothedPicardHMC.CountedPhaseProgram.phaseQuery
- declaration: AutoSamplingTheory.ExampleCases.SmoothedPicardHMC.FirstOrderDifference.source_first_order_difference
- declaration: AutoSamplingTheory.ExampleCases.SmoothedPicardHMC.ImplementedPhaseKernel.implemented_phase_kernel
- declaration: AutoSamplingTheory.ExampleCases.SmoothedPicardHMC.ImplementedPhaseWork.implemented_phase_query_moments_and_work
- declaration: AutoSamplingTheory.ExampleCases.SmoothedPicardHMC.KineticDissipation.source_kinetic_dissipation
- declaration: AutoSamplingTheory.ExampleCases.SmoothedPicardHMC.PartialMomentumRefresh.partial_momentum_refresh_second_moment
- declaration: AutoSamplingTheory.ExampleCases.SmoothedPicardHMC.PhaseAccuracyWork.source_phase_accuracy_and_work
- declaration: AutoSamplingTheory.ExampleCases.SmoothedPicardHMC.PhaseMetric.ordinary_energy_le_phaseQuadraticForm
- declaration: AutoSamplingTheory.ExampleCases.SmoothedPicardHMC.PhaseMetric.phaseCost
- declaration: AutoSamplingTheory.ExampleCases.SmoothedPicardHMC.PhaseMetric.phaseQuadraticForm
- declaration: AutoSamplingTheory.ExampleCases.SmoothedPicardHMC.PhaseMetric.phaseQuadraticForm_le_ordinary_energy
- declaration: AutoSamplingTheory.ExampleCases.SmoothedPicardHMC.PhaseMetric.phaseWassersteinSq
- declaration: AutoSamplingTheory.ExampleCases.SmoothedPicardHMC.PhaseMetric.phase_state_second_moment_of_phaseWasserstein
- declaration: AutoSamplingTheory.ExampleCases.SmoothedPicardHMC.PhaseMetric.wassersteinDistance_sq_le_phaseWassersteinSq
- declaration: AutoSamplingTheory.ExampleCases.SmoothedPicardHMC.PicardCenterMoment.picard_center_gradient_moment
- declaration: AutoSamplingTheory.ExampleCases.SmoothedPicardHMC.PicardInputLaw.partial_refresh_with_picard_innovations
- declaration: AutoSamplingTheory.ExampleCases.SmoothedPicardHMC.ProximalEstimatorLipschitz.proximal_estimator_lipschitz
- declaration: AutoSamplingTheory.ExampleCases.SmoothedPicardHMC.ProximalExecutionIdentity.successful_query_unique
- declaration: AutoSamplingTheory.ExampleCases.SmoothedPicardHMC.ProximalPhaseStability.source_phase_proximal_stability
- declaration: AutoSamplingTheory.ExampleCases.SmoothedPicardHMC.RealizedProximalWork.realized_proximal_expected_work
- declaration: AutoSamplingTheory.ExampleCases.SmoothedPicardHMC.SmoothedGibbsPotential.smoothed_gibbs_potential
- declaration: AutoSamplingTheory.ExampleCases.SmoothedPicardHMC.SmoothedHessianUpper.smoothed_hessian_upper
- declaration: AutoSamplingTheory.ExampleCases.SmoothedPicardHMC.SourceQuadratureWork.source_quadrature_phase_work
- declaration: AutoSamplingTheory.TechnicalLemmas.Analysis.ChebyshevLobattoMomentum.momentum_absolute_sum_le
- declaration: AutoSamplingTheory.TechnicalLemmas.Analysis.ChebyshevLobattoPositiveWeights.nonnegative_momentum_weights
- declaration: AutoSamplingTheory.TechnicalLemmas.Analysis.ChebyshevLobattoQuadrature.chebyshev_lobatto_coefficients
- declaration: AutoSamplingTheory.TechnicalLemmas.Analysis.GibbsGradientMoment.gibbs_covariance_lower
- declaration: AutoSamplingTheory.TechnicalLemmas.Analysis.GibbsGradientMoment.gibbs_gradient_moment
- declaration: AutoSamplingTheory.TechnicalLemmas.Analysis.HessianSecantOperator.hessian_secant_operator
- declaration: AutoSamplingTheory.TechnicalLemmas.Analysis.MonotoneProximalMap.nonexpansive_of_monotone_optimality
- declaration: AutoSamplingTheory.TechnicalLemmas.FunctionalInequalities.CompactC1GradientDomain.compact_c1_in_closed_gradient
- declaration: AutoSamplingTheory.TechnicalLemmas.FunctionalInequalities.OrdinaryWeakResolvent.weak_resolvent_laplacian
- declaration: AutoSamplingTheory.TechnicalLemmas.FunctionalInequalities.WeightedResolventC1.weak_resolvent_c1
- declaration: AutoSamplingTheory.TechnicalLemmas.Measure.GaussianConvolutionRegularity.gaussian_convolution_derivatives
- declaration: AutoSamplingTheory.TechnicalLemmas.Measure.GaussianConvolutionRegularity.gaussian_convolution_potential_c2
- declaration: AutoSamplingTheory.TechnicalLemmas.Measure.RandomizedMapTransport.transportCost_randomized_map_le
- declaration: AutoSamplingTheory.TechnicalLemmas.Probability.StdGaussianMoment.integrable_norm_sq_and_integral_stdGaussian
- cell: ASTIS-SHARED-chebyshev-lobatto-coefficients
- cell: ASTIS-SHARED-chebyshev-lobatto-momentum-norm
- cell: ASTIS-SHARED-compact-c1-gradient-domain
- cell: ASTIS-SHARED-gaussian-convolution-derivatives
- cell: ASTIS-SHARED-gaussian-convolution-regularity
- cell: ASTIS-SHARED-gibbs-covariance-lower
- cell: ASTIS-SHARED-gibbs-gradient-moment
- cell: ASTIS-SHARED-hessian-secant-operator
- cell: ASTIS-SHARED-monotone-proximal-nonexpansive
- cell: ASTIS-SHARED-ordinary-weak-resolvent
- cell: ASTIS-SHARED-randomized-map-transport
- cell: ASTIS-SHARED-std-gaussian-second-moment
- cell: ASTIS-SHARED-weighted-resolvent-c1
- cell: ASTIS-SW-PBPS-conditional-c1-resolvent
- cell: ASTIS-SW-PBPS-conditional-ordinary-resolvent
- cell: ASTIS-SW-SPHMC-actual-contraction
- cell: ASTIS-SW-SPHMC-actual-increment
- cell: ASTIS-SW-SPHMC-actual-kernel-transport
- cell: ASTIS-SW-SPHMC-counted-phase-program
- cell: ASTIS-SW-SPHMC-counted-phase-work
- cell: ASTIS-SW-SPHMC-first-order-difference
- cell: ASTIS-SW-SPHMC-implemented-phase-kernel
- cell: ASTIS-SW-SPHMC-implemented-phase-query-work
- cell: ASTIS-SW-SPHMC-kinetic-dissipation
- cell: ASTIS-SW-SPHMC-partial-momentum-refresh
- cell: ASTIS-SW-SPHMC-phase-accuracy-work
- cell: ASTIS-SW-SPHMC-picard-center-moment
- cell: ASTIS-SW-SPHMC-picard-input-law
- cell: ASTIS-SW-SPHMC-positive-integral-weights
- cell: ASTIS-SW-SPHMC-proximal-estimator-lipschitz
- cell: ASTIS-SW-SPHMC-proximal-execution-identity
- cell: ASTIS-SW-SPHMC-proximal-phase-stability
- cell: ASTIS-SW-SPHMC-realized-proximal-work
- cell: ASTIS-SW-SPHMC-smoothed-gibbs-potential
- cell: ASTIS-SW-SPHMC-smoothed-hessian-upper
- cell: ASTIS-SW-SPHMC-source-ordinary-energy-le-phaseQuadraticForm
- cell: ASTIS-SW-SPHMC-source-phaseQuadraticForm
- cell: ASTIS-SW-SPHMC-source-phaseQuadraticForm-le-ordinary-energy
- cell: ASTIS-SW-SPHMC-source-quadrature-work
ASTIS contributor contract PASS (affected metadata only; publication/semantic/Lean gates remain required)
