{
  "cell": "ASTIS-SW-PBPS-conditional-gradient-energy",
  "status": "graph coverage checked",
  "contributions": [
    {
      "node": "decl:AutoSamplingTheory.ExampleCases.ProximalBPS.ConditionalGradientEnergy.reflected_conditional_gradient_energy",
      "focus": "lean-foundations.html?view=lean&focus=decl%3AAutoSamplingTheory.ExampleCases.ProximalBPS.ConditionalGradientEnergy.reflected_conditional_gradient_energy&q=AutoSamplingTheory.ExampleCases.ProximalBPS.ConditionalGradientEnergy.reflected_conditional_gradient_energy",
      "connections": [
        {
          "source": "decl:AutoSamplingTheory.ExampleCases.ProximalBPS.ConditionalGradientEnergy.reflected_conditional_gradient_energy",
          "target": "semantic-audit:ASTIS-RT-20261007-PBPSConditionalGradientEnergy",
          "relation": "Lean target under audit"
        },
        {
          "source": "module:AutoSamplingTheory.ExampleCases.ProximalBPS.ConditionalGradientEnergy",
          "target": "decl:AutoSamplingTheory.ExampleCases.ProximalBPS.ConditionalGradientEnergy.reflected_conditional_gradient_energy",
          "relation": "declares"
        },
        {
          "source": "decl:AutoSamplingTheory.ExampleCases.ProximalBPS.ConditionalGradientEnergy.reflected_conditional_gradient_energy",
          "target": "case:ASTIS-SW-PBPS-2026",
          "relation": "source correspondence; not a Lean dependency"
        },
        {
          "source": "decl:AutoSamplingTheory.ExampleCases.ProximalBPS.ConditionalGradientVariance.reflected_conditional_gradient_variance",
          "target": "decl:AutoSamplingTheory.ExampleCases.ProximalBPS.ConditionalGradientEnergy.reflected_conditional_gradient_energy",
          "relation": "source reference (scanner)"
        },
        {
          "source": "decl:AutoSamplingTheory.TechnicalLemmas.FunctionalInequalities.Poincare.variance",
          "target": "decl:AutoSamplingTheory.ExampleCases.ProximalBPS.ConditionalGradientEnergy.reflected_conditional_gradient_energy",
          "relation": "source reference (scanner)"
        },
        {
          "source": "decl:AutoSamplingTheory.TechnicalLemmas.Geometry.LogConcavity.LogConcaveOn.const_mul",
          "target": "decl:AutoSamplingTheory.ExampleCases.ProximalBPS.ConditionalGradientEnergy.reflected_conditional_gradient_energy",
          "relation": "source reference (scanner)"
        },
        {
          "source": "decl:AutoSamplingTheory.TechnicalLemmas.Geometry.LogConcavity.LogConcaveOn.prod",
          "target": "decl:AutoSamplingTheory.ExampleCases.ProximalBPS.ConditionalGradientEnergy.reflected_conditional_gradient_energy",
          "relation": "source reference (scanner)"
        }
      ],
      "omitted_connections": 0
    }
  ],
  "boundary": "Reference scans are incomplete. Inspect the affected view; this report is not visual QA or a proof certificate."
}
