✖ [2392/2392] Building AutoSamplingTheory.TechnicalLemmas.Analysis.HilbertCorrectorPerturbation (64s)
trace: .> LEAN_PATH=E:\Samplinglib\.lake\packages\Cli\.lake\build\lib\lean;E:\Samplinglib\.lake\packages\batteries\.lake\build\lib\lean;E:\Samplinglib\.lake\packages\Qq\.lake\build\lib\lean;E:\Samplinglib\.lake\packages\aesop\.lake\build\lib\lean;E:\Samplinglib\.lake\packages\proofwidgets\.lake\build\lib\lean;E:\Samplinglib\.lake\packages\importGraph\.lake\build\lib\lean;E:\Samplinglib\.lake\packages\LeanSearchClient\.lake\build\lib\lean;E:\Samplinglib\.lake\packages\plausible\.lake\build\lib\lean;E:\Samplinglib\.lake\packages\mathlib\.lake\build\lib\lean;E:\Samplinglib\.lake\build\lib\lean c:\Users\admin\.elan\toolchains\leanprover--lean4---v4.33.0\bin\lean.exe E:\Samplinglib\AutoSamplingTheory\TechnicalLemmas\Analysis\HilbertCorrectorPerturbation.lean -o E:\Samplinglib\.lake\build\lib\lean\AutoSamplingTheory\TechnicalLemmas\Analysis\HilbertCorrectorPerturbation.olean -i E:\Samplinglib\.lake\build\lib\lean\AutoSamplingTheory\TechnicalLemmas\Analysis\HilbertCorrectorPerturbation.ilean -c E:\Samplinglib\.lake\build\ir\AutoSamplingTheory\TechnicalLemmas\Analysis\HilbertCorrectorPerturbation.c --setup E:\Samplinglib\.lake\build\ir\AutoSamplingTheory\TechnicalLemmas\Analysis\HilbertCorrectorPerturbation.setup.json --json
warning: AutoSamplingTheory/TechnicalLemmas/Analysis/HilbertCorrectorPerturbation.lean:26:16: `ContinuousLinearMap.mul_apply` has been deprecated: Use `mul_apply_eq_comp` instead

Note: The updated constant is in a different namespace. Dot notation may need to be changed (e.g., from `x.mul_apply` to `mul_apply_eq_comp x`).
warning: AutoSamplingTheory/TechnicalLemmas/Analysis/HilbertCorrectorPerturbation.lean:26:46: `ContinuousLinearMap.one_apply` has been deprecated: Use `one_apply_eq_self` instead

Note: The updated constant is in a different namespace. Dot notation may need to be changed (e.g., from `x.one_apply` to `one_apply_eq_self x`).
warning: AutoSamplingTheory/TechnicalLemmas/Analysis/HilbertCorrectorPerturbation.lean:29:16: `ContinuousLinearMap.add_apply` has been deprecated: Use `add_apply` instead

Note: The updated constant is in a different namespace. Dot notation may need to be changed (e.g., from `x.add_apply` to `add_apply x`).
warning: AutoSamplingTheory/TechnicalLemmas/Analysis/HilbertCorrectorPerturbation.lean:29:46: `ContinuousLinearMap.mul_apply` has been deprecated: Use `mul_apply_eq_comp` instead

Note: The updated constant is in a different namespace. Dot notation may need to be changed (e.g., from `x.mul_apply` to `mul_apply_eq_comp x`).
warning: AutoSamplingTheory/TechnicalLemmas/Analysis/HilbertCorrectorPerturbation.lean:30:6: `ContinuousLinearMap.one_apply` has been deprecated: Use `one_apply_eq_self` instead

Note: The updated constant is in a different namespace. Dot notation may need to be changed (e.g., from `x.one_apply` to `one_apply_eq_self x`).
error: AutoSamplingTheory/TechnicalLemmas/Analysis/HilbertCorrectorPerturbation.lean:33:23: Tactic `rewrite` failed: Did not find an occurrence of the pattern
  ⟪↑A (A x), x⟫
in the target expression
  ⟪A (A x), x⟫ + ⟪G (G x), x⟫ = ⟪x, x⟫

H : Type u_1
inst✝² : NormedAddCommGroup H
inst✝¹ : InnerProductSpace ℝ H
inst✝ : CompleteSpace H
A G Inv : H →L[ℝ] H
hA : IsSelfAdjoint A
hG : IsSelfAdjoint G
hInv : IsSelfAdjoint Inv
hAInv : Commute A Inv
hInvG : Inv * G = 1
hGInv : G * Inv = 1
hSquares : A * A + G * G = 1
u v r : H
hIG : ∀ (x : H), Inv (G x) = x
hSq : ∀ (x : H), A (A x) + G (G x) = x
x : H
h : ⟪A (A x), x⟫ + ⟪G (G x), x⟫ = ⟪x, x⟫
⊢ ‖A x‖ ^ 2 + ‖G x‖ ^ 2 = ‖x‖ ^ 2
error: AutoSamplingTheory/TechnicalLemmas/Analysis/HilbertCorrectorPerturbation.lean:41:8: Tactic `rewrite` failed: Did not find an occurrence of the pattern
  ⟪↑A (Inv u), A r⟫
in the target expression
  ⟪A (Inv u), A r⟫ + ⟪u, G r⟫ = ⟪u, Inv r⟫

H : Type u_1
inst✝² : NormedAddCommGroup H
inst✝¹ : InnerProductSpace ℝ H
inst✝ : CompleteSpace H
A G Inv : H →L[ℝ] H
hA : IsSelfAdjoint A
hG : IsSelfAdjoint G
hInv : IsSelfAdjoint Inv
hAInv : Commute A Inv
hInvG : Inv * G = 1
hGInv : G * Inv = 1
hSquares : A * A + G * G = 1
u v r : H
hIG : ∀ (x : H), Inv (G x) = x
hSq : ∀ (x : H), A (A x) + G (G x) = x
hEnergy : ∀ (x : H), ‖A x‖ ^ 2 + ‖G x‖ ^ 2 = ‖x‖ ^ 2
hLinear : ∀ (x : H), Inv (A (A x)) + G x = Inv x
⊢ ⟪A (Inv u), A r⟫ + ⟪u, G r⟫ = ⟪u, Inv r⟫
info: AutoSamplingTheory/TechnicalLemmas/Analysis/HilbertCorrectorPerturbation.lean:51:0: 'AutoSamplingTheory.TechnicalLemmas.Analysis.HilbertCorrectorPerturbation.quadratic_corrector_perturbation' depends on axioms: [propext,
 sorryAx,
 Classical.choice,
 Quot.sound]
error: Lean exited with code 1
Some required targets logged failures:
- AutoSamplingTheory.TechnicalLemmas.Analysis.HilbertCorrectorPerturbation
