website-first reader build	Test website, Harness, source-reader, and semantic contracts	﻿2026-10-09T03:00:25.8128287Z ##[group]Run python3 -m unittest \
website-first reader build	Test website, Harness, source-reader, and semantic contracts	2026-10-09T03:00:25.8128646Z ^[[36;1mpython3 -m unittest \^[[0m
website-first reader build	Test website, Harness, source-reader, and semantic contracts	2026-10-09T03:00:25.8128918Z ^[[36;1m  tools.tests.test_astis_site \^[[0m
website-first reader build	Test website, Harness, source-reader, and semantic contracts	2026-10-09T03:00:25.8129209Z ^[[36;1m  tools.tests.test_proof_readers \^[[0m
website-first reader build	Test website, Harness, source-reader, and semantic contracts	2026-10-09T03:00:25.8129511Z ^[[36;1m  tools.tests.test_metadata_reader \^[[0m
website-first reader build	Test website, Harness, source-reader, and semantic contracts	2026-10-09T03:00:25.8129806Z ^[[36;1m  tools.tests.test_astis_source \^[[0m
website-first reader build	Test website, Harness, source-reader, and semantic contracts	2026-10-09T03:00:25.8130087Z ^[[36;1m  tools.tests.test_astis_advance \^[[0m
website-first reader build	Test website, Harness, source-reader, and semantic contracts	2026-10-09T03:00:25.8130401Z ^[[36;1m  tools.tests.test_astis_semantic_roundtrip \^[[0m
website-first reader build	Test website, Harness, source-reader, and semantic contracts	2026-10-09T03:00:25.8130731Z ^[[36;1m  tools.tests.test_astis_publication \^[[0m
website-first reader build	Test website, Harness, source-reader, and semantic contracts	2026-10-09T03:00:25.8131044Z ^[[36;1m  tools.tests.test_astis_process_memory \^[[0m
website-first reader build	Test website, Harness, source-reader, and semantic contracts	2026-10-09T03:00:25.8131351Z ^[[36;1m  tools.tests.test_harness_site \^[[0m
website-first reader build	Test website, Harness, source-reader, and semantic contracts	2026-10-09T03:00:25.8131630Z ^[[36;1m  tools.tests.test_lean_tutor \^[[0m
website-first reader build	Test website, Harness, source-reader, and semantic contracts	2026-10-09T03:00:25.8131913Z ^[[36;1m  tools.tests.test_undergrad_guides \^[[0m
website-first reader build	Test website, Harness, source-reader, and semantic contracts	2026-10-09T03:00:25.8132413Z ^[[36;1m  tools.tests.test_chewi_source_first_contract \^[[0m
website-first reader build	Test website, Harness, source-reader, and semantic contracts	2026-10-09T03:00:25.8132806Z ^[[36;1m  tools.tests.test_chewi_source_first_refinement \^[[0m
website-first reader build	Test website, Harness, source-reader, and semantic contracts	2026-10-09T03:00:25.8133165Z ^[[36;1m  tools.tests.test_samplewiki_reader_contract \^[[0m
website-first reader build	Test website, Harness, source-reader, and semantic contracts	2026-10-09T03:00:25.8133508Z ^[[36;1m  tools.tests.test_samplewiki_companions \^[[0m
website-first reader build	Test website, Harness, source-reader, and semantic contracts	2026-10-09T03:00:25.8133831Z ^[[36;1m  tools.tests.test_underlying_lean_graph \^[[0m
website-first reader build	Test website, Harness, source-reader, and semantic contracts	2026-10-09T03:00:25.8134342Z ^[[36;1m  tools.tests.test_cross_domain_program \^[[0m
website-first reader build	Test website, Harness, source-reader, and semantic contracts	2026-10-09T03:00:25.8134658Z ^[[36;1m  tools.tests.test_discrete_sampling \^[[0m
website-first reader build	Test website, Harness, source-reader, and semantic contracts	2026-10-09T03:00:25.8134953Z ^[[36;1m  tools.tests.test_mcmc_library \^[[0m
website-first reader build	Test website, Harness, source-reader, and semantic contracts	2026-10-09T03:00:25.8135256Z ^[[36;1m  tools.tests.test_project_authors_footer^[[0m
website-first reader build	Test website, Harness, source-reader, and semantic contracts	2026-10-09T03:00:25.8135563Z ^[[36;1mnode --check website/static/site.js^[[0m
website-first reader build	Test website, Harness, source-reader, and semantic contracts	2026-10-09T03:00:25.8135866Z ^[[36;1mnode --check website/static/ide.js^[[0m
website-first reader build	Test website, Harness, source-reader, and semantic contracts	2026-10-09T03:00:25.8136187Z ^[[36;1mnode --check website/static/lean-tutor.js^[[0m
website-first reader build	Test website, Harness, source-reader, and semantic contracts	2026-10-09T03:00:25.8136544Z ^[[36;1mnode --check website/static/module-lean-tutor.js^[[0m
website-first reader build	Test website, Harness, source-reader, and semantic contracts	2026-10-09T03:00:25.8136939Z ^[[36;1mnode --check website/static/underlying-lean-graph.js^[[0m
website-first reader build	Test website, Harness, source-reader, and semantic contracts	2026-10-09T03:00:25.8137309Z ^[[36;1mnode --check website/static/graph-alias.js^[[0m
website-first reader build	Test website, Harness, source-reader, and semantic contracts	2026-10-09T03:00:25.8198701Z shell: /usr/bin/bash -e {0}
website-first reader build	Test website, Harness, source-reader, and semantic contracts	2026-10-09T03:00:25.8198952Z env:
website-first reader build	Test website, Harness, source-reader, and semantic contracts	2026-10-09T03:00:25.8199145Z   ASTIS_PUBLIC_SOURCE_LINKS: 1
website-first reader build	Test website, Harness, source-reader, and semantic contracts	2026-10-09T03:00:25.8199462Z   pythonLocation: /opt/hostedtoolcache/Python/3.12.15/x64
website-first reader build	Test website, Harness, source-reader, and semantic contracts	2026-10-09T03:00:25.8199898Z   PKG_CONFIG_PATH: /opt/hostedtoolcache/Python/3.12.15/x64/lib/pkgconfig
website-first reader build	Test website, Harness, source-reader, and semantic contracts	2026-10-09T03:00:25.8200327Z   Python_ROOT_DIR: /opt/hostedtoolcache/Python/3.12.15/x64
website-first reader build	Test website, Harness, source-reader, and semantic contracts	2026-10-09T03:00:25.8200697Z   Python2_ROOT_DIR: /opt/hostedtoolcache/Python/3.12.15/x64
website-first reader build	Test website, Harness, source-reader, and semantic contracts	2026-10-09T03:00:25.8201069Z   Python3_ROOT_DIR: /opt/hostedtoolcache/Python/3.12.15/x64
website-first reader build	Test website, Harness, source-reader, and semantic contracts	2026-10-09T03:00:25.8201440Z   LD_LIBRARY_PATH: /opt/hostedtoolcache/Python/3.12.15/x64/lib
website-first reader build	Test website, Harness, source-reader, and semantic contracts	2026-10-09T03:00:25.8201754Z ##[endgroup]
website-first reader build	Test website, Harness, source-reader, and semantic contracts	2026-10-09T03:01:54.4860255Z ...............................................................................................................................................................................................................E................
website-first reader build	Test website, Harness, source-reader, and semantic contracts	2026-10-09T03:01:54.4861430Z ======================================================================
website-first reader build	Test website, Harness, source-reader, and semantic contracts	2026-10-09T03:01:54.4865209Z ERROR: test_peer_navigation_and_route (tools.tests.test_discrete_sampling.DiscreteSamplingTests.test_peer_navigation_and_route)
website-first reader build	Test website, Harness, source-reader, and semantic contracts	2026-10-09T03:01:54.4866572Z ----------------------------------------------------------------------
website-first reader build	Test website, Harness, source-reader, and semantic contracts	2026-10-09T03:01:54.4867106Z Traceback (most recent call last):
website-first reader build	Test website, Harness, source-reader, and semantic contracts	2026-10-09T03:01:54.4874441Z   File "/home/runner/work/Automization-Sampling-Optimisation-Geometry-Lib/Automization-Sampling-Optimisation-Geometry-Lib/tools/tests/test_discrete_sampling.py", line 82, in test_peer_navigation_and_route
website-first reader build	Test website, Harness, source-reader, and semantic contracts	2026-10-09T03:01:54.4875667Z     self.assertIn('data-progress-route="discrete-sampling"',formalization_progress.overview_body())
website-first reader build	Test website, Harness, source-reader, and semantic contracts	2026-10-09T03:01:54.4876207Z                                                             ^^^^^^^^^^^^^^^^^^^^^^^^^^^^^^^^^^^^^^
website-first reader build	Test website, Harness, source-reader, and semantic contracts	2026-10-09T03:01:54.4877511Z   File "/home/runner/work/Automization-Sampling-Optimisation-Geometry-Lib/Automization-Sampling-Optimisation-Geometry-Lib/website/scripts/formalization_progress.py", line 292, in overview_body
website-first reader build	Test website, Harness, source-reader, and semantic contracts	2026-10-09T03:01:54.4878399Z     grouped = frontier_cells_by_route()
website-first reader build	Test website, Harness, source-reader, and semantic contracts	2026-10-09T03:01:54.4878665Z               ^^^^^^^^^^^^^^^^^^^^^^^^^
website-first reader build	Test website, Harness, source-reader, and semantic contracts	2026-10-09T03:01:54.4879575Z   File "/home/runner/work/Automization-Sampling-Optimisation-Geometry-Lib/Automization-Sampling-Optimisation-Geometry-Lib/website/scripts/formalization_progress.py", line 197, in frontier_cells_by_route
website-first reader build	Test website, Harness, source-reader, and semantic contracts	2026-10-09T03:01:54.4880726Z     raise RuntimeError("Frontier Cell protocol invalid before dashboard render:\n- " + "\n- ".join(errors))
website-first reader build	Test website, Harness, source-reader, and semantic contracts	2026-10-09T03:01:54.4881305Z RuntimeError: Frontier Cell protocol invalid before dashboard render:
website-first reader build	Test website, Harness, source-reader, and semantic contracts	2026-10-09T03:01:54.4881991Z - research-wiki/frontier-cells/ASTIS-SW-PBPS-unique-macroscopic-defect-root.json: invalid learning_contract.failure_class
website-first reader build	Test website, Harness, source-reader, and semantic contracts	2026-10-09T03:01:54.4883139Z - research-wiki/frontier-cells/ASTIS-SW-PBPS-unique-macroscopic-defect-root.json: every non-success failure requires an explicit salvage audit
website-first reader build	Test website, Harness, source-reader, and semantic contracts	2026-10-09T03:01:54.4883708Z 
website-first reader build	Test website, Harness, source-reader, and semantic contracts	2026-10-09T03:01:54.4883860Z ----------------------------------------------------------------------
website-first reader build	Test website, Harness, source-reader, and semantic contracts	2026-10-09T03:01:54.4884436Z Ran 224 tests in 88.352s
website-first reader build	Test website, Harness, source-reader, and semantic contracts	2026-10-09T03:01:54.4884582Z 
website-first reader build	Test website, Harness, source-reader, and semantic contracts	2026-10-09T03:01:54.4884670Z FAILED (errors=1)
website-first reader build	Test website, Harness, source-reader, and semantic contracts	2026-10-09T03:01:54.5973526Z ##[error]Process completed with exit code 1.
