{"label": "prepare-serialized-integration74", "actual_foreground_PID": 44740, "status": "RUNNING"}
{"label": "prepare-serialized-integration74", "PID": 44740, "EXIT": 0}
PASS serialized74 prepared only after exactSCI: Registry523/import/Tests, one cell/handoff/conversion; aggregate and reader pending.
{"label": "integration74/bounded-gates", "actual_foreground_PID": 48940, "status": "RUNNING"}
{"label": "integration74/bounded-gates", "PID": 48940, "EXIT": 0}
Publication PASS: 244 source items; code, prose, assumptions and semantic-audit links checked. Legacy audit debt remains explicit.
ASTIS contributor contract PASS (affected metadata only; publication/semantic/Lean gates remain required)
PASS74 four bounded admission gates
{"label": "integration74/prepare-generated-scope", "actual_foreground_PID": 38164, "status": "RUNNING"}
{"label": "integration74/prepare-generated-scope", "PID": 38164, "EXIT": 0}
PASS captured pre-generator74 exact current dirty scope; original collaborator/untracked cards preserved.
{"label": "integration74/mandatory-astis-check-final", "actual_foreground_PID": 26108, "status": "RUNNING"}
{"label": "integration74/mandatory-astis-check-final", "PID": 26108, "EXIT": 0}
info: Tests/GaussianCompactProductLogSobolev.lean:103:0: 'AutoSamplingTheory.TechnicalLemmas.FunctionalInequalities.GaussianCompactProductLogSobolev.compact_gaussian_pi_logSobolev' depends on axioms: [propext,
info: Tests/GaussianCompactProductLogSobolev.lean:104:0: 'Tests.GaussianCompactProductLogSobolev.zero_all_dimensions' depends on axioms: [propext, Classical.choice, Quot.sound]
info: Tests/GaussianCompactProductLogSobolev.lean:105:0: 'Tests.GaussianCompactProductLogSobolev.constant_empty_dimension' depends on axioms: [propext,
info: Tests/GaussianCompactProductLogSobolev.lean:106:0: 'Tests.GaussianCompactProductLogSobolev.actual_signed_product_lsi' depends on axioms: [propext,
info: Tests/GaussianCompactProductLogSobolev.lean:107:0: 'Tests.GaussianCompactProductLogSobolev.actual_scalar_lsi' depends on axioms: [propext, Classical.choice, Quot.sound]
info: Tests/GaussianCompactHilbertLogSobolev.lean:82:0: 'AutoSamplingTheory.TechnicalLemmas.FunctionalInequalities.GaussianCompactHilbertLogSobolev.compact_stdGaussian_logSobolev' depends on axioms: [propext,
info: Tests/GaussianCompactHilbertLogSobolev.lean:83:0: 'Tests.GaussianCompactHilbertLogSobolev.zero_arbitrary_hilbert' depends on axioms: [propext,
info: Tests/GaussianCompactHilbertLogSobolev.lean:84:0: 'Tests.GaussianCompactHilbertLogSobolev.negative_constant_rank_zero' depends on axioms: [propext,
info: Tests/GaussianCompactHilbertLogSobolev.lean:85:0: 'Tests.GaussianCompactHilbertLogSobolev.actual_posterior_compact_lsi' depends on axioms: [propext,
info: Tests/GaussianLogSobolev.lean:75:0: 'AutoSamplingTheory.TechnicalLemmas.FunctionalInequalities.GaussianLogSobolev.gaussian_logSobolev_of_contDiff' depends on axioms: [propext,
info: Tests/GaussianLogSobolev.lean:76:0: 'Tests.GaussianLogSobolev.zero_arbitrary_hilbert' depends on axioms: [propext, Classical.choice, Quot.sound]
info: Tests/GaussianLogSobolev.lean:77:0: 'Tests.GaussianLogSobolev.negative_constant_arbitrary_hilbert' depends on axioms: [propext,
info: Tests/GaussianLogSobolev.lean:78:0: 'Tests.GaussianLogSobolev.actual_posterior_noncompact_lsi' depends on axioms: [propext, Classical.choice, Quot.sound]
info: Tests/ProductEntropy.lean:88:0: 'AutoSamplingTheory.TechnicalLemmas.InformationTheory.ProductEntropy.bounded_product_entropy_subadditivity' depends on axioms: [propext,
info: Tests/ProductEntropy.lean:89:0: 'Tests.ProductEntropy.zero_product_entropy' depends on axioms: [propext, Classical.choice, Quot.sound]
info: Tests/ProductEntropy.lean:90:0: 'Tests.ProductEntropy.actual_compact_product_entropy' depends on axioms: [propext, Classical.choice, Quot.sound]
info: Tests/GradientAECongruence.lean:6:0: 'AutoSamplingTheory.TechnicalLemmas.Analysis.GradientAECongruence.not_gradient_ae_congr_for_arbitrary_measure' depends on axioms: [propext,
Build completed successfully (9485 jobs).
{"label": "integration74/python-compile", "actual_foreground_PID": 52404, "status": "RUNNING"}
{"label": "integration74/python-compile", "PID": 52404, "EXIT": 0}

{"label": "integration74/module-graph-refresh", "actual_foreground_PID": 4560, "status": "RUNNING"}
{"label": "integration74/module-graph-refresh", "PID": 4560, "EXIT": 0}

{"label": "integration74/narrow-generated-scope", "actual_foreground_PID": 27336, "status": "RUNNING"}
{"label": "integration74/narrow-generated-scope", "PID": 27336, "EXIT": 1}
{"finite_generator_extra_count": 122, "unsupported": ["agent-briefs/mathlib_ready_leaf_packet.md", "agent-briefs/mathlib_ready_leaf_reviewer_checklist.md", "docs/mathlib_ready_leaf_protocol.md", "docs/mathlib_ready_leaf_reviewer_checklist.md", "research-wiki/technical-lemma-memory/README.md", "research-wiki/technical-lemma-memory/hidden_regularities.md", "research-wiki/technical-lemma-memory/mathlib_ready_leaf_template.md", "research-wiki/technical-lemmas/README.md", "research-wiki/technical-lemmas/hidden_regularities.md", "research-wiki/technical-lemmas/mathlib_ready_leaf_template.md"]}
Traceback (most recent call last):
  File "E:\Samplinglib\.astis\pbps-bounce74\narrow-generated-scope74.py", line 10, in <module>
    assert not unsupported,unsupported
           ^^^^^^^^^^^^^^^
AssertionError: ['agent-briefs/mathlib_ready_leaf_packet.md', 'agent-briefs/mathlib_ready_leaf_reviewer_checklist.md', 'docs/mathlib_ready_leaf_protocol.md', 'docs/mathlib_ready_leaf_reviewer_checklist.md', 'research-wiki/technical-lemma-memory/README.md', 'research-wiki/technical-lemma-memory/hidden_regularities.md', 'research-wiki/technical-lemma-memory/mathlib_ready_leaf_template.md', 'research-wiki/technical-lemmas/README.md', 'research-wiki/technical-lemmas/hidden_regularities.md', 'research-wiki/technical-lemmas/mathlib_ready_leaf_template.md']
