ℹ [3180/3207] Replayed AutoSamplingTheory.ExampleCases.ProximalBPS.ConditionalScore
info: AutoSamplingTheory/ExampleCases/ProximalBPS/ConditionalScore.lean:296:52: Try this:
  [apply] ring_nf
  
  The `ring` tactic failed to close the goal. Use `ring_nf` to obtain a normal form.
    
  Note that `ring` works primarily in *commutative* rings. If you have a noncommutative ring, abelian group or module, consider using `noncomm_ring`, `abel` or `module` instead.
⚠ [3184/3207] Replayed AutoSamplingTheory.ExampleCases.ProximalBPS.ConditionalScoreDomain
warning: AutoSamplingTheory/ExampleCases/ProximalBPS/ConditionalScoreDomain.lean:199:15: This simp argument is unused:
  smul_eq_mul

Hint: Omit it from the simp argument list.
  [apply] simp only [Real.norm_eq_abs, abs_of_nonneg (mul_nonneg (Real.exp_nonneg _) (sq_nonneg _))]

Note: This linter can be disabled with `set_option linter.unusedSimpArgs false`
warning: AutoSamplingTheory/ExampleCases/ProximalBPS/ConditionalScoreDomain.lean:80:114: Used `tac1 <;> tac2` where `(tac1; tac2)` would suffice

Note: This linter can be disabled with `set_option linter.unnecessarySeqFocus false`
⚠ [3301/3303] Built AutoSamplingTheory.TechnicalLemmas.FunctionalInequalities.CompactC1GradientDomain (8.5s)
warning: AutoSamplingTheory/TechnicalLemmas/FunctionalInequalities/CompactC1GradientDomain.lean:100:8: automatically included section variable(s) unused in theorem `_private.AutoSamplingTheory.TechnicalLemmas.FunctionalInequalities.CompactC1GradientDomain.0.AutoSamplingTheory.TechnicalLemmas.FunctionalInequalities.CompactC1GradientDomain.l2_convergence`:
  [NormedAddCommGroup E]
  [InnerProductSpace ℝ E]
  [FiniteDimensional ℝ E]
  [BorelSpace E]
consider restructuring your `variable` declarations so that the variables are not in scope or explicitly omit them:
  omit [NormedAddCommGroup E] [InnerProductSpace ℝ E] [FiniteDimensional ℝ E] [BorelSpace E] in theorem ...

Note: This linter can be disabled with `set_option linter.unusedSectionVars false`
✔ [3302/3303] Built AutoSamplingTheory.TechnicalLemmas.FunctionalInequalities.WeightedResolventC1 (9.9s)
✔ [3303/3303] Built AutoSamplingTheory.ExampleCases.ProximalBPS.ConditionalC1Resolvent (10s)
Build completed successfully (3303 jobs).
