ℹ [3181/3305] Replayed AutoSamplingTheory.ExampleCases.ProximalBPS.ConditionalScore
info: AutoSamplingTheory/ExampleCases/ProximalBPS/ConditionalScore.lean:296:52: Try this:
  [apply] ring_nf
  
  The `ring` tactic failed to close the goal. Use `ring_nf` to obtain a normal form.
    
  Note that `ring` works primarily in *commutative* rings. If you have a noncommutative ring, abelian group or module, consider using `noncomm_ring`, `abel` or `module` instead.
⚠ [3185/3305] Replayed AutoSamplingTheory.ExampleCases.ProximalBPS.ConditionalScoreDomain
warning: AutoSamplingTheory/ExampleCases/ProximalBPS/ConditionalScoreDomain.lean:199:15: This simp argument is unused:
  smul_eq_mul

Hint: Omit it from the simp argument list.
  [apply] simp only [Real.norm_eq_abs, abs_of_nonneg (mul_nonneg (Real.exp_nonneg _) (sq_nonneg _))]

Note: This linter can be disabled with `set_option linter.unusedSimpArgs false`
warning: AutoSamplingTheory/ExampleCases/ProximalBPS/ConditionalScoreDomain.lean:80:114: Used `tac1 <;> tac2` where `(tac1; tac2)` would suffice

Note: This linter can be disabled with `set_option linter.unnecessarySeqFocus false`
⚠ [3298/3305] Replayed AutoSamplingTheory.TechnicalLemmas.FunctionalInequalities.CompactC1GradientDomain
warning: AutoSamplingTheory/TechnicalLemmas/FunctionalInequalities/CompactC1GradientDomain.lean:100:8: automatically included section variable(s) unused in theorem `_private.AutoSamplingTheory.TechnicalLemmas.FunctionalInequalities.CompactC1GradientDomain.0.AutoSamplingTheory.TechnicalLemmas.FunctionalInequalities.CompactC1GradientDomain.l2_convergence`:
  [NormedAddCommGroup E]
  [InnerProductSpace ℝ E]
  [FiniteDimensional ℝ E]
  [BorelSpace E]
consider restructuring your `variable` declarations so that the variables are not in scope or explicitly omit them:
  omit [NormedAddCommGroup E] [InnerProductSpace ℝ E] [FiniteDimensional ℝ E] [BorelSpace E] in theorem ...

Note: This linter can be disabled with `set_option linter.unusedSectionVars false`
⚠ [3305/3305] Built Tests.CompactC1GradientDomain (8.7s)
warning: Tests/CompactC1GradientDomain.lean:19:81: This simp argument is unused:
  potential

Hint: Omit it from the simp argument list.
  [apply] simp [Pi.add_apply, mul_comm]

Note: This linter can be disabled with `set_option linter.unusedSimpArgs false`
warning: Tests/CompactC1GradientDomain.lean:19:92: This simp argument is unused:
  Pi.add_apply

Hint: Omit it from the simp argument list.
  [apply] simp [potential, mul_comm]

Note: This linter can be disabled with `set_option linter.unusedSimpArgs false`
info: Tests/CompactC1GradientDomain.lean:96:0: 'AutoSamplingTheory.TechnicalLemmas.FunctionalInequalities.CompactC1GradientDomain.compact_c1_in_closed_gradient' depends on axioms: [propext,
 Classical.choice,
 Quot.sound]
info: Tests/CompactC1GradientDomain.lean:97:0: 'AutoSamplingTheory.TechnicalLemmas.FunctionalInequalities.WeightedResolventC1.weak_resolvent_c1' depends on axioms: [propext,
 Classical.choice,
 Quot.sound]
info: Tests/CompactC1GradientDomain.lean:98:0: 'AutoSamplingTheory.ExampleCases.ProximalBPS.ConditionalC1Resolvent.conditional_c1_resolvent' depends on axioms: [propext,
 Classical.choice,
 Quot.sound]
info: Tests/CompactC1GradientDomain.lean:99:0: 'Tests.CompactC1GradientDomain.actual_nonconstant_source' depends on axioms: [propext, Classical.choice, Quot.sound]
Build completed successfully (3305 jobs).
