<stdin>:27:2: error: Type mismatch
  (hweighted observable hψ hc).right.right.right
has type
  (ε *
        ∫ (x : ℝ),
          Real.exp
              (-(fun y u => Tests.CompactC1GradientDomain.potential✝ ((1 / 2) • (y + u)) + ‖u - y‖ ^ 2 / (8 * (1 / 2)))
                  y x) *
            (↑↑↑u x * observable x)) +
      ∫ (x : ℝ),
        Real.exp
            (-(fun y u => Tests.CompactC1GradientDomain.potential✝ ((1 / 2) • (y + u)) + ‖u - y‖ ^ 2 / (8 * (1 / 2))) y
                x) *
          ⟪↑↑(↑D.closure u) x, gradient observable x⟫ =
    ∫ (x : ℝ),
      Real.exp
          (-(fun y u => Tests.CompactC1GradientDomain.potential✝ ((1 / 2) • (y + u)) + ‖u - y‖ ^ 2 / (8 * (1 / 2))) y
              x) *
        (↑↑f x * observable x)
but is expected to have type
  (ε *
        ∫ (x : ℝ),
          Real.exp (-(3 / 8 * ((y + x) / 2) ^ 2 + 1 / 8 * Real.sin ((y + x) / 2) + ‖x - y‖ ^ 2 / (8 * (1 / 2)))) *
            (↑↑↑u x * observable x)) +
      ∫ (x : ℝ),
        Real.exp (-(3 / 8 * ((y + x) / 2) ^ 2 + 1 / 8 * Real.sin ((y + x) / 2) + ‖x - y‖ ^ 2 / (8 * (1 / 2)))) *
          ⟪↑↑(↑D.closure u) x, gradient observable x⟫ =
    ∫ (x : ℝ),
      Real.exp (-(3 / 8 * ((y + x) / 2) ^ 2 + 1 / 8 * Real.sin ((y + x) / 2) + ‖x - y‖ ^ 2 / (8 * (1 / 2)))) *
        (↑↑f x * observable x)
