⚠ [3590/3730] Replayed AutoSamplingTheory.TechnicalLemmas.Measure.TransportGluing
warning: AutoSamplingTheory/TechnicalLemmas/Measure/TransportGluing.lean:91:2: Try this: 
  letI̵

The goal is a proposition, so `let` is preferred over `letI`.
The difference between `let` and `letI` is that `letI` inlines the value.
But this is not relevant for proofs because of proof irrelevance.

Note: This linter can be disabled with `set_option linter.style.haveILetI false`
warning: AutoSamplingTheory/TechnicalLemmas/Measure/TransportGluing.lean:93:2: Try this: 
  letI̵

The goal is a proposition, so `let` is preferred over `letI`.
The difference between `let` and `letI` is that `letI` inlines the value.
But this is not relevant for proofs because of proof irrelevance.

Note: This linter can be disabled with `set_option linter.style.haveILetI false`
⚠ [3592/3730] Replayed AutoSamplingTheory.TechnicalLemmas.Measure.WassersteinTriangleMarginals
warning: AutoSamplingTheory/TechnicalLemmas/Measure/WassersteinTriangleMarginals.lean:46:0: automatically included section variable(s) unused in theorem `AutoSamplingTheory.TechnicalLemmas.Measure.WassersteinTriangleMarginals.measurable_pair12`:
  [NormedAddCommGroup E]
  [BorelSpace E]
  [SecondCountableTopology E]
consider restructuring your `variable` declarations so that the variables are not in scope or explicitly omit them:
  omit [NormedAddCommGroup E] [BorelSpace E] [SecondCountableTopology E] in theorem ...

Note: This linter can be disabled with `set_option linter.unusedSectionVars false`
warning: AutoSamplingTheory/TechnicalLemmas/Measure/WassersteinTriangleMarginals.lean:50:0: automatically included section variable(s) unused in theorem `AutoSamplingTheory.TechnicalLemmas.Measure.WassersteinTriangleMarginals.measurable_pair23`:
  [NormedAddCommGroup E]
  [BorelSpace E]
  [SecondCountableTopology E]
consider restructuring your `variable` declarations so that the variables are not in scope or explicitly omit them:
  omit [NormedAddCommGroup E] [BorelSpace E] [SecondCountableTopology E] in theorem ...

Note: This linter can be disabled with `set_option linter.unusedSectionVars false`
warning: AutoSamplingTheory/TechnicalLemmas/Measure/WassersteinTriangleMarginals.lean:54:0: automatically included section variable(s) unused in theorem `AutoSamplingTheory.TechnicalLemmas.Measure.WassersteinTriangleMarginals.measurable_pair13`:
  [NormedAddCommGroup E]
  [BorelSpace E]
  [SecondCountableTopology E]
consider restructuring your `variable` declarations so that the variables are not in scope or explicitly omit them:
  omit [NormedAddCommGroup E] [BorelSpace E] [SecondCountableTopology E] in theorem ...

Note: This linter can be disabled with `set_option linter.unusedSectionVars false`
warning: AutoSamplingTheory/TechnicalLemmas/Measure/WassersteinTriangleMarginals.lean:65:0: automatically included section variable(s) unused in theorem `AutoSamplingTheory.TechnicalLemmas.Measure.WassersteinTriangleMarginals.edgeLength12_rpow_two_eq_quadraticCost_pair12`:
  [MeasurableSpace E]
  [BorelSpace E]
  [SecondCountableTopology E]
consider restructuring your `variable` declarations so that the variables are not in scope or explicitly omit them:
  omit [MeasurableSpace E] [BorelSpace E] [SecondCountableTopology E] in theorem ...

Note: This linter can be disabled with `set_option linter.unusedSectionVars false`
warning: AutoSamplingTheory/TechnicalLemmas/Measure/WassersteinTriangleMarginals.lean:74:0: automatically included section variable(s) unused in theorem `AutoSamplingTheory.TechnicalLemmas.Measure.WassersteinTriangleMarginals.edgeLength23_rpow_two_eq_quadraticCost_pair23`:
  [MeasurableSpace E]
  [BorelSpace E]
  [SecondCountableTopology E]
consider restructuring your `variable` declarations so that the variables are not in scope or explicitly omit them:
  omit [MeasurableSpace E] [BorelSpace E] [SecondCountableTopology E] in theorem ...

Note: This linter can be disabled with `set_option linter.unusedSectionVars false`
warning: AutoSamplingTheory/TechnicalLemmas/Measure/WassersteinTriangleMarginals.lean:83:0: automatically included section variable(s) unused in theorem `AutoSamplingTheory.TechnicalLemmas.Measure.WassersteinTriangleMarginals.edgeLength13_rpow_two_eq_quadraticCost_pair13`:
  [MeasurableSpace E]
  [BorelSpace E]
  [SecondCountableTopology E]
consider restructuring your `variable` declarations so that the variables are not in scope or explicitly omit them:
  omit [MeasurableSpace E] [BorelSpace E] [SecondCountableTopology E] in theorem ...

Note: This linter can be disabled with `set_option linter.unusedSectionVars false`
⚠ [3593/3730] Replayed AutoSamplingTheory.TechnicalLemmas.Measure.CommonNoiseContraction
warning: AutoSamplingTheory/TechnicalLemmas/Measure/CommonNoiseContraction.lean:62:8: automatically included section variable(s) unused in theorem `_private.AutoSamplingTheory.TechnicalLemmas.Measure.CommonNoiseContraction.0.AutoSamplingTheory.TechnicalLemmas.Measure.CommonNoiseContraction.measurable_pairLeft`:
  [NormedAddCommGroup E]
  [BorelSpace E]
  [SecondCountableTopology E]
consider restructuring your `variable` declarations so that the variables are not in scope or explicitly omit them:
  omit [NormedAddCommGroup E] [BorelSpace E] [SecondCountableTopology E] in theorem ...

Note: This linter can be disabled with `set_option linter.unusedSectionVars false`
warning: AutoSamplingTheory/TechnicalLemmas/Measure/CommonNoiseContraction.lean:66:8: automatically included section variable(s) unused in theorem `_private.AutoSamplingTheory.TechnicalLemmas.Measure.CommonNoiseContraction.0.AutoSamplingTheory.TechnicalLemmas.Measure.CommonNoiseContraction.measurable_pairRight`:
  [NormedAddCommGroup E]
  [BorelSpace E]
  [SecondCountableTopology E]
consider restructuring your `variable` declarations so that the variables are not in scope or explicitly omit them:
  omit [NormedAddCommGroup E] [BorelSpace E] [SecondCountableTopology E] in theorem ...

Note: This linter can be disabled with `set_option linter.unusedSectionVars false`
warning: AutoSamplingTheory/TechnicalLemmas/Measure/CommonNoiseContraction.lean:77:2: Try this: 
  letI̵

The goal is a proposition, so `let` is preferred over `letI`.
The difference between `let` and `letI` is that `letI` inlines the value.
But this is not relevant for proofs because of proof irrelevance.

Note: This linter can be disabled with `set_option linter.style.haveILetI false`
warning: AutoSamplingTheory/TechnicalLemmas/Measure/CommonNoiseContraction.lean:72:0: automatically included section variable(s) unused in theorem `AutoSamplingTheory.TechnicalLemmas.Measure.CommonNoiseContraction.map_pairLeft_prod_eq`:
  [BorelSpace E]
consider restructuring your `variable` declarations so that the variables are not in scope or explicitly omit them:
  omit [BorelSpace E] in theorem ...

Note: This linter can be disabled with `set_option linter.unusedSectionVars false`
warning: AutoSamplingTheory/TechnicalLemmas/Measure/CommonNoiseContraction.lean:97:2: Try this: 
  letI̵

The goal is a proposition, so `let` is preferred over `letI`.
The difference between `let` and `letI` is that `letI` inlines the value.
But this is not relevant for proofs because of proof irrelevance.

Note: This linter can be disabled with `set_option linter.style.haveILetI false`
warning: AutoSamplingTheory/TechnicalLemmas/Measure/CommonNoiseContraction.lean:92:0: automatically included section variable(s) unused in theorem `AutoSamplingTheory.TechnicalLemmas.Measure.CommonNoiseContraction.map_pairRight_prod_eq`:
  [BorelSpace E]
consider restructuring your `variable` declarations so that the variables are not in scope or explicitly omit them:
  omit [BorelSpace E] in theorem ...

Note: This linter can be disabled with `set_option linter.unusedSectionVars false`
warning: AutoSamplingTheory/TechnicalLemmas/Measure/CommonNoiseContraction.lean:119:2: Try this: 
  letI̵

The goal is a proposition, so `let` is preferred over `letI`.
The difference between `let` and `letI` is that `letI` inlines the value.
But this is not relevant for proofs because of proof irrelevance.

Note: This linter can be disabled with `set_option linter.style.haveILetI false`
warning: AutoSamplingTheory/TechnicalLemmas/Measure/CommonNoiseContraction.lean:148:0: automatically included section variable(s) unused in theorem `AutoSamplingTheory.TechnicalLemmas.Measure.CommonNoiseContraction.quadraticCost_synchronousNoiseMap`:
  [MeasurableSpace E]
  [BorelSpace E]
  [SecondCountableTopology E]
consider restructuring your `variable` declarations so that the variables are not in scope or explicitly omit them:
  omit [MeasurableSpace E] [BorelSpace E] [SecondCountableTopology E] in theorem ...

Note: This linter can be disabled with `set_option linter.unusedSectionVars false`
warning: AutoSamplingTheory/TechnicalLemmas/Measure/CommonNoiseContraction.lean:200:2: Try this: 
  letI̵

The goal is a proposition, so `let` is preferred over `letI`.
The difference between `let` and `letI` is that `letI` inlines the value.
But this is not relevant for proofs because of proof irrelevance.

Note: This linter can be disabled with `set_option linter.style.haveILetI false`
⚠ [3712/3730] Replayed AutoSamplingTheory.TechnicalLemmas.Measure.GaussianSmoothing
warning: AutoSamplingTheory/TechnicalLemmas/Measure/GaussianSmoothing.lean:75:0: automatically included section variable(s) unused in theorem `AutoSamplingTheory.TechnicalLemmas.Measure.GaussianSmoothing.heatSmoothing_eq_gaussianSmoothing_sqrt`:
  [BorelSpace E]
  [SecondCountableTopology E]
consider restructuring your `variable` declarations so that the variables are not in scope or explicitly omit them:
  omit [BorelSpace E] [SecondCountableTopology E] in theorem ...

Note: This linter can be disabled with `set_option linter.unusedSectionVars false`
⚠ [3728/3730] Replayed AutoSamplingTheory.TechnicalLemmas.Measure.GaussianConvolutionRegularity
warning: AutoSamplingTheory/TechnicalLemmas/Measure/GaussianConvolutionRegularity.lean:68:8: automatically included section variable(s) unused in theorem `_private.AutoSamplingTheory.TechnicalLemmas.Measure.GaussianConvolutionRegularity.0.AutoSamplingTheory.TechnicalLemmas.Measure.GaussianConvolutionRegularity.weight_bounds`:
  [InnerProductSpace ℝ E]
consider restructuring your `variable` declarations so that the variables are not in scope or explicitly omit them:
  omit [InnerProductSpace ℝ E] in theorem ...

Note: This linter can be disabled with `set_option linter.unusedSectionVars false`
warning: AutoSamplingTheory/TechnicalLemmas/Measure/GaussianConvolutionRegularity.lean:319:8: automatically included section variable(s) unused in theorem `_private.AutoSamplingTheory.TechnicalLemmas.Measure.GaussianConvolutionRegularity.0.AutoSamplingTheory.TechnicalLemmas.Measure.GaussianConvolutionRegularity.posteriorIntegral`:
  [InnerProductSpace ℝ E]
  [BorelSpace E]
  [FiniteDimensional ℝ E]
consider restructuring your `variable` declarations so that the variables are not in scope or explicitly omit them:
  omit [InnerProductSpace ℝ E] [BorelSpace E] [FiniteDimensional ℝ E] in theorem ...

Note: This linter can be disabled with `set_option linter.unusedSectionVars false`
warning: AutoSamplingTheory/TechnicalLemmas/Measure/GaussianConvolutionRegularity.lean:405:58: Used `tac1 <;> tac2` where `(tac1; tac2)` would suffice

Note: This linter can be disabled with `set_option linter.unnecessarySeqFocus false`
warning: AutoSamplingTheory/TechnicalLemmas/Measure/GaussianConvolutionRegularity.lean:463:4: Try this: 
  haveI̵

The goal is a proposition, so `have` is preferred over `haveI`.
The difference between `have` and `haveI` is that `haveI` inlines the value.
But this is not relevant for proofs because of proof irrelevance.

Note: This linter can be disabled with `set_option linter.style.haveILetI false`
warning: AutoSamplingTheory/TechnicalLemmas/Measure/GaussianConvolutionRegularity.lean:488:4: Try this: 
  haveI̵

The goal is a proposition, so `have` is preferred over `haveI`.
The difference between `have` and `haveI` is that `haveI` inlines the value.
But this is not relevant for proofs because of proof irrelevance.

Note: This linter can be disabled with `set_option linter.style.haveILetI false`
✖ [3730/3730] Building AutoSamplingTheory.ExampleCases.SmoothedPicardHMC.StandardizedRGOPositionFisher (9.7s)
trace: .> LEAN_PATH=E:\Samplinglib\.lake\packages\Cli\.lake\build\lib\lean;E:\Samplinglib\.lake\packages\batteries\.lake\build\lib\lean;E:\Samplinglib\.lake\packages\Qq\.lake\build\lib\lean;E:\Samplinglib\.lake\packages\aesop\.lake\build\lib\lean;E:\Samplinglib\.lake\packages\proofwidgets\.lake\build\lib\lean;E:\Samplinglib\.lake\packages\importGraph\.lake\build\lib\lean;E:\Samplinglib\.lake\packages\LeanSearchClient\.lake\build\lib\lean;E:\Samplinglib\.lake\packages\plausible\.lake\build\lib\lean;E:\Samplinglib\.lake\packages\mathlib\.lake\build\lib\lean;E:\Samplinglib\.lake\build\lib\lean c:\Users\admin\.elan\toolchains\leanprover--lean4---v4.33.0\bin\lean.exe E:\Samplinglib\AutoSamplingTheory\ExampleCases\SmoothedPicardHMC\StandardizedRGOPositionFisher.lean -o E:\Samplinglib\.lake\build\lib\lean\AutoSamplingTheory\ExampleCases\SmoothedPicardHMC\StandardizedRGOPositionFisher.olean -i E:\Samplinglib\.lake\build\lib\lean\AutoSamplingTheory\ExampleCases\SmoothedPicardHMC\StandardizedRGOPositionFisher.ilean -c E:\Samplinglib\.lake\build\ir\AutoSamplingTheory\ExampleCases\SmoothedPicardHMC\StandardizedRGOPositionFisher.c --setup E:\Samplinglib\.lake\build\ir\AutoSamplingTheory\ExampleCases\SmoothedPicardHMC\StandardizedRGOPositionFisher.setup.json --json
error: AutoSamplingTheory/ExampleCases/SmoothedPicardHMC/StandardizedRGOPositionFisher.lean:48:4: No applicable extensionality theorem found for type
  AddCommGroup ℝ

Note: Extensionality theorems can be registered by marking them with the `[ext]` attribute
error: AutoSamplingTheory/ExampleCases/SmoothedPicardHMC/StandardizedRGOPositionFisher.lean:56:4: No applicable extensionality theorem found for type
  AddCommGroup ℝ

Note: Extensionality theorems can be registered by marking them with the `[ext]` attribute
error: AutoSamplingTheory/ExampleCases/SmoothedPicardHMC/StandardizedRGOPositionFisher.lean:67:43: Invalid field `div_const`: The environment does not contain `HasFDerivAtFilter.div_const`, so it is not possible to project the field `div_const` from an expression
  HasFDerivAt.norm_sq (hasFDerivAt_id u)
of type
  HasFDerivAtFilter (fun x => ‖id x‖ ^ 2) (2 • (innerSL ℝ) (id u) ∘SL ContinuousLinearMap.id ℝ E) (nhds u ×ˢ pure u)
error: AutoSamplingTheory/ExampleCases/SmoothedPicardHMC/StandardizedRGOPositionFisher.lean:70:4: `simp` made no progress
error: AutoSamplingTheory/ExampleCases/SmoothedPicardHMC/StandardizedRGOPositionFisher.lean:73:47: unsolved goals
E : Type u_1
inst✝² : NormedAddCommGroup E
inst✝¹ : InnerProductSpace ℝ E
inst✝ : CompleteSpace E
V : E → ℝ
hV : ContDiff ℝ 2 V
p : E
η : ℝ
hη : 0 < η
a : ℝ := √η
rho : E → ℝ := fun u => V (p + a • u) - V p - a * ⟪gradient V p, u⟫_ℝ
Q : E → ℝ := fun u => ‖u‖ ^ 2 / 2 + rho u
L : E →L[ℝ] E := a • ContinuousLinearMap.id ℝ E
hA : ∀ (u : E), HasFDerivAt (fun x => p + a • x) L u
hVd : Differentiable ℝ V
hVdd : Differentiable ℝ (fderiv ℝ V)
B : E →L[ℝ] ℝ := a • (innerSL ℝ) (gradient V p)
hB : ∀ (u : E), HasFDerivAt (fun x => a * ⟪gradient V p, x⟫_ℝ) B u
hrd : ∀ (u : E), HasFDerivAt rho (a • fderiv ℝ V (p + a • u) - B) u
hrfd : fderiv ℝ rho = fun u => a • fderiv ℝ V (p + a • u) - B
hrg : ∀ (u : E), gradient rho u = a • (gradient V (p + a • u) - gradient V p)
hρ : ContDiff ℝ 2 rho
hQ : ContDiff ℝ 2 Q
hgQ : ∀ (u : E), gradient Q u = u + gradient rho u
u v : E
hdd : HasFDerivAt (fun x => a • fderiv ℝ V (p + a • x) - B) (a • fderiv ℝ (fderiv ℝ V) (p + a • u) ∘SL L) u
⊢ √η * (√η * ((fderiv ℝ (fderiv ℝ V) (p + √η • u)) v) v) = η * ((fderiv ℝ (fderiv ℝ V) (p + √η • u)) v) v
error: AutoSamplingTheory/ExampleCases/SmoothedPicardHMC/StandardizedRGOPositionFisher.lean:82:43: Invalid field `div_const`: The environment does not contain `HasFDerivAtFilter.div_const`, so it is not possible to project the field `div_const` from an expression
  HasFDerivAt.norm_sq (hasFDerivAt_id u)
of type
  HasFDerivAtFilter (fun x => ‖id x‖ ^ 2) (2 • (innerSL ℝ) (id u) ∘SL ContinuousLinearMap.id ℝ E) (nhds u ×ˢ pure u)
error: AutoSamplingTheory/ExampleCases/SmoothedPicardHMC/StandardizedRGOPositionFisher.lean:84:4: Type mismatch
  HasFDerivAt.fderiv (HasFDerivAt.add hq (hrd u))
has type
  fderiv ℝ ((fun x => ‖x‖ ^ 2 / 2) + rho) u = (innerSL ℝ) u + (a • fderiv ℝ V (p + a • u) - B)
but is expected to have type
  fderiv ℝ Q u = (innerSL ℝ) u + fderiv ℝ rho u
error: AutoSamplingTheory/ExampleCases/SmoothedPicardHMC/StandardizedRGOPositionFisher.lean:95:8: Tactic `rewrite` failed: Did not find an occurrence of the pattern
  fderiv ℝ (⇑J + fderiv ℝ rho) u
in the target expression
  ((fderiv ℝ (fun x => (innerSL ℝ) x + fderiv ℝ rho x) u) v) v = ‖v‖ ^ 2 + η * ((fderiv ℝ (fderiv ℝ V) (p + a • u)) v) v

E : Type u_1
inst✝² : NormedAddCommGroup E
inst✝¹ : InnerProductSpace ℝ E
inst✝ : CompleteSpace E
V : E → ℝ
hV : ContDiff ℝ 2 V
p : E
η : ℝ
hη : 0 < η
a : ℝ := √η
rho : E → ℝ := fun u => V (p + a • u) - V p - a * ⟪gradient V p, u⟫_ℝ
Q : E → ℝ := fun u => ‖u‖ ^ 2 / 2 + rho u
L : E →L[ℝ] E := a • ContinuousLinearMap.id ℝ E
hA : ∀ (u : E), HasFDerivAt (fun x => p + a • x) L u
hVd : Differentiable ℝ V
hVdd : Differentiable ℝ (fderiv ℝ V)
B : E →L[ℝ] ℝ := a • (innerSL ℝ) (gradient V p)
hB : ∀ (u : E), HasFDerivAt (fun x => a * ⟪gradient V p, x⟫_ℝ) B u
hrd : ∀ (u : E), HasFDerivAt rho (a • fderiv ℝ V (p + a • u) - B) u
hrfd : fderiv ℝ rho = fun u => a • fderiv ℝ V (p + a • u) - B
hrg : ∀ (u : E), gradient rho u = a • (gradient V (p + a • u) - gradient V p)
hρ : ContDiff ℝ 2 rho
hQ : ContDiff ℝ 2 Q
hgQ : ∀ (u : E), gradient Q u = u + gradient rho u
hrH : ∀ (u v : E), ((fderiv ℝ (fderiv ℝ rho) u) v) v = η * ((fderiv ℝ (fderiv ℝ V) (p + a • u)) v) v
hqfd : ∀ (u : E), fderiv ℝ Q u = (innerSL ℝ) u + fderiv ℝ rho u
u v : E
J : E →L[ℝ] E →L[ℝ] ℝ := { toFun := fun x => (innerSL ℝ) x, map_add' := ⋯, map_smul' := ⋯, cont := ⋯ }
hρdd : Differentiable ℝ (fderiv ℝ rho)
⊢ ((fderiv ℝ (fun x => (innerSL ℝ) x + fderiv ℝ rho x) u) v) v = ‖v‖ ^ 2 + η * ((fderiv ℝ (fderiv ℝ V) (p + a • u)) v) v
error: AutoSamplingTheory/ExampleCases/SmoothedPicardHMC/StandardizedRGOPositionFisher.lean:99:2: unsolved goals
case refine_1
E : Type u_1
inst✝² : NormedAddCommGroup E
inst✝¹ : InnerProductSpace ℝ E
inst✝ : CompleteSpace E
V : E → ℝ
hV : ContDiff ℝ 2 V
p : E
η : ℝ
hη : 0 < η
a : ℝ := √η
rho : E → ℝ := fun u => V (p + a • u) - V p - a * ⟪gradient V p, u⟫_ℝ
Q : E → ℝ := fun u => ‖u‖ ^ 2 / 2 + rho u
L : E →L[ℝ] E := a • ContinuousLinearMap.id ℝ E
hA : ∀ (u : E), HasFDerivAt (fun x => p + a • x) L u
hVd : Differentiable ℝ V
hVdd : Differentiable ℝ (fderiv ℝ V)
B : E →L[ℝ] ℝ := a • (innerSL ℝ) (gradient V p)
hB : ∀ (u : E), HasFDerivAt (fun x => a * ⟪gradient V p, x⟫_ℝ) B u
hrd : ∀ (u : E), HasFDerivAt rho (a • fderiv ℝ V (p + a • u) - B) u
hrfd : fderiv ℝ rho = fun u => a • fderiv ℝ V (p + a • u) - B
hrg : ∀ (u : E), gradient rho u = a • (gradient V (p + a • u) - gradient V p)
hρ : ContDiff ℝ 2 rho
hQ : ContDiff ℝ 2 Q
hgQ : ∀ (u : E), gradient Q u = u + gradient rho u
hrH : ∀ (u v : E), ((fderiv ℝ (fderiv ℝ rho) u) v) v = η * ((fderiv ℝ (fderiv ℝ V) (p + a • u)) v) v
hqfd : ∀ (u : E), fderiv ℝ Q u = (innerSL ℝ) u + fderiv ℝ rho u
hQH : ∀ (u v : E), ((fderiv ℝ (fderiv ℝ Q) u) v) v = ‖v‖ ^ 2 + η * ((fderiv ℝ (fderiv ℝ V) (p + a • u)) v) v
⊢ gradient (fun u => V (p + √η • u) - V p - √η * (fderiv ℝ V p) u) 0 = 0
error: AutoSamplingTheory/ExampleCases/SmoothedPicardHMC/StandardizedRGOPositionFisher.lean:100:2: unsolved goals
case refine_2
E : Type u_1
inst✝² : NormedAddCommGroup E
inst✝¹ : InnerProductSpace ℝ E
inst✝ : CompleteSpace E
V : E → ℝ
hV : ContDiff ℝ 2 V
p : E
η : ℝ
hη : 0 < η
a : ℝ := √η
rho : E → ℝ := fun u => V (p + a • u) - V p - a * ⟪gradient V p, u⟫_ℝ
Q : E → ℝ := fun u => ‖u‖ ^ 2 / 2 + rho u
L : E →L[ℝ] E := a • ContinuousLinearMap.id ℝ E
hA : ∀ (u : E), HasFDerivAt (fun x => p + a • x) L u
hVd : Differentiable ℝ V
hVdd : Differentiable ℝ (fderiv ℝ V)
B : E →L[ℝ] ℝ := a • (innerSL ℝ) (gradient V p)
hB : ∀ (u : E), HasFDerivAt (fun x => a * ⟪gradient V p, x⟫_ℝ) B u
hrd : ∀ (u : E), HasFDerivAt rho (a • fderiv ℝ V (p + a • u) - B) u
hrfd : fderiv ℝ rho = fun u => a • fderiv ℝ V (p + a • u) - B
hrg : ∀ (u : E), gradient rho u = a • (gradient V (p + a • u) - gradient V p)
hρ : ContDiff ℝ 2 rho
hQ : ContDiff ℝ 2 Q
hgQ : ∀ (u : E), gradient Q u = u + gradient rho u
hrH : ∀ (u v : E), ((fderiv ℝ (fderiv ℝ rho) u) v) v = η * ((fderiv ℝ (fderiv ℝ V) (p + a • u)) v) v
hqfd : ∀ (u : E), fderiv ℝ Q u = (innerSL ℝ) u + fderiv ℝ rho u
hQH : ∀ (u v : E), ((fderiv ℝ (fderiv ℝ Q) u) v) v = ‖v‖ ^ 2 + η * ((fderiv ℝ (fderiv ℝ V) (p + a • u)) v) v
⊢ gradient (fun u => ‖u‖ ^ 2 / 2 + (V (p + √η • u) - V p - √η * (fderiv ℝ V p) u)) 0 = 0
warning: AutoSamplingTheory/ExampleCases/SmoothedPicardHMC/StandardizedRGOPositionFisher.lean:37:76: This simp argument is unused:
  L

Hint: Omit it from the simp argument list.
  [apply] simp

Note: This linter can be disabled with `set_option linter.unusedSimpArgs false`
warning: AutoSamplingTheory/ExampleCases/SmoothedPicardHMC/StandardizedRGOPositionFisher.lean:79:12: This simp argument is unused:
  ← pow_two

Hint: Omit it from the simp argument list.
  [apply] simp [L, Real.sq_sqrt hη.le, a, mul_assoc]

Note: Simp arguments with `←` have the additional effect of removing the other direction from the simp set, even if the simp argument itself is unused. If the hint above does not work, try replacing `←` with `-` to only get that effect and silence this warning.

Note: This linter can be disabled with `set_option linter.unusedSimpArgs false`
warning: AutoSamplingTheory/ExampleCases/SmoothedPicardHMC/StandardizedRGOPositionFisher.lean:79:22: This simp argument is unused:
  Real.sq_sqrt hη.le

Hint: Omit it from the simp argument list.
  [apply] simp [L, ← pow_two, a, mul_assoc]

Note: This linter can be disabled with `set_option linter.unusedSimpArgs false`
warning: AutoSamplingTheory/ExampleCases/SmoothedPicardHMC/StandardizedRGOPositionFisher.lean:79:43: This simp argument is unused:
  mul_assoc

Hint: Omit it from the simp argument list.
  [apply] simp [L, ← pow_two, Real.sq_sqrt hη.le, a]

Note: This linter can be disabled with `set_option linter.unusedSimpArgs false`
warning: AutoSamplingTheory/ExampleCases/SmoothedPicardHMC/StandardizedRGOPositionFisher.lean:99:10: This simp argument is unused:
  hrg

Hint: Omit it from the simp argument list.
  [apply] simp

Note: This linter can be disabled with `set_option linter.unusedSimpArgs false`
warning: AutoSamplingTheory/ExampleCases/SmoothedPicardHMC/StandardizedRGOPositionFisher.lean:100:10: This simp argument is unused:
  hgQ

Hint: Omit it from the simp argument list.
  [apply] simp [hrg]

Note: This linter can be disabled with `set_option linter.unusedSimpArgs false`
warning: AutoSamplingTheory/ExampleCases/SmoothedPicardHMC/StandardizedRGOPositionFisher.lean:100:14: This simp argument is unused:
  hrg

Hint: Omit it from the simp argument list.
  [apply] simp [hgQ]

Note: This linter can be disabled with `set_option linter.unusedSimpArgs false`
error: Lean exited with code 1
Some required targets logged failures:
- AutoSamplingTheory.ExampleCases.SmoothedPicardHMC.StandardizedRGOPositionFisher
