⚠ [3590/3730] Replayed AutoSamplingTheory.TechnicalLemmas.Measure.TransportGluing
warning: AutoSamplingTheory/TechnicalLemmas/Measure/TransportGluing.lean:91:2: Try this: 
  letI̵

The goal is a proposition, so `let` is preferred over `letI`.
The difference between `let` and `letI` is that `letI` inlines the value.
But this is not relevant for proofs because of proof irrelevance.

Note: This linter can be disabled with `set_option linter.style.haveILetI false`
warning: AutoSamplingTheory/TechnicalLemmas/Measure/TransportGluing.lean:93:2: Try this: 
  letI̵

The goal is a proposition, so `let` is preferred over `letI`.
The difference between `let` and `letI` is that `letI` inlines the value.
But this is not relevant for proofs because of proof irrelevance.

Note: This linter can be disabled with `set_option linter.style.haveILetI false`
⚠ [3592/3730] Replayed AutoSamplingTheory.TechnicalLemmas.Measure.WassersteinTriangleMarginals
warning: AutoSamplingTheory/TechnicalLemmas/Measure/WassersteinTriangleMarginals.lean:46:0: automatically included section variable(s) unused in theorem `AutoSamplingTheory.TechnicalLemmas.Measure.WassersteinTriangleMarginals.measurable_pair12`:
  [NormedAddCommGroup E]
  [BorelSpace E]
  [SecondCountableTopology E]
consider restructuring your `variable` declarations so that the variables are not in scope or explicitly omit them:
  omit [NormedAddCommGroup E] [BorelSpace E] [SecondCountableTopology E] in theorem ...

Note: This linter can be disabled with `set_option linter.unusedSectionVars false`
warning: AutoSamplingTheory/TechnicalLemmas/Measure/WassersteinTriangleMarginals.lean:50:0: automatically included section variable(s) unused in theorem `AutoSamplingTheory.TechnicalLemmas.Measure.WassersteinTriangleMarginals.measurable_pair23`:
  [NormedAddCommGroup E]
  [BorelSpace E]
  [SecondCountableTopology E]
consider restructuring your `variable` declarations so that the variables are not in scope or explicitly omit them:
  omit [NormedAddCommGroup E] [BorelSpace E] [SecondCountableTopology E] in theorem ...

Note: This linter can be disabled with `set_option linter.unusedSectionVars false`
warning: AutoSamplingTheory/TechnicalLemmas/Measure/WassersteinTriangleMarginals.lean:54:0: automatically included section variable(s) unused in theorem `AutoSamplingTheory.TechnicalLemmas.Measure.WassersteinTriangleMarginals.measurable_pair13`:
  [NormedAddCommGroup E]
  [BorelSpace E]
  [SecondCountableTopology E]
consider restructuring your `variable` declarations so that the variables are not in scope or explicitly omit them:
  omit [NormedAddCommGroup E] [BorelSpace E] [SecondCountableTopology E] in theorem ...

Note: This linter can be disabled with `set_option linter.unusedSectionVars false`
warning: AutoSamplingTheory/TechnicalLemmas/Measure/WassersteinTriangleMarginals.lean:65:0: automatically included section variable(s) unused in theorem `AutoSamplingTheory.TechnicalLemmas.Measure.WassersteinTriangleMarginals.edgeLength12_rpow_two_eq_quadraticCost_pair12`:
  [MeasurableSpace E]
  [BorelSpace E]
  [SecondCountableTopology E]
consider restructuring your `variable` declarations so that the variables are not in scope or explicitly omit them:
  omit [MeasurableSpace E] [BorelSpace E] [SecondCountableTopology E] in theorem ...

Note: This linter can be disabled with `set_option linter.unusedSectionVars false`
warning: AutoSamplingTheory/TechnicalLemmas/Measure/WassersteinTriangleMarginals.lean:74:0: automatically included section variable(s) unused in theorem `AutoSamplingTheory.TechnicalLemmas.Measure.WassersteinTriangleMarginals.edgeLength23_rpow_two_eq_quadraticCost_pair23`:
  [MeasurableSpace E]
  [BorelSpace E]
  [SecondCountableTopology E]
consider restructuring your `variable` declarations so that the variables are not in scope or explicitly omit them:
  omit [MeasurableSpace E] [BorelSpace E] [SecondCountableTopology E] in theorem ...

Note: This linter can be disabled with `set_option linter.unusedSectionVars false`
warning: AutoSamplingTheory/TechnicalLemmas/Measure/WassersteinTriangleMarginals.lean:83:0: automatically included section variable(s) unused in theorem `AutoSamplingTheory.TechnicalLemmas.Measure.WassersteinTriangleMarginals.edgeLength13_rpow_two_eq_quadraticCost_pair13`:
  [MeasurableSpace E]
  [BorelSpace E]
  [SecondCountableTopology E]
consider restructuring your `variable` declarations so that the variables are not in scope or explicitly omit them:
  omit [MeasurableSpace E] [BorelSpace E] [SecondCountableTopology E] in theorem ...

Note: This linter can be disabled with `set_option linter.unusedSectionVars false`
⚠ [3593/3730] Replayed AutoSamplingTheory.TechnicalLemmas.Measure.CommonNoiseContraction
warning: AutoSamplingTheory/TechnicalLemmas/Measure/CommonNoiseContraction.lean:62:8: automatically included section variable(s) unused in theorem `_private.AutoSamplingTheory.TechnicalLemmas.Measure.CommonNoiseContraction.0.AutoSamplingTheory.TechnicalLemmas.Measure.CommonNoiseContraction.measurable_pairLeft`:
  [NormedAddCommGroup E]
  [BorelSpace E]
  [SecondCountableTopology E]
consider restructuring your `variable` declarations so that the variables are not in scope or explicitly omit them:
  omit [NormedAddCommGroup E] [BorelSpace E] [SecondCountableTopology E] in theorem ...

Note: This linter can be disabled with `set_option linter.unusedSectionVars false`
warning: AutoSamplingTheory/TechnicalLemmas/Measure/CommonNoiseContraction.lean:66:8: automatically included section variable(s) unused in theorem `_private.AutoSamplingTheory.TechnicalLemmas.Measure.CommonNoiseContraction.0.AutoSamplingTheory.TechnicalLemmas.Measure.CommonNoiseContraction.measurable_pairRight`:
  [NormedAddCommGroup E]
  [BorelSpace E]
  [SecondCountableTopology E]
consider restructuring your `variable` declarations so that the variables are not in scope or explicitly omit them:
  omit [NormedAddCommGroup E] [BorelSpace E] [SecondCountableTopology E] in theorem ...

Note: This linter can be disabled with `set_option linter.unusedSectionVars false`
warning: AutoSamplingTheory/TechnicalLemmas/Measure/CommonNoiseContraction.lean:77:2: Try this: 
  letI̵

The goal is a proposition, so `let` is preferred over `letI`.
The difference between `let` and `letI` is that `letI` inlines the value.
But this is not relevant for proofs because of proof irrelevance.

Note: This linter can be disabled with `set_option linter.style.haveILetI false`
warning: AutoSamplingTheory/TechnicalLemmas/Measure/CommonNoiseContraction.lean:72:0: automatically included section variable(s) unused in theorem `AutoSamplingTheory.TechnicalLemmas.Measure.CommonNoiseContraction.map_pairLeft_prod_eq`:
  [BorelSpace E]
consider restructuring your `variable` declarations so that the variables are not in scope or explicitly omit them:
  omit [BorelSpace E] in theorem ...

Note: This linter can be disabled with `set_option linter.unusedSectionVars false`
warning: AutoSamplingTheory/TechnicalLemmas/Measure/CommonNoiseContraction.lean:97:2: Try this: 
  letI̵

The goal is a proposition, so `let` is preferred over `letI`.
The difference between `let` and `letI` is that `letI` inlines the value.
But this is not relevant for proofs because of proof irrelevance.

Note: This linter can be disabled with `set_option linter.style.haveILetI false`
warning: AutoSamplingTheory/TechnicalLemmas/Measure/CommonNoiseContraction.lean:92:0: automatically included section variable(s) unused in theorem `AutoSamplingTheory.TechnicalLemmas.Measure.CommonNoiseContraction.map_pairRight_prod_eq`:
  [BorelSpace E]
consider restructuring your `variable` declarations so that the variables are not in scope or explicitly omit them:
  omit [BorelSpace E] in theorem ...

Note: This linter can be disabled with `set_option linter.unusedSectionVars false`
warning: AutoSamplingTheory/TechnicalLemmas/Measure/CommonNoiseContraction.lean:119:2: Try this: 
  letI̵

The goal is a proposition, so `let` is preferred over `letI`.
The difference between `let` and `letI` is that `letI` inlines the value.
But this is not relevant for proofs because of proof irrelevance.

Note: This linter can be disabled with `set_option linter.style.haveILetI false`
warning: AutoSamplingTheory/TechnicalLemmas/Measure/CommonNoiseContraction.lean:148:0: automatically included section variable(s) unused in theorem `AutoSamplingTheory.TechnicalLemmas.Measure.CommonNoiseContraction.quadraticCost_synchronousNoiseMap`:
  [MeasurableSpace E]
  [BorelSpace E]
  [SecondCountableTopology E]
consider restructuring your `variable` declarations so that the variables are not in scope or explicitly omit them:
  omit [MeasurableSpace E] [BorelSpace E] [SecondCountableTopology E] in theorem ...

Note: This linter can be disabled with `set_option linter.unusedSectionVars false`
warning: AutoSamplingTheory/TechnicalLemmas/Measure/CommonNoiseContraction.lean:200:2: Try this: 
  letI̵

The goal is a proposition, so `let` is preferred over `letI`.
The difference between `let` and `letI` is that `letI` inlines the value.
But this is not relevant for proofs because of proof irrelevance.

Note: This linter can be disabled with `set_option linter.style.haveILetI false`
⚠ [3712/3730] Replayed AutoSamplingTheory.TechnicalLemmas.Measure.GaussianSmoothing
warning: AutoSamplingTheory/TechnicalLemmas/Measure/GaussianSmoothing.lean:75:0: automatically included section variable(s) unused in theorem `AutoSamplingTheory.TechnicalLemmas.Measure.GaussianSmoothing.heatSmoothing_eq_gaussianSmoothing_sqrt`:
  [BorelSpace E]
  [SecondCountableTopology E]
consider restructuring your `variable` declarations so that the variables are not in scope or explicitly omit them:
  omit [BorelSpace E] [SecondCountableTopology E] in theorem ...

Note: This linter can be disabled with `set_option linter.unusedSectionVars false`
⚠ [3728/3730] Replayed AutoSamplingTheory.TechnicalLemmas.Measure.GaussianConvolutionRegularity
warning: AutoSamplingTheory/TechnicalLemmas/Measure/GaussianConvolutionRegularity.lean:68:8: automatically included section variable(s) unused in theorem `_private.AutoSamplingTheory.TechnicalLemmas.Measure.GaussianConvolutionRegularity.0.AutoSamplingTheory.TechnicalLemmas.Measure.GaussianConvolutionRegularity.weight_bounds`:
  [InnerProductSpace ℝ E]
consider restructuring your `variable` declarations so that the variables are not in scope or explicitly omit them:
  omit [InnerProductSpace ℝ E] in theorem ...

Note: This linter can be disabled with `set_option linter.unusedSectionVars false`
warning: AutoSamplingTheory/TechnicalLemmas/Measure/GaussianConvolutionRegularity.lean:319:8: automatically included section variable(s) unused in theorem `_private.AutoSamplingTheory.TechnicalLemmas.Measure.GaussianConvolutionRegularity.0.AutoSamplingTheory.TechnicalLemmas.Measure.GaussianConvolutionRegularity.posteriorIntegral`:
  [InnerProductSpace ℝ E]
  [BorelSpace E]
  [FiniteDimensional ℝ E]
consider restructuring your `variable` declarations so that the variables are not in scope or explicitly omit them:
  omit [InnerProductSpace ℝ E] [BorelSpace E] [FiniteDimensional ℝ E] in theorem ...

Note: This linter can be disabled with `set_option linter.unusedSectionVars false`
warning: AutoSamplingTheory/TechnicalLemmas/Measure/GaussianConvolutionRegularity.lean:405:58: Used `tac1 <;> tac2` where `(tac1; tac2)` would suffice

Note: This linter can be disabled with `set_option linter.unnecessarySeqFocus false`
warning: AutoSamplingTheory/TechnicalLemmas/Measure/GaussianConvolutionRegularity.lean:463:4: Try this: 
  haveI̵

The goal is a proposition, so `have` is preferred over `haveI`.
The difference between `have` and `haveI` is that `haveI` inlines the value.
But this is not relevant for proofs because of proof irrelevance.

Note: This linter can be disabled with `set_option linter.style.haveILetI false`
warning: AutoSamplingTheory/TechnicalLemmas/Measure/GaussianConvolutionRegularity.lean:488:4: Try this: 
  haveI̵

The goal is a proposition, so `have` is preferred over `haveI`.
The difference between `have` and `haveI` is that `haveI` inlines the value.
But this is not relevant for proofs because of proof irrelevance.

Note: This linter can be disabled with `set_option linter.style.haveILetI false`
✖ [3730/3730] Building AutoSamplingTheory.ExampleCases.SmoothedPicardHMC.StandardizedRGOPositionFisher (10s)
trace: .> LEAN_PATH=E:\Samplinglib\.lake\packages\Cli\.lake\build\lib\lean;E:\Samplinglib\.lake\packages\batteries\.lake\build\lib\lean;E:\Samplinglib\.lake\packages\Qq\.lake\build\lib\lean;E:\Samplinglib\.lake\packages\aesop\.lake\build\lib\lean;E:\Samplinglib\.lake\packages\proofwidgets\.lake\build\lib\lean;E:\Samplinglib\.lake\packages\importGraph\.lake\build\lib\lean;E:\Samplinglib\.lake\packages\LeanSearchClient\.lake\build\lib\lean;E:\Samplinglib\.lake\packages\plausible\.lake\build\lib\lean;E:\Samplinglib\.lake\packages\mathlib\.lake\build\lib\lean;E:\Samplinglib\.lake\build\lib\lean c:\Users\admin\.elan\toolchains\leanprover--lean4---v4.33.0\bin\lean.exe E:\Samplinglib\AutoSamplingTheory\ExampleCases\SmoothedPicardHMC\StandardizedRGOPositionFisher.lean -o E:\Samplinglib\.lake\build\lib\lean\AutoSamplingTheory\ExampleCases\SmoothedPicardHMC\StandardizedRGOPositionFisher.olean -i E:\Samplinglib\.lake\build\lib\lean\AutoSamplingTheory\ExampleCases\SmoothedPicardHMC\StandardizedRGOPositionFisher.ilean -c E:\Samplinglib\.lake\build\ir\AutoSamplingTheory\ExampleCases\SmoothedPicardHMC\StandardizedRGOPositionFisher.c --setup E:\Samplinglib\.lake\build\ir\AutoSamplingTheory\ExampleCases\SmoothedPicardHMC\StandardizedRGOPositionFisher.setup.json --json
warning: AutoSamplingTheory/ExampleCases/SmoothedPicardHMC/StandardizedRGOPositionFisher.lean:37:76: This simp argument is unused:
  L

Hint: Omit it from the simp argument list.
  [apply] simp

Note: This linter can be disabled with `set_option linter.unusedSimpArgs false`
warning: AutoSamplingTheory/ExampleCases/SmoothedPicardHMC/StandardizedRGOPositionFisher.lean:84:12: This simp argument is unused:
  mul_assoc

Hint: Omit it from the simp argument list.
  [apply] simp [L, ← mul_assoc, ha2]

Note: This linter can be disabled with `set_option linter.unusedSimpArgs false`
warning: AutoSamplingTheory/ExampleCases/SmoothedPicardHMC/StandardizedRGOPositionFisher.lean:72:77: this tactic is never executed

Note: This linter can be disabled with `set_option linter.unreachableTactic false`
warning: AutoSamplingTheory/ExampleCases/SmoothedPicardHMC/StandardizedRGOPositionFisher.lean:88:77: this tactic is never executed

Note: This linter can be disabled with `set_option linter.unreachableTactic false`
warning: AutoSamplingTheory/ExampleCases/SmoothedPicardHMC/StandardizedRGOPositionFisher.lean:37:66: Used `tac1 <;> tac2` where `(tac1; tac2)` would suffice

Note: This linter can be disabled with `set_option linter.unnecessarySeqFocus false`
warning: AutoSamplingTheory/ExampleCases/SmoothedPicardHMC/StandardizedRGOPositionFisher.lean:72:77: Unused tactic linter: `ring` does nothing

Note: This linter can be disabled with `set_option linter.unusedTactic false`
warning: AutoSamplingTheory/ExampleCases/SmoothedPicardHMC/StandardizedRGOPositionFisher.lean:88:77: Unused tactic linter: `ring` does nothing

Note: This linter can be disabled with `set_option linter.unusedTactic false`
warning: AutoSamplingTheory/ExampleCases/SmoothedPicardHMC/StandardizedRGOPositionFisher.lean:154:12: This simp argument is unused:
  smul_sub

Hint: Omit it from the simp argument list.
  [apply] simp [sub_eq_add_neg, add_comm]

Note: This linter can be disabled with `set_option linter.unusedSimpArgs false`
error: AutoSamplingTheory/ExampleCases/SmoothedPicardHMC/StandardizedRGOPositionFisher.lean:249:17: don't know how to synthesize implicit argument `b`
  @mul_le_mul_of_nonneg_left ℝ Real.instMul Real.instZero Real.instPreorder (eta s)
    (((fderiv ℝ (fderiv ℝ V) ?m.1757) v) v) (‖v‖ ^ 2) Real.instIsOrderedRing.toPosMulMono (hH ?m.1757 v).right
    (LT.lt.le (hpos s))
context:
E : Type u_2
S : Type u_3
inst✝⁶ : NormedAddCommGroup E
inst✝⁵ : InnerProductSpace ℝ E
inst✝⁴ : CompleteSpace E
inst✝³ : FiniteDimensional ℝ E
inst✝² : MeasurableSpace E
inst✝¹ : BorelSpace E
inst✝ : MeasurableSpace S
V : E → ℝ
κ : ℝ
hκ : 1 ≤ κ
hV : ContDiff ℝ 2 V
hH : ∀ (x v : E), κ⁻¹ * ‖v‖ ^ 2 ≤ ((fderiv ℝ (fderiv ℝ V) x) v) v ∧ ((fderiv ℝ (fderiv ℝ V) x) v) v ≤ ‖v‖ ^ 2
eta : S → ℝ
y : S → E
heta : Measurable eta
hy : Measurable y
hpos : ∀ (s : S), 0 < eta s
hsmall : ∀ (s : S), eta s ≤ 1
ha : 0 < κ⁻¹
hiV : Integrable (fun x => Real.exp (-V x)) ℙ
mu : Measure E := ⋯
hmu this : IsProbabilityMeasure mu
p : S → E
hpm : Measurable p
heq : ∀ (s : S), p s + eta s • gradient V (p s) = y s
_hrest :
  (∀ (s : S) (z : E),
      (fun s x => V x + (eta s)⁻¹ / 2 * ‖x - y s‖ ^ 2) s (p s) + (κ⁻¹ + (eta s)⁻¹) / 2 * ‖z - p s‖ ^ 2 ≤
          (fun s x => V x + (eta s)⁻¹ / 2 * ‖x - y s‖ ^ 2) s z ∧
        ((fun s x => V x + (eta s)⁻¹ / 2 * ‖x - y s‖ ^ 2) s z ≤
            (fun s x => V x + (eta s)⁻¹ / 2 * ‖x - y s‖ ^ 2) s (p s) ↔
          z = p s)) ∧
    (∀ (s t : S), eta s = eta t → ‖p s - p t‖ ≤ ‖y s - y t‖) ∧
      have G := fun q => gradient V (p q.1 + √(eta q.1) • q.2);
      Measurable G ∧
        (∀ (s t : S) (z w : E), eta s = eta t → ‖G (s, z) - G (t, w)‖ ≤ ‖y s - y t‖ + √(eta s) * ‖z - w‖) ∧
          ∃ K, IsMarkovKernel K ∧ ∀ (s : S), K s = Measure.map (fun z => G (s, z)) (stdGaussian E)
rho : S → E → ℝ := ⋯
Q : S → E → ℝ := ⋯
R : S → Measure E := ⋯
r : S → Measure E := ⋯
s : S
hρ : ContDiff ℝ 2 fun u => V (p s + √(eta s) • u) - V (p s) - √(eta s) * ⟪gradient V (p s), u⟫_ℝ
hQ :
  ContDiff ℝ 2 fun u => ‖u‖ ^ 2 / 2 + (fun u => V (p s + √(eta s) • u) - V (p s) - √(eta s) * ⟪gradient V (p s), u⟫_ℝ) u
hρ0 : gradient (fun u => V (p s + √(eta s) • u) - V (p s) - √(eta s) * ⟪gradient V (p s), u⟫_ℝ) 0 = 0
hQ0 :
  gradient (fun u => ‖u‖ ^ 2 / 2 + (fun u => V (p s + √(eta s) • u) - V (p s) - √(eta s) * ⟪gradient V (p s), u⟫_ℝ) u)
      0 =
    0
hρdd :
  ∀ (u v : E),
    ((fderiv ℝ (fderiv ℝ fun u => V (p s + √(eta s) • u) - V (p s) - √(eta s) * ⟪gradient V (p s), u⟫_ℝ) u) v) v =
      eta s * ((fderiv ℝ (fderiv ℝ V) (p s + √(eta s) • u)) v) v
hQdd :
  ∀ (u v : E),
    ((fderiv ℝ
            (fderiv ℝ fun u =>
              ‖u‖ ^ 2 / 2 + (fun u => V (p s + √(eta s) • u) - V (p s) - √(eta s) * ⟪gradient V (p s), u⟫_ℝ) u)
            u)
          v)
        v =
      ‖v‖ ^ 2 + eta s * ((fderiv ℝ (fderiv ℝ V) (p s + √(eta s) • u)) v) v
hrhoH : ∀ (u v : E), 0 ≤ ((fderiv ℝ (fderiv ℝ (rho s)) u) v) v ∧ ((fderiv ℝ (fderiv ℝ (rho s)) u) v) v ≤ eta s * ‖v‖ ^ 2
u v : E
⊢ ℝ
error: AutoSamplingTheory/ExampleCases/SmoothedPicardHMC/StandardizedRGOPositionFisher.lean:249:43: don't know how to synthesize implicit argument `b`
  @And.right (κ⁻¹ * ‖v‖ ^ 2 ≤ ((fderiv ℝ (fderiv ℝ V) ?m.1757) v) v) (((fderiv ℝ (fderiv ℝ V) ?m.1757) v) v ≤ ‖v‖ ^ 2)
    (hH ?m.1757 v)
context:
E : Type u_2
S : Type u_3
inst✝⁶ : NormedAddCommGroup E
inst✝⁵ : InnerProductSpace ℝ E
inst✝⁴ : CompleteSpace E
inst✝³ : FiniteDimensional ℝ E
inst✝² : MeasurableSpace E
inst✝¹ : BorelSpace E
inst✝ : MeasurableSpace S
V : E → ℝ
κ : ℝ
hκ : 1 ≤ κ
hV : ContDiff ℝ 2 V
hH : ∀ (x v : E), κ⁻¹ * ‖v‖ ^ 2 ≤ ((fderiv ℝ (fderiv ℝ V) x) v) v ∧ ((fderiv ℝ (fderiv ℝ V) x) v) v ≤ ‖v‖ ^ 2
eta : S → ℝ
y : S → E
heta : Measurable eta
hy : Measurable y
hpos : ∀ (s : S), 0 < eta s
hsmall : ∀ (s : S), eta s ≤ 1
ha : 0 < κ⁻¹
hiV : Integrable (fun x => Real.exp (-V x)) ℙ
mu : Measure E := ⋯
hmu this : IsProbabilityMeasure mu
p : S → E
hpm : Measurable p
heq : ∀ (s : S), p s + eta s • gradient V (p s) = y s
_hrest :
  (∀ (s : S) (z : E),
      (fun s x => V x + (eta s)⁻¹ / 2 * ‖x - y s‖ ^ 2) s (p s) + (κ⁻¹ + (eta s)⁻¹) / 2 * ‖z - p s‖ ^ 2 ≤
          (fun s x => V x + (eta s)⁻¹ / 2 * ‖x - y s‖ ^ 2) s z ∧
        ((fun s x => V x + (eta s)⁻¹ / 2 * ‖x - y s‖ ^ 2) s z ≤
            (fun s x => V x + (eta s)⁻¹ / 2 * ‖x - y s‖ ^ 2) s (p s) ↔
          z = p s)) ∧
    (∀ (s t : S), eta s = eta t → ‖p s - p t‖ ≤ ‖y s - y t‖) ∧
      have G := fun q => gradient V (p q.1 + √(eta q.1) • q.2);
      Measurable G ∧
        (∀ (s t : S) (z w : E), eta s = eta t → ‖G (s, z) - G (t, w)‖ ≤ ‖y s - y t‖ + √(eta s) * ‖z - w‖) ∧
          ∃ K, IsMarkovKernel K ∧ ∀ (s : S), K s = Measure.map (fun z => G (s, z)) (stdGaussian E)
rho : S → E → ℝ := ⋯
Q : S → E → ℝ := ⋯
R : S → Measure E := ⋯
r : S → Measure E := ⋯
s : S
hρ : ContDiff ℝ 2 fun u => V (p s + √(eta s) • u) - V (p s) - √(eta s) * ⟪gradient V (p s), u⟫_ℝ
hQ :
  ContDiff ℝ 2 fun u => ‖u‖ ^ 2 / 2 + (fun u => V (p s + √(eta s) • u) - V (p s) - √(eta s) * ⟪gradient V (p s), u⟫_ℝ) u
hρ0 : gradient (fun u => V (p s + √(eta s) • u) - V (p s) - √(eta s) * ⟪gradient V (p s), u⟫_ℝ) 0 = 0
hQ0 :
  gradient (fun u => ‖u‖ ^ 2 / 2 + (fun u => V (p s + √(eta s) • u) - V (p s) - √(eta s) * ⟪gradient V (p s), u⟫_ℝ) u)
      0 =
    0
hρdd :
  ∀ (u v : E),
    ((fderiv ℝ (fderiv ℝ fun u => V (p s + √(eta s) • u) - V (p s) - √(eta s) * ⟪gradient V (p s), u⟫_ℝ) u) v) v =
      eta s * ((fderiv ℝ (fderiv ℝ V) (p s + √(eta s) • u)) v) v
hQdd :
  ∀ (u v : E),
    ((fderiv ℝ
            (fderiv ℝ fun u =>
              ‖u‖ ^ 2 / 2 + (fun u => V (p s + √(eta s) • u) - V (p s) - √(eta s) * ⟪gradient V (p s), u⟫_ℝ) u)
            u)
          v)
        v =
      ‖v‖ ^ 2 + eta s * ((fderiv ℝ (fderiv ℝ V) (p s + √(eta s) • u)) v) v
hrhoH : ∀ (u v : E), 0 ≤ ((fderiv ℝ (fderiv ℝ (rho s)) u) v) v ∧ ((fderiv ℝ (fderiv ℝ (rho s)) u) v) v ≤ eta s * ‖v‖ ^ 2
u v : E
⊢ Prop
error: AutoSamplingTheory/ExampleCases/SmoothedPicardHMC/StandardizedRGOPositionFisher.lean:249:43: don't know how to synthesize implicit argument `a`
  @And.right (κ⁻¹ * ‖v‖ ^ 2 ≤ ((fderiv ℝ (fderiv ℝ V) ?m.1757) v) v) (((fderiv ℝ (fderiv ℝ V) ?m.1757) v) v ≤ ‖v‖ ^ 2)
    (hH ?m.1757 v)
context:
E : Type u_2
S : Type u_3
inst✝⁶ : NormedAddCommGroup E
inst✝⁵ : InnerProductSpace ℝ E
inst✝⁴ : CompleteSpace E
inst✝³ : FiniteDimensional ℝ E
inst✝² : MeasurableSpace E
inst✝¹ : BorelSpace E
inst✝ : MeasurableSpace S
V : E → ℝ
κ : ℝ
hκ : 1 ≤ κ
hV : ContDiff ℝ 2 V
hH : ∀ (x v : E), κ⁻¹ * ‖v‖ ^ 2 ≤ ((fderiv ℝ (fderiv ℝ V) x) v) v ∧ ((fderiv ℝ (fderiv ℝ V) x) v) v ≤ ‖v‖ ^ 2
eta : S → ℝ
y : S → E
heta : Measurable eta
hy : Measurable y
hpos : ∀ (s : S), 0 < eta s
hsmall : ∀ (s : S), eta s ≤ 1
ha : 0 < κ⁻¹
hiV : Integrable (fun x => Real.exp (-V x)) ℙ
mu : Measure E := ⋯
hmu this : IsProbabilityMeasure mu
p : S → E
hpm : Measurable p
heq : ∀ (s : S), p s + eta s • gradient V (p s) = y s
_hrest :
  (∀ (s : S) (z : E),
      (fun s x => V x + (eta s)⁻¹ / 2 * ‖x - y s‖ ^ 2) s (p s) + (κ⁻¹ + (eta s)⁻¹) / 2 * ‖z - p s‖ ^ 2 ≤
          (fun s x => V x + (eta s)⁻¹ / 2 * ‖x - y s‖ ^ 2) s z ∧
        ((fun s x => V x + (eta s)⁻¹ / 2 * ‖x - y s‖ ^ 2) s z ≤
            (fun s x => V x + (eta s)⁻¹ / 2 * ‖x - y s‖ ^ 2) s (p s) ↔
          z = p s)) ∧
    (∀ (s t : S), eta s = eta t → ‖p s - p t‖ ≤ ‖y s - y t‖) ∧
      have G := fun q => gradient V (p q.1 + √(eta q.1) • q.2);
      Measurable G ∧
        (∀ (s t : S) (z w : E), eta s = eta t → ‖G (s, z) - G (t, w)‖ ≤ ‖y s - y t‖ + √(eta s) * ‖z - w‖) ∧
          ∃ K, IsMarkovKernel K ∧ ∀ (s : S), K s = Measure.map (fun z => G (s, z)) (stdGaussian E)
rho : S → E → ℝ := ⋯
Q : S → E → ℝ := ⋯
R : S → Measure E := ⋯
r : S → Measure E := ⋯
s : S
hρ : ContDiff ℝ 2 fun u => V (p s + √(eta s) • u) - V (p s) - √(eta s) * ⟪gradient V (p s), u⟫_ℝ
hQ :
  ContDiff ℝ 2 fun u => ‖u‖ ^ 2 / 2 + (fun u => V (p s + √(eta s) • u) - V (p s) - √(eta s) * ⟪gradient V (p s), u⟫_ℝ) u
hρ0 : gradient (fun u => V (p s + √(eta s) • u) - V (p s) - √(eta s) * ⟪gradient V (p s), u⟫_ℝ) 0 = 0
hQ0 :
  gradient (fun u => ‖u‖ ^ 2 / 2 + (fun u => V (p s + √(eta s) • u) - V (p s) - √(eta s) * ⟪gradient V (p s), u⟫_ℝ) u)
      0 =
    0
hρdd :
  ∀ (u v : E),
    ((fderiv ℝ (fderiv ℝ fun u => V (p s + √(eta s) • u) - V (p s) - √(eta s) * ⟪gradient V (p s), u⟫_ℝ) u) v) v =
      eta s * ((fderiv ℝ (fderiv ℝ V) (p s + √(eta s) • u)) v) v
hQdd :
  ∀ (u v : E),
    ((fderiv ℝ
            (fderiv ℝ fun u =>
              ‖u‖ ^ 2 / 2 + (fun u => V (p s + √(eta s) • u) - V (p s) - √(eta s) * ⟪gradient V (p s), u⟫_ℝ) u)
            u)
          v)
        v =
      ‖v‖ ^ 2 + eta s * ((fderiv ℝ (fderiv ℝ V) (p s + √(eta s) • u)) v) v
hrhoH : ∀ (u v : E), 0 ≤ ((fderiv ℝ (fderiv ℝ (rho s)) u) v) v ∧ ((fderiv ℝ (fderiv ℝ (rho s)) u) v) v ≤ eta s * ‖v‖ ^ 2
u v : E
⊢ Prop
error: AutoSamplingTheory/ExampleCases/SmoothedPicardHMC/StandardizedRGOPositionFisher.lean:249:47: don't know how to synthesize placeholder for argument `x`
context:
E : Type u_2
S : Type u_3
inst✝⁶ : NormedAddCommGroup E
inst✝⁵ : InnerProductSpace ℝ E
inst✝⁴ : CompleteSpace E
inst✝³ : FiniteDimensional ℝ E
inst✝² : MeasurableSpace E
inst✝¹ : BorelSpace E
inst✝ : MeasurableSpace S
V : E → ℝ
κ : ℝ
hκ : 1 ≤ κ
hV : ContDiff ℝ 2 V
hH : ∀ (x v : E), κ⁻¹ * ‖v‖ ^ 2 ≤ ((fderiv ℝ (fderiv ℝ V) x) v) v ∧ ((fderiv ℝ (fderiv ℝ V) x) v) v ≤ ‖v‖ ^ 2
eta : S → ℝ
y : S → E
heta : Measurable eta
hy : Measurable y
hpos : ∀ (s : S), 0 < eta s
hsmall : ∀ (s : S), eta s ≤ 1
ha : 0 < κ⁻¹
hiV : Integrable (fun x => Real.exp (-V x)) ℙ
mu : Measure E := ⋯
hmu this : IsProbabilityMeasure mu
p : S → E
hpm : Measurable p
heq : ∀ (s : S), p s + eta s • gradient V (p s) = y s
_hrest :
  (∀ (s : S) (z : E),
      (fun s x => V x + (eta s)⁻¹ / 2 * ‖x - y s‖ ^ 2) s (p s) + (κ⁻¹ + (eta s)⁻¹) / 2 * ‖z - p s‖ ^ 2 ≤
          (fun s x => V x + (eta s)⁻¹ / 2 * ‖x - y s‖ ^ 2) s z ∧
        ((fun s x => V x + (eta s)⁻¹ / 2 * ‖x - y s‖ ^ 2) s z ≤
            (fun s x => V x + (eta s)⁻¹ / 2 * ‖x - y s‖ ^ 2) s (p s) ↔
          z = p s)) ∧
    (∀ (s t : S), eta s = eta t → ‖p s - p t‖ ≤ ‖y s - y t‖) ∧
      have G := fun q => gradient V (p q.1 + √(eta q.1) • q.2);
      Measurable G ∧
        (∀ (s t : S) (z w : E), eta s = eta t → ‖G (s, z) - G (t, w)‖ ≤ ‖y s - y t‖ + √(eta s) * ‖z - w‖) ∧
          ∃ K, IsMarkovKernel K ∧ ∀ (s : S), K s = Measure.map (fun z => G (s, z)) (stdGaussian E)
rho : S → E → ℝ := ⋯
Q : S → E → ℝ := ⋯
R : S → Measure E := ⋯
r : S → Measure E := ⋯
s : S
hρ : ContDiff ℝ 2 fun u => V (p s + √(eta s) • u) - V (p s) - √(eta s) * ⟪gradient V (p s), u⟫_ℝ
hQ :
  ContDiff ℝ 2 fun u => ‖u‖ ^ 2 / 2 + (fun u => V (p s + √(eta s) • u) - V (p s) - √(eta s) * ⟪gradient V (p s), u⟫_ℝ) u
hρ0 : gradient (fun u => V (p s + √(eta s) • u) - V (p s) - √(eta s) * ⟪gradient V (p s), u⟫_ℝ) 0 = 0
hQ0 :
  gradient (fun u => ‖u‖ ^ 2 / 2 + (fun u => V (p s + √(eta s) • u) - V (p s) - √(eta s) * ⟪gradient V (p s), u⟫_ℝ) u)
      0 =
    0
hρdd :
  ∀ (u v : E),
    ((fderiv ℝ (fderiv ℝ fun u => V (p s + √(eta s) • u) - V (p s) - √(eta s) * ⟪gradient V (p s), u⟫_ℝ) u) v) v =
      eta s * ((fderiv ℝ (fderiv ℝ V) (p s + √(eta s) • u)) v) v
hQdd :
  ∀ (u v : E),
    ((fderiv ℝ
            (fderiv ℝ fun u =>
              ‖u‖ ^ 2 / 2 + (fun u => V (p s + √(eta s) • u) - V (p s) - √(eta s) * ⟪gradient V (p s), u⟫_ℝ) u)
            u)
          v)
        v =
      ‖v‖ ^ 2 + eta s * ((fderiv ℝ (fderiv ℝ V) (p s + √(eta s) • u)) v) v
hrhoH : ∀ (u v : E), 0 ≤ ((fderiv ℝ (fderiv ℝ (rho s)) u) v) v ∧ ((fderiv ℝ (fderiv ℝ (rho s)) u) v) v ≤ eta s * ‖v‖ ^ 2
u v : E
⊢ E
error: AutoSamplingTheory/ExampleCases/SmoothedPicardHMC/StandardizedRGOPositionFisher.lean:250:32: failed to prove positivity/nonnegativity/nonzeroness
error: AutoSamplingTheory/ExampleCases/SmoothedPicardHMC/StandardizedRGOPositionFisher.lean:254:4: Type mismatch: After simplification, term
  hQH
 has type
  ∀ (u v : E),
    And (‖v‖ ^ 2 ≤ ((fderiv ℝ (fderiv ℝ (Q s)) u) v) v) (((fderiv ℝ (fderiv ℝ (Q s)) u) v) v ≤ (1 + eta s) * ‖v‖ ^ 2)
but is expected to have type
  ∀ (u v : E),
    And (‖v‖ ^ 2 ≤ ((fderiv ℝ (fderiv ℝ (Q s)) u) v) v) (((fderiv ℝ (fderiv ℝ (Q s)) u) v) v ≤ ↑beta * ‖v‖ ^ 2)
error: AutoSamplingTheory/ExampleCases/SmoothedPicardHMC/StandardizedRGOPositionFisher.lean:271:4: Type mismatch: After simplification, term
  hrhoH
 has type
  ∀ (u v : E), And (0 ≤ ((fderiv ℝ (fderiv ℝ (rho s)) u) v) v) (((fderiv ℝ (fderiv ℝ (rho s)) u) v) v ≤ eta s * ‖v‖ ^ 2)
but is expected to have type
  ∀ (u v : E), And (0 ≤ ((fderiv ℝ (fderiv ℝ (rho s)) u) v) v) (((fderiv ℝ (fderiv ℝ (rho s)) u) v) v ≤ ↑b * ‖v‖ ^ 2)
error: AutoSamplingTheory/ExampleCases/SmoothedPicardHMC/StandardizedRGOPositionFisher.lean:273:4: Type mismatch: After simplification, term
  (TechnicalLemmas.Analysis.QuadraticRegularization.strongConvexOn_and_lipschitzWith_gradient_add_quadratic hρ hHρ
      0).right
 has type
  LipschitzWith b (gradient fun x => V (p s + √(eta s) • x) - V (p s) - √(eta s) * (fderiv ℝ V (p s)) x)
but is expected to have type
  LipschitzWith b (gradient (rho s))
error: AutoSamplingTheory/ExampleCases/SmoothedPicardHMC/StandardizedRGOPositionFisher.lean:299:76: failed to prove positivity/nonnegativity/nonzeroness
error: Lean exited with code 1
Some required targets logged failures:
- AutoSamplingTheory.ExampleCases.SmoothedPicardHMC.StandardizedRGOPositionFisher
