⚠ [3668/3672] Replayed AutoSamplingTheory.TechnicalLemmas.Measure.GaussianConvolutionRegularity
warning: AutoSamplingTheory/TechnicalLemmas/Measure/GaussianConvolutionRegularity.lean:68:8: automatically included section variable(s) unused in theorem `_private.AutoSamplingTheory.TechnicalLemmas.Measure.GaussianConvolutionRegularity.0.AutoSamplingTheory.TechnicalLemmas.Measure.GaussianConvolutionRegularity.weight_bounds`:
  [InnerProductSpace ℝ E]
consider restructuring your `variable` declarations so that the variables are not in scope or explicitly omit them:
  omit [InnerProductSpace ℝ E] in theorem ...

Note: This linter can be disabled with `set_option linter.unusedSectionVars false`
warning: AutoSamplingTheory/TechnicalLemmas/Measure/GaussianConvolutionRegularity.lean:319:8: automatically included section variable(s) unused in theorem `_private.AutoSamplingTheory.TechnicalLemmas.Measure.GaussianConvolutionRegularity.0.AutoSamplingTheory.TechnicalLemmas.Measure.GaussianConvolutionRegularity.posteriorIntegral`:
  [InnerProductSpace ℝ E]
  [BorelSpace E]
  [FiniteDimensional ℝ E]
consider restructuring your `variable` declarations so that the variables are not in scope or explicitly omit them:
  omit [InnerProductSpace ℝ E] [BorelSpace E] [FiniteDimensional ℝ E] in theorem ...

Note: This linter can be disabled with `set_option linter.unusedSectionVars false`
warning: AutoSamplingTheory/TechnicalLemmas/Measure/GaussianConvolutionRegularity.lean:405:58: Used `tac1 <;> tac2` where `(tac1; tac2)` would suffice

Note: This linter can be disabled with `set_option linter.unnecessarySeqFocus false`
warning: AutoSamplingTheory/TechnicalLemmas/Measure/GaussianConvolutionRegularity.lean:463:4: Try this: 
  haveI̵

The goal is a proposition, so `have` is preferred over `haveI`.
The difference between `have` and `haveI` is that `haveI` inlines the value.
But this is not relevant for proofs because of proof irrelevance.

Note: This linter can be disabled with `set_option linter.style.haveILetI false`
warning: AutoSamplingTheory/TechnicalLemmas/Measure/GaussianConvolutionRegularity.lean:488:4: Try this: 
  haveI̵

The goal is a proposition, so `have` is preferred over `haveI`.
The difference between `have` and `haveI` is that `haveI` inlines the value.
But this is not relevant for proofs because of proof irrelevance.

Note: This linter can be disabled with `set_option linter.style.haveILetI false`
✔ [3670/3672] Built AutoSamplingTheory.TechnicalLemmas.Analysis.GibbsGradientMoment (10s)
⚠ [3671/3672] Built AutoSamplingTheory.ExampleCases.SmoothedPicardHMC.SmoothedHessianUpper (10s)
warning: AutoSamplingTheory/ExampleCases/SmoothedPicardHMC/SmoothedHessianUpper.lean:101:2: Try this: 
  haveI̵

The goal is a proposition, so `have` is preferred over `haveI`.
The difference between `have` and `haveI` is that `haveI` inlines the value.
But this is not relevant for proofs because of proof irrelevance.

Note: This linter can be disabled with `set_option linter.style.haveILetI false`
✖ [3672/3672] Building Tests.GibbsCovarianceLower (9.5s)
trace: .> LEAN_PATH=E:\Samplinglib\.lake\packages\Cli\.lake\build\lib\lean;E:\Samplinglib\.lake\packages\batteries\.lake\build\lib\lean;E:\Samplinglib\.lake\packages\Qq\.lake\build\lib\lean;E:\Samplinglib\.lake\packages\aesop\.lake\build\lib\lean;E:\Samplinglib\.lake\packages\proofwidgets\.lake\build\lib\lean;E:\Samplinglib\.lake\packages\importGraph\.lake\build\lib\lean;E:\Samplinglib\.lake\packages\LeanSearchClient\.lake\build\lib\lean;E:\Samplinglib\.lake\packages\plausible\.lake\build\lib\lean;E:\Samplinglib\.lake\packages\mathlib\.lake\build\lib\lean;E:\Samplinglib\.lake\build\lib\lean c:\Users\admin\.elan\toolchains\leanprover--lean4---v4.33.0\bin\lean.exe E:\Samplinglib\Tests\GibbsCovarianceLower.lean -o E:\Samplinglib\.lake\build\lib\lean\Tests\GibbsCovarianceLower.olean -i E:\Samplinglib\.lake\build\lib\lean\Tests\GibbsCovarianceLower.ilean -c E:\Samplinglib\.lake\build\ir\Tests\GibbsCovarianceLower.c --setup E:\Samplinglib\.lake\build\ir\Tests\GibbsCovarianceLower.setup.json --json
warning: Tests/GibbsCovarianceLower.lean:16:81: This simp argument is unused:
  potential

Hint: Omit it from the simp argument list.
  [apply] simp [Pi.add_apply, mul_comm]

Note: This linter can be disabled with `set_option linter.unusedSimpArgs false`
warning: Tests/GibbsCovarianceLower.lean:16:92: This simp argument is unused:
  Pi.add_apply

Hint: Omit it from the simp argument list.
  [apply] simp [potential, mul_comm]

Note: This linter can be disabled with `set_option linter.unusedSimpArgs false`
error: Tests/GibbsCovarianceLower.lean:50:29: failed to synthesize instance of type class
  LE Type

Hint: Type class instance resolution failures can be inspected with the `set_option trace.Meta.synthInstance true` command.
error: Tests/GibbsCovarianceLower.lean:50:31: failed to synthesize instance of type class
  OfNat Type 0
numerals are polymorphic in Lean, but the numeral `0` cannot be used in a context where the expected type is
  Type
due to the absence of the instance above

Hint: Type class instance resolution failures can be inspected with the `set_option trace.Meta.synthInstance true` command.
error: Tests/GibbsCovarianceLower.lean:51:48: failed to synthesize instance of type class
  LE Type

Hint: Type class instance resolution failures can be inspected with the `set_option trace.Meta.synthInstance true` command.
error: Tests/GibbsCovarianceLower.lean:51:50: failed to synthesize instance of type class
  OfNat Type 0
numerals are polymorphic in Lean, but the numeral `0` cannot be used in a context where the expected type is
  Type
due to the absence of the instance above

Hint: Type class instance resolution failures can be inspected with the `set_option trace.Meta.synthInstance true` command.
error: Tests/GibbsCovarianceLower.lean:54:55: failed to synthesize instance of type class
  LE Type

Hint: Type class instance resolution failures can be inspected with the `set_option trace.Meta.synthInstance true` command.
error: Tests/GibbsCovarianceLower.lean:54:57: failed to synthesize instance of type class
  OfNat Type 0
numerals are polymorphic in Lean, but the numeral `0` cannot be used in a context where the expected type is
  Type
due to the absence of the instance above

Hint: Type class instance resolution failures can be inspected with the `set_option trace.Meta.synthInstance true` command.
error: Tests/GibbsCovarianceLower.lean:55:24: failed to synthesize instance of type class
  LE Type

Hint: Type class instance resolution failures can be inspected with the `set_option trace.Meta.synthInstance true` command.
error: Tests/GibbsCovarianceLower.lean:55:26: failed to synthesize instance of type class
  OfNat Type 0
numerals are polymorphic in Lean, but the numeral `0` cannot be used in a context where the expected type is
  Type
due to the absence of the instance above

Hint: Type class instance resolution failures can be inspected with the `set_option trace.Meta.synthInstance true` command.
error: Tests/GibbsCovarianceLower.lean:54:38: unsolved goals
η : ℝ
hη : 0 < η
hf : ContDiff ℝ 2 potential
hh :
  ∀ (x v : ℝ),
    sorry * ‖v‖ ^ 2 ≤ ((fderiv ℝ (fderiv ℝ potential) x) v) v ∧
      ((fderiv ℝ (fderiv ℝ potential) x) v) v ≤ sorry * ‖v‖ ^ 2
⊢ sorry ()
error: Tests/GibbsCovarianceLower.lean:55:5: unsolved goals
η : ℝ
hη : 0 < η
hf : ContDiff ℝ 2 potential
hh :
  ∀ (x v : ℝ),
    sorry * ‖v‖ ^ 2 ≤ ((fderiv ℝ (fderiv ℝ potential) x) v) v ∧
      ((fderiv ℝ (fderiv ℝ potential) x) v) v ≤ sorry * ‖v‖ ^ 2
⊢ sorry ()
info: Tests/GibbsCovarianceLower.lean:57:0: 'AutoSamplingTheory.TechnicalLemmas.Analysis.GibbsGradientMoment.gibbs_gradient_moment' depends on axioms: [propext,
 Classical.choice,
 Quot.sound]
info: Tests/GibbsCovarianceLower.lean:58:0: 'AutoSamplingTheory.TechnicalLemmas.Analysis.GibbsGradientMoment.gibbs_covariance_lower' depends on axioms: [propext,
 Classical.choice,
 Quot.sound]
info: Tests/GibbsCovarianceLower.lean:59:0: 'AutoSamplingTheory.ExampleCases.SmoothedPicardHMC.SmoothedHessianUpper.smoothed_hessian_upper' depends on axioms: [propext,
 Classical.choice,
 Quot.sound]
info: Tests/GibbsCovarianceLower.lean:60:0: 'Tests.GibbsCovarianceLower.actual_nonconstant_source' depends on axioms: [propext,
 sorryAx,
 Classical.choice,
 Quot.sound]
error: Lean exited with code 1
Some required targets logged failures:
- Tests.GibbsCovarianceLower
error: build failed
