⚠ [3669/3672] Replayed AutoSamplingTheory.TechnicalLemmas.Measure.GaussianConvolutionRegularity
warning: AutoSamplingTheory/TechnicalLemmas/Measure/GaussianConvolutionRegularity.lean:68:8: automatically included section variable(s) unused in theorem `_private.AutoSamplingTheory.TechnicalLemmas.Measure.GaussianConvolutionRegularity.0.AutoSamplingTheory.TechnicalLemmas.Measure.GaussianConvolutionRegularity.weight_bounds`:
  [InnerProductSpace ℝ E]
consider restructuring your `variable` declarations so that the variables are not in scope or explicitly omit them:
  omit [InnerProductSpace ℝ E] in theorem ...

Note: This linter can be disabled with `set_option linter.unusedSectionVars false`
warning: AutoSamplingTheory/TechnicalLemmas/Measure/GaussianConvolutionRegularity.lean:319:8: automatically included section variable(s) unused in theorem `_private.AutoSamplingTheory.TechnicalLemmas.Measure.GaussianConvolutionRegularity.0.AutoSamplingTheory.TechnicalLemmas.Measure.GaussianConvolutionRegularity.posteriorIntegral`:
  [InnerProductSpace ℝ E]
  [BorelSpace E]
  [FiniteDimensional ℝ E]
consider restructuring your `variable` declarations so that the variables are not in scope or explicitly omit them:
  omit [InnerProductSpace ℝ E] [BorelSpace E] [FiniteDimensional ℝ E] in theorem ...

Note: This linter can be disabled with `set_option linter.unusedSectionVars false`
warning: AutoSamplingTheory/TechnicalLemmas/Measure/GaussianConvolutionRegularity.lean:405:58: Used `tac1 <;> tac2` where `(tac1; tac2)` would suffice

Note: This linter can be disabled with `set_option linter.unnecessarySeqFocus false`
warning: AutoSamplingTheory/TechnicalLemmas/Measure/GaussianConvolutionRegularity.lean:463:4: Try this: 
  haveI̵

The goal is a proposition, so `have` is preferred over `haveI`.
The difference between `have` and `haveI` is that `haveI` inlines the value.
But this is not relevant for proofs because of proof irrelevance.

Note: This linter can be disabled with `set_option linter.style.haveILetI false`
warning: AutoSamplingTheory/TechnicalLemmas/Measure/GaussianConvolutionRegularity.lean:488:4: Try this: 
  haveI̵

The goal is a proposition, so `have` is preferred over `haveI`.
The difference between `have` and `haveI` is that `haveI` inlines the value.
But this is not relevant for proofs because of proof irrelevance.

Note: This linter can be disabled with `set_option linter.style.haveILetI false`
✔ [3671/3672] Built AutoSamplingTheory.ExampleCases.SmoothedPicardHMC.SmoothedHessianUpper (10s)
⚠ [3672/3672] Built Tests.GibbsCovarianceLower (9.3s)
warning: Tests/GibbsCovarianceLower.lean:17:81: This simp argument is unused:
  potential

Hint: Omit it from the simp argument list.
  [apply] simp [Pi.add_apply, mul_comm]

Note: This linter can be disabled with `set_option linter.unusedSimpArgs false`
warning: Tests/GibbsCovarianceLower.lean:17:92: This simp argument is unused:
  Pi.add_apply

Hint: Omit it from the simp argument list.
  [apply] simp [potential, mul_comm]

Note: This linter can be disabled with `set_option linter.unusedSimpArgs false`
info: Tests/GibbsCovarianceLower.lean:58:0: 'AutoSamplingTheory.TechnicalLemmas.Analysis.GibbsGradientMoment.gibbs_gradient_moment' depends on axioms: [propext,
 Classical.choice,
 Quot.sound]
info: Tests/GibbsCovarianceLower.lean:59:0: 'AutoSamplingTheory.TechnicalLemmas.Analysis.GibbsGradientMoment.gibbs_covariance_lower' depends on axioms: [propext,
 Classical.choice,
 Quot.sound]
info: Tests/GibbsCovarianceLower.lean:60:0: 'AutoSamplingTheory.ExampleCases.SmoothedPicardHMC.SmoothedHessianUpper.smoothed_hessian_upper' depends on axioms: [propext,
 Classical.choice,
 Quot.sound]
info: Tests/GibbsCovarianceLower.lean:61:0: 'Tests.GibbsCovarianceLower.actual_nonconstant_source' depends on axioms: [propext, Classical.choice, Quot.sound]
Build completed successfully (3672 jobs).
