E:\Samplinglib\.astis\pbps-centered-defect59\independent-elab-type-second\phase2\full-inline-definition-equality-and-kernel-controls.lean:16:5: warning: Variable name `hα` is not explicitly referenced.

Hint: The binding can be removed (if unused) or named `_` (if used implicitly). Alternatively, prefix the name with `_` to silence this warning:
  [apply] _hα

Note: This linter can be disabled with `set_option linter.unusedVariables false`
E:\Samplinglib\.astis\pbps-centered-defect59\independent-elab-type-second\phase2\full-inline-definition-equality-and-kernel-controls.lean:16:24: warning: Variable name `hαβ` is not explicitly referenced.

Hint: The binding can be removed (if unused) or named `_` (if used implicitly). Alternatively, prefix the name with `_` to silence this warning:
  [apply] _hαβ

Note: This linter can be disabled with `set_option linter.unusedVariables false`
E:\Samplinglib\.astis\pbps-centered-defect59\independent-elab-type-second\phase2\full-inline-definition-equality-and-kernel-controls.lean:16:38: warning: Variable name `hV` is not explicitly referenced.

Hint: The binding can be removed (if unused) or named `_` (if used implicitly). Alternatively, prefix the name with `_` to silence this warning:
  [apply] _hV

Note: This linter can be disabled with `set_option linter.unusedVariables false`
E:\Samplinglib\.astis\pbps-centered-defect59\independent-elab-type-second\phase2\full-inline-definition-equality-and-kernel-controls.lean:17:5: warning: Variable name `hH` is not explicitly referenced.

Hint: The binding can be removed (if unused) or named `_` (if used implicitly). Alternatively, prefix the name with `_` to silence this warning:
  [apply] _hH

Note: This linter can be disabled with `set_option linter.unusedVariables false`
E:\Samplinglib\.astis\pbps-centered-defect59\independent-elab-type-second\phase2\full-inline-definition-equality-and-kernel-controls.lean:20:5: warning: Variable name `hη` is not explicitly referenced.

Hint: The binding can be removed (if unused) or named `_` (if used implicitly). Alternatively, prefix the name with `_` to silence this warning:
  [apply] _hη

Note: This linter can be disabled with `set_option linter.unusedVariables false`
E:\Samplinglib\.astis\pbps-centered-defect59\independent-elab-type-second\phase2\full-inline-definition-equality-and-kernel-controls.lean:20:18: warning: Variable name `hβη` is not explicitly referenced.

Hint: The binding can be removed (if unused) or named `_` (if used implicitly). Alternatively, prefix the name with `_` to silence this warning:
  [apply] _hβη

Note: This linter can be disabled with `set_option linter.unusedVariables false`
E:\Samplinglib\.astis\pbps-centered-defect59\independent-elab-type-second\phase2\full-inline-definition-equality-and-kernel-controls.lean:68:5: warning: Variable name `hα` is not explicitly referenced.

Hint: The binding can be removed (if unused) or named `_` (if used implicitly). Alternatively, prefix the name with `_` to silence this warning:
  [apply] _hα

Note: This linter can be disabled with `set_option linter.unusedVariables false`
E:\Samplinglib\.astis\pbps-centered-defect59\independent-elab-type-second\phase2\full-inline-definition-equality-and-kernel-controls.lean:68:24: warning: Variable name `hαβ` is not explicitly referenced.

Hint: The binding can be removed (if unused) or named `_` (if used implicitly). Alternatively, prefix the name with `_` to silence this warning:
  [apply] _hαβ

Note: This linter can be disabled with `set_option linter.unusedVariables false`
E:\Samplinglib\.astis\pbps-centered-defect59\independent-elab-type-second\phase2\full-inline-definition-equality-and-kernel-controls.lean:68:38: warning: Variable name `hV` is not explicitly referenced.

Hint: The binding can be removed (if unused) or named `_` (if used implicitly). Alternatively, prefix the name with `_` to silence this warning:
  [apply] _hV

Note: This linter can be disabled with `set_option linter.unusedVariables false`
E:\Samplinglib\.astis\pbps-centered-defect59\independent-elab-type-second\phase2\full-inline-definition-equality-and-kernel-controls.lean:69:5: warning: Variable name `hH` is not explicitly referenced.

Hint: The binding can be removed (if unused) or named `_` (if used implicitly). Alternatively, prefix the name with `_` to silence this warning:
  [apply] _hH

Note: This linter can be disabled with `set_option linter.unusedVariables false`
E:\Samplinglib\.astis\pbps-centered-defect59\independent-elab-type-second\phase2\full-inline-definition-equality-and-kernel-controls.lean:72:5: warning: Variable name `hη` is not explicitly referenced.

Hint: The binding can be removed (if unused) or named `_` (if used implicitly). Alternatively, prefix the name with `_` to silence this warning:
  [apply] _hη

Note: This linter can be disabled with `set_option linter.unusedVariables false`
E:\Samplinglib\.astis\pbps-centered-defect59\independent-elab-type-second\phase2\full-inline-definition-equality-and-kernel-controls.lean:72:18: warning: Variable name `hβη` is not explicitly referenced.

Hint: The binding can be removed (if unused) or named `_` (if used implicitly). Alternatively, prefix the name with `_` to silence this warning:
  [apply] _hβη

Note: This linter can be disabled with `set_option linter.unusedVariables false`
'AutoSamplingTheory.ExampleCases.ProximalBPS.CenteredDefectOperator.kernel_signatures0_definitionally_equal' depends on axioms: [propext,
 Classical.choice,
 Quot.sound]
E:\Samplinglib\.astis\pbps-centered-defect59\independent-elab-type-second\phase2\full-inline-definition-equality-and-kernel-controls.lean:129:5: warning: Variable name `hα` is not explicitly referenced.

Hint: The binding can be removed (if unused) or named `_` (if used implicitly). Alternatively, prefix the name with `_` to silence this warning:
  [apply] _hα

Note: This linter can be disabled with `set_option linter.unusedVariables false`
E:\Samplinglib\.astis\pbps-centered-defect59\independent-elab-type-second\phase2\full-inline-definition-equality-and-kernel-controls.lean:129:24: warning: Variable name `hαβ` is not explicitly referenced.

Hint: The binding can be removed (if unused) or named `_` (if used implicitly). Alternatively, prefix the name with `_` to silence this warning:
  [apply] _hαβ

Note: This linter can be disabled with `set_option linter.unusedVariables false`
E:\Samplinglib\.astis\pbps-centered-defect59\independent-elab-type-second\phase2\full-inline-definition-equality-and-kernel-controls.lean:129:38: warning: Variable name `hV` is not explicitly referenced.

Hint: The binding can be removed (if unused) or named `_` (if used implicitly). Alternatively, prefix the name with `_` to silence this warning:
  [apply] _hV

Note: This linter can be disabled with `set_option linter.unusedVariables false`
E:\Samplinglib\.astis\pbps-centered-defect59\independent-elab-type-second\phase2\full-inline-definition-equality-and-kernel-controls.lean:130:5: warning: Variable name `hH` is not explicitly referenced.

Hint: The binding can be removed (if unused) or named `_` (if used implicitly). Alternatively, prefix the name with `_` to silence this warning:
  [apply] _hH

Note: This linter can be disabled with `set_option linter.unusedVariables false`
E:\Samplinglib\.astis\pbps-centered-defect59\independent-elab-type-second\phase2\full-inline-definition-equality-and-kernel-controls.lean:133:5: warning: Variable name `hη` is not explicitly referenced.

Hint: The binding can be removed (if unused) or named `_` (if used implicitly). Alternatively, prefix the name with `_` to silence this warning:
  [apply] _hη

Note: This linter can be disabled with `set_option linter.unusedVariables false`
E:\Samplinglib\.astis\pbps-centered-defect59\independent-elab-type-second\phase2\full-inline-definition-equality-and-kernel-controls.lean:133:18: warning: Variable name `hβη` is not explicitly referenced.

Hint: The binding can be removed (if unused) or named `_` (if used implicitly). Alternatively, prefix the name with `_` to silence this warning:
  [apply] _hβη

Note: This linter can be disabled with `set_option linter.unusedVariables false`
'AutoSamplingTheory.ExampleCases.ProximalBPS.CenteredDefectOperator.diagnostic_named_full_type0' depends on axioms: [propext,
 Classical.choice,
 Quot.sound]
E:\Samplinglib\.astis\pbps-centered-defect59\independent-elab-type-second\phase2\full-inline-definition-equality-and-kernel-controls.lean:224:5: warning: Variable name `hα` is not explicitly referenced.

Hint: The binding can be removed (if unused) or named `_` (if used implicitly). Alternatively, prefix the name with `_` to silence this warning:
  [apply] _hα

Note: This linter can be disabled with `set_option linter.unusedVariables false`
E:\Samplinglib\.astis\pbps-centered-defect59\independent-elab-type-second\phase2\full-inline-definition-equality-and-kernel-controls.lean:224:24: warning: Variable name `hαβ` is not explicitly referenced.

Hint: The binding can be removed (if unused) or named `_` (if used implicitly). Alternatively, prefix the name with `_` to silence this warning:
  [apply] _hαβ

Note: This linter can be disabled with `set_option linter.unusedVariables false`
E:\Samplinglib\.astis\pbps-centered-defect59\independent-elab-type-second\phase2\full-inline-definition-equality-and-kernel-controls.lean:224:38: warning: Variable name `hV` is not explicitly referenced.

Hint: The binding can be removed (if unused) or named `_` (if used implicitly). Alternatively, prefix the name with `_` to silence this warning:
  [apply] _hV

Note: This linter can be disabled with `set_option linter.unusedVariables false`
E:\Samplinglib\.astis\pbps-centered-defect59\independent-elab-type-second\phase2\full-inline-definition-equality-and-kernel-controls.lean:225:5: warning: Variable name `hH` is not explicitly referenced.

Hint: The binding can be removed (if unused) or named `_` (if used implicitly). Alternatively, prefix the name with `_` to silence this warning:
  [apply] _hH

Note: This linter can be disabled with `set_option linter.unusedVariables false`
E:\Samplinglib\.astis\pbps-centered-defect59\independent-elab-type-second\phase2\full-inline-definition-equality-and-kernel-controls.lean:228:5: warning: Variable name `hη` is not explicitly referenced.

Hint: The binding can be removed (if unused) or named `_` (if used implicitly). Alternatively, prefix the name with `_` to silence this warning:
  [apply] _hη

Note: This linter can be disabled with `set_option linter.unusedVariables false`
E:\Samplinglib\.astis\pbps-centered-defect59\independent-elab-type-second\phase2\full-inline-definition-equality-and-kernel-controls.lean:228:18: warning: Variable name `hβη` is not explicitly referenced.

Hint: The binding can be removed (if unused) or named `_` (if used implicitly). Alternatively, prefix the name with `_` to silence this warning:
  [apply] _hβη

Note: This linter can be disabled with `set_option linter.unusedVariables false`
E:\Samplinglib\.astis\pbps-centered-defect59\independent-elab-type-second\phase2\full-inline-definition-equality-and-kernel-controls.lean:256:5: warning: Variable name `hα` is not explicitly referenced.

Hint: The binding can be removed (if unused) or named `_` (if used implicitly). Alternatively, prefix the name with `_` to silence this warning:
  [apply] _hα

Note: This linter can be disabled with `set_option linter.unusedVariables false`
E:\Samplinglib\.astis\pbps-centered-defect59\independent-elab-type-second\phase2\full-inline-definition-equality-and-kernel-controls.lean:256:24: warning: Variable name `hαβ` is not explicitly referenced.

Hint: The binding can be removed (if unused) or named `_` (if used implicitly). Alternatively, prefix the name with `_` to silence this warning:
  [apply] _hαβ

Note: This linter can be disabled with `set_option linter.unusedVariables false`
E:\Samplinglib\.astis\pbps-centered-defect59\independent-elab-type-second\phase2\full-inline-definition-equality-and-kernel-controls.lean:256:38: warning: Variable name `hV` is not explicitly referenced.

Hint: The binding can be removed (if unused) or named `_` (if used implicitly). Alternatively, prefix the name with `_` to silence this warning:
  [apply] _hV

Note: This linter can be disabled with `set_option linter.unusedVariables false`
E:\Samplinglib\.astis\pbps-centered-defect59\independent-elab-type-second\phase2\full-inline-definition-equality-and-kernel-controls.lean:257:5: warning: Variable name `hH` is not explicitly referenced.

Hint: The binding can be removed (if unused) or named `_` (if used implicitly). Alternatively, prefix the name with `_` to silence this warning:
  [apply] _hH

Note: This linter can be disabled with `set_option linter.unusedVariables false`
E:\Samplinglib\.astis\pbps-centered-defect59\independent-elab-type-second\phase2\full-inline-definition-equality-and-kernel-controls.lean:260:5: warning: Variable name `hη` is not explicitly referenced.

Hint: The binding can be removed (if unused) or named `_` (if used implicitly). Alternatively, prefix the name with `_` to silence this warning:
  [apply] _hη

Note: This linter can be disabled with `set_option linter.unusedVariables false`
E:\Samplinglib\.astis\pbps-centered-defect59\independent-elab-type-second\phase2\full-inline-definition-equality-and-kernel-controls.lean:260:18: warning: Variable name `hβη` is not explicitly referenced.

Hint: The binding can be removed (if unused) or named `_` (if used implicitly). Alternatively, prefix the name with `_` to silence this warning:
  [apply] _hβη

Note: This linter can be disabled with `set_option linter.unusedVariables false`
'AutoSamplingTheory.ExampleCases.ProximalBPS.CenteredDefectOperator.kernel_signatures1_definitionally_equal' depends on axioms: [propext,
 Classical.choice,
 Quot.sound]
E:\Samplinglib\.astis\pbps-centered-defect59\independent-elab-type-second\phase2\full-inline-definition-equality-and-kernel-controls.lean:297:5: warning: Variable name `hα` is not explicitly referenced.

Hint: The binding can be removed (if unused) or named `_` (if used implicitly). Alternatively, prefix the name with `_` to silence this warning:
  [apply] _hα

Note: This linter can be disabled with `set_option linter.unusedVariables false`
E:\Samplinglib\.astis\pbps-centered-defect59\independent-elab-type-second\phase2\full-inline-definition-equality-and-kernel-controls.lean:297:24: warning: Variable name `hαβ` is not explicitly referenced.

Hint: The binding can be removed (if unused) or named `_` (if used implicitly). Alternatively, prefix the name with `_` to silence this warning:
  [apply] _hαβ

Note: This linter can be disabled with `set_option linter.unusedVariables false`
E:\Samplinglib\.astis\pbps-centered-defect59\independent-elab-type-second\phase2\full-inline-definition-equality-and-kernel-controls.lean:297:38: warning: Variable name `hV` is not explicitly referenced.

Hint: The binding can be removed (if unused) or named `_` (if used implicitly). Alternatively, prefix the name with `_` to silence this warning:
  [apply] _hV

Note: This linter can be disabled with `set_option linter.unusedVariables false`
E:\Samplinglib\.astis\pbps-centered-defect59\independent-elab-type-second\phase2\full-inline-definition-equality-and-kernel-controls.lean:298:5: warning: Variable name `hH` is not explicitly referenced.

Hint: The binding can be removed (if unused) or named `_` (if used implicitly). Alternatively, prefix the name with `_` to silence this warning:
  [apply] _hH

Note: This linter can be disabled with `set_option linter.unusedVariables false`
E:\Samplinglib\.astis\pbps-centered-defect59\independent-elab-type-second\phase2\full-inline-definition-equality-and-kernel-controls.lean:301:5: warning: Variable name `hη` is not explicitly referenced.

Hint: The binding can be removed (if unused) or named `_` (if used implicitly). Alternatively, prefix the name with `_` to silence this warning:
  [apply] _hη

Note: This linter can be disabled with `set_option linter.unusedVariables false`
E:\Samplinglib\.astis\pbps-centered-defect59\independent-elab-type-second\phase2\full-inline-definition-equality-and-kernel-controls.lean:301:18: warning: Variable name `hβη` is not explicitly referenced.

Hint: The binding can be removed (if unused) or named `_` (if used implicitly). Alternatively, prefix the name with `_` to silence this warning:
  [apply] _hβη

Note: This linter can be disabled with `set_option linter.unusedVariables false`
'AutoSamplingTheory.ExampleCases.ProximalBPS.CenteredDefectOperator.diagnostic_named_full_type1' depends on axioms: [propext,
 Classical.choice,
 Quot.sound]
