{
  "cell": "ASTIS-SW-PBPS-actual-polar-isometry",
  "status": "graph coverage checked",
  "contributions": [
    {
      "node": "decl:AutoSamplingTheory.ExampleCases.ProximalBPS.PolarIsometry.actual_centered_polar_isometry",
      "focus": "lean-foundations.html?view=lean&focus=decl%3AAutoSamplingTheory.ExampleCases.ProximalBPS.PolarIsometry.actual_centered_polar_isometry&q=AutoSamplingTheory.ExampleCases.ProximalBPS.PolarIsometry.actual_centered_polar_isometry",
      "connections": [
        {
          "source": "decl:AutoSamplingTheory.ExampleCases.ProximalBPS.PolarIsometry.actual_centered_polar_isometry",
          "target": "semantic-audit:ASTIS-RT-20261009-PBPSActualPolarIsometry",
          "relation": "Lean target under audit"
        },
        {
          "source": "module:AutoSamplingTheory.ExampleCases.ProximalBPS.PolarIsometry",
          "target": "decl:AutoSamplingTheory.ExampleCases.ProximalBPS.PolarIsometry.actual_centered_polar_isometry",
          "relation": "declares"
        },
        {
          "source": "decl:AutoSamplingTheory.ExampleCases.ProximalBPS.PolarIsometry.actual_centered_polar_isometry",
          "target": "case:ASTIS-SW-PBPS-2026",
          "relation": "source correspondence; not a Lean dependency"
        },
        {
          "source": "decl:AutoSamplingTheory.ExampleCases.ProximalBPS.CenteredRootOrderInverse.actual_centered_root_order_inverse",
          "target": "decl:AutoSamplingTheory.ExampleCases.ProximalBPS.PolarIsometry.actual_centered_polar_isometry",
          "relation": "source reference (scanner)"
        },
        {
          "source": "decl:AutoSamplingTheory.TechnicalLemmas.Geometry.LogConcavity.LogConcaveOn.prod",
          "target": "decl:AutoSamplingTheory.ExampleCases.ProximalBPS.PolarIsometry.actual_centered_polar_isometry",
          "relation": "source reference (scanner)"
        }
      ],
      "omitted_connections": 0
    }
  ],
  "boundary": "Reference scans are incomplete. Inspect the affected view; this report is not visual QA or a proof certificate."
}
