AutoSamplingTheory\TechnicalLemmas\FunctionalInequalities\GaussianMarginalGradient.lean:48:2: warning: Try this: 
  letI̵

The goal is a proposition, so `let` is preferred over `letI`.
The difference between `let` and `letI` is that `letI` inlines the value.
But this is not relevant for proofs because of proof irrelevance.

Note: This linter can be disabled with `set_option linter.style.haveILetI false`
AutoSamplingTheory\TechnicalLemmas\FunctionalInequalities\GaussianMarginalGradient.lean:49:2: warning: Try this: 
  letI̵

The goal is a proposition, so `let` is preferred over `letI`.
The difference between `let` and `letI` is that `letI` inlines the value.
But this is not relevant for proofs because of proof irrelevance.

Note: This linter can be disabled with `set_option linter.style.haveILetI false`
AutoSamplingTheory\TechnicalLemmas\FunctionalInequalities\GaussianMarginalGradient.lean:62:8: error(lean.unknownIdentifier): Unknown constant `MeasureTheory.Measure.withDensity_apply`
AutoSamplingTheory\TechnicalLemmas\FunctionalInequalities\GaussianMarginalGradient.lean:82:2: error: Type mismatch: After simplification, term
  hD
 has type
  ∃ (D :
    { x : E →ₘ[ℙ.tilted fun x => -W x] ℝ // x ∈ Lp ℝ 2 (ℙ.tilted fun x => -W x) } →ₗ.[ℝ]
      ↥(Lp E 2 (ℙ.tilted fun x => -W x))),
    Dense ↑D.domain ∧
      D.IsClosable ∧
        D.closure.IsClosed ∧
          ∀ (u : ↥(Lp ℝ 2 (ℙ.tilted fun x => -W x))) (v : ↥(Lp E 2 (ℙ.tilted fun x => -W x))),
            (u, v) ∈ D.graph ↔ ∃ f, ContDiff ℝ ∞ f ∧ HasCompactSupport f ∧ ↑↑u =ᵐ[ν] f ∧ ↑↑v =ᵐ[ν] gradient f
but is expected to have type
  ∃ (D :
    { x : E →ₘ[(Measure.map (fun p => (p.1, p.1 + √η • p.2)) (μ.prod (stdGaussian E))).snd] ℝ //
        x ∈ Lp ℝ 2 (Measure.map (fun p => (p.1, p.1 + √η • p.2)) (μ.prod (stdGaussian E))).snd } →ₗ.[ℝ]
      ↥(Lp E 2 (Measure.map (fun p => (p.1, p.1 + √η • p.2)) (μ.prod (stdGaussian E))).snd)),
    Dense ↑D.domain ∧
      D.IsClosable ∧
        D.closure.IsClosed ∧
          ∀ (u : ↥(Lp ℝ 2 (Measure.map (fun p => (p.1, p.1 + √η • p.2)) (μ.prod (stdGaussian E))).snd))
            (v : ↥(Lp E 2 (Measure.map (fun p => (p.1, p.1 + √η • p.2)) (μ.prod (stdGaussian E))).snd)),
            (u, v) ∈ D.graph ↔
              ∃ f,
                ContDiff ℝ ∞ f ∧
                  HasCompactSupport f ∧
                    ↑↑u =ᵐ[(Measure.map (fun p => (p.1, p.1 + √η • p.2)) (μ.prod (stdGaussian E))).snd] f ∧
                      ↑↑v =ᵐ[(Measure.map (fun p => (p.1, p.1 + √η • p.2)) (μ.prod (stdGaussian E))).snd] gradient f
