runs/20261007-companion-priority/pbps-centered-root64/square-order-draft-v2.lean:20:2: warning: Try this: 
  letI̵

The goal is a proposition, so `let` is preferred over `letI`.
The difference between `let` and `letI` is that `letI` inlines the value.
But this is not relevant for proofs because of proof irrelevance.

Note: This linter can be disabled with `set_option linter.style.haveILetI false`
runs/20261007-companion-priority/pbps-centered-root64/square-order-draft-v2.lean:22:2: warning: Try this: 
  letI̵

The goal is a proposition, so `let` is preferred over `letI`.
The difference between `let` and `letI` is that `letI` inlines the value.
But this is not relevant for proofs because of proof irrelevance.

Note: This linter can be disabled with `set_option linter.style.haveILetI false`
runs/20261007-companion-priority/pbps-centered-root64/square-order-draft-v2.lean:25:2: warning: Try this: 
  letI̵

The goal is a proposition, so `let` is preferred over `letI`.
The difference between `let` and `letI` is that `letI` inlines the value.
But this is not relevant for proofs because of proof irrelevance.

Note: This linter can be disabled with `set_option linter.style.haveILetI false`
runs/20261007-companion-priority/pbps-centered-root64/square-order-draft-v2.lean:45:15: warning: `ContinuousLinearMap.sub_apply` has been deprecated: Use `sub_apply` instead

Note: The updated constant is in a different namespace. Dot notation may need to be changed (e.g., from `x.sub_apply` to `sub_apply x`).
runs/20261007-companion-priority/pbps-centered-root64/square-order-draft-v2.lean:45:45: warning: `ContinuousLinearMap.mul_apply` has been deprecated: Use `mul_apply_eq_comp` instead

Note: The updated constant is in a different namespace. Dot notation may need to be changed (e.g., from `x.mul_apply` to `mul_apply_eq_comp x`).
runs/20261007-companion-priority/pbps-centered-root64/square-order-draft-v2.lean:55:4: error: Type mismatch: After simplification, term
  h
 has type
  CFC.sqrt (Ac * Ac) ≤ CFC.sqrt (Bc * Bc)
but is expected to have type
  Ac ≤ Bc
runs/20261007-companion-priority/pbps-centered-root64/square-order-draft-v2.lean:61:4: error: Type mismatch
  LinearIsometry.inner_map_map e v w
has type
  @inner ℝ (↥(Lp ℂ 2 μ)) L2.innerProductSpace.toInner (e v) (e w) = inner ℝ v w
but is expected to have type
  @inner ℝ (↥(Lp ℂ 2 μ)) (Inner.rclikeToReal ℂ ↥(Lp ℂ 2 μ)) (ι v) (ι w) = inner ℝ v w
runs/20261007-companion-priority/pbps-centered-root64/square-order-draft-v2.lean:66:15: warning: `ContinuousLinearMap.sub_apply` has been deprecated: Use `sub_apply` instead

Note: The updated constant is in a different namespace. Dot notation may need to be changed (e.g., from `x.sub_apply` to `sub_apply x`).
'AutoSamplingTheory.TechnicalLemmas.Measure.L2RealSquareOrder.positive_square_order' depends on axioms: [propext,
 sorryAx,
 Classical.choice,
 Quot.sound]
