Tests/ProximalBPSCenteredDefect.lean:54:2: warning: Try this: 
  letI̵

The goal is a proposition, so `let` is preferred over `letI`.
The difference between `let` and `letI` is that `letI` inlines the value.
But this is not relevant for proofs because of proof irrelevance.

Note: This linter can be disabled with `set_option linter.style.haveILetI false`
Tests/ProximalBPSCenteredDefect.lean:55:2: warning: Try this: 
  letI̵

The goal is a proposition, so `let` is preferred over `letI`.
The difference between `let` and `letI` is that `letI` inlines the value.
But this is not relevant for proofs because of proof irrelevance.

Note: This linter can be disabled with `set_option linter.style.haveILetI false`
C59_STAGE_00
C59_STAGE_01
C59_STAGE_01_INSTANTIATED
C59_STAGE_01_LETS_REDUCED
C59_STAGE_02
C59_STAGE_03
C59_STAGE_08
Tests/ProximalBPSCenteredDefect.lean:91:4: error: Type mismatch: After simplification, term
  hn
 has type
  ‖T ↑u‖ ≤ (1 - ↑α * η) / (1 + ↑α * η) * ‖M ↑u‖
but is expected to have type
  ‖T0 u‖ ≤ (1 - ↑α * η) / (1 + ↑α * η) * ‖u‖
C59_STAGE_09
C59_STAGE_10
C59_STAGE_11
Tests/ProximalBPSCenteredDefect.lean:117:65: error: (deterministic) timeout at `isDefEq`, maximum number of heartbeats (1600000) has been reached

Note: Use `set_option maxHeartbeats <num>` to set the limit.

Hint: Additional diagnostic information may be available using the `set_option diagnostics true` command.
Tests/ProximalBPSCenteredDefect.lean:12:0: error: (deterministic) timeout at `whnf`, maximum number of heartbeats (1600000) has been reached

Note: Use `set_option maxHeartbeats <num>` to set the limit.

Hint: Additional diagnostic information may be available using the `set_option diagnostics true` command.
'Tests.ProximalBPSCenteredDefect.actual_centered_defect_coercive_and_unit' does not depend on any axioms
