⚠ [3411/3591] Replayed AutoSamplingTheory.TechnicalLemmas.Analysis.ChebyshevLobattoQuadrature
warning: AutoSamplingTheory/TechnicalLemmas/Analysis/ChebyshevLobattoQuadrature.lean:91:6: try 'simp' instead of 'simpa'

Note: This linter can be disabled with `set_option linter.unnecessarySimpa false`
⚠ [3660/3666] Replayed AutoSamplingTheory.TechnicalLemmas.Measure.CouplingQuadraticIntegrability
warning: AutoSamplingTheory/TechnicalLemmas/Measure/CouplingQuadraticIntegrability.lean:29:0: automatically included section variable(s) unused in theorem `AutoSamplingTheory.TechnicalLemmas.Measure.CouplingQuadraticIntegrability.measurePreserving_fst_of_isCoupling`:
  [NormedAddCommGroup E]
  [BorelSpace E]
  [SecondCountableTopology E]
consider restructuring your `variable` declarations so that the variables are not in scope or explicitly omit them:
  omit [NormedAddCommGroup E] [BorelSpace E] [SecondCountableTopology E] in theorem ...

Note: This linter can be disabled with `set_option linter.unusedSectionVars false`
warning: AutoSamplingTheory/TechnicalLemmas/Measure/CouplingQuadraticIntegrability.lean:38:0: automatically included section variable(s) unused in theorem `AutoSamplingTheory.TechnicalLemmas.Measure.CouplingQuadraticIntegrability.measurePreserving_snd_of_isCoupling`:
  [NormedAddCommGroup E]
  [BorelSpace E]
  [SecondCountableTopology E]
consider restructuring your `variable` declarations so that the variables are not in scope or explicitly omit them:
  omit [NormedAddCommGroup E] [BorelSpace E] [SecondCountableTopology E] in theorem ...

Note: This linter can be disabled with `set_option linter.unusedSectionVars false`
⚠ [3664/3666] Replayed AutoSamplingTheory.ExampleCases.SmoothedPicardHMC.PhaseMetric
warning: AutoSamplingTheory/ExampleCases/SmoothedPicardHMC/PhaseMetric.lean:65:64: Used `tac1 <;> tac2` where `(tac1; tac2)` would suffice

Note: This linter can be disabled with `set_option linter.unnecessarySeqFocus false`
warning: AutoSamplingTheory/ExampleCases/SmoothedPicardHMC/PhaseMetric.lean:121:6: try 'simp' instead of 'simpa'

Note: This linter can be disabled with `set_option linter.unnecessarySimpa false`
✖ [3665/3666] Building AutoSamplingTheory.ExampleCases.SmoothedPicardHMC.ActualIncrement (15s)
trace: .> LEAN_PATH=E:\Samplinglib\.lake\packages\Cli\.lake\build\lib\lean;E:\Samplinglib\.lake\packages\batteries\.lake\build\lib\lean;E:\Samplinglib\.lake\packages\Qq\.lake\build\lib\lean;E:\Samplinglib\.lake\packages\aesop\.lake\build\lib\lean;E:\Samplinglib\.lake\packages\proofwidgets\.lake\build\lib\lean;E:\Samplinglib\.lake\packages\importGraph\.lake\build\lib\lean;E:\Samplinglib\.lake\packages\LeanSearchClient\.lake\build\lib\lean;E:\Samplinglib\.lake\packages\plausible\.lake\build\lib\lean;E:\Samplinglib\.lake\packages\mathlib\.lake\build\lib\lean;E:\Samplinglib\.lake\build\lib\lean c:\Users\admin\.elan\toolchains\leanprover--lean4---v4.33.0\bin\lean.exe E:\Samplinglib\AutoSamplingTheory\ExampleCases\SmoothedPicardHMC\ActualIncrement.lean -o E:\Samplinglib\.lake\build\lib\lean\AutoSamplingTheory\ExampleCases\SmoothedPicardHMC\ActualIncrement.olean -i E:\Samplinglib\.lake\build\lib\lean\AutoSamplingTheory\ExampleCases\SmoothedPicardHMC\ActualIncrement.ilean -c E:\Samplinglib\.lake\build\ir\AutoSamplingTheory\ExampleCases\SmoothedPicardHMC\ActualIncrement.c --setup E:\Samplinglib\.lake\build\ir\AutoSamplingTheory\ExampleCases\SmoothedPicardHMC\ActualIncrement.setup.json --json
error: AutoSamplingTheory/ExampleCases/SmoothedPicardHMC/ActualIncrement.lean:89:4: linarith failed to find a contradiction
E : Type u_1
inst✝⁵ : NormedAddCommGroup E
inst✝⁴ : InnerProductSpace ℝ E
inst✝³ : FiniteDimensional ℝ E
inst✝² : CompleteSpace E
inst✝¹ : MeasurableSpace E
inst✝ : BorelSpace E
f : E → ℝ
κ h : ℝ
J : ℕ
hκ : 1 ≤ κ
hf : ContDiff ℝ 2 f
hH : ∀ (z v : E), 1 / (2 * κ) * ‖v‖ ^ 2 ≤ ((fderiv ℝ (fderiv ℝ f) z) v) v ∧ ((fderiv ℝ (fderiv ℝ f) z) v) v ≤ ‖v‖ ^ 2
hJ : 2 ≤ J
hh : 0 < h
t : Fin J → ℝ := fun i => h / 2 * (1 - Real.cos (↑↑i / (↑J - 1) * Real.pi))
ell : Fin J → Polynomial ℝ := fun j => Lagrange.basis Finset.univ t j
Λ : ℝ := sSup ((fun s => ∑ j, |Polynomial.eval s (ell j)|) '' Icc 0 h)
ω : Fin J → Fin J → ℝ := fun i j => ∫ (s : ℝ) in 0..t i, (t i - s) * Polynomial.eval s (ell j)
b : Fin J → ℝ := fun j => ∫ (s : ℝ) in 0..h, Polynomial.eval s (ell j)
c : Fin J → ℝ := fun j => ∫ (s : ℝ) in 0..h, (h - s) * Polynomial.eval s (ell j)
hstep : h * Λ ≤ 1 / (65536 * κ)
left✝⁵ : ∀ (i : Fin J), (fun i => h / 2 * (1 - Real.cos (↑↑i / (↑J - 1) * Real.pi))) i ∈ Icc 0 h
left✝⁴ : Function.Injective fun i => h / 2 * (1 - Real.cos (↑↑i / (↑J - 1) * Real.pi))
left✝³ : (fun i => h / 2 * (1 - Real.cos (↑↑i / (↑J - 1) * Real.pi))) ⟨J - 1, ⋯⟩ = h
left✝² :
  ∀ (i j : Fin J),
    Polynomial.eval ((fun i => h / 2 * (1 - Real.cos (↑↑i / (↑J - 1) * Real.pi))) j)
        ((fun j => Lagrange.basis Finset.univ (fun i => h / 2 * (1 - Real.cos (↑↑i / (↑J - 1) * Real.pi))) j) i) =
      if i = j then 1 else 0
left✝¹ :
  ∀ (s : ℝ),
    ∑ j,
        Polynomial.eval s
          ((fun j => Lagrange.basis Finset.univ (fun i => h / 2 * (1 - Real.cos (↑↑i / (↑J - 1) * Real.pi))) j) j) =
      1
left✝ :
  ∀ (i : Fin J),
    ∑ j,
          |(fun i j =>
                ∫ (s : ℝ) in 0..(fun i => h / 2 * (1 - Real.cos (↑↑i / (↑J - 1) * Real.pi))) i,
                  ((fun i => h / 2 * (1 - Real.cos (↑↑i / (↑J - 1) * Real.pi))) i - s) *
                    Polynomial.eval s
                      ((fun j =>
                          Lagrange.basis Finset.univ (fun i => h / 2 * (1 - Real.cos (↑↑i / (↑J - 1) * Real.pi))) j)
                        j))
              i j| ≤
        (fun i => h / 2 * (1 - Real.cos (↑↑i / (↑J - 1) * Real.pi))) i ^ 2 / 2 *
          sSup
            ((fun s =>
                ∑ j,
                  |Polynomial.eval s
                      ((fun j =>
                          Lagrange.basis Finset.univ (fun i => h / 2 * (1 - Real.cos (↑↑i / (↑J - 1) * Real.pi))) j)
                        j)|) ''
              Icc 0 h) ∧
      ∑ j,
          |(fun i j =>
                ∫ (s : ℝ) in 0..(fun i => h / 2 * (1 - Real.cos (↑↑i / (↑J - 1) * Real.pi))) i,
                  ((fun i => h / 2 * (1 - Real.cos (↑↑i / (↑J - 1) * Real.pi))) i - s) *
                    Polynomial.eval s
                      ((fun j =>
                          Lagrange.basis Finset.univ (fun i => h / 2 * (1 - Real.cos (↑↑i / (↑J - 1) * Real.pi))) j)
                        j))
              i j| ≤
        h ^ 2 / 2 *
          sSup
            ((fun s =>
                ∑ j,
                  |Polynomial.eval s
                      ((fun j =>
                          Lagrange.basis Finset.univ (fun i => h / 2 * (1 - Real.cos (↑↑i / (↑J - 1) * Real.pi))) j)
                        j)|) ''
              Icc 0 h)
right✝ :
  ∑ j,
      (fun j =>
          ∫ (s : ℝ) in 0..h,
            Polynomial.eval s
              ((fun j => Lagrange.basis Finset.univ (fun i => h / 2 * (1 - Real.cos (↑↑i / (↑J - 1) * Real.pi))) j) j))
        j =
    h
hΛ : 1 ≤ Λ
hk : 0 < κ
hi : 1 / (65536 * κ) ≤ 1
hh1 : h ≤ 1
hs : h ^ 2 * Λ ≤ 1
a : ℝ := Real.exp (-h / 2)
sigma : ℝ := √(1 - Real.exp (-h))
P0 : E × E → E × E → E := fun z ζ => a • z.2 + sigma • ζ.1
Y0 : E × E → E × E → Fin J → E := fun z ζ j => z.1 + t j • P0 z ζ
Y1 : E × E → E × E → Fin J → E := fun z ζ i => Y0 z ζ i - ∑ j, ω i j • gradient f (Y0 z ζ j)
Φ : (E × E) × E × E → E × E :=
  fun w =>
    (w.1.1 + h • P0 w.1 w.2 - ∑ j, c j • gradient f (Y1 w.1 w.2 j),
      a • (P0 w.1 w.2 - ∑ j, b j • gradient f (Y1 w.1 w.2 j)) + sigma • w.2.2)
hfirst :
  have a := Real.exp (-h / 2);
  have sigma := √(1 - Real.exp (-h));
  have Γ := (stdGaussian E).prod (stdGaussian E);
  have P0 := fun z ζ => a • z.2 + sigma • ζ.1;
  have Y0 := fun z ζ j => z.1 + (fun i => h / 2 * (1 - Real.cos (↑↑i / (↑J - 1) * Real.pi))) j • P0 z ζ;
  have Y1 := fun z ζ i =>
    Y0 z ζ i -
      ∑ j,
        (fun i j =>
              ∫ (s : ℝ) in 0..(fun i => h / 2 * (1 - Real.cos (↑↑i / (↑J - 1) * Real.pi))) i,
                ((fun i => h / 2 * (1 - Real.cos (↑↑i / (↑J - 1) * Real.pi))) i - s) *
                  Polynomial.eval s
                    ((fun j =>
                        Lagrange.basis Finset.univ (fun i => h / 2 * (1 - Real.cos (↑↑i / (↑J - 1) * Real.pi))) j)
                      j))
            i j •
          gradient f (Y0 z ζ j);
  have Φ := fun w =>
    (w.1.1 + h • P0 w.1 w.2 -
        ∑ j,
          (fun j =>
                ∫ (s : ℝ) in 0..h,
                  (h - s) *
                    Polynomial.eval s
                      ((fun j =>
                          Lagrange.basis Finset.univ (fun i => h / 2 * (1 - Real.cos (↑↑i / (↑J - 1) * Real.pi))) j)
                        j))
              j •
            gradient f (Y1 w.1 w.2 j),
      a •
          (P0 w.1 w.2 -
            ∑ j,
              (fun j =>
                    ∫ (s : ℝ) in 0..h,
                      Polynomial.eval s
                        ((fun j =>
                            Lagrange.basis Finset.univ (fun i => h / 2 * (1 - Real.cos (↑↑i / (↑J - 1) * Real.pi))) j)
                          j))
                  j •
                gradient f (Y1 w.1 w.2 j)) +
        sigma • w.2.2);
  Measurable Φ ∧
    (∃ K, IsMarkovKernel K ∧ ∀ (z : E × E), K z = Measure.map (fun ζ => Φ (z, ζ)) Γ) ∧
      ∀ (z z' ζ : E × E),
        have H :=
          h⁻¹ •
            ∑ j,
              (fun j =>
                    ∫ (s : ℝ) in 0..h,
                      Polynomial.eval s
                        ((fun j =>
                            Lagrange.basis Finset.univ (fun i => h / 2 * (1 - Real.cos (↑↑i / (↑J - 1) * Real.pi))) j)
                          j))
                  j •
                ∫ (u : ℝ) in 0..1,
                  InnerProductSpace.continuousLinearMapOfBilin
                    (fderiv ℝ (fderiv ℝ f) (Y1 z' ζ j + u • (Y1 z ζ j - Y1 z' ζ j)));
        have d := WithLp.toLp 2 (z.1 - z'.1, z.2 - z'.2);
        (↑H).IsSymmetric ∧
          (∀ (v : E), 1 / (2 * κ) * ‖v‖ ^ 2 ≤ ⟪H v, v⟫_ℝ ∧ ⟪H v, v⟫_ℝ ≤ ‖v‖ ^ 2) ∧
            ‖H‖ ≤ 1 ∧
              ∃ R,
                ‖R‖ ≤
                    8 *
                        sSup
                          ((fun s =>
                              ∑ j,
                                |Polynomial.eval s
                                    ((fun j =>
                                        Lagrange.basis Finset.univ
                                          (fun i => h / 2 * (1 - Real.cos (↑↑i / (↑J - 1) * Real.pi))) j)
                                      j)|) ''
                            Icc 0 h) *
                      h ^ 2 ∧
                  WithLp.toLp 2 ((Φ (z, ζ)).1 - (Φ (z', ζ)).1, (Φ (z, ζ)).2 - (Φ (z', ζ)).2) =
                    d + h • WithLp.toLp 2 (z.2 - z'.2, -H (z.1 - z'.1) - (z.2 - z'.2)) + R d
z z' ζ : E × E
H : E →L[ℝ] E :=
  h⁻¹ •
    ∑ j,
      b j •
        ∫ (u : ℝ) in 0..1,
          InnerProductSpace.continuousLinearMapOfBilin (fderiv ℝ (fderiv ℝ f) (Y1 z' ζ j + u • (Y1 z ζ j - Y1 z' ζ j)))
d : WithLp 2 (E × E) := WithLp.toLp 2 (z.1 - z'.1, z.2 - z'.2)
q : WithLp 2 (E × E) := WithLp.toLp 2 ((Φ (z, ζ)).1 - (Φ (z', ζ)).1, (Φ (z, ζ)).2 - (Φ (z', ζ)).2)
hsym : (↑H).IsSymmetric
hcurv : ∀ (v : E), 1 / (2 * κ) * ‖v‖ ^ 2 ≤ ⟪H v, v⟫_ℝ ∧ ⟪H v, v⟫_ℝ ≤ ‖v‖ ^ 2
hHnorm : ‖H‖ ≤ 1
R : WithLp 2 (E × E) →L[ℝ] WithLp 2 (E × E)
hR : ‖R‖ ≤ 8 * Λ * h ^ 2
heq : q = d + h • WithLp.toLp 2 (d.snd, -H d.fst - d.snd) + R d
hr : ‖R d‖ ≤ 8 * Λ * h ^ 2 * ‖d‖
hc : 8 / (65536 * κ) ≤ 1
hm : 8 * (h * Λ) ≤ 8 * (1 / (65536 * κ))
a✝ : 1 < 8 * h * Λ
⊢ False
failed
error: Lean exited with code 1
Some required targets logged failures:
- AutoSamplingTheory.ExampleCases.SmoothedPicardHMC.ActualIncrement
error: build failed
