{
  "status": "passed-scoped",
  "checked_commit": "63b9549ffbfee8ae81c6642bde55f299d8d7f697",
  "lean_declarations": [
    "AutoSamplingTheory.ExampleCases.SmoothedPicardHMC.ActualIncrement.source_synchronous_increment"
  ],
  "input_hashes": {
    "AutoSamplingTheory/ExampleCases/SmoothedPicardHMC/ActualIncrement.lean": {
      "raw_sha256": "4d4edcfa6fd00b915d0b90ba9ab859fc5004b664b248e8481d258af7ae1ece0b",
      "lf_sha256": "acd58deb7b0c1c8aa850f037f4694f3db922e19829b60ca91af7c038582479d7",
      "bytes": 7856,
      "git_blob_sha256": "acd58deb7b0c1c8aa850f037f4694f3db922e19829b60ca91af7c038582479d7",
      "git_lf_equal": true
    },
    "Tests/SmoothedPicardHMCActualIncrement.lean": {
      "raw_sha256": "2a3860fb239e0859d913a893381cbd44f781b54cbe578e38d26110bd4a167065",
      "lf_sha256": "7072d6c7b4764e521f359d7d504ab1340fc00a4be075820e762925440187f831",
      "bytes": 3847,
      "git_blob_sha256": "7072d6c7b4764e521f359d7d504ab1340fc00a4be075820e762925440187f831",
      "git_lf_equal": true
    },
    "AutoSamplingTheory/ExampleCases/SmoothedPicardHMC/PhaseMetric.lean": {
      "raw_sha256": "e2eb80fe4e4db9f61035cdffc6852c4b7d66f04c6a097c3193ed95efdfbb56cb",
      "lf_sha256": "e237f031fa1413c33f0a6f823ac05802646aebb9cece9d823b507b665d24565c",
      "bytes": 9071,
      "git_blob_sha256": "e237f031fa1413c33f0a6f823ac05802646aebb9cece9d823b507b665d24565c",
      "git_lf_equal": true
    },
    "AutoSamplingTheory/ExampleCases/SmoothedPicardHMC/FirstOrderDifference.lean": {
      "raw_sha256": "681d1fd911df42573523f90cfd0e1fbb1a270f28896d90897b82c19eb4313098",
      "lf_sha256": "f35de2f95a5124de2409d9b6d07fae63b0626f0b0797e6ff1d533c65cb9c83e5",
      "bytes": 27307,
      "git_blob_sha256": "f35de2f95a5124de2409d9b6d07fae63b0626f0b0797e6ff1d533c65cb9c83e5",
      "git_lf_equal": true
    },
    "AutoSamplingTheory/ExampleCases/SmoothedPicardHMC/KineticDissipation.lean": {
      "raw_sha256": "97ef2c2e5d7734248fa98a66ad28db4d225f7042fb50ae8161a80a926c748159",
      "lf_sha256": "99961d174fdbbd928785c0fa61d2af467c0907264b74f9734d1a115c7b07fae7",
      "bytes": 6396,
      "git_blob_sha256": "99961d174fdbbd928785c0fa61d2af467c0907264b74f9734d1a115c7b07fae7",
      "git_lf_equal": true
    },
    "AutoSamplingTheory/TechnicalLemmas/Analysis/ChebyshevLobattoQuadrature.lean": {
      "raw_sha256": "61e548713769439cfb41b5e8ff706eafe497747c6bba019c50098dac4ce16f3f",
      "lf_sha256": "5eb36302e86e26cc7ba7b61c4f17bb4f40093a0cbcb9b58b61f706cc523f69b3",
      "bytes": 7520,
      "git_blob_sha256": "5eb36302e86e26cc7ba7b61c4f17bb4f40093a0cbcb9b58b61f706cc523f69b3",
      "git_lf_equal": true
    },
    "AutoSamplingTheory/TechnicalLemmas/Analysis/HessianSecantOperator.lean": {
      "raw_sha256": "5fd26bfab4df6d62c7a4cfc319a2cfb6e1a7447299930a68ef6cce162e904886",
      "lf_sha256": "5fd26bfab4df6d62c7a4cfc319a2cfb6e1a7447299930a68ef6cce162e904886",
      "bytes": 6152,
      "git_blob_sha256": "5fd26bfab4df6d62c7a4cfc319a2cfb6e1a7447299930a68ef6cce162e904886",
      "git_lf_equal": true
    },
    "AutoSamplingTheory/TechnicalLemmas/Analysis/ChebyshevLobattoPositiveWeights.lean": {
      "raw_sha256": "a53db4eb58bb517d8468f3f8adfe1696e5c7630a97023ea5309ebd8021dc5860",
      "lf_sha256": "a53db4eb58bb517d8468f3f8adfe1696e5c7630a97023ea5309ebd8021dc5860",
      "bytes": 22708,
      "git_blob_sha256": "a53db4eb58bb517d8468f3f8adfe1696e5c7630a97023ea5309ebd8021dc5860",
      "git_lf_equal": true
    },
    "AutoSamplingTheory/ExampleCases/SmoothedPicardHMC/PhaseStateMoment.lean": {
      "raw_sha256": "724dbf45282c8811915aba04c3a47f83bde64acdeb14e94aefa03b39d421c5fd",
      "lf_sha256": "c08f1ee0890e1988977729b29c134d6b0b57fa6296eca4f4a976eb2302b7ffd7",
      "bytes": 2718,
      "git_blob_sha256": "c08f1ee0890e1988977729b29c134d6b0b57fa6296eca4f4a976eb2302b7ffd7",
      "git_lf_equal": true
    },
    "AutoSamplingTheory/TechnicalLemmas/Measure/CouplingQuadraticIntegrability.lean": {
      "raw_sha256": "007975e06c0fb055b26418d640595b1196a82e8c537b44af4a70c4e61b3c8376",
      "lf_sha256": "cbbff32480d47bac482f8ae52a0014817ac64a1436e1166b9a69d4cc0f3e3ead",
      "bytes": 3751,
      "git_blob_sha256": "cbbff32480d47bac482f8ae52a0014817ac64a1436e1166b9a69d4cc0f3e3ead",
      "git_lf_equal": true
    },
    "proof-blueprints/SPHMC-actual-increment.md": {
      "raw_sha256": "8c1bb2f554c9e11b822435b8cd04410ef448d1e1f1e3948429ff3e3431c17132",
      "lf_sha256": "8c1bb2f554c9e11b822435b8cd04410ef448d1e1f1e3948429ff3e3431c17132",
      "bytes": 1896,
      "git_blob_sha256": "8c1bb2f554c9e11b822435b8cd04410ef448d1e1f1e3948429ff3e3431c17132",
      "git_lf_equal": true
    },
    "research-wiki/frontier-cells/ASTIS-SW-SPHMC-actual-increment.json": {
      "raw_sha256": "658e463905c7540934a222a9eaf0da7938d55d0948aaf13b6aec15ae69e8e9e6",
      "lf_sha256": "f5f7a674052c97d642f06b446d885f0dd90792982b70d92a37a21ac422ae0532",
      "bytes": 7145,
      "git_blob_sha256": "f5f7a674052c97d642f06b446d885f0dd90792982b70d92a37a21ac422ae0532",
      "git_lf_equal": true
    },
    "lean-toolchain": {
      "raw_sha256": "b2b5068d5a4835675e651ce83b29c0ddb308d28b80076e7c007aef4630af0477",
      "lf_sha256": "302cd63c54178885b89e669f33b38f12f4dd7ae7e5cac537b3203e3768d8fb2b",
      "bytes": 26,
      "git_blob_sha256": "302cd63c54178885b89e669f33b38f12f4dd7ae7e5cac537b3203e3768d8fb2b",
      "git_lf_equal": true
    },
    "lake-manifest.json": {
      "raw_sha256": "b1f16b43aaf4a886cfe0382d5e3ae63d6904281c00afd8f35af20f0270a747e2",
      "lf_sha256": "b83ca83b9cf7caa85fa8b023c2ff9a3fb7a7cce7e1c332e810c348535ec49c37",
      "bytes": 3234,
      "git_blob_sha256": "b83ca83b9cf7caa85fa8b023c2ff9a3fb7a7cce7e1c332e810c348535ec49c37",
      "git_lf_equal": true
    },
    ".lake/packages/mathlib/Mathlib/Analysis/Normed/Lp/ProdLp.lean": {
      "raw_sha256": "71f2c826aa1a7705a70692c0c35b572da09d74f39cc1d053993334270dd561a4",
      "lf_sha256": "a20ec7881e80e422fa20c6058fbf8001225a92cd23165bf19b738d077238ece0",
      "bytes": 51752
    },
    ".lake/packages/mathlib/Mathlib/Analysis/Normed/Lp/WithLp.lean": {
      "raw_sha256": "71dcf2c1df8f2516f154c1bc85458f772283d404614afe409e98a6b7a1acdaa6",
      "lf_sha256": "b05b66fcc68f3e3e7c20aae323b880e9edd8af18e5e096a207746df8bd3e79ba",
      "bytes": 11335
    },
    ".lake/packages/mathlib/Mathlib/Analysis/InnerProductSpace/ProdL2.lean": {
      "raw_sha256": "b3a972428de5345a0c8f447c16571fde3a334a06bf4298a77ae74cfa70367a57",
      "lf_sha256": "356d8e0295d9c792f95e8ddd2104e848b2b15f3588df3ce6de6c8d8b5024fd2a",
      "bytes": 7899
    },
    ".lake/packages/mathlib/Mathlib/Analysis/Real/Sqrt.lean": {
      "raw_sha256": "0de4732159254cf6267a6fcc89e1c505f7daf81f83646edbbefe6c231368ddf5",
      "lf_sha256": "d6055b85eb3279133dd76eead0e1306032314c2c42c99b431b07e6aad654da86",
      "bytes": 19112
    },
    ".lake/packages/mathlib/Mathlib/Analysis/Normed/Operator/Basic.lean": {
      "raw_sha256": "812ad65e669e7863c9d1357e00a6d7819be80f75a8686b3e93d61b81e5dbbfc6",
      "lf_sha256": "18f967ad36db74f73667ac7bdef2a404d77226a7d33cbdef33d415e5b3e4c389",
      "bytes": 24370
    },
    ".lake/packages/mathlib/Mathlib/Analysis/SpecialFunctions/Trigonometric/Deriv.lean": {
      "raw_sha256": "ffd0e7491c181c1d458409e63c3a68dd8092c53555d414e783b56a14f9a9e16e",
      "lf_sha256": "acb42335608f66556d2683f07b390999b415d6be4e779904ba829275a1042f41",
      "bytes": 27955
    },
    "runs/20261006-companion-priority/actual-increment/source-review.json": {
      "raw_sha256": "073c493e5ef136cf0c61ed1aac7d9361b10f00e8ebfa852b92cfb1f3cc830e17",
      "lf_sha256": "7b92eabc802bd8d618faee4b1cbdc5037e5ce4d5412e606e35cbd4546f78cbf1",
      "bytes": 32441,
      "git_blob_sha256": "7b92eabc802bd8d618faee4b1cbdc5037e5ce4d5412e606e35cbd4546f78cbf1",
      "git_lf_equal": true
    },
    "runs/20261006-companion-priority/actual-increment/anonymous.decoder.json": {
      "raw_sha256": "975355c4e6e5e1d33e842932527bd44b7787f47e836d45cd6c4b255ddc1e70a1",
      "lf_sha256": "b51c44c932e87d4e274edddcb556d8aa68e785a9b4bdc63bf7e4752054392217",
      "bytes": 3761,
      "git_blob_sha256": "b51c44c932e87d4e274edddcb556d8aa68e785a9b4bdc63bf7e4752054392217",
      "git_lf_equal": true
    },
    "runs/20261006-companion-priority/actual-increment/anonymous.reconstruction.json": {
      "raw_sha256": "64092731e7a3917a918da2381715f491b5928b44a0048c33497682faf7f82f72",
      "lf_sha256": "64092731e7a3917a918da2381715f491b5928b44a0048c33497682faf7f82f72",
      "bytes": 7812,
      "git_blob_sha256": "64092731e7a3917a918da2381715f491b5928b44a0048c33497682faf7f82f72",
      "git_lf_equal": true
    },
    "website/content/publications/sphmc-actual-increment.json": {
      "raw_sha256": "e7a2a99f42bb7284ff4542da408f3d51b2f79c1a390002970b852874bed7ad9b",
      "lf_sha256": "ec248435f0ed0815d0ca7e6108474cbec8c455f502bd3f18a7e06f13f0b7da3a",
      "bytes": 7995,
      "git_blob_sha256": "ec248435f0ed0815d0ca7e6108474cbec8c455f502bd3f18a7e06f13f0b7da3a",
      "git_lf_equal": true
    },
    "website/content/declaration_lessons/sphmc-actual-increment.json": {
      "raw_sha256": "82e3bce35087859508255be337b12e089575e9b40c979847328ae30ee62e2754",
      "lf_sha256": "3e5a9441bc3203e0c17283ddb592f2d26fb7726e5fd862e9118337ae2c61a0cf",
      "bytes": 8054,
      "git_blob_sha256": "3e5a9441bc3203e0c17283ddb592f2d26fb7726e5fd862e9118337ae2c61a0cf",
      "git_lf_equal": true
    },
    "runs/20261006-companion-priority/actual-increment/source-review.result.json": {
      "raw_sha256": "f4a6e18eb90d49549c3657dd84a8217f8b5a0840faf38796d45502a6002ff3d9",
      "lf_sha256": "1fdf9eec9aa3d183aaba5392c58579de0b7bf3978d9965cc704bd6d85814f4d2",
      "bytes": 20025,
      "git_blob_sha256": "1fdf9eec9aa3d183aaba5392c58579de0b7bf3978d9965cc704bd6d85814f4d2",
      "git_lf_equal": true
    },
    "runs/20261006-companion-priority/actual-increment/source-reviewed-cell.snapshot.json": {
      "raw_sha256": "1c26d19ac12b5d5f614f4f141eb47fed64f9a18fa19d0cd890c96583c93a3766",
      "lf_sha256": "f21209f73b06183e95e7700a20f5bd05949d098037a140c1a1c0d45be6d99552",
      "bytes": 6773,
      "git_blob_sha256": "f21209f73b06183e95e7700a20f5bd05949d098037a140c1a1c0d45be6d99552",
      "git_lf_equal": true
    },
    "runs/20261006-companion-priority/actual-increment/source-review.footprint.result.json": {
      "raw_sha256": "98c91560bd1c7c1c0cb43ac225f8ed7fc25b9b7f448fb4fce95252c83ad361ad",
      "lf_sha256": "98c91560bd1c7c1c0cb43ac225f8ed7fc25b9b7f448fb4fce95252c83ad361ad",
      "bytes": 26712,
      "git_blob_sha256": "98c91560bd1c7c1c0cb43ac225f8ed7fc25b9b7f448fb4fce95252c83ad361ad",
      "git_lf_equal": true
    },
    "runs/20261006-companion-priority/actual-increment/math-review.json": {
      "raw_sha256": "a209661d7789213e2d87db40c9f870e0a3aaf506134d893ed5b652287952b655",
      "lf_sha256": "b935f3288c781b3aa37c4c97f79e7e9655c54fd3b3e830565431693a24c8f9d9",
      "bytes": 17728,
      "git_blob_sha256": "b935f3288c781b3aa37c4c97f79e7e9655c54fd3b3e830565431693a24c8f9d9",
      "git_lf_equal": true
    },
    "runs/20261006-companion-priority/actual-increment/proved-local.json": {
      "raw_sha256": "dc26f11bd777c970279959916bf223c26db3b2f3c5606c8e7c1c22b285777a7e",
      "lf_sha256": "87ad0d791461ad1ad6d2898dfa5a0b5764c0a90a8fd36f7af843c5e4344e1aba",
      "bytes": 2692,
      "git_blob_sha256": "87ad0d791461ad1ad6d2898dfa5a0b5764c0a90a8fd36f7af843c5e4344e1aba",
      "git_lf_equal": true
    },
    "research-wiki/semantic-roundtrip/audits/ASTIS-RT-20261006-SPHMCActualIncrement.json": {
      "raw_sha256": "e8a72844ae9776b8a028459ba06643f031b7a40baac67ebb6e0a54a16d6caff8",
      "lf_sha256": "2c65113ac9f5082dba53e1ee56b54358d4e06a7f65e9cd11bd351fa207841f3b",
      "bytes": 37433,
      "git_blob_sha256": "2c65113ac9f5082dba53e1ee56b54358d4e06a7f65e9cd11bd351fa207841f3b",
      "git_lf_equal": true
    }
  },
  "math_unchanged_count": 19,
  "math_changed_inputs": [
    "research-wiki/frontier-cells/ASTIS-SW-SPHMC-actual-increment.json"
  ],
  "source_audit": {
    "audit_id": "ASTIS-RT-20261006-SPHMCActualIncrement",
    "state": "accepted",
    "verdict": "equivalent-after-elaboration",
    "source_packet_sha256": "395b8fdc7b2c57d349eab6023d7d5a3ce8c051632a5710eff80931bff564dd84",
    "source_run_sha256": "8de4f9aa92762a7d3340a1152b4d2da0d7574a34629f51fee8864f8d9fc52bff",
    "original_source_run_sha256": "4c68be6c531f422f9e481630cca7757353e31ef46530bd59539a40c4b5a04f37",
    "decoder_packet_sha256": "8ec50bbd3672621fd10b7659a120611e7b1e43555825cc1abb11d17581e48a00",
    "decoder_run_sha256": "7a4e770bd9bebe5d8d6349f85c73220db89b2a59a1c03927a616f3b12cd8e22e",
    "publication_binding_sha256": "2f588683f4ae5a3e21cc8c38b1f8045d9514d7445d32b7e77e44e0d07cfa3d7c",
    "whole_module_raw_sha256": "4d4edcfa6fd00b915d0b90ba9ab859fc5004b664b248e8481d258af7ae1ece0b",
    "whole_module_lf_sha256": "acd58deb7b0c1c8aa850f037f4694f3db922e19829b60ca91af7c038582479d7",
    "private_owners": [],
    "source_review_actor": "phase_source_reviewer_20261005",
    "decoder_actor": "anonymous_decoder_20261006",
    "current_source_result": "runs/20261006-companion-priority/actual-increment/source-review.footprint.result.json",
    "footprint_reconciliation": {
      "status": "accepted-metadata-only-reconciliation",
      "original_receipt": "runs/20261006-companion-priority/actual-increment/source-review.result.json",
      "original_review_run_sha256": "4c68be6c531f422f9e481630cca7757353e31ef46530bd59539a40c4b5a04f37",
      "original_receipt_raw_sha256": "f4a6e18eb90d49549c3657dd84a8217f8b5a0840faf38796d45502a6002ff3d9",
      "snapshot": {
        "path": "runs/20261006-companion-priority/actual-increment/source-reviewed-cell.snapshot.json",
        "raw_sha256": "1c26d19ac12b5d5f614f4f141eb47fed64f9a18fa19d0cd890c96583c93a3766",
        "lf_sha256": "f21209f73b06183e95e7700a20f5bd05949d098037a140c1a1c0d45be6d99552"
      },
      "old_cell": {
        "path": "research-wiki/frontier-cells/ASTIS-SW-SPHMC-actual-increment.json",
        "raw_sha256": "1c26d19ac12b5d5f614f4f141eb47fed64f9a18fa19d0cd890c96583c93a3766",
        "lf_sha256": "f21209f73b06183e95e7700a20f5bd05949d098037a140c1a1c0d45be6d99552"
      },
      "current_cell": {
        "path": "research-wiki/frontier-cells/ASTIS-SW-SPHMC-actual-increment.json",
        "raw_sha256": "658e463905c7540934a222a9eaf0da7938d55d0948aaf13b6aec15ae69e8e9e6",
        "lf_sha256": "f5f7a674052c97d642f06b446d885f0dd90792982b70d92a37a21ac422ae0532"
      },
      "exact_structural_deltas": [
        {
          "path": "/evidence/development_boundary",
          "operation": "add",
          "new": "Focused3666, independent full mathematics, anonymous reconstruction and anti-anchored source review PASS. Exact committed verification and serialized aggregate/reader/CI remain separate; main/composition unfinished."
        },
        {
          "path": "/evidence/proof_review",
          "operation": "add",
          "new": "runs/20261006-companion-priority/actual-increment/math-review.json"
        },
        {
          "path": "/reuse_plan/searched_existing/0",
          "old": "Existing actual FirstOrderDifference exact Phi/H/R API and newly callable unchanged source Q/comparison APIs; no old private copies or supplied certificates",
          "new": "Samplinglib: Existing actual FirstOrderDifference exact Phi/H/R API and newly callable unchanged source Q/comparison APIs; no old private copies or supplied certificates"
        },
        {
          "path": "/shared_floor_audit/searched/0",
          "old": "Existing actual FirstOrderDifference exact Phi/H/R API and newly callable unchanged source Q/comparison APIs; no old private copies or supplied certificates",
          "new": "Samplinglib: Existing actual FirstOrderDifference exact Phi/H/R API and newly callable unchanged source Q/comparison APIs; no old private copies or supplied certificates"
        },
        {
          "path": "/status",
          "old": "claimed",
          "new": "proved_locally"
        }
      ],
      "unchanged_input_checks": [
        {
          "path": "runs/20261006-companion-priority/actual-increment/source-review.json",
          "raw_unchanged": true,
          "lf_unchanged": true
        },
        {
          "path": "runs/20261006-companion-priority/actual-increment/anonymous.decoder.json",
          "raw_unchanged": true,
          "lf_unchanged": true
        },
        {
          "path": "runs/20261006-companion-priority/actual-increment/anonymous.reconstruction.json",
          "raw_unchanged": true,
          "lf_unchanged": true
        },
        {
          "path": "AutoSamplingTheory/ExampleCases/SmoothedPicardHMC/ActualIncrement.lean",
          "raw_unchanged": true,
          "lf_unchanged": true
        },
        {
          "path": "Tests/SmoothedPicardHMCActualIncrement.lean",
          "raw_unchanged": true,
          "lf_unchanged": true
        },
        {
          "path": "website/content/publications/sphmc-actual-increment.json",
          "raw_unchanged": true,
          "lf_unchanged": true
        },
        {
          "path": "website/content/declaration_lessons/sphmc-actual-increment.json",
          "raw_unchanged": true,
          "lf_unchanged": true
        },
        {
          "path": "research-wiki/frontier-cells/ASTIS-SW-SPHMC-actual-increment.json",
          "raw_unchanged": false,
          "lf_unchanged": false
        },
        {
          "path": "lean-toolchain",
          "raw_unchanged": true,
          "lf_unchanged": true
        },
        {
          "path": "lake-manifest.json",
          "raw_unchanged": true,
          "lf_unchanged": true
        },
        {
          "path": "AutoSamplingTheory/ExampleCases/SmoothedPicardHMC/FirstOrderDifference.lean",
          "raw_unchanged": true,
          "lf_unchanged": true
        },
        {
          "path": "AutoSamplingTheory/ExampleCases/SmoothedPicardHMC/PhaseMetric.lean",
          "raw_unchanged": true,
          "lf_unchanged": true
        },
        {
          "path": "AutoSamplingTheory/TechnicalLemmas/Analysis/ChebyshevLobattoQuadrature.lean",
          "raw_unchanged": true,
          "lf_unchanged": true
        },
        {
          "path": ".lake/packages/mathlib/Mathlib/Analysis/Normed/Lp/ProdLp.lean",
          "raw_unchanged": true,
          "lf_unchanged": true
        },
        {
          "path": ".lake/packages/mathlib/Mathlib/Analysis/Normed/Operator/Basic.lean",
          "raw_unchanged": true,
          "lf_unchanged": true
        }
      ],
      "unchanged_targets": "Every cell JSON value outside the five listed paths; all source/target/parents/reuse declarations/assumptions/formulas/code/Test/lesson/publication/anonymous packet/reconstruction/decoder/source-facing contexts unchanged. Exact remaining inputs validated at raw and LF byte level.",
      "reuse_statement": "Preserve original scoped equivalent-after-elaboration decision and complete seven-slot/whole-module proof review. Update only current cell whole-file footprint. No new mathematical/source-equivalence credit, completion claim, compilation or verification transition.",
      "line_ending_definition": "LF hash replaces CRLF bytes with LF; raw hashes preserve exact bytes. Current cell contains110 ordinary CRLF and zero CRCRLF."
    }
  },
  "fake_closure_scan": {
    "status": "PASS",
    "files": [
      "AutoSamplingTheory/ExampleCases/SmoothedPicardHMC/ActualIncrement.lean",
      "Tests/SmoothedPicardHMCActualIncrement.lean",
      "AutoSamplingTheory/ExampleCases/SmoothedPicardHMC/PhaseMetric.lean",
      "AutoSamplingTheory/ExampleCases/SmoothedPicardHMC/FirstOrderDifference.lean",
      "AutoSamplingTheory/ExampleCases/SmoothedPicardHMC/KineticDissipation.lean",
      "AutoSamplingTheory/TechnicalLemmas/Analysis/ChebyshevLobattoQuadrature.lean",
      "AutoSamplingTheory/TechnicalLemmas/Analysis/HessianSecantOperator.lean",
      "AutoSamplingTheory/TechnicalLemmas/Analysis/ChebyshevLobattoPositiveWeights.lean",
      "AutoSamplingTheory/ExampleCases/SmoothedPicardHMC/PhaseStateMoment.lean",
      "AutoSamplingTheory/TechnicalLemmas/Measure/CouplingQuadraticIntegrability.lean"
    ],
    "hits": [],
    "standard_axioms": [
      "propext",
      "Classical.choice",
      "Quot.sound"
    ],
    "unrecognized_axioms": []
  },
  "source_history": "Original anti-anchored whole-module source review retained; independently verified exact5metadata delta/current17artifact footprints and recovered original snapshot; no new proof credit."
}
