research-wiki/sampling-sde-library/cards/AutoSamplingTheory.ExampleCases.SmoothedPicardHMC.PartialMomentumRefresh.md:5: trailing whitespace.
+- Purpose: 
research-wiki/sampling-sde-library/cards/AutoSamplingTheory.ExampleCases.SmoothedPicardHMC.PartialMomentumRefresh.md:6: trailing whitespace.
+- Mathlib-quality status: 
research-wiki/sampling-sde-library/cards/AutoSamplingTheory.ExampleCases.SmoothedPicardHMC.PicardInputLaw.md:5: trailing whitespace.
+- Purpose: 
research-wiki/sampling-sde-library/cards/AutoSamplingTheory.ExampleCases.SmoothedPicardHMC.PicardInputLaw.md:6: trailing whitespace.
+- Mathlib-quality status: 
research-wiki/sampling-sde-library/cards/AutoSamplingTheory.TechnicalLemmas.InformationTheory.CanonicalFisherTransportPairing.md:5: trailing whitespace.
+- Purpose: 
research-wiki/sampling-sde-library/cards/AutoSamplingTheory.TechnicalLemmas.InformationTheory.CanonicalFisherTransportPairing.md:6: trailing whitespace.
+- Mathlib-quality status: 
research-wiki/sampling-sde-library/cards/AutoSamplingTheory.TechnicalLemmas.Probability.ConditionalResampling.md:5: trailing whitespace.
+- Purpose: 
research-wiki/sampling-sde-library/cards/AutoSamplingTheory.TechnicalLemmas.Probability.ConditionalResampling.md:6: trailing whitespace.
+- Mathlib-quality status: 
research-wiki/sampling-sde-library/cards/AutoSamplingTheory.TechnicalLemmas.Probability.CoordinateHeatBath.md:5: trailing whitespace.
+- Purpose: 
research-wiki/sampling-sde-library/cards/AutoSamplingTheory.TechnicalLemmas.Probability.CoordinateHeatBath.md:6: trailing whitespace.
+- Mathlib-quality status: 
research-wiki/sampling-sde-library/cards/AutoSamplingTheory.TechnicalLemmas.Probability.CoordinateHeatBathConditional.md:5: trailing whitespace.
+- Purpose: 
research-wiki/sampling-sde-library/cards/AutoSamplingTheory.TechnicalLemmas.Probability.CoordinateHeatBathConditional.md:6: trailing whitespace.
+- Mathlib-quality status: 
research-wiki/sampling-sde-library/cards/AutoSamplingTheory.TechnicalLemmas.Probability.HeatBath.md:5: trailing whitespace.
+- Purpose: 
research-wiki/sampling-sde-library/cards/AutoSamplingTheory.TechnicalLemmas.Probability.HeatBath.md:6: trailing whitespace.
+- Mathlib-quality status: 
research-wiki/sampling-sde-library/cards/AutoSamplingTheory.TechnicalLemmas.Probability.KernelInvariance.md:5: trailing whitespace.
+- Purpose: 
research-wiki/sampling-sde-library/cards/AutoSamplingTheory.TechnicalLemmas.Probability.KernelInvariance.md:6: trailing whitespace.
+- Mathlib-quality status: 
research-wiki/sampling-sde-library/cards/AutoSamplingTheory.TechnicalLemmas.Probability.KernelMixture.md:5: trailing whitespace.
+- Purpose: 
research-wiki/sampling-sde-library/cards/AutoSamplingTheory.TechnicalLemmas.Probability.KernelMixture.md:6: trailing whitespace.
+- Mathlib-quality status: 
research-wiki/sampling-sde-library/cards/AutoSamplingTheory.TechnicalLemmas.Probability.KernelReversibility.md:5: trailing whitespace.
+- Purpose: 
research-wiki/sampling-sde-library/cards/AutoSamplingTheory.TechnicalLemmas.Probability.KernelReversibility.md:6: trailing whitespace.
+- Mathlib-quality status: 
research-wiki/sampling-sde-library/cards/AutoSamplingTheory.TechnicalLemmas.Probability.KernelTransport.md:5: trailing whitespace.
+- Purpose: 
research-wiki/sampling-sde-library/cards/AutoSamplingTheory.TechnicalLemmas.Probability.KernelTransport.md:6: trailing whitespace.
+- Mathlib-quality status: 
research-wiki/sampling-sde-library/cards/AutoSamplingTheory.TechnicalLemmas.Probability.RandomScanHeatBath.md:5: trailing whitespace.
+- Purpose: 
research-wiki/sampling-sde-library/cards/AutoSamplingTheory.TechnicalLemmas.Probability.RandomScanHeatBath.md:6: trailing whitespace.
+- Mathlib-quality status: 
research-wiki/sampling-sde-library/cards/AutoSamplingTheory.TechnicalLemmas.Probability.RandomScanHeatBathReversibility.md:5: trailing whitespace.
+- Purpose: 
research-wiki/sampling-sde-library/cards/AutoSamplingTheory.TechnicalLemmas.Probability.RandomScanHeatBathReversibility.md:6: trailing whitespace.
+- Mathlib-quality status: 
research-wiki/sampling-sde-library/cards/AutoSamplingTheory.TechnicalLemmas.Probability.StdGaussianMoment.md:5: trailing whitespace.
+- Purpose: 
research-wiki/sampling-sde-library/cards/AutoSamplingTheory.TechnicalLemmas.Probability.StdGaussianMoment.md:6: trailing whitespace.
+- Mathlib-quality status: 
