{
  "cell": "ASTIS-SHARED-unit-exponential-product",
  "status": "graph coverage checked",
  "contributions": [
    {
      "node": "decl:AutoSamplingTheory.TechnicalLemmas.Probability.UnitExponentialProduct.unit_exponential_product_laws",
      "focus": "lean-foundations.html?view=lean&focus=decl%3AAutoSamplingTheory.TechnicalLemmas.Probability.UnitExponentialProduct.unit_exponential_product_laws&q=AutoSamplingTheory.TechnicalLemmas.Probability.UnitExponentialProduct.unit_exponential_product_laws",
      "connections": [
        {
          "source": "decl:AutoSamplingTheory.TechnicalLemmas.Probability.UnitExponentialProduct.unit_exponential_product_laws",
          "target": "semantic-audit:ASTIS-RT-20261010-UnitExponentialProduct",
          "relation": "Lean target under audit"
        },
        {
          "source": "module:AutoSamplingTheory.TechnicalLemmas.Probability.UnitExponentialProduct",
          "target": "decl:AutoSamplingTheory.TechnicalLemmas.Probability.UnitExponentialProduct.unit_exponential_product_laws",
          "relation": "declares"
        },
        {
          "source": "decl:AutoSamplingTheory.TechnicalLemmas.Probability.UnitExponentialProduct.unit_exponential_product_laws",
          "target": "case:ASTIS-SW-PBPS-2026",
          "relation": "source correspondence; not a Lean dependency"
        }
      ],
      "omitted_connections": 0
    }
  ],
  "boundary": "Reference scans are incomplete. Inspect the affected view; this report is not visual QA or a proof certificate."
}
