59:theorem real_inner_comm (x y : F) : ⟪y, x⟫_ℝ = ⟪x, y⟫_ℝ :=
72:theorem inner_add_left (x y z : E) : ⟪x + y, z⟫ = ⟪x, z⟫ + ⟪y, z⟫ :=
76:  rw [← inner_conj_symm, inner_add_left, map_add]
131:  LinearMap.mk₂'ₛₗ _ _ (fun v w => ⟪v, w⟫) inner_add_left (fun _ _ _ => inner_smul_left _ _ _)
148:  exact real_inner_comm v w
241:  simp [sub_eq_add_neg, inner_add_left]
243:theorem inner_sub_right (x y z : E) : ⟪x, y - z⟫ = ⟪x, y⟫ - ⟪x, z⟫ := by
252:  simp only [inner_add_left, inner_add_right]; ring
263:  simp only [inner_sub_left, inner_sub_right]; ring
287:      rw [real_inner_comm y, ← norm_mul]
292:  rw [inner_sub_right, sub_eq_zero, inner_self_eq_norm_sq_to_K, eq_comm]
323:  rw [← sub_eq_zero, ← @inner_self_eq_zero 𝕜, inner_sub_right, sub_eq_zero, h (x - y)]
409:theorem norm_add_sq_real (x y : F) : ‖x + y‖ ^ 2 = ‖x‖ ^ 2 + 2 * ⟪x, y⟫_ℝ + ‖y‖ ^ 2 := by
413:alias norm_add_pow_two_real := norm_add_sq_real
435:theorem norm_sub_sq_real (x y : F) : ‖x - y‖ ^ 2 = ‖x‖ ^ 2 - 2 * ⟪x, y⟫_ℝ + ‖y‖ ^ 2 :=
438:alias norm_sub_pow_two_real := norm_sub_sq_real
600:  simp only [← @inner_self_eq_norm_mul_norm ℝ, inner_add_left, inner_sub_right, real_inner_comm y x,
608:    zero_sub, add_zero, map_add, inner_add_right, inner_sub_left, inner_sub_right, inner_re_symm,
861:  simp only [inner_sub_left, inner_sub_right]
887:    add_left x y z := by rw [map_add, inner_add_left]
950:      simp +instances only [Inner.rclikeToReal, inner_add_left, map_add]
1008:  eq x y := by simp [real_inner_comm]
