{
  "cell": "ASTIS-SW-SPHMC-standardized-rgo-kl-fisher",
  "status": "graph coverage checked",
  "contributions": [
    {
      "node": "decl:AutoSamplingTheory.ExampleCases.SmoothedPicardHMC.StandardizedRGOKLFisher.standardized_rgo_unique_prox_and_kl_le_fisher",
      "focus": "lean-foundations.html?view=lean&focus=decl%3AAutoSamplingTheory.ExampleCases.SmoothedPicardHMC.StandardizedRGOKLFisher.standardized_rgo_unique_prox_and_kl_le_fisher&q=AutoSamplingTheory.ExampleCases.SmoothedPicardHMC.StandardizedRGOKLFisher.standardized_rgo_unique_prox_and_kl_le_fisher",
      "connections": [
        {
          "source": "decl:AutoSamplingTheory.ExampleCases.SmoothedPicardHMC.StandardizedRGOKLFisher.standardized_rgo_unique_prox_and_kl_le_fisher",
          "target": "semantic-audit:ASTIS-RT-20261007-StandardizedRGOKLFisher",
          "relation": "Lean target under audit"
        },
        {
          "source": "module:AutoSamplingTheory.ExampleCases.SmoothedPicardHMC.StandardizedRGOKLFisher",
          "target": "decl:AutoSamplingTheory.ExampleCases.SmoothedPicardHMC.StandardizedRGOKLFisher.standardized_rgo_unique_prox_and_kl_le_fisher",
          "relation": "declares"
        },
        {
          "source": "decl:AutoSamplingTheory.ExampleCases.SmoothedPicardHMC.StandardizedRGOKLFisher.standardized_rgo_unique_prox_and_kl_le_fisher",
          "target": "case:ASTIS-SW-SPHMC-2026",
          "relation": "source correspondence; not a Lean dependency"
        },
        {
          "source": "decl:AutoSamplingTheory.TechnicalLemmas.FunctionalInequalities.GaussianLogSobolev.gaussian_logSobolev_of_contDiff",
          "target": "decl:AutoSamplingTheory.ExampleCases.SmoothedPicardHMC.StandardizedRGOKLFisher.standardized_rgo_unique_prox_and_kl_le_fisher",
          "relation": "source reference (scanner)"
        }
      ],
      "omitted_connections": 0
    }
  ],
  "boundary": "Reference scans are incomplete. Inspect the affected view; this report is not visual QA or a proof certificate."
}
