{
  "cell": "ASTIS-SW-SPHMC-standardized-rgo-kl-fisher",
  "targets": [
    {
      "declaration": "AutoSamplingTheory.ExampleCases.SmoothedPicardHMC.StandardizedRGOKLFisher.standardized_rgo_unique_prox_and_kl_le_fisher",
      "source_item": "standardized-rgo-kl-fisher",
      "lesson": "authored",
      "audit_id": "ASTIS-RT-20261007-StandardizedRGOKLFisher",
      "audit_state": "accepted",
      "publication_binding_sha256": "c81d9b19bf06b8e671471c09d188a93131301958b5752154a5bfcff744ba040a",
      "remaining_boundary": "Authored sufficient same-unique-prox canonical KL<=Fisher/2 leaf for the literal standardized RGO. Exact source normalized C2/Hessian assumptions; all positive eta, actual measurable-family extension incl rank0. Probability/AC/finite KL/scoreL2 and same witness are internally derived. Coherent32/33 actual rho/Z/q/f/r transported by uniqueness, true Gaussian functionLSI42 coefficient2 and actual32 energyquarter. No extra witness/coherence/density/law/desiredbound certificate. GaussianT2/W2/FIRST4.6/fullW12/sampling/both mains/error/work/expectedcost/main/live/PURIFIED remain separate. Actual focused3826 PASS; independent wholeproof/blind/source/exactcommit/shared admission pending."
    }
  ],
  "graph_check": "python3 tools/astis_publication.py graph-check --cell ASTIS-SW-SPHMC-standardized-rgo-kl-fisher",
  "missing": [],
  "next": [
    "Run the smallest focused Lean test.",
    "Reuse unchanged source/lesson/audit records; never reuse a stale binding.",
    "For a new/changed theorem, use astis-semantic-roundtrip: anonymous decoder → independent anti-anchored source review → separate repair review if needed.",
    "Run tools/astis_publication.py check --base <base commit> before stabilization."
  ],
  "boundary": "This coordinator packet is NOT decoder input. It deliberately contains source identity."
}
