AutoSamplingTheory/ExampleCases/ProximalBPS/SharpCorrectorEnergy.lean:22:5: warning: Variable name `hα` is not explicitly referenced.

Hint: The binding can be removed (if unused) or named `_` (if used implicitly). Alternatively, prefix the name with `_` to silence this warning:
  [apply] _hα

Note: This linter can be disabled with `set_option linter.unusedVariables false`
AutoSamplingTheory/ExampleCases/ProximalBPS/SharpCorrectorEnergy.lean:22:24: warning: Variable name `hαβ` is not explicitly referenced.

Hint: The binding can be removed (if unused) or named `_` (if used implicitly). Alternatively, prefix the name with `_` to silence this warning:
  [apply] _hαβ

Note: This linter can be disabled with `set_option linter.unusedVariables false`
AutoSamplingTheory/ExampleCases/ProximalBPS/SharpCorrectorEnergy.lean:22:38: warning: Variable name `hV` is not explicitly referenced.

Hint: The binding can be removed (if unused) or named `_` (if used implicitly). Alternatively, prefix the name with `_` to silence this warning:
  [apply] _hV

Note: This linter can be disabled with `set_option linter.unusedVariables false`
AutoSamplingTheory/ExampleCases/ProximalBPS/SharpCorrectorEnergy.lean:23:5: warning: Variable name `hH` is not explicitly referenced.

Hint: The binding can be removed (if unused) or named `_` (if used implicitly). Alternatively, prefix the name with `_` to silence this warning:
  [apply] _hH

Note: This linter can be disabled with `set_option linter.unusedVariables false`
AutoSamplingTheory/ExampleCases/ProximalBPS/SharpCorrectorEnergy.lean:26:5: warning: Variable name `hη` is not explicitly referenced.

Hint: The binding can be removed (if unused) or named `_` (if used implicitly). Alternatively, prefix the name with `_` to silence this warning:
  [apply] _hη

Note: This linter can be disabled with `set_option linter.unusedVariables false`
AutoSamplingTheory/ExampleCases/ProximalBPS/SharpCorrectorEnergy.lean:26:18: warning: Variable name `hβη` is not explicitly referenced.

Hint: The binding can be removed (if unused) or named `_` (if used implicitly). Alternatively, prefix the name with `_` to silence this warning:
  [apply] _hβη

Note: This linter can be disabled with `set_option linter.unusedVariables false`
AutoSamplingTheory/ExampleCases/ProximalBPS/SharpCorrectorEnergy.lean:153:2: warning: Try this: 
  letI̵

The goal is a proposition, so `let` is preferred over `letI`.
The difference between `let` and `letI` is that `letI` inlines the value.
But this is not relevant for proofs because of proof irrelevance.

Note: This linter can be disabled with `set_option linter.style.haveILetI false`
AutoSamplingTheory/ExampleCases/ProximalBPS/SharpCorrectorEnergy.lean:154:2: warning: Try this: 
  letI̵

The goal is a proposition, so `let` is preferred over `letI`.
The difference between `let` and `letI` is that `letI` inlines the value.
But this is not relevant for proofs because of proof irrelevance.

Note: This linter can be disabled with `set_option linter.style.haveILetI false`
AutoSamplingTheory/ExampleCases/ProximalBPS/SharpCorrectorEnergy.lean:156:2: warning: Try this: 
  letI̵

The goal is a proposition, so `let` is preferred over `letI`.
The difference between `let` and `letI` is that `letI` inlines the value.
But this is not relevant for proofs because of proof irrelevance.

Note: This linter can be disabled with `set_option linter.style.haveILetI false`
AutoSamplingTheory/ExampleCases/ProximalBPS/SharpCorrectorEnergy.lean:157:2: warning: Try this: 
  letI̵

The goal is a proposition, so `let` is preferred over `letI`.
The difference between `let` and `letI` is that `letI` inlines the value.
But this is not relevant for proofs because of proof irrelevance.

Note: This linter can be disabled with `set_option linter.style.haveILetI false`
AutoSamplingTheory/ExampleCases/ProximalBPS/SharpCorrectorEnergy.lean:312:2: warning: Try this: 
  letI̵

The goal is a proposition, so `let` is preferred over `letI`.
The difference between `let` and `letI` is that `letI` inlines the value.
But this is not relevant for proofs because of proof irrelevance.

Note: This linter can be disabled with `set_option linter.style.haveILetI false`
AutoSamplingTheory/ExampleCases/ProximalBPS/SharpCorrectorEnergy.lean:313:2: warning: Try this: 
  letI̵

The goal is a proposition, so `let` is preferred over `letI`.
The difference between `let` and `letI` is that `letI` inlines the value.
But this is not relevant for proofs because of proof irrelevance.

Note: This linter can be disabled with `set_option linter.style.haveILetI false`
AutoSamplingTheory/ExampleCases/ProximalBPS/SharpCorrectorEnergy.lean:314:2: warning: Try this: 
  letI̵

The goal is a proposition, so `let` is preferred over `letI`.
The difference between `let` and `letI` is that `letI` inlines the value.
But this is not relevant for proofs because of proof irrelevance.

Note: This linter can be disabled with `set_option linter.style.haveILetI false`
AutoSamplingTheory/ExampleCases/ProximalBPS/SharpCorrectorEnergy.lean:316:2: warning: Try this: 
  letI̵

The goal is a proposition, so `let` is preferred over `letI`.
The difference between `let` and `letI` is that `letI` inlines the value.
But this is not relevant for proofs because of proof irrelevance.

Note: This linter can be disabled with `set_option linter.style.haveILetI false`
AutoSamplingTheory/ExampleCases/ProximalBPS/SharpCorrectorEnergy.lean:317:2: warning: Try this: 
  letI̵

The goal is a proposition, so `let` is preferred over `letI`.
The difference between `let` and `letI` is that `letI` inlines the value.
But this is not relevant for proofs because of proof irrelevance.

Note: This linter can be disabled with `set_option linter.style.haveILetI false`
AutoSamplingTheory/ExampleCases/ProximalBPS/SharpCorrectorEnergy.lean:318:2: warning: Try this: 
  letI̵

The goal is a proposition, so `let` is preferred over `letI`.
The difference between `let` and `letI` is that `letI` inlines the value.
But this is not relevant for proofs because of proof irrelevance.

Note: This linter can be disabled with `set_option linter.style.haveILetI false`
AutoSamplingTheory/ExampleCases/ProximalBPS/SharpCorrectorEnergy.lean:138:2: warning: Unused tactic linter: `run_tac
  do
    let _ ← IO.FS.writeFile ".astis/pbps-sharp-energy68/stage11-00.log" "proof-entry\n"
    pure ()` does nothing

Note: This linter can be disabled with `set_option linter.unusedTactic false`
AutoSamplingTheory/ExampleCases/ProximalBPS/SharpCorrectorEnergy.lean:142:2: warning: Unused tactic linter: `run_tac
  do
    let _ ← IO.FS.writeFile ".astis/pbps-sharp-energy68/stage11-01.log" "before-unfold\n"
    pure ()` does nothing

Note: This linter can be disabled with `set_option linter.unusedTactic false`
AutoSamplingTheory/ExampleCases/ProximalBPS/SharpCorrectorEnergy.lean:145:2: warning: Unused tactic linter: `run_tac
  do
    let _ ← IO.FS.writeFile ".astis/pbps-sharp-energy68/stage11-02.log" "after-unfold\n"
    pure ()` does nothing

Note: This linter can be disabled with `set_option linter.unusedTactic false`
AutoSamplingTheory/ExampleCases/ProximalBPS/SharpCorrectorEnergy.lean:160:2: warning: Unused tactic linter: `run_tac
  do
    let _ ← IO.FS.writeFile ".astis/pbps-sharp-energy68/stage11-03.log" "before-parent-call\n"
    pure ()` does nothing

Note: This linter can be disabled with `set_option linter.unusedTactic false`
AutoSamplingTheory/ExampleCases/ProximalBPS/SharpCorrectorEnergy.lean:165:2: warning: Unused tactic linter: `run_tac
  do
    let _ ← IO.FS.writeFile ".astis/pbps-sharp-energy68/stage11-04.log" "before-parent-projections\n"
    pure ()` does nothing

Note: This linter can be disabled with `set_option linter.unusedTactic false`
AutoSamplingTheory/ExampleCases/ProximalBPS/SharpCorrectorEnergy.lean:190:2: warning: Unused tactic linter: `run_tac
  do
    let _ ← IO.FS.writeFile ".astis/pbps-sharp-energy68/projection11-10.log" "parent field 10 extracted\n"
    pure ()` does nothing

Note: This linter can be disabled with `set_option linter.unusedTactic false`
AutoSamplingTheory/ExampleCases/ProximalBPS/SharpCorrectorEnergy.lean:216:2: warning: Unused tactic linter: `run_tac
  do
    let _ ← IO.FS.writeFile ".astis/pbps-sharp-energy68/projection11-23.log" "parent field 23 extracted\n"
    pure ()` does nothing

Note: This linter can be disabled with `set_option linter.unusedTactic false`
AutoSamplingTheory/ExampleCases/ProximalBPS/SharpCorrectorEnergy.lean:239:2: warning: Unused tactic linter: `run_tac
  do
    let _ ← IO.FS.writeFile ".astis/pbps-sharp-energy68/projection11-34.log" "parent field 34 extracted\n"
    pure ()` does nothing

Note: This linter can be disabled with `set_option linter.unusedTactic false`
AutoSamplingTheory/ExampleCases/ProximalBPS/SharpCorrectorEnergy.lean:268:2: warning: Unused tactic linter: `run_tac
  do
    let _ ← IO.FS.writeFile ".astis/pbps-sharp-energy68/projection11-48.log" "parent field 48 extracted\n"
    pure ()` does nothing

Note: This linter can be disabled with `set_option linter.unusedTactic false`
AutoSamplingTheory/ExampleCases/ProximalBPS/SharpCorrectorEnergy.lean:294:2: warning: Unused tactic linter: `run_tac
  do
    let _ ← IO.FS.writeFile ".astis/pbps-sharp-energy68/projection11-61.log" "parent field 61 extracted\n"
    pure ()` does nothing

Note: This linter can be disabled with `set_option linter.unusedTactic false`
AutoSamplingTheory/ExampleCases/ProximalBPS/SharpCorrectorEnergy.lean:303:2: warning: Unused tactic linter: `run_tac
  do
    let _ ← IO.FS.writeFile ".astis/pbps-sharp-energy68/stage11-05.log" "after-parent-projections\n"
    pure ()` does nothing

Note: This linter can be disabled with `set_option linter.unusedTactic false`
AutoSamplingTheory/ExampleCases/ProximalBPS/SharpCorrectorEnergy.lean:333:2: warning: Unused tactic linter: `run_tac
  do
    let _ ← IO.FS.writeFile ".astis/pbps-sharp-energy68/stage11-06.log" "before-coefficient\n"
    pure ()` does nothing

Note: This linter can be disabled with `set_option linter.unusedTactic false`
AutoSamplingTheory/ExampleCases/ProximalBPS/SharpCorrectorEnergy.lean:352:2: warning: Unused tactic linter: `run_tac
  do
    let _ ← IO.FS.writeFile ".astis/pbps-sharp-energy68/stage11-07.log" "after-coefficient\n"
    pure ()` does nothing

Note: This linter can be disabled with `set_option linter.unusedTactic false`
AutoSamplingTheory/ExampleCases/ProximalBPS/SharpCorrectorEnergy.lean:360:2: warning: Unused tactic linter: `run_tac
  do
    let _ ← IO.FS.writeFile ".astis/pbps-sharp-energy68/stage11-08.log" "before-pair\n"
    pure ()` does nothing

Note: This linter can be disabled with `set_option linter.unusedTactic false`
AutoSamplingTheory/ExampleCases/ProximalBPS/SharpCorrectorEnergy.lean:366:4: warning: Unused tactic linter: `run_tac
  do
    let _ ← IO.FS.writeFile ".astis/pbps-sharp-energy68/stage11-09.log" "after-generic-leaf\n"
    pure ()` does nothing

Note: This linter can be disabled with `set_option linter.unusedTactic false`
AutoSamplingTheory/ExampleCases/ProximalBPS/SharpCorrectorEnergy.lean:373:8: warning: Unused tactic linter: `run_tac
  do
    let _ ← IO.FS.writeFile ".astis/pbps-sharp-energy68/stage11-10.log" "before-ratio-simplification\n"
    pure ()` does nothing

Note: This linter can be disabled with `set_option linter.unusedTactic false`
AutoSamplingTheory/ExampleCases/ProximalBPS/SharpCorrectorEnergy.lean:377:2: warning: Unused tactic linter: `run_tac
  do
    let _ ← IO.FS.writeFile ".astis/pbps-sharp-energy68/stage11-11.log" "after-pair\n"
    pure ()` does nothing

Note: This linter can be disabled with `set_option linter.unusedTactic false`
AutoSamplingTheory/ExampleCases/ProximalBPS/SharpCorrectorEnergy.lean:390:4: warning: Unused tactic linter: `run_tac
  do
    let _ ← IO.FS.writeFile ".astis/pbps-sharp-energy68/global11-intro.log" "after global input introduction\n"
    pure ()` does nothing

Note: This linter can be disabled with `set_option linter.unusedTactic false`
AutoSamplingTheory/ExampleCases/ProximalBPS/SharpCorrectorEnergy.lean:394:4: warning: Unused tactic linter: `run_tac
  do
    let _ ← IO.FS.writeFile ".astis/pbps-sharp-energy68/global11-witness.log" "after global witness elimination\n"
    pure ()` does nothing

Note: This linter can be disabled with `set_option linter.unusedTactic false`
AutoSamplingTheory/ExampleCases/ProximalBPS/SharpCorrectorEnergy.lean:404:4: warning: Unused tactic linter: `run_tac
  do
    let _ ← IO.FS.writeFile ".astis/pbps-sharp-energy68/stage11-13.log" "before-budget\n"
    pure ()` does nothing

Note: This linter can be disabled with `set_option linter.unusedTactic false`
AutoSamplingTheory/ExampleCases/ProximalBPS/SharpCorrectorEnergy.lean:410:4: warning: Unused tactic linter: `run_tac
  do
    let _ ← IO.FS.writeFile ".astis/pbps-sharp-energy68/stage11-14.log" "after-budget\n"
    pure ()` does nothing

Note: This linter can be disabled with `set_option linter.unusedTactic false`
AutoSamplingTheory/ExampleCases/ProximalBPS/SharpCorrectorEnergy.lean:416:2: warning: Unused tactic linter: `run_tac
  do
    let _ ← IO.FS.writeFile ".astis/pbps-sharp-energy68/reassembly11-unfold.log" "after target unfold\n"
    pure ()` does nothing

Note: This linter can be disabled with `set_option linter.unusedTactic false`
AutoSamplingTheory/ExampleCases/ProximalBPS/SharpCorrectorEnergy.lean:420:2: warning: Unused tactic linter: `run_tac
  do
    let _ ← IO.FS.writeFile ".astis/pbps-sharp-energy68/reassembly11-01.log" "after constructor 1\n"
    pure ()` does nothing

Note: This linter can be disabled with `set_option linter.unusedTactic false`
AutoSamplingTheory/ExampleCases/ProximalBPS/SharpCorrectorEnergy.lean:427:2: warning: Unused tactic linter: `run_tac
  do
    let _ ← IO.FS.writeFile ".astis/pbps-sharp-energy68/reassembly11-05.log" "after constructor 5\n"
    pure ()` does nothing

Note: This linter can be disabled with `set_option linter.unusedTactic false`
AutoSamplingTheory/ExampleCases/ProximalBPS/SharpCorrectorEnergy.lean:435:2: warning: Unused tactic linter: `run_tac
  do
    let _ ← IO.FS.writeFile ".astis/pbps-sharp-energy68/reassembly11-10.log" "after constructor 10\n"
    pure ()` does nothing

Note: This linter can be disabled with `set_option linter.unusedTactic false`
AutoSamplingTheory/ExampleCases/ProximalBPS/SharpCorrectorEnergy.lean:443:2: warning: Unused tactic linter: `run_tac
  do
    let _ ← IO.FS.writeFile ".astis/pbps-sharp-energy68/reassembly11-15.log" "after constructor 15\n"
    pure ()` does nothing

Note: This linter can be disabled with `set_option linter.unusedTactic false`
AutoSamplingTheory/ExampleCases/ProximalBPS/SharpCorrectorEnergy.lean:451:2: warning: Unused tactic linter: `run_tac
  do
    let _ ← IO.FS.writeFile ".astis/pbps-sharp-energy68/reassembly11-20.log" "after constructor 20\n"
    pure ()` does nothing

Note: This linter can be disabled with `set_option linter.unusedTactic false`
AutoSamplingTheory/ExampleCases/ProximalBPS/SharpCorrectorEnergy.lean:459:2: warning: Unused tactic linter: `run_tac
  do
    let _ ← IO.FS.writeFile ".astis/pbps-sharp-energy68/reassembly11-25.log" "after constructor 25\n"
    pure ()` does nothing

Note: This linter can be disabled with `set_option linter.unusedTactic false`
AutoSamplingTheory/ExampleCases/ProximalBPS/SharpCorrectorEnergy.lean:467:2: warning: Unused tactic linter: `run_tac
  do
    let _ ← IO.FS.writeFile ".astis/pbps-sharp-energy68/reassembly11-30.log" "after constructor 30\n"
    pure ()` does nothing

Note: This linter can be disabled with `set_option linter.unusedTactic false`
AutoSamplingTheory/ExampleCases/ProximalBPS/SharpCorrectorEnergy.lean:475:2: warning: Unused tactic linter: `run_tac
  do
    let _ ← IO.FS.writeFile ".astis/pbps-sharp-energy68/reassembly11-35.log" "after constructor 35\n"
    pure ()` does nothing

Note: This linter can be disabled with `set_option linter.unusedTactic false`
AutoSamplingTheory/ExampleCases/ProximalBPS/SharpCorrectorEnergy.lean:483:2: warning: Unused tactic linter: `run_tac
  do
    let _ ← IO.FS.writeFile ".astis/pbps-sharp-energy68/reassembly11-40.log" "after constructor 40\n"
    pure ()` does nothing

Note: This linter can be disabled with `set_option linter.unusedTactic false`
AutoSamplingTheory/ExampleCases/ProximalBPS/SharpCorrectorEnergy.lean:491:2: warning: Unused tactic linter: `run_tac
  do
    let _ ← IO.FS.writeFile ".astis/pbps-sharp-energy68/reassembly11-45.log" "after constructor 45\n"
    pure ()` does nothing

Note: This linter can be disabled with `set_option linter.unusedTactic false`
AutoSamplingTheory/ExampleCases/ProximalBPS/SharpCorrectorEnergy.lean:499:2: warning: Unused tactic linter: `run_tac
  do
    let _ ← IO.FS.writeFile ".astis/pbps-sharp-energy68/reassembly11-50.log" "after constructor 50\n"
    pure ()` does nothing

Note: This linter can be disabled with `set_option linter.unusedTactic false`
AutoSamplingTheory/ExampleCases/ProximalBPS/SharpCorrectorEnergy.lean:507:2: warning: Unused tactic linter: `run_tac
  do
    let _ ← IO.FS.writeFile ".astis/pbps-sharp-energy68/reassembly11-55.log" "after constructor 55\n"
    pure ()` does nothing

Note: This linter can be disabled with `set_option linter.unusedTactic false`
AutoSamplingTheory/ExampleCases/ProximalBPS/SharpCorrectorEnergy.lean:514:2: warning: Unused tactic linter: `run_tac
  do
    let _ ← IO.FS.writeFile ".astis/pbps-sharp-energy68/stage11-12.log" "after-witness-reassembly\n"
    pure ()` does nothing

Note: This linter can be disabled with `set_option linter.unusedTactic false`
'AutoSamplingTheory.ExampleCases.ProximalBPS.SharpCorrectorEnergy.actual_sharp_corrector_bound' depends on axioms: [propext,
 Classical.choice,
 Quot.sound]
