warning: in the working copy of 'MANIFEST.md', LF will be replaced by CRLF the next time Git touches it
warning: in the working copy of 'agent-briefs/log_concave_sampling_6h_execution_pack.md', LF will be replaced by CRLF the next time Git touches it
warning: in the working copy of 'docs/assets/log_concave_sampling_foundation.svg', LF will be replaced by CRLF the next time Git touches it
warning: in the working copy of 'docs/assets/log_concave_sampling_status.svg', LF will be replaced by CRLF the next time Git touches it
warning: in the working copy of 'docs/assets/sampling_sde_leaf_network.svg', LF will be replaced by CRLF the next time Git touches it
warning: in the working copy of 'docs/companion-papers-handoff.md', LF will be replaced by CRLF the next time Git touches it
warning: in the working copy of 'research-wiki/external-lean-libraries/lean-asymptotic-statistical-theory.md', LF will be replaced by CRLF the next time Git touches it
warning: in the working copy of 'research-wiki/external-lean-libraries/lean-stat-learning-theory.md', LF will be replaced by CRLF the next time Git touches it
warning: in the working copy of 'research-wiki/external-lean-libraries/log-concave-sampling-notes.md', LF will be replaced by CRLF the next time Git touches it
warning: in the working copy of 'research-wiki/frontier-cells/ASTIS-SW-PBPS-centered-defect-inverse.json', LF will be replaced by CRLF the next time Git touches it
warning: in the working copy of 'research-wiki/frontier-cells/ASTIS-SW-PBPS-centered-selfadjoint-defect.json', LF will be replaced by CRLF the next time Git touches it
warning: in the working copy of 'research-wiki/lemma-dags/log_concave_sampling_foundation.md', LF will be replaced by CRLF the next time Git touches it
warning: in the working copy of 'research-wiki/retrieval-index/ASTIS-CHEWI-001.json', LF will be replaced by CRLF the next time Git touches it
warning: in the working copy of 'research-wiki/retrieval-index/external-lean-reference-cards.json', LF will be replaced by CRLF the next time Git touches it
warning: in the working copy of 'research-wiki/retrieval-index/log-concave-sampling-to-lean-tree.json', LF will be replaced by CRLF the next time Git touches it
warning: in the working copy of 'research-wiki/retrieval-index/mathlib-ready-leaf-protocol.json', LF will be replaced by CRLF the next time Git touches it
warning: in the working copy of 'research-wiki/sampling-sde-library/cards/AutoSamplingTheory.Automation.md', LF will be replaced by CRLF the next time Git touches it
warning: in the working copy of 'research-wiki/sampling-sde-library/cards/AutoSamplingTheory.Core.md', LF will be replaced by CRLF the next time Git touches it
warning: in the working copy of 'research-wiki/sampling-sde-library/cards/AutoSamplingTheory.ExampleCases.SmoothedPicardHMC.PartialMomentumRefresh.md', LF will be replaced by CRLF the next time Git touches it
warning: in the working copy of 'research-wiki/sampling-sde-library/cards/AutoSamplingTheory.ExampleCases.SmoothedPicardHMC.PicardInputLaw.md', LF will be replaced by CRLF the next time Git touches it
warning: in the working copy of 'research-wiki/sampling-sde-library/cards/AutoSamplingTheory.Literature.md', LF will be replaced by CRLF the next time Git touches it
warning: in the working copy of 'research-wiki/sampling-sde-library/cards/AutoSamplingTheory.OpenProblems.md', LF will be replaced by CRLF the next time Git touches it
warning: in the working copy of 'research-wiki/sampling-sde-library/cards/AutoSamplingTheory.Probability.md', LF will be replaced by CRLF the next time Git touches it
warning: in the working copy of 'research-wiki/sampling-sde-library/cards/AutoSamplingTheory.RMFLD.md', LF will be replaced by CRLF the next time Git touches it
warning: in the working copy of 'research-wiki/sampling-sde-library/cards/AutoSamplingTheory.SALD.md', LF will be replaced by CRLF the next time Git touches it
warning: in the working copy of 'research-wiki/sampling-sde-library/cards/AutoSamplingTheory.SDE.md', LF will be replaced by CRLF the next time Git touches it
warning: in the working copy of 'research-wiki/sampling-sde-library/cards/AutoSamplingTheory.TechnicalLemmas.Analysis.Calculus.Cutoff.md', LF will be replaced by CRLF the next time Git touches it
warning: in the working copy of 'research-wiki/sampling-sde-library/cards/AutoSamplingTheory.TechnicalLemmas.Analysis.Calculus.Divergence.md', LF will be replaced by CRLF the next time Git touches it
warning: in the working copy of 'research-wiki/sampling-sde-library/cards/AutoSamplingTheory.TechnicalLemmas.Analysis.Calculus.Gradient.md', LF will be replaced by CRLF the next time Git touches it
warning: in the working copy of 'research-wiki/sampling-sde-library/cards/AutoSamplingTheory.TechnicalLemmas.Analysis.Calculus.Laplacian.md', LF will be replaced by CRLF the next time Git touches it
warning: in the working copy of 'research-wiki/sampling-sde-library/cards/AutoSamplingTheory.TechnicalLemmas.Analysis.Calculus.LineDeriv.md', LF will be replaced by CRLF the next time Git touches it
warning: in the working copy of 'research-wiki/sampling-sde-library/cards/AutoSamplingTheory.TechnicalLemmas.Analysis.Calculus.Taylor.md', LF will be replaced by CRLF the next time Git touches it
warning: in the working copy of 'research-wiki/sampling-sde-library/cards/AutoSamplingTheory.TechnicalLemmas.Analysis.Calculus.md', LF will be replaced by CRLF the next time Git touches it
warning: in the working copy of 'research-wiki/sampling-sde-library/cards/AutoSamplingTheory.TechnicalLemmas.Analysis.Integrability.md', LF will be replaced by CRLF the next time Git touches it
warning: in the working copy of 'research-wiki/sampling-sde-library/cards/AutoSamplingTheory.TechnicalLemmas.Analysis.md', LF will be replaced by CRLF the next time Git touches it
warning: in the working copy of 'research-wiki/sampling-sde-library/cards/AutoSamplingTheory.TechnicalLemmas.FunctionalInequalities.LogSobolev.md', LF will be replaced by CRLF the next time Git touches it
warning: in the working copy of 'research-wiki/sampling-sde-library/cards/AutoSamplingTheory.TechnicalLemmas.FunctionalInequalities.md', LF will be replaced by CRLF the next time Git touches it
warning: in the working copy of 'research-wiki/sampling-sde-library/cards/AutoSamplingTheory.TechnicalLemmas.Gaussian.md', LF will be replaced by CRLF the next time Git touches it
warning: in the working copy of 'research-wiki/sampling-sde-library/cards/AutoSamplingTheory.TechnicalLemmas.Geometry.EuclideanSpaceCoordinates.md', LF will be replaced by CRLF the next time Git touches it
warning: in the working copy of 'research-wiki/sampling-sde-library/cards/AutoSamplingTheory.TechnicalLemmas.Geometry.LogConcavity.md', LF will be replaced by CRLF the next time Git touches it
warning: in the working copy of 'research-wiki/sampling-sde-library/cards/AutoSamplingTheory.TechnicalLemmas.Geometry.StrongConvexity.md', LF will be replaced by CRLF the next time Git touches it
warning: in the working copy of 'research-wiki/sampling-sde-library/cards/AutoSamplingTheory.TechnicalLemmas.Geometry.md', LF will be replaced by CRLF the next time Git touches it
warning: in the working copy of 'research-wiki/sampling-sde-library/cards/AutoSamplingTheory.TechnicalLemmas.InformationTheory.CanonicalFisherTransportPairing.md', LF will be replaced by CRLF the next time Git touches it
warning: in the working copy of 'research-wiki/sampling-sde-library/cards/AutoSamplingTheory.TechnicalLemmas.InformationTheory.DonskerVaradhan.md', LF will be replaced by CRLF the next time Git touches it
warning: in the working copy of 'research-wiki/sampling-sde-library/cards/AutoSamplingTheory.TechnicalLemmas.InformationTheory.KLDensity.md', LF will be replaced by CRLF the next time Git touches it
warning: in the working copy of 'research-wiki/sampling-sde-library/cards/AutoSamplingTheory.TechnicalLemmas.InformationTheory.Renyi.md', LF will be replaced by CRLF the next time Git touches it
warning: in the working copy of 'research-wiki/sampling-sde-library/cards/AutoSamplingTheory.TechnicalLemmas.InformationTheory.md', LF will be replaced by CRLF the next time Git touches it
warning: in the working copy of 'research-wiki/sampling-sde-library/cards/AutoSamplingTheory.TechnicalLemmas.Measure.Gibbs.md', LF will be replaced by CRLF the next time Git touches it
warning: in the working copy of 'research-wiki/sampling-sde-library/cards/AutoSamplingTheory.TechnicalLemmas.Measure.GibbsIntegral.md', LF will be replaced by CRLF the next time Git touches it
warning: in the working copy of 'research-wiki/sampling-sde-library/cards/AutoSamplingTheory.TechnicalLemmas.Measure.GibbsLogConcavity.md', LF will be replaced by CRLF the next time Git touches it
warning: in the working copy of 'research-wiki/sampling-sde-library/cards/AutoSamplingTheory.TechnicalLemmas.Measure.Product.md', LF will be replaced by CRLF the next time Git touches it
warning: in the working copy of 'research-wiki/sampling-sde-library/cards/AutoSamplingTheory.TechnicalLemmas.Measure.RadonNikodym.md', LF will be replaced by CRLF the next time Git touches it
warning: in the working copy of 'research-wiki/sampling-sde-library/cards/AutoSamplingTheory.TechnicalLemmas.Measure.md', LF will be replaced by CRLF the next time Git touches it
warning: in the working copy of 'research-wiki/sampling-sde-library/cards/AutoSamplingTheory.TechnicalLemmas.Probability.ConditionalKernel.md', LF will be replaced by CRLF the next time Git touches it
warning: in the working copy of 'research-wiki/sampling-sde-library/cards/AutoSamplingTheory.TechnicalLemmas.Probability.ConditionalResampling.md', LF will be replaced by CRLF the next time Git touches it
warning: in the working copy of 'research-wiki/sampling-sde-library/cards/AutoSamplingTheory.TechnicalLemmas.Probability.CoordinateHeatBath.md', LF will be replaced by CRLF the next time Git touches it
warning: in the working copy of 'research-wiki/sampling-sde-library/cards/AutoSamplingTheory.TechnicalLemmas.Probability.CoordinateHeatBathConditional.md', LF will be replaced by CRLF the next time Git touches it
warning: in the working copy of 'research-wiki/sampling-sde-library/cards/AutoSamplingTheory.TechnicalLemmas.Probability.HeatBath.md', LF will be replaced by CRLF the next time Git touches it
warning: in the working copy of 'research-wiki/sampling-sde-library/cards/AutoSamplingTheory.TechnicalLemmas.Probability.KernelInvariance.md', LF will be replaced by CRLF the next time Git touches it
warning: in the working copy of 'research-wiki/sampling-sde-library/cards/AutoSamplingTheory.TechnicalLemmas.Probability.KernelMixture.md', LF will be replaced by CRLF the next time Git touches it
warning: in the working copy of 'research-wiki/sampling-sde-library/cards/AutoSamplingTheory.TechnicalLemmas.Probability.KernelReversibility.md', LF will be replaced by CRLF the next time Git touches it
warning: in the working copy of 'research-wiki/sampling-sde-library/cards/AutoSamplingTheory.TechnicalLemmas.Probability.KernelTransport.md', LF will be replaced by CRLF the next time Git touches it
warning: in the working copy of 'research-wiki/sampling-sde-library/cards/AutoSamplingTheory.TechnicalLemmas.Probability.LawMap.md', LF will be replaced by CRLF the next time Git touches it
warning: in the working copy of 'research-wiki/sampling-sde-library/cards/AutoSamplingTheory.TechnicalLemmas.Probability.RandomScanHeatBath.md', LF will be replaced by CRLF the next time Git touches it
warning: in the working copy of 'research-wiki/sampling-sde-library/cards/AutoSamplingTheory.TechnicalLemmas.Probability.RandomScanHeatBathReversibility.md', LF will be replaced by CRLF the next time Git touches it
warning: in the working copy of 'research-wiki/sampling-sde-library/cards/AutoSamplingTheory.TechnicalLemmas.Probability.StdGaussianMoment.md', LF will be replaced by CRLF the next time Git touches it
warning: in the working copy of 'research-wiki/sampling-sde-library/cards/AutoSamplingTheory.TechnicalLemmas.Probability.md', LF will be replaced by CRLF the next time Git touches it
warning: in the working copy of 'research-wiki/sampling-sde-library/cards/AutoSamplingTheory.TechnicalLemmas.ProbabilityDistributions.Gaussian.md', LF will be replaced by CRLF the next time Git touches it
warning: in the working copy of 'research-wiki/sampling-sde-library/cards/AutoSamplingTheory.TechnicalLemmas.ProbabilityDistributions.md', LF will be replaced by CRLF the next time Git touches it
warning: in the working copy of 'research-wiki/sampling-sde-library/cards/AutoSamplingTheory.TechnicalLemmas.Registry.md', LF will be replaced by CRLF the next time Git touches it
warning: in the working copy of 'research-wiki/sampling-sde-library/cards/AutoSamplingTheory.TechnicalLemmas.SALDExtracted.md', LF will be replaced by CRLF the next time Git touches it
warning: in the working copy of 'research-wiki/sampling-sde-library/cards/AutoSamplingTheory.TechnicalLemmas.StochasticProcesses.FokkerPlanckAlgebra.md', LF will be replaced by CRLF the next time Git touches it
warning: in the working copy of 'research-wiki/sampling-sde-library/cards/AutoSamplingTheory.TechnicalLemmas.StochasticProcesses.Girsanov.md', LF will be replaced by CRLF the next time Git touches it
warning: in the working copy of 'research-wiki/sampling-sde-library/cards/AutoSamplingTheory.TechnicalLemmas.StochasticProcesses.Langevin.md', LF will be replaced by CRLF the next time Git touches it
warning: in the working copy of 'research-wiki/sampling-sde-library/cards/AutoSamplingTheory.TechnicalLemmas.StochasticProcesses.LangevinGenerator.md', LF will be replaced by CRLF the next time Git touches it
warning: in the working copy of 'research-wiki/sampling-sde-library/cards/AutoSamplingTheory.TechnicalLemmas.StochasticProcesses.WeakGenerator.md', LF will be replaced by CRLF the next time Git touches it
warning: in the working copy of 'research-wiki/sampling-sde-library/cards/AutoSamplingTheory.TechnicalLemmas.StochasticProcesses.md', LF will be replaced by CRLF the next time Git touches it
warning: in the working copy of 'research-wiki/sampling-sde-library/cards/AutoSamplingTheory.TechnicalLemmas.Taylor.md', LF will be replaced by CRLF the next time Git touches it
warning: in the working copy of 'research-wiki/sampling-sde-library/cards/AutoSamplingTheory.TechnicalLemmas.Variational.md', LF will be replaced by CRLF the next time Git touches it
warning: in the working copy of 'research-wiki/sampling-sde-library/cards/AutoSamplingTheory.TechnicalLemmas.md', LF will be replaced by CRLF the next time Git touches it
warning: in the working copy of 'research-wiki/sampling-sde-library/log_concave_sampling_overview.md', LF will be replaced by CRLF the next time Git touches it
warning: in the working copy of 'research-wiki/sampling-sde-library/roadmap/log_concave_sampling_to_lean_tree.md', LF will be replaced by CRLF the next time Git touches it
