runs/20261007-companion-priority/pbps-centered-root64/square-order-draft-v1.lean:20:2: warning: Try this: 
  letI̵

The goal is a proposition, so `let` is preferred over `letI`.
The difference between `let` and `letI` is that `letI` inlines the value.
But this is not relevant for proofs because of proof irrelevance.

Note: This linter can be disabled with `set_option linter.style.haveILetI false`
runs/20261007-companion-priority/pbps-centered-root64/square-order-draft-v1.lean:22:2: warning: Try this: 
  letI̵

The goal is a proposition, so `let` is preferred over `letI`.
The difference between `let` and `letI` is that `letI` inlines the value.
But this is not relevant for proofs because of proof irrelevance.

Note: This linter can be disabled with `set_option linter.style.haveILetI false`
runs/20261007-companion-priority/pbps-centered-root64/square-order-draft-v1.lean:25:2: warning: Try this: 
  letI̵

The goal is a proposition, so `let` is preferred over `letI`.
The difference between `let` and `letI` is that `letI` inlines the value.
But this is not relevant for proofs because of proof irrelevance.

Note: This linter can be disabled with `set_option linter.style.haveILetI false`
runs/20261007-companion-priority/pbps-centered-root64/square-order-draft-v1.lean:43:15: warning: `ContinuousLinearMap.sub_apply` has been deprecated: Use `sub_apply` instead

Note: The updated constant is in a different namespace. Dot notation may need to be changed (e.g., from `x.sub_apply` to `sub_apply x`).
runs/20261007-companion-priority/pbps-centered-root64/square-order-draft-v1.lean:43:45: warning: `ContinuousLinearMap.mul_apply` has been deprecated: Use `mul_apply_eq_comp` instead

Note: The updated constant is in a different namespace. Dot notation may need to be changed (e.g., from `x.mul_apply` to `mul_apply_eq_comp x`).
Try this:
  [apply] abel_nf
runs/20261007-companion-priority/pbps-centered-root64/square-order-draft-v1.lean:38:40: error: unsolved goals
Ω : Type u_1
inst✝ : MeasurableSpace Ω
μ : Measure Ω
A B : ↥(Lp ℝ 2 μ) →L[ℝ] ↥(Lp ℝ 2 μ)
hA : A.IsPositive
hB : B.IsPositive
hSquareOrder : (B * B - A * A).IsPositive
this✝¹ : NonUnitalClosedEmbeddingContinuousFunctionalCalculus ℂ (↥(Lp ℂ 2 μ) →L[ℂ] ↥(Lp ℂ 2 μ)) IsStarNormal :=
  IsStarNormal.instNonUnitalContinuousFunctionalCalculus
this✝ : NonUnitalContinuousFunctionalCalculus ℂ (↥(Lp ℂ 2 μ) →L[ℂ] ↥(Lp ℂ 2 μ)) IsStarNormal :=
  this✝¹.toNonUnitalContinuousFunctionalCalculus
this : NonUnitalContinuousFunctionalCalculus ℝ (↥(Lp ℂ 2 μ) →L[ℂ] ↥(Lp ℂ 2 μ)) IsSelfAdjoint :=
  IsSelfAdjoint.instNonUnitalContinuousFunctionalCalculus
ι : ↥(Lp ℝ 2 μ) →L[ℝ] ↥(Lp ℂ 2 μ) := ContinuousLinearMap.compLpL 2 μ Complex.ofRealCLM
R : ↥(Lp ℂ 2 μ) →L[ℝ] ↥(Lp ℝ 2 μ) := ContinuousLinearMap.compLpL 2 μ Complex.reCLM
Q : ↥(Lp ℂ 2 μ) →L[ℝ] ↥(Lp ℝ 2 μ) := ContinuousLinearMap.compLpL 2 μ Complex.imCLM
hNorm : ∀ (u : ↥(Lp ℝ 2 μ)), ‖(ContinuousLinearMap.compLpL 2 μ Complex.ofRealCLM) u‖ = ‖u‖
left✝⁴ :
  ∀ (g : ↥(Lp ℂ 2 μ)),
    (ContinuousLinearMap.compLpL 2 μ ↑Complex.conjCLE) g = g ↔
      ∃ u, (ContinuousLinearMap.compLpL 2 μ Complex.ofRealCLM) u = g
Ac : ↥(Lp ℂ 2 μ) →L[ℂ] ↥(Lp ℂ 2 μ)
hAc : Ac.IsPositive
hAf :
  ∀ (g : ↥(Lp ℂ 2 μ)),
    Ac g =
      (ContinuousLinearMap.compLpL 2 μ Complex.ofRealCLM) (A ((ContinuousLinearMap.compLpL 2 μ Complex.reCLM) g)) +
        Complex.I •
          (ContinuousLinearMap.compLpL 2 μ Complex.ofRealCLM) (A ((ContinuousLinearMap.compLpL 2 μ Complex.imCLM) g))
hAi :
  ∀ (u : ↥(Lp ℝ 2 μ)),
    Ac ((ContinuousLinearMap.compLpL 2 μ Complex.ofRealCLM) u) =
      (ContinuousLinearMap.compLpL 2 μ Complex.ofRealCLM) (A u)
right✝² :
  ∀ (g : ↥(Lp ℂ 2 μ)),
    (ContinuousLinearMap.compLpL 2 μ ↑Complex.conjCLE) (Ac g) =
      Ac ((ContinuousLinearMap.compLpL 2 μ ↑Complex.conjCLE) g)
left✝³ : ∀ (u : ↥(Lp ℝ 2 μ)), ‖(ContinuousLinearMap.compLpL 2 μ Complex.ofRealCLM) u‖ = ‖u‖
left✝² :
  ∀ (g : ↥(Lp ℂ 2 μ)),
    (ContinuousLinearMap.compLpL 2 μ ↑Complex.conjCLE) g = g ↔
      ∃ u, (ContinuousLinearMap.compLpL 2 μ Complex.ofRealCLM) u = g
Bc : ↥(Lp ℂ 2 μ) →L[ℂ] ↥(Lp ℂ 2 μ)
hBc : Bc.IsPositive
hBf :
  ∀ (g : ↥(Lp ℂ 2 μ)),
    Bc g =
      (ContinuousLinearMap.compLpL 2 μ Complex.ofRealCLM) (B ((ContinuousLinearMap.compLpL 2 μ Complex.reCLM) g)) +
        Complex.I •
          (ContinuousLinearMap.compLpL 2 μ Complex.ofRealCLM) (B ((ContinuousLinearMap.compLpL 2 μ Complex.imCLM) g))
hBi :
  ∀ (u : ↥(Lp ℝ 2 μ)),
    Bc ((ContinuousLinearMap.compLpL 2 μ Complex.ofRealCLM) u) =
      (ContinuousLinearMap.compLpL 2 μ Complex.ofRealCLM) (B u)
right✝¹ :
  ∀ (g : ↥(Lp ℂ 2 μ)),
    (ContinuousLinearMap.compLpL 2 μ ↑Complex.conjCLE) (Bc g) =
      Bc ((ContinuousLinearMap.compLpL 2 μ ↑Complex.conjCLE) g)
left✝¹ : ∀ (u : ↥(Lp ℝ 2 μ)), ‖(ContinuousLinearMap.compLpL 2 μ Complex.ofRealCLM) u‖ = ‖u‖
left✝ :
  ∀ (g : ↥(Lp ℂ 2 μ)),
    (ContinuousLinearMap.compLpL 2 μ ↑Complex.conjCLE) g = g ↔
      ∃ u, (ContinuousLinearMap.compLpL 2 μ Complex.ofRealCLM) u = g
Dc : ↥(Lp ℂ 2 μ) →L[ℂ] ↥(Lp ℂ 2 μ)
hDc : Dc.IsPositive
hDf :
  ∀ (g : ↥(Lp ℂ 2 μ)),
    Dc g =
      (ContinuousLinearMap.compLpL 2 μ Complex.ofRealCLM)
          ((B * B - A * A) ((ContinuousLinearMap.compLpL 2 μ Complex.reCLM) g)) +
        Complex.I •
          (ContinuousLinearMap.compLpL 2 μ Complex.ofRealCLM)
            ((B * B - A * A) ((ContinuousLinearMap.compLpL 2 μ Complex.imCLM) g))
hDi :
  ∀ (u : ↥(Lp ℝ 2 μ)),
    Dc ((ContinuousLinearMap.compLpL 2 μ Complex.ofRealCLM) u) =
      (ContinuousLinearMap.compLpL 2 μ Complex.ofRealCLM) ((B * B - A * A) u)
right✝ :
  ∀ (g : ↥(Lp ℂ 2 μ)),
    (ContinuousLinearMap.compLpL 2 μ ↑Complex.conjCLE) (Dc g) =
      Dc ((ContinuousLinearMap.compLpL 2 μ ↑Complex.conjCLE) g)
g : ↥(Lp ℂ 2 μ)
⊢ (ContinuousLinearMap.compLpL 2 μ Complex.ofRealCLM) (B (B ((ContinuousLinearMap.compLpL 2 μ Complex.reCLM) g))) +
      (Complex.I •
          (ContinuousLinearMap.compLpL 2 μ Complex.ofRealCLM)
            (B (B ((ContinuousLinearMap.compLpL 2 μ Complex.imCLM) g))) +
        (-1 •
            (ContinuousLinearMap.compLpL 2 μ Complex.ofRealCLM)
              (A (A ((ContinuousLinearMap.compLpL 2 μ Complex.reCLM) g))) +
          -1 •
            Complex.I •
              (ContinuousLinearMap.compLpL 2 μ Complex.ofRealCLM)
                (A (A ((ContinuousLinearMap.compLpL 2 μ Complex.imCLM) g))))) =
    (ContinuousLinearMap.compLpL 2 μ Complex.ofRealCLM) (B (B ((ContinuousLinearMap.compLpL 2 μ Complex.reCLM) g))) +
      (-1 •
          (ContinuousLinearMap.compLpL 2 μ Complex.ofRealCLM)
            (A (A ((ContinuousLinearMap.compLpL 2 μ Complex.reCLM) g))) +
        Complex.I •
          ((ContinuousLinearMap.compLpL 2 μ Complex.ofRealCLM)
              (B (B ((ContinuousLinearMap.compLpL 2 μ Complex.imCLM) g))) +
            -1 •
              (ContinuousLinearMap.compLpL 2 μ Complex.ofRealCLM)
                (A (A ((ContinuousLinearMap.compLpL 2 μ Complex.imCLM) g)))))
runs/20261007-companion-priority/pbps-centered-root64/square-order-draft-v1.lean:53:34: error: Application type mismatch: The argument
  hAcNonneg
has type
  0 ≤ Ac
of sort `Prop` but is expected to have type
  ↥(Lp ℂ 2 μ) →L[ℂ] ↥(Lp ℂ 2 μ)
of sort `Type u_1` in the application
  @CFC.sqrt_mul_self (↥(Lp ℂ 2 μ) →L[ℂ] ↥(Lp ℂ 2 μ)) ContinuousLinearMap.instLoewnerPartialOrder Ring.toNonUnitalRing
    ContinuousLinearMap.topologicalSpace ContinuousLinearMap.instStarRingId ContinuousLinearMap.module
    Algebra.to_smulCommClass IsScalarTower.right ContinuousLinearMap.instStarOrderedRing this
    ContinuousLinearMap.instNonnegSpectrumClassRealId
    (IsTopologicalRing.toIsSemitopologicalRing (↥(Lp ℂ 2 μ) →L[ℂ] ↥(Lp ℂ 2 μ))) ContinuousLinearMap.instT2Space
    hAcNonneg
runs/20261007-companion-priority/pbps-centered-root64/square-order-draft-v1.lean:53:62: error: Application type mismatch: The argument
  hBcNonneg
has type
  0 ≤ Bc
of sort `Prop` but is expected to have type
  ↥(Lp ℂ 2 μ) →L[ℂ] ↥(Lp ℂ 2 μ)
of sort `Type u_1` in the application
  @CFC.sqrt_mul_self (↥(Lp ℂ 2 μ) →L[ℂ] ↥(Lp ℂ 2 μ)) ContinuousLinearMap.instLoewnerPartialOrder Ring.toNonUnitalRing
    ContinuousLinearMap.topologicalSpace ContinuousLinearMap.instStarRingId ContinuousLinearMap.module
    Algebra.to_smulCommClass IsScalarTower.right ContinuousLinearMap.instStarOrderedRing this
    ContinuousLinearMap.instNonnegSpectrumClassRealId
    (IsTopologicalRing.toIsSemitopologicalRing (↥(Lp ℂ 2 μ) →L[ℂ] ↥(Lp ℂ 2 μ))) ContinuousLinearMap.instT2Space
    hBcNonneg
runs/20261007-companion-priority/pbps-centered-root64/square-order-draft-v1.lean:53:4: error: Type mismatch: After simplification, term
  h
 has type
  CFC.sqrt (Ac * Ac) ≤ CFC.sqrt (Bc * Bc)
but is expected to have type
  Ac ≤ Bc
runs/20261007-companion-priority/pbps-centered-root64/square-order-draft-v1.lean:58:8: error: Tactic `rewrite` failed: Did not find an occurrence of the pattern
  RCLike.re (inner ?𝕜 ?x ?y)
in the target expression
  (inner ℂ (ι v) (ι w)).re = inner ℝ v w

Ω : Type u_1
inst✝ : MeasurableSpace Ω
μ : Measure Ω
A B : ↥(Lp ℝ 2 μ) →L[ℝ] ↥(Lp ℝ 2 μ)
hA : A.IsPositive
hB : B.IsPositive
hSquareOrder : (B * B - A * A).IsPositive
this✝¹ : NonUnitalClosedEmbeddingContinuousFunctionalCalculus ℂ (↥(Lp ℂ 2 μ) →L[ℂ] ↥(Lp ℂ 2 μ)) IsStarNormal :=
  IsStarNormal.instNonUnitalContinuousFunctionalCalculus
this✝ : NonUnitalContinuousFunctionalCalculus ℂ (↥(Lp ℂ 2 μ) →L[ℂ] ↥(Lp ℂ 2 μ)) IsStarNormal :=
  this✝¹.toNonUnitalContinuousFunctionalCalculus
this : NonUnitalContinuousFunctionalCalculus ℝ (↥(Lp ℂ 2 μ) →L[ℂ] ↥(Lp ℂ 2 μ)) IsSelfAdjoint :=
  IsSelfAdjoint.instNonUnitalContinuousFunctionalCalculus
ι : ↥(Lp ℝ 2 μ) →L[ℝ] ↥(Lp ℂ 2 μ) := ContinuousLinearMap.compLpL 2 μ Complex.ofRealCLM
R : ↥(Lp ℂ 2 μ) →L[ℝ] ↥(Lp ℝ 2 μ) := ContinuousLinearMap.compLpL 2 μ Complex.reCLM
Q : ↥(Lp ℂ 2 μ) →L[ℝ] ↥(Lp ℝ 2 μ) := ContinuousLinearMap.compLpL 2 μ Complex.imCLM
hNorm : ∀ (u : ↥(Lp ℝ 2 μ)), ‖(ContinuousLinearMap.compLpL 2 μ Complex.ofRealCLM) u‖ = ‖u‖
left✝⁴ :
  ∀ (g : ↥(Lp ℂ 2 μ)),
    (ContinuousLinearMap.compLpL 2 μ ↑Complex.conjCLE) g = g ↔
      ∃ u, (ContinuousLinearMap.compLpL 2 μ Complex.ofRealCLM) u = g
Ac : ↥(Lp ℂ 2 μ) →L[ℂ] ↥(Lp ℂ 2 μ)
hAc : Ac.IsPositive
hAf :
  ∀ (g : ↥(Lp ℂ 2 μ)),
    Ac g =
      (ContinuousLinearMap.compLpL 2 μ Complex.ofRealCLM) (A ((ContinuousLinearMap.compLpL 2 μ Complex.reCLM) g)) +
        Complex.I •
          (ContinuousLinearMap.compLpL 2 μ Complex.ofRealCLM) (A ((ContinuousLinearMap.compLpL 2 μ Complex.imCLM) g))
hAi :
  ∀ (u : ↥(Lp ℝ 2 μ)),
    Ac ((ContinuousLinearMap.compLpL 2 μ Complex.ofRealCLM) u) =
      (ContinuousLinearMap.compLpL 2 μ Complex.ofRealCLM) (A u)
right✝² :
  ∀ (g : ↥(Lp ℂ 2 μ)),
    (ContinuousLinearMap.compLpL 2 μ ↑Complex.conjCLE) (Ac g) =
      Ac ((ContinuousLinearMap.compLpL 2 μ ↑Complex.conjCLE) g)
left✝³ : ∀ (u : ↥(Lp ℝ 2 μ)), ‖(ContinuousLinearMap.compLpL 2 μ Complex.ofRealCLM) u‖ = ‖u‖
left✝² :
  ∀ (g : ↥(Lp ℂ 2 μ)),
    (ContinuousLinearMap.compLpL 2 μ ↑Complex.conjCLE) g = g ↔
      ∃ u, (ContinuousLinearMap.compLpL 2 μ Complex.ofRealCLM) u = g
Bc : ↥(Lp ℂ 2 μ) →L[ℂ] ↥(Lp ℂ 2 μ)
hBc : Bc.IsPositive
hBf :
  ∀ (g : ↥(Lp ℂ 2 μ)),
    Bc g =
      (ContinuousLinearMap.compLpL 2 μ Complex.ofRealCLM) (B ((ContinuousLinearMap.compLpL 2 μ Complex.reCLM) g)) +
        Complex.I •
          (ContinuousLinearMap.compLpL 2 μ Complex.ofRealCLM) (B ((ContinuousLinearMap.compLpL 2 μ Complex.imCLM) g))
hBi :
  ∀ (u : ↥(Lp ℝ 2 μ)),
    Bc ((ContinuousLinearMap.compLpL 2 μ Complex.ofRealCLM) u) =
      (ContinuousLinearMap.compLpL 2 μ Complex.ofRealCLM) (B u)
right✝¹ :
  ∀ (g : ↥(Lp ℂ 2 μ)),
    (ContinuousLinearMap.compLpL 2 μ ↑Complex.conjCLE) (Bc g) =
      Bc ((ContinuousLinearMap.compLpL 2 μ ↑Complex.conjCLE) g)
left✝¹ : ∀ (u : ↥(Lp ℝ 2 μ)), ‖(ContinuousLinearMap.compLpL 2 μ Complex.ofRealCLM) u‖ = ‖u‖
left✝ :
  ∀ (g : ↥(Lp ℂ 2 μ)),
    (ContinuousLinearMap.compLpL 2 μ ↑Complex.conjCLE) g = g ↔
      ∃ u, (ContinuousLinearMap.compLpL 2 μ Complex.ofRealCLM) u = g
Dc : ↥(Lp ℂ 2 μ) →L[ℂ] ↥(Lp ℂ 2 μ)
hDc : Dc.IsPositive
hDf :
  ∀ (g : ↥(Lp ℂ 2 μ)),
    Dc g =
      (ContinuousLinearMap.compLpL 2 μ Complex.ofRealCLM)
          ((B * B - A * A) ((ContinuousLinearMap.compLpL 2 μ Complex.reCLM) g)) +
        Complex.I •
          (ContinuousLinearMap.compLpL 2 μ Complex.ofRealCLM)
            ((B * B - A * A) ((ContinuousLinearMap.compLpL 2 μ Complex.imCLM) g))
hDi :
  ∀ (u : ↥(Lp ℝ 2 μ)),
    Dc ((ContinuousLinearMap.compLpL 2 μ Complex.ofRealCLM) u) =
      (ContinuousLinearMap.compLpL 2 μ Complex.ofRealCLM) ((B * B - A * A) u)
right✝ :
  ∀ (g : ↥(Lp ℂ 2 μ)),
    (ContinuousLinearMap.compLpL 2 μ ↑Complex.conjCLE) (Dc g) =
      Dc ((ContinuousLinearMap.compLpL 2 μ ↑Complex.conjCLE) g)
hComplexDiff : Bc * Bc - Ac * Ac = Dc
hAcNonneg : 0 ≤ Ac
hBcNonneg : 0 ≤ Bc
hSqLe : Ac * Ac ≤ Bc * Bc
hLe : Ac ≤ Bc
hDiff : (Bc - Ac).IsPositive
e : ↥(Lp ℝ 2 μ) →ₗᵢ[ℝ] ↥(Lp ℂ 2 μ) :=
  let __LinearMap := ↑ι;
  { toLinearMap := __LinearMap, norm_map' := hNorm }
v w : ↥(Lp ℝ 2 μ)
⊢ (inner ℂ (ι v) (ι w)).re = inner ℝ v w
runs/20261007-companion-priority/pbps-centered-root64/square-order-draft-v1.lean:64:15: warning: `ContinuousLinearMap.sub_apply` has been deprecated: Use `sub_apply` instead

Note: The updated constant is in a different namespace. Dot notation may need to be changed (e.g., from `x.sub_apply` to `sub_apply x`).
runs/20261007-companion-priority/pbps-centered-root64/square-order-draft-v1.lean:63:46: error: unsolved goals
Ω : Type u_1
inst✝ : MeasurableSpace Ω
μ : Measure Ω
A B : ↥(Lp ℝ 2 μ) →L[ℝ] ↥(Lp ℝ 2 μ)
hA : A.IsPositive
hB : B.IsPositive
hSquareOrder : (B * B - A * A).IsPositive
this✝¹ : NonUnitalClosedEmbeddingContinuousFunctionalCalculus ℂ (↥(Lp ℂ 2 μ) →L[ℂ] ↥(Lp ℂ 2 μ)) IsStarNormal :=
  IsStarNormal.instNonUnitalContinuousFunctionalCalculus
this✝ : NonUnitalContinuousFunctionalCalculus ℂ (↥(Lp ℂ 2 μ) →L[ℂ] ↥(Lp ℂ 2 μ)) IsStarNormal :=
  this✝¹.toNonUnitalContinuousFunctionalCalculus
this : NonUnitalContinuousFunctionalCalculus ℝ (↥(Lp ℂ 2 μ) →L[ℂ] ↥(Lp ℂ 2 μ)) IsSelfAdjoint :=
  IsSelfAdjoint.instNonUnitalContinuousFunctionalCalculus
ι : ↥(Lp ℝ 2 μ) →L[ℝ] ↥(Lp ℂ 2 μ) := ContinuousLinearMap.compLpL 2 μ Complex.ofRealCLM
R : ↥(Lp ℂ 2 μ) →L[ℝ] ↥(Lp ℝ 2 μ) := ContinuousLinearMap.compLpL 2 μ Complex.reCLM
Q : ↥(Lp ℂ 2 μ) →L[ℝ] ↥(Lp ℝ 2 μ) := ContinuousLinearMap.compLpL 2 μ Complex.imCLM
hNorm : ∀ (u : ↥(Lp ℝ 2 μ)), ‖(ContinuousLinearMap.compLpL 2 μ Complex.ofRealCLM) u‖ = ‖u‖
left✝⁴ :
  ∀ (g : ↥(Lp ℂ 2 μ)),
    (ContinuousLinearMap.compLpL 2 μ ↑Complex.conjCLE) g = g ↔
      ∃ u, (ContinuousLinearMap.compLpL 2 μ Complex.ofRealCLM) u = g
Ac : ↥(Lp ℂ 2 μ) →L[ℂ] ↥(Lp ℂ 2 μ)
hAc : Ac.IsPositive
hAf :
  ∀ (g : ↥(Lp ℂ 2 μ)),
    Ac g =
      (ContinuousLinearMap.compLpL 2 μ Complex.ofRealCLM) (A ((ContinuousLinearMap.compLpL 2 μ Complex.reCLM) g)) +
        Complex.I •
          (ContinuousLinearMap.compLpL 2 μ Complex.ofRealCLM) (A ((ContinuousLinearMap.compLpL 2 μ Complex.imCLM) g))
hAi :
  ∀ (u : ↥(Lp ℝ 2 μ)),
    Ac ((ContinuousLinearMap.compLpL 2 μ Complex.ofRealCLM) u) =
      (ContinuousLinearMap.compLpL 2 μ Complex.ofRealCLM) (A u)
right✝² :
  ∀ (g : ↥(Lp ℂ 2 μ)),
    (ContinuousLinearMap.compLpL 2 μ ↑Complex.conjCLE) (Ac g) =
      Ac ((ContinuousLinearMap.compLpL 2 μ ↑Complex.conjCLE) g)
left✝³ : ∀ (u : ↥(Lp ℝ 2 μ)), ‖(ContinuousLinearMap.compLpL 2 μ Complex.ofRealCLM) u‖ = ‖u‖
left✝² :
  ∀ (g : ↥(Lp ℂ 2 μ)),
    (ContinuousLinearMap.compLpL 2 μ ↑Complex.conjCLE) g = g ↔
      ∃ u, (ContinuousLinearMap.compLpL 2 μ Complex.ofRealCLM) u = g
Bc : ↥(Lp ℂ 2 μ) →L[ℂ] ↥(Lp ℂ 2 μ)
hBc : Bc.IsPositive
hBf :
  ∀ (g : ↥(Lp ℂ 2 μ)),
    Bc g =
      (ContinuousLinearMap.compLpL 2 μ Complex.ofRealCLM) (B ((ContinuousLinearMap.compLpL 2 μ Complex.reCLM) g)) +
        Complex.I •
          (ContinuousLinearMap.compLpL 2 μ Complex.ofRealCLM) (B ((ContinuousLinearMap.compLpL 2 μ Complex.imCLM) g))
hBi :
  ∀ (u : ↥(Lp ℝ 2 μ)),
    Bc ((ContinuousLinearMap.compLpL 2 μ Complex.ofRealCLM) u) =
      (ContinuousLinearMap.compLpL 2 μ Complex.ofRealCLM) (B u)
right✝¹ :
  ∀ (g : ↥(Lp ℂ 2 μ)),
    (ContinuousLinearMap.compLpL 2 μ ↑Complex.conjCLE) (Bc g) =
      Bc ((ContinuousLinearMap.compLpL 2 μ ↑Complex.conjCLE) g)
left✝¹ : ∀ (u : ↥(Lp ℝ 2 μ)), ‖(ContinuousLinearMap.compLpL 2 μ Complex.ofRealCLM) u‖ = ‖u‖
left✝ :
  ∀ (g : ↥(Lp ℂ 2 μ)),
    (ContinuousLinearMap.compLpL 2 μ ↑Complex.conjCLE) g = g ↔
      ∃ u, (ContinuousLinearMap.compLpL 2 μ Complex.ofRealCLM) u = g
Dc : ↥(Lp ℂ 2 μ) →L[ℂ] ↥(Lp ℂ 2 μ)
hDc : Dc.IsPositive
hDf :
  ∀ (g : ↥(Lp ℂ 2 μ)),
    Dc g =
      (ContinuousLinearMap.compLpL 2 μ Complex.ofRealCLM)
          ((B * B - A * A) ((ContinuousLinearMap.compLpL 2 μ Complex.reCLM) g)) +
        Complex.I •
          (ContinuousLinearMap.compLpL 2 μ Complex.ofRealCLM)
            ((B * B - A * A) ((ContinuousLinearMap.compLpL 2 μ Complex.imCLM) g))
hDi :
  ∀ (u : ↥(Lp ℝ 2 μ)),
    Dc ((ContinuousLinearMap.compLpL 2 μ Complex.ofRealCLM) u) =
      (ContinuousLinearMap.compLpL 2 μ Complex.ofRealCLM) ((B * B - A * A) u)
right✝ :
  ∀ (g : ↥(Lp ℂ 2 μ)),
    (ContinuousLinearMap.compLpL 2 μ ↑Complex.conjCLE) (Dc g) =
      Dc ((ContinuousLinearMap.compLpL 2 μ ↑Complex.conjCLE) g)
hComplexDiff : Bc * Bc - Ac * Ac = Dc
hAcNonneg : 0 ≤ Ac
hBcNonneg : 0 ≤ Bc
hSqLe : Ac * Ac ≤ Bc * Bc
hLe : Ac ≤ Bc
hDiff : (Bc - Ac).IsPositive
e : ↥(Lp ℝ 2 μ) →ₗᵢ[ℝ] ↥(Lp ℂ 2 μ) :=
  let __LinearMap := ↑ι;
  { toLinearMap := __LinearMap, norm_map' := hNorm }
hInner : ∀ (v w : ↥(Lp ℝ 2 μ)), (inner ℂ (ι v) (ι w)).re = inner ℝ v w
u : ↥(Lp ℝ 2 μ)
h : 0 ≤ RCLike.re (inner ℂ ((Bc - Ac) (ι u)) (ι u))
⊢ Bc (ι u) - Ac (ι u) = ι (B u) - ι (A u)
runs/20261007-companion-priority/pbps-centered-root64/square-order-draft-v1.lean:65:14: error: Tactic `rewrite` failed: Did not find an occurrence of the pattern
  (inner ℂ (ι ?v) (ι ?w)).re
in the target expression
  0 ≤ RCLike.re (inner ℂ (ι ((B - A) u)) (ι u))

Ω : Type u_1
inst✝ : MeasurableSpace Ω
μ : Measure Ω
A B : ↥(Lp ℝ 2 μ) →L[ℝ] ↥(Lp ℝ 2 μ)
hA : A.IsPositive
hB : B.IsPositive
hSquareOrder : (B * B - A * A).IsPositive
this✝¹ : NonUnitalClosedEmbeddingContinuousFunctionalCalculus ℂ (↥(Lp ℂ 2 μ) →L[ℂ] ↥(Lp ℂ 2 μ)) IsStarNormal :=
  IsStarNormal.instNonUnitalContinuousFunctionalCalculus
this✝ : NonUnitalContinuousFunctionalCalculus ℂ (↥(Lp ℂ 2 μ) →L[ℂ] ↥(Lp ℂ 2 μ)) IsStarNormal :=
  this✝¹.toNonUnitalContinuousFunctionalCalculus
this : NonUnitalContinuousFunctionalCalculus ℝ (↥(Lp ℂ 2 μ) →L[ℂ] ↥(Lp ℂ 2 μ)) IsSelfAdjoint :=
  IsSelfAdjoint.instNonUnitalContinuousFunctionalCalculus
ι : ↥(Lp ℝ 2 μ) →L[ℝ] ↥(Lp ℂ 2 μ) := ContinuousLinearMap.compLpL 2 μ Complex.ofRealCLM
R : ↥(Lp ℂ 2 μ) →L[ℝ] ↥(Lp ℝ 2 μ) := ContinuousLinearMap.compLpL 2 μ Complex.reCLM
Q : ↥(Lp ℂ 2 μ) →L[ℝ] ↥(Lp ℝ 2 μ) := ContinuousLinearMap.compLpL 2 μ Complex.imCLM
hNorm : ∀ (u : ↥(Lp ℝ 2 μ)), ‖(ContinuousLinearMap.compLpL 2 μ Complex.ofRealCLM) u‖ = ‖u‖
left✝⁴ :
  ∀ (g : ↥(Lp ℂ 2 μ)),
    (ContinuousLinearMap.compLpL 2 μ ↑Complex.conjCLE) g = g ↔
      ∃ u, (ContinuousLinearMap.compLpL 2 μ Complex.ofRealCLM) u = g
Ac : ↥(Lp ℂ 2 μ) →L[ℂ] ↥(Lp ℂ 2 μ)
hAc : Ac.IsPositive
hAf :
  ∀ (g : ↥(Lp ℂ 2 μ)),
    Ac g =
      (ContinuousLinearMap.compLpL 2 μ Complex.ofRealCLM) (A ((ContinuousLinearMap.compLpL 2 μ Complex.reCLM) g)) +
        Complex.I •
          (ContinuousLinearMap.compLpL 2 μ Complex.ofRealCLM) (A ((ContinuousLinearMap.compLpL 2 μ Complex.imCLM) g))
hAi :
  ∀ (u : ↥(Lp ℝ 2 μ)),
    Ac ((ContinuousLinearMap.compLpL 2 μ Complex.ofRealCLM) u) =
      (ContinuousLinearMap.compLpL 2 μ Complex.ofRealCLM) (A u)
right✝² :
  ∀ (g : ↥(Lp ℂ 2 μ)),
    (ContinuousLinearMap.compLpL 2 μ ↑Complex.conjCLE) (Ac g) =
      Ac ((ContinuousLinearMap.compLpL 2 μ ↑Complex.conjCLE) g)
left✝³ : ∀ (u : ↥(Lp ℝ 2 μ)), ‖(ContinuousLinearMap.compLpL 2 μ Complex.ofRealCLM) u‖ = ‖u‖
left✝² :
  ∀ (g : ↥(Lp ℂ 2 μ)),
    (ContinuousLinearMap.compLpL 2 μ ↑Complex.conjCLE) g = g ↔
      ∃ u, (ContinuousLinearMap.compLpL 2 μ Complex.ofRealCLM) u = g
Bc : ↥(Lp ℂ 2 μ) →L[ℂ] ↥(Lp ℂ 2 μ)
hBc : Bc.IsPositive
hBf :
  ∀ (g : ↥(Lp ℂ 2 μ)),
    Bc g =
      (ContinuousLinearMap.compLpL 2 μ Complex.ofRealCLM) (B ((ContinuousLinearMap.compLpL 2 μ Complex.reCLM) g)) +
        Complex.I •
          (ContinuousLinearMap.compLpL 2 μ Complex.ofRealCLM) (B ((ContinuousLinearMap.compLpL 2 μ Complex.imCLM) g))
hBi :
  ∀ (u : ↥(Lp ℝ 2 μ)),
    Bc ((ContinuousLinearMap.compLpL 2 μ Complex.ofRealCLM) u) =
      (ContinuousLinearMap.compLpL 2 μ Complex.ofRealCLM) (B u)
right✝¹ :
  ∀ (g : ↥(Lp ℂ 2 μ)),
    (ContinuousLinearMap.compLpL 2 μ ↑Complex.conjCLE) (Bc g) =
      Bc ((ContinuousLinearMap.compLpL 2 μ ↑Complex.conjCLE) g)
left✝¹ : ∀ (u : ↥(Lp ℝ 2 μ)), ‖(ContinuousLinearMap.compLpL 2 μ Complex.ofRealCLM) u‖ = ‖u‖
left✝ :
  ∀ (g : ↥(Lp ℂ 2 μ)),
    (ContinuousLinearMap.compLpL 2 μ ↑Complex.conjCLE) g = g ↔
      ∃ u, (ContinuousLinearMap.compLpL 2 μ Complex.ofRealCLM) u = g
Dc : ↥(Lp ℂ 2 μ) →L[ℂ] ↥(Lp ℂ 2 μ)
hDc : Dc.IsPositive
hDf :
  ∀ (g : ↥(Lp ℂ 2 μ)),
    Dc g =
      (ContinuousLinearMap.compLpL 2 μ Complex.ofRealCLM)
          ((B * B - A * A) ((ContinuousLinearMap.compLpL 2 μ Complex.reCLM) g)) +
        Complex.I •
          (ContinuousLinearMap.compLpL 2 μ Complex.ofRealCLM)
            ((B * B - A * A) ((ContinuousLinearMap.compLpL 2 μ Complex.imCLM) g))
hDi :
  ∀ (u : ↥(Lp ℝ 2 μ)),
    Dc ((ContinuousLinearMap.compLpL 2 μ Complex.ofRealCLM) u) =
      (ContinuousLinearMap.compLpL 2 μ Complex.ofRealCLM) ((B * B - A * A) u)
right✝ :
  ∀ (g : ↥(Lp ℂ 2 μ)),
    (ContinuousLinearMap.compLpL 2 μ ↑Complex.conjCLE) (Dc g) =
      Dc ((ContinuousLinearMap.compLpL 2 μ ↑Complex.conjCLE) g)
hComplexDiff : Bc * Bc - Ac * Ac = Dc
hAcNonneg : 0 ≤ Ac
hBcNonneg : 0 ≤ Bc
hSqLe : Ac * Ac ≤ Bc * Bc
hLe : Ac ≤ Bc
hDiff : (Bc - Ac).IsPositive
e : ↥(Lp ℝ 2 μ) →ₗᵢ[ℝ] ↥(Lp ℂ 2 μ) :=
  let __LinearMap := ↑ι;
  { toLinearMap := __LinearMap, norm_map' := hNorm }
hInner : ∀ (v w : ↥(Lp ℝ 2 μ)), (inner ℂ (ι v) (ι w)).re = inner ℝ v w
u : ↥(Lp ℝ 2 μ)
h : 0 ≤ RCLike.re (inner ℂ (ι ((B - A) u)) (ι u))
hAction : (Bc - Ac) (ι u) = ι ((B - A) u)
⊢ 0 ≤ (B - A).reApplyInnerSelf u
runs/20261007-companion-priority/pbps-centered-root64/square-order-draft-v1.lean:64:45: warning: This simp argument is unused:
  hBi

Hint: Omit it from the simp argument list.
  [apply] simp only [ContinuousLinearMap.sub_apply, hAi, map_sub]

Note: This linter can be disabled with `set_option linter.unusedSimpArgs false`
runs/20261007-companion-priority/pbps-centered-root64/square-order-draft-v1.lean:64:49: warning: This simp argument is unused:
  hAi

Hint: Omit it from the simp argument list.
  [apply] simp only [ContinuousLinearMap.sub_apply, hBi, map_sub]

Note: This linter can be disabled with `set_option linter.unusedSimpArgs false`
'AutoSamplingTheory.TechnicalLemmas.Measure.L2RealSquareOrder.positive_square_order' depends on axioms: [propext,
 sorryAx,
 Classical.choice,
 Quot.sound]
