✖ [2652/2652] Building AutoSamplingTheory.TechnicalLemmas.FunctionalInequalities.BernoulliLogSobolev (7.9s)
trace: .> LEAN_PATH=E:\Samplinglib\.lake\packages\Cli\.lake\build\lib\lean;E:\Samplinglib\.lake\packages\batteries\.lake\build\lib\lean;E:\Samplinglib\.lake\packages\Qq\.lake\build\lib\lean;E:\Samplinglib\.lake\packages\aesop\.lake\build\lib\lean;E:\Samplinglib\.lake\packages\proofwidgets\.lake\build\lib\lean;E:\Samplinglib\.lake\packages\importGraph\.lake\build\lib\lean;E:\Samplinglib\.lake\packages\LeanSearchClient\.lake\build\lib\lean;E:\Samplinglib\.lake\packages\plausible\.lake\build\lib\lean;E:\Samplinglib\.lake\packages\mathlib\.lake\build\lib\lean;E:\Samplinglib\.lake\build\lib\lean c:\Users\admin\.elan\toolchains\leanprover--lean4---v4.33.0\bin\lean.exe E:\Samplinglib\AutoSamplingTheory\TechnicalLemmas\FunctionalInequalities\BernoulliLogSobolev.lean -o E:\Samplinglib\.lake\build\lib\lean\AutoSamplingTheory\TechnicalLemmas\FunctionalInequalities\BernoulliLogSobolev.olean -i E:\Samplinglib\.lake\build\lib\lean\AutoSamplingTheory\TechnicalLemmas\FunctionalInequalities\BernoulliLogSobolev.ilean -c E:\Samplinglib\.lake\build\ir\AutoSamplingTheory\TechnicalLemmas\FunctionalInequalities\BernoulliLogSobolev.c --setup E:\Samplinglib\.lake\build\ir\AutoSamplingTheory\TechnicalLemmas\FunctionalInequalities\BernoulliLogSobolev.setup.json --json
error: AutoSamplingTheory/TechnicalLemmas/FunctionalInequalities/BernoulliLogSobolev.lean:225:6: Tactic `rewrite` failed: Did not find an occurrence of the pattern
  (∑ i ∈ ?s, ?f i) / ?a
in the target expression
  (∑ x_1, (h (Fin.snoc x true) - h (Fin.snoc (flipCoord x_1 x) true)) ^ 2 +
          (h (Fin.snoc x true) - h (Fin.snoc x false)) ^ 2 +
        (∑ x_1, (h (Fin.snoc x false) - h (Fin.snoc (flipCoord x_1 x) false)) ^ 2 +
          (h (Fin.snoc x false) - h (Fin.snoc x true)) ^ 2)) /
      2 =
    ∑ j,
        ((h (Fin.snoc x true) - h (Fin.snoc (flipCoord j x) true)) ^ 2 +
            (h (Fin.snoc x false) - h (Fin.snoc (flipCoord j x) false)) ^ 2) /
          2 +
      (h (Fin.snoc x true) - h (Fin.snoc x false)) ^ 2

n : ℕ
h : (Fin (n + 1) → Bool) → ℝ
x : Fin n → Bool
⊢ (∑ x_1, (h (Fin.snoc x true) - h (Fin.snoc (flipCoord x_1 x) true)) ^ 2 +
          (h (Fin.snoc x true) - h (Fin.snoc x false)) ^ 2 +
        (∑ x_1, (h (Fin.snoc x false) - h (Fin.snoc (flipCoord x_1 x) false)) ^ 2 +
          (h (Fin.snoc x false) - h (Fin.snoc x true)) ^ 2)) /
      2 =
    ∑ j,
        ((h (Fin.snoc x true) - h (Fin.snoc (flipCoord j x) true)) ^ 2 +
            (h (Fin.snoc x false) - h (Fin.snoc (flipCoord j x) false)) ^ 2) /
          2 +
      (h (Fin.snoc x true) - h (Fin.snoc x false)) ^ 2
info: AutoSamplingTheory/TechnicalLemmas/FunctionalInequalities/BernoulliLogSobolev.lean:254:65: Try this:
  [apply] ring_nf
  
  The `ring` tactic failed to close the goal. Use `ring_nf` to obtain a normal form.
    
  Note that `ring` works primarily in *commutative* rings. If you have a noncommutative ring, abelian group or module, consider using `noncomm_ring`, `abel` or `module` instead.
error: AutoSamplingTheory/TechnicalLemmas/FunctionalInequalities/BernoulliLogSobolev.lean:247:63: unsolved goals
case e'_2
n : ℕ
ih : ∀ (h : (Fin n → Bool) → ℝ), entropy n h ≤ 1 / 2 * ∫ (x : Fin n → Bool), gradientNormSq n h x ∂bernoulliUniform n
h : (Fin (n + 1) → Bool) → ℝ
x : Fin n → Bool
⊢ partialOrder.toLE = Real.instLE
error: Lean exited with code 1
Some required targets logged failures:
- AutoSamplingTheory.TechnicalLemmas.FunctionalInequalities.BernoulliLogSobolev
error: build failed
