<stdin>:9:7: error: unexpected token 'λ'; expected '_' or identifier
<stdin>:10:21: error: unexpected token 'λ'; expected '_' or identifier
<stdin>:29:52: error(lean.unknownIdentifier): Unknown identifier `Q`

Note: It is not possible to treat `Q` as an implicitly bound variable here because the `autoImplicit` option is set to `false`.
<stdin>:32:25: error(lean.unknownIdentifier): Unknown identifier `Q`

Note: It is not possible to treat `Q` as an implicitly bound variable here because the `autoImplicit` option is set to `false`.
<stdin>:39:26: error(lean.unknownIdentifier): Unknown identifier `Q`
<stdin>:38:45: error: unsolved goals
⊢ let μ := ℙ.tilted fun x => -sorry;
  let C := (√(2 * Real.pi * 1))⁻¹ ^ Module.finrank ℝ ℝ;
  let Vη := fun y => -Real.log (C * ∫ (x : ℝ), Real.exp (-sorry - ‖y - x‖ ^ 2 / (2 * 1)));
  let R := fun y => μ.tilted fun x => -‖x - y‖ ^ 2 / (2 * 1);
  IsProbabilityMeasure μ ∧
    ContDiff ℝ 2 Vη ∧
      (∀ (y : ℝ),
          IsProbabilityMeasure (R y) ∧
            MemLp id 2 (R y) ∧
              ∀ (a : ℝ),
                ((covarianceBilin (R y)) a) a = 2 / 3 * ‖a‖ ^ 2 ∧ ((fderiv ℝ (fderiv ℝ Vη) y) a) a = 1 / 3 * ‖a‖ ^ 2) ∧
        LipschitzWith 1 (gradient Vη)
<stdin>:69:52: error(lean.unknownIdentifier): Unknown identifier `Q`

Note: It is not possible to treat `Q` as an implicitly bound variable here because the `autoImplicit` option is set to `false`.
<stdin>:74:2: error: No goals to be solved
<stdin>:80:52: error(lean.unknownIdentifier): Unknown identifier `Q`

Note: It is not possible to treat `Q` as an implicitly bound variable here because the `autoImplicit` option is set to `false`.
<stdin>:83:8: error(lean.unknownIdentifier): Unknown identifier `Q`

Note: It is not possible to treat `Q` as an implicitly bound variable here because the `autoImplicit` option is set to `false`.
<stdin>:84:47: error(lean.unknownIdentifier): Unknown identifier `Q`

Note: It is not possible to treat `Q` as an implicitly bound variable here because the `autoImplicit` option is set to `false`.
<stdin>:86:50: error(lean.unknownIdentifier): Unknown identifier `Q`

Note: It is not possible to treat `Q` as an implicitly bound variable here because the `autoImplicit` option is set to `false`.
<stdin>:87:26: error(lean.unknownIdentifier): Unknown identifier `Q`
<stdin>:86:65: error: unsolved goals
⊢ let μ := ℙ.tilted fun x => -sorry;
  let C := (√(2 * Real.pi * 1))⁻¹ ^ Module.finrank ℝ ℝ;
  let A := fun y => C * ∫ (x : ℝ), Real.exp (-sorry - ‖y - x‖ ^ 2 / (2 * 1));
  (∀ (y : ℝ), 0 < A y) ∧
    ∫ (y : ℝ), A y = ∫ (x : ?m.224), Real.exp (-sorry) ∧
      ∀ (y : ℝ),
        -Real.log (C * ∫ (x : ℝ), Real.exp (-‖y - x‖ ^ 2 / (2 * 1)) ∂μ) =
          -Real.log (A y) + Real.log (∫ (x : ?m.232 y), Real.exp (-sorry))
'Independent.Packet25.sharp_lower_endpoint' depends on axioms: [propext, sorryAx, Classical.choice, Quot.sound]
'Independent.Packet25.sharp_direction_two' depends on axioms: [propext, sorryAx, Classical.choice, Quot.sound]
<stdin>:97:14: error(lean.unknownIdentifier): Unknown constant `true_source_constant_shift`
