<stdin>:17:8: error: Tactic `rewrite` failed: Did not find an occurrence of the pattern
  (fderiv ?m.434 ?m.439 ?m.440) ?y
in the target expression
  fderiv ℝ (Q lam) w = (lam * w) • ContinuousLinearMap.id ℝ ℝ

lam z a : ℝ
hd : ∀ (w : ℝ), HasDerivAt (Q lam) (lam * w) w
w : ℝ
⊢ fderiv ℝ (Q lam) w = (lam * w) • ContinuousLinearMap.id ℝ ℝ
<stdin>:20:4: error: Type mismatch
  HasDerivAt.smul_const (HasDerivAt.const_mul lam (hasDerivAt_id z)) ?m.493
has type
  HasDerivAt (fun y => (lam * id y) • ?m.493) ((lam * 1) • ?m.493) z
but is expected to have type
  HasDerivAt (fun w => (lam * w) • ContinuousLinearMap.id ℝ ℝ) (lam • ContinuousLinearMap.id ℝ ℝ) z
<stdin>:14:27: warning: This simp argument is unused:
  Q

Hint: Omit it from the simp argument list.
  [apply] simp

Note: This linter can be disabled with `set_option linter.unusedSimpArgs false`
<stdin>:65:40: error: linarith failed to find a contradiction
case left.a
hV : ContDiff ℝ 2 (Q (1 / 2))
hh :
  ∀ (z a : ℝ),
    2⁻¹ * ‖a‖ ^ 2 ≤ ((fderiv ℝ (fderiv ℝ (Q (1 / 2))) z) a) a ∧ ((fderiv ℝ (fderiv ℝ (Q (1 / 2))) z) a) a ≤ ‖a‖ ^ 2
heq :
  ∀ (z a : ℝ),
    ↑(1 / 2) * ‖a‖ ^ 2 ≤ ((fderiv ℝ (fderiv ℝ (Q (1 / 2))) z) a) a ∧
      ((fderiv ℝ (fderiv ℝ (Q (1 / 2))) z) a) a ≤ ↑(1 / 2) * ‖a‖ ^ 2
h :
  have μ := ℙ.tilted fun x => -Q (1 / 2) x;
  have C := (√(2 * Real.pi * 1))⁻¹ ^ Module.finrank ℝ ℝ;
  have A := fun y => C * ∫ (x : ℝ), Real.exp (-Q (1 / 2) x - ‖y - x‖ ^ 2 / (2 * 1));
  have Vη := fun y => -Real.log (A y);
  have R := fun y => μ.tilted fun x => -‖x - y‖ ^ 2 / (2 * 1);
  IsProbabilityMeasure μ ∧
    ContDiff ℝ 2 Vη ∧
      (∀ (y : ℝ),
          IsProbabilityMeasure (R y) ∧
            MemLp id 2 (R y) ∧
              (∀ (a : ℝ), ((covarianceBilin (R y)) a) a ≤ ‖a‖ ^ 2 / (2⁻¹ + 1⁻¹)) ∧
                ∀ (a : ℝ),
                  1 / (2 + 1) * ‖a‖ ^ 2 ≤ ((fderiv ℝ (fderiv ℝ Vη) y) a) a ∧
                    ((fderiv ℝ (fderiv ℝ Vη) y) a) a ≤ 1 / (1 + 1) * ‖a‖ ^ 2) ∧
        LipschitzWith 1 (gradient Vη)
old :
  have μ := ℙ.tilted fun x => -Q (1 / 2) x;
  have C := (√(2 * Real.pi * 1))⁻¹ ^ Module.finrank ℝ ℝ;
  have A := fun y => C * ∫ (x : ℝ), Real.exp (-Q (1 / 2) x - ‖y - x‖ ^ 2 / (2 * 1));
  have Vη := fun y => -Real.log (A y);
  have R := fun y => μ.tilted fun x => -‖x - y‖ ^ 2 / (2 * 1);
  (∀ (y v : ℝ), ‖v‖ ^ 2 / (↑(1 / 2) + 1⁻¹) ≤ ((covarianceBilin (R y)) v) v) ∧
    ∀ (y v : ℝ), ((fderiv ℝ (fderiv ℝ Vη) y) v) v ≤ ↑(1 / 2) / (1 + ↑(1 / 2) * 1) * ‖v‖ ^ 2
y a : ℝ
cu : ((covarianceBilin ((ℙ.tilted fun x => -Q (1 / 2) x).tilted fun x => -(x - y) ^ 2 / 2)) a) a ≤ a ^ 2 / (3 / 2)
cl : a ^ 2 / (3 / 2) ≤ ((covarianceBilin ((ℙ.tilted fun x => -Q (1 / 2) x).tilted fun x => -(x - y) ^ 2 / 2)) a) a
hu :
  a *
      (deriv
          (fderiv ℝ fun y => -Real.log ((√Real.pi)⁻¹ * (√2)⁻¹ * ∫ (x : ℝ), Real.exp (-Q (1 / 2) x - (y - x) ^ 2 / 2)))
          y)
        a ≤
    1 / 3 * a ^ 2
hl :
  1 / 3 * a ^ 2 ≤
    a *
      (deriv
          (fderiv ℝ fun y => -Real.log ((√Real.pi)⁻¹ * (√2)⁻¹ * ∫ (x : ℝ), Real.exp (-Q (1 / 2) x - (y - x) ^ 2 / 2)))
          y)
        a
a✝ :
  2 / 3 * ‖a‖ ^ 2 <
    ((covarianceBilin ((fun y => (ℙ.tilted fun x => -Q (1 / 2) x).tilted fun x => -‖x - y‖ ^ 2 / (2 * 1)) y)) a) a
⊢ False
failed
<stdin>:65:40: error: linarith failed to find a contradiction
case a
hV : ContDiff ℝ 2 (Q (1 / 2))
hh :
  ∀ (z a : ℝ),
    2⁻¹ * ‖a‖ ^ 2 ≤ ((fderiv ℝ (fderiv ℝ (Q (1 / 2))) z) a) a ∧ ((fderiv ℝ (fderiv ℝ (Q (1 / 2))) z) a) a ≤ ‖a‖ ^ 2
heq :
  ∀ (z a : ℝ),
    ↑(1 / 2) * ‖a‖ ^ 2 ≤ ((fderiv ℝ (fderiv ℝ (Q (1 / 2))) z) a) a ∧
      ((fderiv ℝ (fderiv ℝ (Q (1 / 2))) z) a) a ≤ ↑(1 / 2) * ‖a‖ ^ 2
h :
  have μ := ℙ.tilted fun x => -Q (1 / 2) x;
  have C := (√(2 * Real.pi * 1))⁻¹ ^ Module.finrank ℝ ℝ;
  have A := fun y => C * ∫ (x : ℝ), Real.exp (-Q (1 / 2) x - ‖y - x‖ ^ 2 / (2 * 1));
  have Vη := fun y => -Real.log (A y);
  have R := fun y => μ.tilted fun x => -‖x - y‖ ^ 2 / (2 * 1);
  IsProbabilityMeasure μ ∧
    ContDiff ℝ 2 Vη ∧
      (∀ (y : ℝ),
          IsProbabilityMeasure (R y) ∧
            MemLp id 2 (R y) ∧
              (∀ (a : ℝ), ((covarianceBilin (R y)) a) a ≤ ‖a‖ ^ 2 / (2⁻¹ + 1⁻¹)) ∧
                ∀ (a : ℝ),
                  1 / (2 + 1) * ‖a‖ ^ 2 ≤ ((fderiv ℝ (fderiv ℝ Vη) y) a) a ∧
                    ((fderiv ℝ (fderiv ℝ Vη) y) a) a ≤ 1 / (1 + 1) * ‖a‖ ^ 2) ∧
        LipschitzWith 1 (gradient Vη)
old :
  have μ := ℙ.tilted fun x => -Q (1 / 2) x;
  have C := (√(2 * Real.pi * 1))⁻¹ ^ Module.finrank ℝ ℝ;
  have A := fun y => C * ∫ (x : ℝ), Real.exp (-Q (1 / 2) x - ‖y - x‖ ^ 2 / (2 * 1));
  have Vη := fun y => -Real.log (A y);
  have R := fun y => μ.tilted fun x => -‖x - y‖ ^ 2 / (2 * 1);
  (∀ (y v : ℝ), ‖v‖ ^ 2 / (↑(1 / 2) + 1⁻¹) ≤ ((covarianceBilin (R y)) v) v) ∧
    ∀ (y v : ℝ), ((fderiv ℝ (fderiv ℝ Vη) y) v) v ≤ ↑(1 / 2) / (1 + ↑(1 / 2) * 1) * ‖v‖ ^ 2
y a : ℝ
cu : ((covarianceBilin ((ℙ.tilted fun x => -Q (1 / 2) x).tilted fun x => -(x - y) ^ 2 / 2)) a) a ≤ a ^ 2 / (3 / 2)
cl : a ^ 2 / (3 / 2) ≤ ((covarianceBilin ((ℙ.tilted fun x => -Q (1 / 2) x).tilted fun x => -(x - y) ^ 2 / 2)) a) a
hu :
  a *
      (deriv
          (fderiv ℝ fun y => -Real.log ((√Real.pi)⁻¹ * (√2)⁻¹ * ∫ (x : ℝ), Real.exp (-Q (1 / 2) x - (y - x) ^ 2 / 2)))
          y)
        a ≤
    1 / 3 * a ^ 2
hl :
  1 / 3 * a ^ 2 ≤
    a *
      (deriv
          (fderiv ℝ fun y => -Real.log ((√Real.pi)⁻¹ * (√2)⁻¹ * ∫ (x : ℝ), Real.exp (-Q (1 / 2) x - (y - x) ^ 2 / 2)))
          y)
        a
a✝ :
  ((covarianceBilin ((fun y => (ℙ.tilted fun x => -Q (1 / 2) x).tilted fun x => -‖x - y‖ ^ 2 / (2 * 1)) y)) a) a <
    2 / 3 * ‖a‖ ^ 2
⊢ False
failed
<stdin>:65:40: error: linarith failed to find a contradiction
case right.a
hV : ContDiff ℝ 2 (Q (1 / 2))
hh :
  ∀ (z a : ℝ),
    2⁻¹ * ‖a‖ ^ 2 ≤ ((fderiv ℝ (fderiv ℝ (Q (1 / 2))) z) a) a ∧ ((fderiv ℝ (fderiv ℝ (Q (1 / 2))) z) a) a ≤ ‖a‖ ^ 2
heq :
  ∀ (z a : ℝ),
    ↑(1 / 2) * ‖a‖ ^ 2 ≤ ((fderiv ℝ (fderiv ℝ (Q (1 / 2))) z) a) a ∧
      ((fderiv ℝ (fderiv ℝ (Q (1 / 2))) z) a) a ≤ ↑(1 / 2) * ‖a‖ ^ 2
h :
  have μ := ℙ.tilted fun x => -Q (1 / 2) x;
  have C := (√(2 * Real.pi * 1))⁻¹ ^ Module.finrank ℝ ℝ;
  have A := fun y => C * ∫ (x : ℝ), Real.exp (-Q (1 / 2) x - ‖y - x‖ ^ 2 / (2 * 1));
  have Vη := fun y => -Real.log (A y);
  have R := fun y => μ.tilted fun x => -‖x - y‖ ^ 2 / (2 * 1);
  IsProbabilityMeasure μ ∧
    ContDiff ℝ 2 Vη ∧
      (∀ (y : ℝ),
          IsProbabilityMeasure (R y) ∧
            MemLp id 2 (R y) ∧
              (∀ (a : ℝ), ((covarianceBilin (R y)) a) a ≤ ‖a‖ ^ 2 / (2⁻¹ + 1⁻¹)) ∧
                ∀ (a : ℝ),
                  1 / (2 + 1) * ‖a‖ ^ 2 ≤ ((fderiv ℝ (fderiv ℝ Vη) y) a) a ∧
                    ((fderiv ℝ (fderiv ℝ Vη) y) a) a ≤ 1 / (1 + 1) * ‖a‖ ^ 2) ∧
        LipschitzWith 1 (gradient Vη)
old :
  have μ := ℙ.tilted fun x => -Q (1 / 2) x;
  have C := (√(2 * Real.pi * 1))⁻¹ ^ Module.finrank ℝ ℝ;
  have A := fun y => C * ∫ (x : ℝ), Real.exp (-Q (1 / 2) x - ‖y - x‖ ^ 2 / (2 * 1));
  have Vη := fun y => -Real.log (A y);
  have R := fun y => μ.tilted fun x => -‖x - y‖ ^ 2 / (2 * 1);
  (∀ (y v : ℝ), ‖v‖ ^ 2 / (↑(1 / 2) + 1⁻¹) ≤ ((covarianceBilin (R y)) v) v) ∧
    ∀ (y v : ℝ), ((fderiv ℝ (fderiv ℝ Vη) y) v) v ≤ ↑(1 / 2) / (1 + ↑(1 / 2) * 1) * ‖v‖ ^ 2
y a : ℝ
cu : ((covarianceBilin ((ℙ.tilted fun x => -Q (1 / 2) x).tilted fun x => -(x - y) ^ 2 / 2)) a) a ≤ a ^ 2 / (3 / 2)
cl : a ^ 2 / (3 / 2) ≤ ((covarianceBilin ((ℙ.tilted fun x => -Q (1 / 2) x).tilted fun x => -(x - y) ^ 2 / 2)) a) a
hu :
  a *
      (deriv
          (fderiv ℝ fun y => -Real.log ((√Real.pi)⁻¹ * (√2)⁻¹ * ∫ (x : ℝ), Real.exp (-Q (1 / 2) x - (y - x) ^ 2 / 2)))
          y)
        a ≤
    1 / 3 * a ^ 2
hl :
  1 / 3 * a ^ 2 ≤
    a *
      (deriv
          (fderiv ℝ fun y => -Real.log ((√Real.pi)⁻¹ * (√2)⁻¹ * ∫ (x : ℝ), Real.exp (-Q (1 / 2) x - (y - x) ^ 2 / 2)))
          y)
        a
a✝ :
  1 / 3 * ‖a‖ ^ 2 <
    ((fderiv ℝ
          (fderiv ℝ fun y =>
            -Real.log
                ((√(2 * Real.pi * 1))⁻¹ ^ Module.finrank ℝ ℝ *
                  ∫ (x : ℝ), Real.exp (-Q (1 / 2) x - ‖y - x‖ ^ 2 / (2 * 1))))
          y)
        a)
      a
⊢ False
failed
<stdin>:65:40: error: linarith failed to find a contradiction
case a
hV : ContDiff ℝ 2 (Q (1 / 2))
hh :
  ∀ (z a : ℝ),
    2⁻¹ * ‖a‖ ^ 2 ≤ ((fderiv ℝ (fderiv ℝ (Q (1 / 2))) z) a) a ∧ ((fderiv ℝ (fderiv ℝ (Q (1 / 2))) z) a) a ≤ ‖a‖ ^ 2
heq :
  ∀ (z a : ℝ),
    ↑(1 / 2) * ‖a‖ ^ 2 ≤ ((fderiv ℝ (fderiv ℝ (Q (1 / 2))) z) a) a ∧
      ((fderiv ℝ (fderiv ℝ (Q (1 / 2))) z) a) a ≤ ↑(1 / 2) * ‖a‖ ^ 2
h :
  have μ := ℙ.tilted fun x => -Q (1 / 2) x;
  have C := (√(2 * Real.pi * 1))⁻¹ ^ Module.finrank ℝ ℝ;
  have A := fun y => C * ∫ (x : ℝ), Real.exp (-Q (1 / 2) x - ‖y - x‖ ^ 2 / (2 * 1));
  have Vη := fun y => -Real.log (A y);
  have R := fun y => μ.tilted fun x => -‖x - y‖ ^ 2 / (2 * 1);
  IsProbabilityMeasure μ ∧
    ContDiff ℝ 2 Vη ∧
      (∀ (y : ℝ),
          IsProbabilityMeasure (R y) ∧
            MemLp id 2 (R y) ∧
              (∀ (a : ℝ), ((covarianceBilin (R y)) a) a ≤ ‖a‖ ^ 2 / (2⁻¹ + 1⁻¹)) ∧
                ∀ (a : ℝ),
                  1 / (2 + 1) * ‖a‖ ^ 2 ≤ ((fderiv ℝ (fderiv ℝ Vη) y) a) a ∧
                    ((fderiv ℝ (fderiv ℝ Vη) y) a) a ≤ 1 / (1 + 1) * ‖a‖ ^ 2) ∧
        LipschitzWith 1 (gradient Vη)
old :
  have μ := ℙ.tilted fun x => -Q (1 / 2) x;
  have C := (√(2 * Real.pi * 1))⁻¹ ^ Module.finrank ℝ ℝ;
  have A := fun y => C * ∫ (x : ℝ), Real.exp (-Q (1 / 2) x - ‖y - x‖ ^ 2 / (2 * 1));
  have Vη := fun y => -Real.log (A y);
  have R := fun y => μ.tilted fun x => -‖x - y‖ ^ 2 / (2 * 1);
  (∀ (y v : ℝ), ‖v‖ ^ 2 / (↑(1 / 2) + 1⁻¹) ≤ ((covarianceBilin (R y)) v) v) ∧
    ∀ (y v : ℝ), ((fderiv ℝ (fderiv ℝ Vη) y) v) v ≤ ↑(1 / 2) / (1 + ↑(1 / 2) * 1) * ‖v‖ ^ 2
y a : ℝ
cu : ((covarianceBilin ((ℙ.tilted fun x => -Q (1 / 2) x).tilted fun x => -(x - y) ^ 2 / 2)) a) a ≤ a ^ 2 / (3 / 2)
cl : a ^ 2 / (3 / 2) ≤ ((covarianceBilin ((ℙ.tilted fun x => -Q (1 / 2) x).tilted fun x => -(x - y) ^ 2 / 2)) a) a
hu :
  a *
      (deriv
          (fderiv ℝ fun y => -Real.log ((√Real.pi)⁻¹ * (√2)⁻¹ * ∫ (x : ℝ), Real.exp (-Q (1 / 2) x - (y - x) ^ 2 / 2)))
          y)
        a ≤
    1 / 3 * a ^ 2
hl :
  1 / 3 * a ^ 2 ≤
    a *
      (deriv
          (fderiv ℝ fun y => -Real.log ((√Real.pi)⁻¹ * (√2)⁻¹ * ∫ (x : ℝ), Real.exp (-Q (1 / 2) x - (y - x) ^ 2 / 2)))
          y)
        a
a✝ :
  ((fderiv ℝ
          (fderiv ℝ fun y =>
            -Real.log
                ((√(2 * Real.pi * 1))⁻¹ ^ Module.finrank ℝ ℝ *
                  ∫ (x : ℝ), Real.exp (-Q (1 / 2) x - ‖y - x‖ ^ 2 / (2 * 1))))
          y)
        a)
      a <
    1 / 3 * ‖a‖ ^ 2
⊢ False
failed
<stdin>:73:41: error: Application type mismatch: The argument
  y
has type
  Measure ℝ
but is expected to have type
  ℝ
in the application
  sharp_lower_endpoint.right.right.left y
'Independent.Packet25.sharp_lower_endpoint' depends on axioms: [propext, sorryAx, Classical.choice, Quot.sound]
'Independent.Packet25.sharp_direction_two' depends on axioms: [propext, sorryAx, Classical.choice, Quot.sound]
'Independent.Packet25.true_source_constant_shift' depends on axioms: [propext, sorryAx, Classical.choice, Quot.sound]
