website-first reader build	Test website, Harness, source-reader, and semantic contracts	﻿2026-10-06T12:09:33.7367728Z ##[group]Run python3 -m unittest \
website-first reader build	Test website, Harness, source-reader, and semantic contracts	2026-10-06T12:09:33.7368118Z ^[[36;1mpython3 -m unittest \^[[0m
website-first reader build	Test website, Harness, source-reader, and semantic contracts	2026-10-06T12:09:33.7368390Z ^[[36;1m  tools.tests.test_astis_site \^[[0m
website-first reader build	Test website, Harness, source-reader, and semantic contracts	2026-10-06T12:09:33.7368693Z ^[[36;1m  tools.tests.test_proof_readers \^[[0m
website-first reader build	Test website, Harness, source-reader, and semantic contracts	2026-10-06T12:09:33.7369005Z ^[[36;1m  tools.tests.test_metadata_reader \^[[0m
website-first reader build	Test website, Harness, source-reader, and semantic contracts	2026-10-06T12:09:33.7369308Z ^[[36;1m  tools.tests.test_astis_source \^[[0m
website-first reader build	Test website, Harness, source-reader, and semantic contracts	2026-10-06T12:09:33.7369603Z ^[[36;1m  tools.tests.test_astis_advance \^[[0m
website-first reader build	Test website, Harness, source-reader, and semantic contracts	2026-10-06T12:09:33.7369925Z ^[[36;1m  tools.tests.test_astis_semantic_roundtrip \^[[0m
website-first reader build	Test website, Harness, source-reader, and semantic contracts	2026-10-06T12:09:33.7370267Z ^[[36;1m  tools.tests.test_astis_publication \^[[0m
website-first reader build	Test website, Harness, source-reader, and semantic contracts	2026-10-06T12:09:33.7370592Z ^[[36;1m  tools.tests.test_astis_process_memory \^[[0m
website-first reader build	Test website, Harness, source-reader, and semantic contracts	2026-10-06T12:09:33.7370901Z ^[[36;1m  tools.tests.test_harness_site \^[[0m
website-first reader build	Test website, Harness, source-reader, and semantic contracts	2026-10-06T12:09:33.7371188Z ^[[36;1m  tools.tests.test_lean_tutor \^[[0m
website-first reader build	Test website, Harness, source-reader, and semantic contracts	2026-10-06T12:09:33.7371677Z ^[[36;1m  tools.tests.test_undergrad_guides \^[[0m
website-first reader build	Test website, Harness, source-reader, and semantic contracts	2026-10-06T12:09:33.7372051Z ^[[36;1m  tools.tests.test_chewi_source_first_contract \^[[0m
website-first reader build	Test website, Harness, source-reader, and semantic contracts	2026-10-06T12:09:33.7372463Z ^[[36;1m  tools.tests.test_chewi_source_first_refinement \^[[0m
website-first reader build	Test website, Harness, source-reader, and semantic contracts	2026-10-06T12:09:33.7372835Z ^[[36;1m  tools.tests.test_samplewiki_reader_contract \^[[0m
website-first reader build	Test website, Harness, source-reader, and semantic contracts	2026-10-06T12:09:33.7373186Z ^[[36;1m  tools.tests.test_samplewiki_companions \^[[0m
website-first reader build	Test website, Harness, source-reader, and semantic contracts	2026-10-06T12:09:33.7373516Z ^[[36;1m  tools.tests.test_underlying_lean_graph \^[[0m
website-first reader build	Test website, Harness, source-reader, and semantic contracts	2026-10-06T12:09:33.7373840Z ^[[36;1m  tools.tests.test_cross_domain_program \^[[0m
website-first reader build	Test website, Harness, source-reader, and semantic contracts	2026-10-06T12:09:33.7374166Z ^[[36;1m  tools.tests.test_discrete_sampling \^[[0m
website-first reader build	Test website, Harness, source-reader, and semantic contracts	2026-10-06T12:09:33.7374472Z ^[[36;1m  tools.tests.test_mcmc_library \^[[0m
website-first reader build	Test website, Harness, source-reader, and semantic contracts	2026-10-06T12:09:33.7374793Z ^[[36;1m  tools.tests.test_project_authors_footer^[[0m
website-first reader build	Test website, Harness, source-reader, and semantic contracts	2026-10-06T12:09:33.7375123Z ^[[36;1mnode --check website/static/site.js^[[0m
website-first reader build	Test website, Harness, source-reader, and semantic contracts	2026-10-06T12:09:33.7375435Z ^[[36;1mnode --check website/static/ide.js^[[0m
website-first reader build	Test website, Harness, source-reader, and semantic contracts	2026-10-06T12:09:33.7376075Z ^[[36;1mnode --check website/static/lean-tutor.js^[[0m
website-first reader build	Test website, Harness, source-reader, and semantic contracts	2026-10-06T12:09:33.7376560Z ^[[36;1mnode --check website/static/module-lean-tutor.js^[[0m
website-first reader build	Test website, Harness, source-reader, and semantic contracts	2026-10-06T12:09:33.7376982Z ^[[36;1mnode --check website/static/underlying-lean-graph.js^[[0m
website-first reader build	Test website, Harness, source-reader, and semantic contracts	2026-10-06T12:09:33.7377371Z ^[[36;1mnode --check website/static/graph-alias.js^[[0m
website-first reader build	Test website, Harness, source-reader, and semantic contracts	2026-10-06T12:09:33.7440800Z shell: /usr/bin/bash -e {0}
website-first reader build	Test website, Harness, source-reader, and semantic contracts	2026-10-06T12:09:33.7441062Z env:
website-first reader build	Test website, Harness, source-reader, and semantic contracts	2026-10-06T12:09:33.7441287Z   ASTIS_PUBLIC_SOURCE_LINKS: 1
website-first reader build	Test website, Harness, source-reader, and semantic contracts	2026-10-06T12:09:33.7441618Z   pythonLocation: /opt/hostedtoolcache/Python/3.12.14/x64
website-first reader build	Test website, Harness, source-reader, and semantic contracts	2026-10-06T12:09:33.7442066Z   PKG_CONFIG_PATH: /opt/hostedtoolcache/Python/3.12.14/x64/lib/pkgconfig
website-first reader build	Test website, Harness, source-reader, and semantic contracts	2026-10-06T12:09:33.7442500Z   Python_ROOT_DIR: /opt/hostedtoolcache/Python/3.12.14/x64
website-first reader build	Test website, Harness, source-reader, and semantic contracts	2026-10-06T12:09:33.7442886Z   Python2_ROOT_DIR: /opt/hostedtoolcache/Python/3.12.14/x64
website-first reader build	Test website, Harness, source-reader, and semantic contracts	2026-10-06T12:09:33.7443272Z   Python3_ROOT_DIR: /opt/hostedtoolcache/Python/3.12.14/x64
website-first reader build	Test website, Harness, source-reader, and semantic contracts	2026-10-06T12:09:33.7443660Z   LD_LIBRARY_PATH: /opt/hostedtoolcache/Python/3.12.14/x64/lib
website-first reader build	Test website, Harness, source-reader, and semantic contracts	2026-10-06T12:09:33.7443988Z ##[endgroup]
website-first reader build	Test website, Harness, source-reader, and semantic contracts	2026-10-06T12:10:41.3889350Z ...............................................................................................................................................................................................................E................
website-first reader build	Test website, Harness, source-reader, and semantic contracts	2026-10-06T12:10:41.3890414Z ======================================================================
website-first reader build	Test website, Harness, source-reader, and semantic contracts	2026-10-06T12:10:41.3891325Z ERROR: test_peer_navigation_and_route (tools.tests.test_discrete_sampling.DiscreteSamplingTests.test_peer_navigation_and_route)
website-first reader build	Test website, Harness, source-reader, and semantic contracts	2026-10-06T12:10:41.3892271Z ----------------------------------------------------------------------
website-first reader build	Test website, Harness, source-reader, and semantic contracts	2026-10-06T12:10:41.3892775Z Traceback (most recent call last):
website-first reader build	Test website, Harness, source-reader, and semantic contracts	2026-10-06T12:10:41.3901000Z   File "/home/runner/work/Automization-Sampling-Optimisation-Geometry-Lib/Automization-Sampling-Optimisation-Geometry-Lib/tools/tests/test_discrete_sampling.py", line 82, in test_peer_navigation_and_route
website-first reader build	Test website, Harness, source-reader, and semantic contracts	2026-10-06T12:10:41.3902748Z     self.assertIn('data-progress-route="discrete-sampling"',formalization_progress.overview_body())
website-first reader build	Test website, Harness, source-reader, and semantic contracts	2026-10-06T12:10:41.3903552Z                                                             ^^^^^^^^^^^^^^^^^^^^^^^^^^^^^^^^^^^^^^
website-first reader build	Test website, Harness, source-reader, and semantic contracts	2026-10-06T12:10:41.3905341Z   File "/home/runner/work/Automization-Sampling-Optimisation-Geometry-Lib/Automization-Sampling-Optimisation-Geometry-Lib/website/scripts/formalization_progress.py", line 292, in overview_body
website-first reader build	Test website, Harness, source-reader, and semantic contracts	2026-10-06T12:10:41.3906878Z     grouped = frontier_cells_by_route()
website-first reader build	Test website, Harness, source-reader, and semantic contracts	2026-10-06T12:10:41.3907261Z               ^^^^^^^^^^^^^^^^^^^^^^^^^
website-first reader build	Test website, Harness, source-reader, and semantic contracts	2026-10-06T12:10:41.3908355Z   File "/home/runner/work/Automization-Sampling-Optimisation-Geometry-Lib/Automization-Sampling-Optimisation-Geometry-Lib/website/scripts/formalization_progress.py", line 197, in frontier_cells_by_route
website-first reader build	Test website, Harness, source-reader, and semantic contracts	2026-10-06T12:10:41.3909619Z     raise RuntimeError("Frontier Cell protocol invalid before dashboard render:\n- " + "\n- ".join(errors))
website-first reader build	Test website, Harness, source-reader, and semantic contracts	2026-10-06T12:10:41.3910246Z RuntimeError: Frontier Cell protocol invalid before dashboard render:
website-first reader build	Test website, Harness, source-reader, and semantic contracts	2026-10-06T12:10:41.3911074Z - research-wiki/frontier-cells/ASTIS-SHARED-gibbs-linear-covariance-upper.json: reader_backpressure.source_expansion_nodes must be a string list
website-first reader build	Test website, Harness, source-reader, and semantic contracts	2026-10-06T12:10:41.3912449Z - research-wiki/frontier-cells/ASTIS-SW-SPHMC-smoothed-hessian-bounds.json: reader_backpressure.source_expansion_nodes must be a string list
website-first reader build	Test website, Harness, source-reader, and semantic contracts	2026-10-06T12:10:41.3913053Z 
website-first reader build	Test website, Harness, source-reader, and semantic contracts	2026-10-06T12:10:41.3913209Z ----------------------------------------------------------------------
website-first reader build	Test website, Harness, source-reader, and semantic contracts	2026-10-06T12:10:41.3913562Z Ran 224 tests in 67.230s
website-first reader build	Test website, Harness, source-reader, and semantic contracts	2026-10-06T12:10:41.3913712Z 
website-first reader build	Test website, Harness, source-reader, and semantic contracts	2026-10-06T12:10:41.3913802Z FAILED (errors=1)
website-first reader build	Test website, Harness, source-reader, and semantic contracts	2026-10-06T12:10:41.5067221Z ##[error]Process completed with exit code 1.
