{
  "status": "pending",
  "receipt": {
    "path": "runs/20261007-companion-priority/gaussian-product-entropy/remote-ci.1eb2e293.retry1.audit.json",
    "raw_sha256": "d72b856c74e12fb9749f0ebe5a1b72caa75ecce15732d517b90972546b253984",
    "lf_sha256": "d72b856c74e12fb9749f0ebe5a1b72caa75ecce15732d517b90972546b253984",
    "bytes": 6082
  },
  "success_count": 3,
  "pending_count": 1,
  "deployment": [
    {
      "id": 112700206133,
      "name": "deploy website",
      "head_sha": "1eb2e29307d59fab662db842c3a6264c65245fe3",
      "status": "completed",
      "conclusion": "skipped",
      "started_at": "2026-10-07T08:23:30Z",
      "completed_at": "2026-10-07T08:23:30Z",
      "html_url": "https://github.com/DakeBU/Automization-Sampling-Optimisation-Geometry-Lib/actions/runs/37593032202/job/112700206133"
    }
  ],
  "all_leases": "CLOSED"
}
