{
  "status": "VERIFIED",
  "verified_commit": "913438726472dcac2483cefbe6b4b2f4746cbe74",
  "receipt": {
    "path": "runs/20261007-companion-priority/gaussian-product-entropy/verified.json",
    "raw_sha256": "2ceaedca3d8658a07c8723ab82a2014b1c5e827bcdc6e981ff26372ec96a6879",
    "lf_sha256": "2ceaedca3d8658a07c8723ab82a2014b1c5e827bcdc6e981ff26372ec96a6879",
    "bytes": 25930
  },
  "counts": {
    "publication": 202,
    "semantic_audits": 268,
    "frontier_cells": 265,
    "contributor_declarations": 85,
    "contributor_cells": 81
  },
  "git_inputs": 660,
  "canonical_fake_files": 887,
  "fake_hits": 0,
  "all_leases": "CLOSED"
}
