AutoSamplingTheory/ExampleCases.lean:24: trailing whitespace.
+import AutoSamplingTheory.ExampleCases.ProximalBPS.ActualRootCommutation
AutoSamplingTheory/TechnicalLemmas.lean:26: trailing whitespace.
+import AutoSamplingTheory.TechnicalLemmas.Measure.L2RealSquareCommute
AutoSamplingTheory/TechnicalLemmas/Registry.lean:2102: trailing whitespace.
+    key := "measure.realL2PositiveSquareCommutation"
AutoSamplingTheory/TechnicalLemmas/Registry.lean:2103: trailing whitespace.
+    localDecl := "AutoSamplingTheory.TechnicalLemmas.Measure.L2RealSquareCommute.positive_square_commutation"
AutoSamplingTheory/TechnicalLemmas/Registry.lean:2104: trailing whitespace.
+    upstreamDecl := "Positive-square commutation on arbitrary real L2"
AutoSamplingTheory/TechnicalLemmas/Registry.lean:2105: trailing whitespace.
+    upstreamFile := "arXiv2609.06905v1 Appendix D1 functional calculus background; ASTIS auxiliary corollary for B23/B21"
AutoSamplingTheory/TechnicalLemmas/Registry.lean:2106: trailing whitespace.
+    status := LemmaMemoryStatus.formalizedLocal
AutoSamplingTheory/TechnicalLemmas/Registry.lean:2107: trailing whitespace.
+    tags := ["L2", "positive", "CFC", "square-root", "commutation"]
AutoSamplingTheory/TechnicalLemmas/Registry.lean:2108: trailing whitespace.
+    saldUse := "PBPS real consumer; no SALD admission"
AutoSamplingTheory/TechnicalLemmas/Registry.lean:2109: trailing whitespace.
+    note := "Independently exact-science67 VERIFIED 3da29415011a971a65f749502a625e416213f487. Arbitrary measure and positive real-L2 G,D: Commute(G\u00b2,D) implies Commute(G,D), by canonical complexification and the same unique positive square root. No probability/finiteness/nontriviality/caller CFC premise. Actual PBPS internally produces positive D=I+T. Not a separately printed paper theorem."
AutoSamplingTheory/TechnicalLemmas/Registry.lean:2110: trailing whitespace.
+  },
AutoSamplingTheory/TechnicalLemmas/Registry.lean:2111: trailing whitespace.
+  {
AutoSamplingTheory/TechnicalLemmas/Registry.lean:2112: trailing whitespace.
+    key := "pbps.actualRootInverseCommutation"
AutoSamplingTheory/TechnicalLemmas/Registry.lean:2113: trailing whitespace.
+    localDecl := "AutoSamplingTheory.ExampleCases.ProximalBPS.ActualRootCommutation.actual_same_root_inverse_commutation"
AutoSamplingTheory/TechnicalLemmas/Registry.lean:2114: trailing whitespace.
+    upstreamDecl := "Same actual PBPS root and centered inverse commutation"
AutoSamplingTheory/TechnicalLemmas/Registry.lean:2115: trailing whitespace.
+    upstreamFile := "arXiv2609.06905v1 Appendix B3 proof ingredient for Lemma B3/B23 and B21"
AutoSamplingTheory/TechnicalLemmas/Registry.lean:2116: trailing whitespace.
+    status := LemmaMemoryStatus.formalizedLocal
AutoSamplingTheory/TechnicalLemmas/Registry.lean:2117: trailing whitespace.
+    tags := ["PBPS", "L2", "same-root", "centered-inverse", "corrector"]
AutoSamplingTheory/TechnicalLemmas/Registry.lean:2118: trailing whitespace.
+    saldUse := "PBPS real consumer; no SALD admission"
AutoSamplingTheory/TechnicalLemmas/Registry.lean:2119: trailing whitespace.
+    note := "Independently exact-science67 VERIFIED 3da29415011a971a65f749502a625e416213f487. Original C2/two Hessians/positive capped eta produce SAME actual Gamma/T/A/HP0/Inv. Internal I+T positivity yields root commutation; exact A0 restriction is selfadjoint, commutes with Gamma0 and Inv, and A0\u00b2+Gamma0\u00b2=I. The SAME inverse is selfadjoint. Genuine original-input Test gives K=A0Inv selfadjoint and I+K\u00b2=Inv\u00b2. Rank0/alphaeta1 retained. Two literal private Props are representations, never providers/premises. Sharp B23/LemmaB3 energy/B21/H1/dynamics/main/errors/cost/composition remain open."
AutoSamplingTheory/TechnicalLemmas/Registry.lean:2120: trailing whitespace.
+  },
AutoSamplingTheory/TechnicalLemmas/Registry.lean:2121: trailing whitespace.
+  {
Tests.lean:222: trailing whitespace.
+import Tests.ProximalBPSActualRootCommutation
Tests/Basic.lean:47: trailing whitespace.
+example : TechnicalLemmas.formalizedTechnicalLemmaCount = 514 := by native_decide
website/content/samplewiki_companion_frontiers.json:10: trailing whitespace.
+    "current_checkpoint": "docs/companion-papers-handoff.md#same-pbps-root-and-centered-inverse-commutation-2026-10-09",
