{
  "cell": "ASTIS-SW-SPHMC-smoothed-score-posterior",
  "status": "graph coverage checked",
  "contributions": [
    {
      "node": "decl:AutoSamplingTheory.ExampleCases.SmoothedPicardHMC.SmoothedScorePosterior.smoothed_score_posterior",
      "focus": "lean-foundations.html?view=lean&focus=decl%3AAutoSamplingTheory.ExampleCases.SmoothedPicardHMC.SmoothedScorePosterior.smoothed_score_posterior&q=AutoSamplingTheory.ExampleCases.SmoothedPicardHMC.SmoothedScorePosterior.smoothed_score_posterior",
      "connections": [
        {
          "source": "decl:AutoSamplingTheory.ExampleCases.SmoothedPicardHMC.SmoothedScorePosterior.smoothed_score_posterior",
          "target": "semantic-audit:ASTIS-RT-20261007-SmoothedScorePosterior",
          "relation": "Lean target under audit"
        },
        {
          "source": "module:AutoSamplingTheory.ExampleCases.SmoothedPicardHMC.SmoothedScorePosterior",
          "target": "decl:AutoSamplingTheory.ExampleCases.SmoothedPicardHMC.SmoothedScorePosterior.smoothed_score_posterior",
          "relation": "declares"
        },
        {
          "source": "decl:AutoSamplingTheory.ExampleCases.SmoothedPicardHMC.SmoothedScorePosterior.smoothed_score_posterior",
          "target": "case:ASTIS-SW-SPHMC-2026",
          "relation": "source correspondence; not a Lean dependency"
        }
      ],
      "omitted_connections": 0
    }
  ],
  "boundary": "Reference scans are incomplete. Inspect the affected view; this report is not visual QA or a proof certificate."
}
