{
  "cell": "ASTIS-SHARED-gibbs-gradient-mean",
  "status": "graph coverage checked",
  "contributions": [
    {
      "node": "decl:AutoSamplingTheory.TechnicalLemmas.Analysis.GibbsGradientMean.integrable_gradient_and_integral_eq_zero",
      "focus": "lean-foundations.html?view=lean&focus=decl%3AAutoSamplingTheory.TechnicalLemmas.Analysis.GibbsGradientMean.integrable_gradient_and_integral_eq_zero&q=AutoSamplingTheory.TechnicalLemmas.Analysis.GibbsGradientMean.integrable_gradient_and_integral_eq_zero",
      "connections": [
        {
          "source": "decl:AutoSamplingTheory.TechnicalLemmas.Analysis.GibbsGradientMean.integrable_gradient_and_integral_eq_zero",
          "target": "semantic-audit:ASTIS-RT-20261007-GibbsGradientMean",
          "relation": "Lean target under audit"
        },
        {
          "source": "module:AutoSamplingTheory.TechnicalLemmas.Analysis.GibbsGradientMean",
          "target": "decl:AutoSamplingTheory.TechnicalLemmas.Analysis.GibbsGradientMean.integrable_gradient_and_integral_eq_zero",
          "relation": "declares"
        },
        {
          "source": "decl:AutoSamplingTheory.TechnicalLemmas.Analysis.GibbsGradientMean.integrable_gradient_and_integral_eq_zero",
          "target": "case:ASTIS-SW-SPHMC-2026",
          "relation": "source correspondence; not a Lean dependency"
        },
        {
          "source": "decl:AutoSamplingTheory.TechnicalLemmas.Analysis.Calculus.Gradient.continuous_gradient_of_contDiff_one",
          "target": "decl:AutoSamplingTheory.TechnicalLemmas.Analysis.GibbsGradientMean.integrable_gradient_and_integral_eq_zero",
          "relation": "source reference (scanner)"
        }
      ],
      "omitted_connections": 0
    }
  ],
  "boundary": "Reference scans are incomplete. Inspect the affected view; this report is not visual QA or a proof certificate."
}
