⚠ [3670/3749] Replayed AutoSamplingTheory.TechnicalLemmas.Measure.GaussianConvolutionRegularity
warning: AutoSamplingTheory/TechnicalLemmas/Measure/GaussianConvolutionRegularity.lean:68:8: automatically included section variable(s) unused in theorem `_private.AutoSamplingTheory.TechnicalLemmas.Measure.GaussianConvolutionRegularity.0.AutoSamplingTheory.TechnicalLemmas.Measure.GaussianConvolutionRegularity.weight_bounds`:
  [InnerProductSpace ℝ E]
consider restructuring your `variable` declarations so that the variables are not in scope or explicitly omit them:
  omit [InnerProductSpace ℝ E] in theorem ...

Note: This linter can be disabled with `set_option linter.unusedSectionVars false`
warning: AutoSamplingTheory/TechnicalLemmas/Measure/GaussianConvolutionRegularity.lean:319:8: automatically included section variable(s) unused in theorem `_private.AutoSamplingTheory.TechnicalLemmas.Measure.GaussianConvolutionRegularity.0.AutoSamplingTheory.TechnicalLemmas.Measure.GaussianConvolutionRegularity.posteriorIntegral`:
  [InnerProductSpace ℝ E]
  [BorelSpace E]
  [FiniteDimensional ℝ E]
consider restructuring your `variable` declarations so that the variables are not in scope or explicitly omit them:
  omit [InnerProductSpace ℝ E] [BorelSpace E] [FiniteDimensional ℝ E] in theorem ...

Note: This linter can be disabled with `set_option linter.unusedSectionVars false`
warning: AutoSamplingTheory/TechnicalLemmas/Measure/GaussianConvolutionRegularity.lean:405:58: Used `tac1 <;> tac2` where `(tac1; tac2)` would suffice

Note: This linter can be disabled with `set_option linter.unnecessarySeqFocus false`
warning: AutoSamplingTheory/TechnicalLemmas/Measure/GaussianConvolutionRegularity.lean:463:4: Try this: 
  haveI̵

The goal is a proposition, so `have` is preferred over `haveI`.
The difference between `have` and `haveI` is that `haveI` inlines the value.
But this is not relevant for proofs because of proof irrelevance.

Note: This linter can be disabled with `set_option linter.style.haveILetI false`
warning: AutoSamplingTheory/TechnicalLemmas/Measure/GaussianConvolutionRegularity.lean:488:4: Try this: 
  haveI̵

The goal is a proposition, so `have` is preferred over `haveI`.
The difference between `have` and `haveI` is that `haveI` inlines the value.
But this is not relevant for proofs because of proof irrelevance.

Note: This linter can be disabled with `set_option linter.style.haveILetI false`
⚠ [3689/3749] Replayed AutoSamplingTheory.TechnicalLemmas.Probability.GaussianLipschitzExponential
warning: AutoSamplingTheory/TechnicalLemmas/Probability/GaussianLipschitzExponential.lean:148:8: automatically included section variable(s) unused in theorem `_private.AutoSamplingTheory.TechnicalLemmas.Probability.GaussianLipschitzExponential.0.AutoSamplingTheory.TechnicalLemmas.Probability.GaussianLipschitzExponential.standardWeight_pos`:
  [CompleteSpace E]
  [FiniteDimensional ℝ E]
  [MeasurableSpace E]
  [BorelSpace E]
consider restructuring your `variable` declarations so that the variables are not in scope or explicitly omit them:
  omit [CompleteSpace E] [FiniteDimensional ℝ E] [MeasurableSpace E] [BorelSpace E] in theorem ...

Note: This linter can be disabled with `set_option linter.unusedSectionVars false`
warning: AutoSamplingTheory/TechnicalLemmas/Probability/GaussianLipschitzExponential.lean:152:8: automatically included section variable(s) unused in theorem `_private.AutoSamplingTheory.TechnicalLemmas.Probability.GaussianLipschitzExponential.0.AutoSamplingTheory.TechnicalLemmas.Probability.GaussianLipschitzExponential.standardGaussian_density`:
  [CompleteSpace E]
consider restructuring your `variable` declarations so that the variables are not in scope or explicitly omit them:
  omit [CompleteSpace E] in theorem ...

Note: This linter can be disabled with `set_option linter.unusedSectionVars false`
info: AutoSamplingTheory/TechnicalLemmas/Probability/GaussianLipschitzExponential.lean:187:4: Try this:
  [apply] ring_nf
  
  The `ring` tactic failed to close the goal. Use `ring_nf` to obtain a normal form.
    
  Note that `ring` works primarily in *commutative* rings. If you have a noncommutative ring, abelian group or module, consider using `noncomm_ring`, `abel` or `module` instead.
warning: AutoSamplingTheory/TechnicalLemmas/Probability/GaussianLipschitzExponential.lean:177:8: automatically included section variable(s) unused in theorem `_private.AutoSamplingTheory.TechnicalLemmas.Probability.GaussianLipschitzExponential.0.AutoSamplingTheory.TechnicalLemmas.Probability.GaussianLipschitzExponential.standardWeight_hasFDerivAt`:
  [CompleteSpace E]
  [FiniteDimensional ℝ E]
  [MeasurableSpace E]
  [BorelSpace E]
consider restructuring your `variable` declarations so that the variables are not in scope or explicitly omit them:
  omit [CompleteSpace E] [FiniteDimensional ℝ E] [MeasurableSpace E] [BorelSpace E] in theorem ...

Note: This linter can be disabled with `set_option linter.unusedSectionVars false`
warning: AutoSamplingTheory/TechnicalLemmas/Probability/GaussianLipschitzExponential.lean:307:8: automatically included section variable(s) unused in theorem `_private.AutoSamplingTheory.TechnicalLemmas.Probability.GaussianLipschitzExponential.0.AutoSamplingTheory.TechnicalLemmas.Probability.GaussianLipschitzExponential.norm_linear_pair_le_two`:
  [CompleteSpace E]
  [FiniteDimensional ℝ E]
  [MeasurableSpace E]
  [BorelSpace E]
consider restructuring your `variable` declarations so that the variables are not in scope or explicitly omit them:
  omit [CompleteSpace E] [FiniteDimensional ℝ E] [MeasurableSpace E] [BorelSpace E] in theorem ...

Note: This linter can be disabled with `set_option linter.unusedSectionVars false`
warning: AutoSamplingTheory/TechnicalLemmas/Probability/GaussianLipschitzExponential.lean:325:8: automatically included section variable(s) unused in theorem `_private.AutoSamplingTheory.TechnicalLemmas.Probability.GaussianLipschitzExponential.0.AutoSamplingTheory.TechnicalLemmas.Probability.GaussianLipschitzExponential.rotX_hasDerivAt`:
  [CompleteSpace E]
  [FiniteDimensional ℝ E]
  [MeasurableSpace E]
  [BorelSpace E]
consider restructuring your `variable` declarations so that the variables are not in scope or explicitly omit them:
  omit [CompleteSpace E] [FiniteDimensional ℝ E] [MeasurableSpace E] [BorelSpace E] in theorem ...

Note: This linter can be disabled with `set_option linter.unusedSectionVars false`
warning: AutoSamplingTheory/TechnicalLemmas/Probability/GaussianLipschitzExponential.lean:330:8: automatically included section variable(s) unused in theorem `_private.AutoSamplingTheory.TechnicalLemmas.Probability.GaussianLipschitzExponential.0.AutoSamplingTheory.TechnicalLemmas.Probability.GaussianLipschitzExponential.lipschitz_growth_bound`:
  [InnerProductSpace ℝ E]
  [CompleteSpace E]
  [FiniteDimensional ℝ E]
  [MeasurableSpace E]
  [BorelSpace E]
consider restructuring your `variable` declarations so that the variables are not in scope or explicitly omit them:
  omit [InnerProductSpace ℝ
  E] [CompleteSpace E] [FiniteDimensional ℝ E] [MeasurableSpace E] [BorelSpace E] in theorem ...

Note: This linter can be disabled with `set_option linter.unusedSectionVars false`
warning: AutoSamplingTheory/TechnicalLemmas/Probability/GaussianLipschitzExponential.lean:495:5: Variable name `hf` is not explicitly referenced.

Hint: The binding can be removed (if unused) or named `_` (if used implicitly). Alternatively, prefix the name with `_` to silence this warning:
  [apply] _hf

Note: This linter can be disabled with `set_option linter.unusedVariables false`
warning: AutoSamplingTheory/TechnicalLemmas/Probability/GaussianLipschitzExponential.lean:512:8: automatically included section variable(s) unused in theorem `_private.AutoSamplingTheory.TechnicalLemmas.Probability.GaussianLipschitzExponential.0.AutoSamplingTheory.TechnicalLemmas.Probability.GaussianLipschitzExponential.rotation_inverse_first`:
  [CompleteSpace E]
  [FiniteDimensional ℝ E]
  [MeasurableSpace E]
  [BorelSpace E]
consider restructuring your `variable` declarations so that the variables are not in scope or explicitly omit them:
  omit [CompleteSpace E] [FiniteDimensional ℝ E] [MeasurableSpace E] [BorelSpace E] in theorem ...

Note: This linter can be disabled with `set_option linter.unusedSectionVars false`
warning: AutoSamplingTheory/TechnicalLemmas/Probability/GaussianLipschitzExponential.lean:721:76: Used `tac1 <;> tac2` where `(tac1; tac2)` would suffice

Note: This linter can be disabled with `set_option linter.unnecessarySeqFocus false`
warning: AutoSamplingTheory/TechnicalLemmas/Probability/GaussianLipschitzExponential.lean:722:26: Used `tac1 <;> tac2` where `(tac1; tac2)` would suffice

Note: This linter can be disabled with `set_option linter.unnecessarySeqFocus false`
warning: AutoSamplingTheory/TechnicalLemmas/Probability/GaussianLipschitzExponential.lean:723:78: Used `tac1 <;> tac2` where `(tac1; tac2)` would suffice

Note: This linter can be disabled with `set_option linter.unnecessarySeqFocus false`
warning: AutoSamplingTheory/TechnicalLemmas/Probability/GaussianLipschitzExponential.lean:724:27: Used `tac1 <;> tac2` where `(tac1; tac2)` would suffice

Note: This linter can be disabled with `set_option linter.unnecessarySeqFocus false`
warning: AutoSamplingTheory/TechnicalLemmas/Probability/GaussianLipschitzExponential.lean:757:15: This simp argument is unused:
  Pi.neg_apply

Hint: Omit it from the simp argument list.
  [apply] simp only [integral_neg] at h

Note: This linter can be disabled with `set_option linter.unusedSimpArgs false`
warning: AutoSamplingTheory/TechnicalLemmas/Probability/GaussianLipschitzExponential.lean:766:8: automatically included section variable(s) unused in theorem `_private.AutoSamplingTheory.TechnicalLemmas.Probability.GaussianLipschitzExponential.0.AutoSamplingTheory.TechnicalLemmas.Probability.GaussianLipschitzExponential.normed_bump_convolution_lipschitz`:
  [CompleteSpace E]
consider restructuring your `variable` declarations so that the variables are not in scope or explicitly omit them:
  omit [CompleteSpace E] in theorem ...

Note: This linter can be disabled with `set_option linter.unusedSectionVars false`
warning: AutoSamplingTheory/TechnicalLemmas/Probability/GaussianLipschitzExponential.lean:793:8: automatically included section variable(s) unused in theorem `_private.AutoSamplingTheory.TechnicalLemmas.Probability.GaussianLipschitzExponential.0.AutoSamplingTheory.TechnicalLemmas.Probability.GaussianLipschitzExponential.normed_bump_convolution_error`:
  [CompleteSpace E]
consider restructuring your `variable` declarations so that the variables are not in scope or explicitly omit them:
  omit [CompleteSpace E] in theorem ...

Note: This linter can be disabled with `set_option linter.unusedSectionVars false`
warning: AutoSamplingTheory/TechnicalLemmas/Probability/GaussianLipschitzExponential.lean:812:8: automatically included section variable(s) unused in theorem `_private.AutoSamplingTheory.TechnicalLemmas.Probability.GaussianLipschitzExponential.0.AutoSamplingTheory.TechnicalLemmas.Probability.GaussianLipschitzExponential.smoothApprox_contDiff`:
  [CompleteSpace E]
consider restructuring your `variable` declarations so that the variables are not in scope or explicitly omit them:
  omit [CompleteSpace E] in theorem ...

Note: This linter can be disabled with `set_option linter.unusedSectionVars false`
warning: AutoSamplingTheory/TechnicalLemmas/Probability/GaussianLipschitzExponential.lean:827:8: automatically included section variable(s) unused in theorem `_private.AutoSamplingTheory.TechnicalLemmas.Probability.GaussianLipschitzExponential.0.AutoSamplingTheory.TechnicalLemmas.Probability.GaussianLipschitzExponential.smoothApprox_tendsto`:
  [CompleteSpace E]
consider restructuring your `variable` declarations so that the variables are not in scope or explicitly omit them:
  omit [CompleteSpace E] in theorem ...

Note: This linter can be disabled with `set_option linter.unusedSectionVars false`
warning: AutoSamplingTheory/TechnicalLemmas/Probability/GaussianLipschitzExponential.lean:922:6: Try this: 
  letI̵

The goal is a proposition, so `let` is preferred over `letI`.
The difference between `let` and `letI` is that `letI` inlines the value.
But this is not relevant for proofs because of proof irrelevance.

Note: This linter can be disabled with `set_option linter.style.haveILetI false`
⚠ [3741/3749] Replayed AutoSamplingTheory.TechnicalLemmas.Measure.TransportGluing
warning: AutoSamplingTheory/TechnicalLemmas/Measure/TransportGluing.lean:91:2: Try this: 
  letI̵

The goal is a proposition, so `let` is preferred over `letI`.
The difference between `let` and `letI` is that `letI` inlines the value.
But this is not relevant for proofs because of proof irrelevance.

Note: This linter can be disabled with `set_option linter.style.haveILetI false`
warning: AutoSamplingTheory/TechnicalLemmas/Measure/TransportGluing.lean:93:2: Try this: 
  letI̵

The goal is a proposition, so `let` is preferred over `letI`.
The difference between `let` and `letI` is that `letI` inlines the value.
But this is not relevant for proofs because of proof irrelevance.

Note: This linter can be disabled with `set_option linter.style.haveILetI false`
⚠ [3743/3749] Replayed AutoSamplingTheory.TechnicalLemmas.Measure.WassersteinTriangleMarginals
warning: AutoSamplingTheory/TechnicalLemmas/Measure/WassersteinTriangleMarginals.lean:46:0: automatically included section variable(s) unused in theorem `AutoSamplingTheory.TechnicalLemmas.Measure.WassersteinTriangleMarginals.measurable_pair12`:
  [NormedAddCommGroup E]
  [BorelSpace E]
  [SecondCountableTopology E]
consider restructuring your `variable` declarations so that the variables are not in scope or explicitly omit them:
  omit [NormedAddCommGroup E] [BorelSpace E] [SecondCountableTopology E] in theorem ...

Note: This linter can be disabled with `set_option linter.unusedSectionVars false`
warning: AutoSamplingTheory/TechnicalLemmas/Measure/WassersteinTriangleMarginals.lean:50:0: automatically included section variable(s) unused in theorem `AutoSamplingTheory.TechnicalLemmas.Measure.WassersteinTriangleMarginals.measurable_pair23`:
  [NormedAddCommGroup E]
  [BorelSpace E]
  [SecondCountableTopology E]
consider restructuring your `variable` declarations so that the variables are not in scope or explicitly omit them:
  omit [NormedAddCommGroup E] [BorelSpace E] [SecondCountableTopology E] in theorem ...

Note: This linter can be disabled with `set_option linter.unusedSectionVars false`
warning: AutoSamplingTheory/TechnicalLemmas/Measure/WassersteinTriangleMarginals.lean:54:0: automatically included section variable(s) unused in theorem `AutoSamplingTheory.TechnicalLemmas.Measure.WassersteinTriangleMarginals.measurable_pair13`:
  [NormedAddCommGroup E]
  [BorelSpace E]
  [SecondCountableTopology E]
consider restructuring your `variable` declarations so that the variables are not in scope or explicitly omit them:
  omit [NormedAddCommGroup E] [BorelSpace E] [SecondCountableTopology E] in theorem ...

Note: This linter can be disabled with `set_option linter.unusedSectionVars false`
warning: AutoSamplingTheory/TechnicalLemmas/Measure/WassersteinTriangleMarginals.lean:65:0: automatically included section variable(s) unused in theorem `AutoSamplingTheory.TechnicalLemmas.Measure.WassersteinTriangleMarginals.edgeLength12_rpow_two_eq_quadraticCost_pair12`:
  [MeasurableSpace E]
  [BorelSpace E]
  [SecondCountableTopology E]
consider restructuring your `variable` declarations so that the variables are not in scope or explicitly omit them:
  omit [MeasurableSpace E] [BorelSpace E] [SecondCountableTopology E] in theorem ...

Note: This linter can be disabled with `set_option linter.unusedSectionVars false`
warning: AutoSamplingTheory/TechnicalLemmas/Measure/WassersteinTriangleMarginals.lean:74:0: automatically included section variable(s) unused in theorem `AutoSamplingTheory.TechnicalLemmas.Measure.WassersteinTriangleMarginals.edgeLength23_rpow_two_eq_quadraticCost_pair23`:
  [MeasurableSpace E]
  [BorelSpace E]
  [SecondCountableTopology E]
consider restructuring your `variable` declarations so that the variables are not in scope or explicitly omit them:
  omit [MeasurableSpace E] [BorelSpace E] [SecondCountableTopology E] in theorem ...

Note: This linter can be disabled with `set_option linter.unusedSectionVars false`
warning: AutoSamplingTheory/TechnicalLemmas/Measure/WassersteinTriangleMarginals.lean:83:0: automatically included section variable(s) unused in theorem `AutoSamplingTheory.TechnicalLemmas.Measure.WassersteinTriangleMarginals.edgeLength13_rpow_two_eq_quadraticCost_pair13`:
  [MeasurableSpace E]
  [BorelSpace E]
  [SecondCountableTopology E]
consider restructuring your `variable` declarations so that the variables are not in scope or explicitly omit them:
  omit [MeasurableSpace E] [BorelSpace E] [SecondCountableTopology E] in theorem ...

Note: This linter can be disabled with `set_option linter.unusedSectionVars false`
⚠ [3744/3749] Replayed AutoSamplingTheory.TechnicalLemmas.Measure.CommonNoiseContraction
warning: AutoSamplingTheory/TechnicalLemmas/Measure/CommonNoiseContraction.lean:62:8: automatically included section variable(s) unused in theorem `_private.AutoSamplingTheory.TechnicalLemmas.Measure.CommonNoiseContraction.0.AutoSamplingTheory.TechnicalLemmas.Measure.CommonNoiseContraction.measurable_pairLeft`:
  [NormedAddCommGroup E]
  [BorelSpace E]
  [SecondCountableTopology E]
consider restructuring your `variable` declarations so that the variables are not in scope or explicitly omit them:
  omit [NormedAddCommGroup E] [BorelSpace E] [SecondCountableTopology E] in theorem ...

Note: This linter can be disabled with `set_option linter.unusedSectionVars false`
warning: AutoSamplingTheory/TechnicalLemmas/Measure/CommonNoiseContraction.lean:66:8: automatically included section variable(s) unused in theorem `_private.AutoSamplingTheory.TechnicalLemmas.Measure.CommonNoiseContraction.0.AutoSamplingTheory.TechnicalLemmas.Measure.CommonNoiseContraction.measurable_pairRight`:
  [NormedAddCommGroup E]
  [BorelSpace E]
  [SecondCountableTopology E]
consider restructuring your `variable` declarations so that the variables are not in scope or explicitly omit them:
  omit [NormedAddCommGroup E] [BorelSpace E] [SecondCountableTopology E] in theorem ...

Note: This linter can be disabled with `set_option linter.unusedSectionVars false`
warning: AutoSamplingTheory/TechnicalLemmas/Measure/CommonNoiseContraction.lean:77:2: Try this: 
  letI̵

The goal is a proposition, so `let` is preferred over `letI`.
The difference between `let` and `letI` is that `letI` inlines the value.
But this is not relevant for proofs because of proof irrelevance.

Note: This linter can be disabled with `set_option linter.style.haveILetI false`
warning: AutoSamplingTheory/TechnicalLemmas/Measure/CommonNoiseContraction.lean:72:0: automatically included section variable(s) unused in theorem `AutoSamplingTheory.TechnicalLemmas.Measure.CommonNoiseContraction.map_pairLeft_prod_eq`:
  [BorelSpace E]
consider restructuring your `variable` declarations so that the variables are not in scope or explicitly omit them:
  omit [BorelSpace E] in theorem ...

Note: This linter can be disabled with `set_option linter.unusedSectionVars false`
warning: AutoSamplingTheory/TechnicalLemmas/Measure/CommonNoiseContraction.lean:97:2: Try this: 
  letI̵

The goal is a proposition, so `let` is preferred over `letI`.
The difference between `let` and `letI` is that `letI` inlines the value.
But this is not relevant for proofs because of proof irrelevance.

Note: This linter can be disabled with `set_option linter.style.haveILetI false`
warning: AutoSamplingTheory/TechnicalLemmas/Measure/CommonNoiseContraction.lean:92:0: automatically included section variable(s) unused in theorem `AutoSamplingTheory.TechnicalLemmas.Measure.CommonNoiseContraction.map_pairRight_prod_eq`:
  [BorelSpace E]
consider restructuring your `variable` declarations so that the variables are not in scope or explicitly omit them:
  omit [BorelSpace E] in theorem ...

Note: This linter can be disabled with `set_option linter.unusedSectionVars false`
warning: AutoSamplingTheory/TechnicalLemmas/Measure/CommonNoiseContraction.lean:119:2: Try this: 
  letI̵

The goal is a proposition, so `let` is preferred over `letI`.
The difference between `let` and `letI` is that `letI` inlines the value.
But this is not relevant for proofs because of proof irrelevance.

Note: This linter can be disabled with `set_option linter.style.haveILetI false`
warning: AutoSamplingTheory/TechnicalLemmas/Measure/CommonNoiseContraction.lean:148:0: automatically included section variable(s) unused in theorem `AutoSamplingTheory.TechnicalLemmas.Measure.CommonNoiseContraction.quadraticCost_synchronousNoiseMap`:
  [MeasurableSpace E]
  [BorelSpace E]
  [SecondCountableTopology E]
consider restructuring your `variable` declarations so that the variables are not in scope or explicitly omit them:
  omit [MeasurableSpace E] [BorelSpace E] [SecondCountableTopology E] in theorem ...

Note: This linter can be disabled with `set_option linter.unusedSectionVars false`
warning: AutoSamplingTheory/TechnicalLemmas/Measure/CommonNoiseContraction.lean:200:2: Try this: 
  letI̵

The goal is a proposition, so `let` is preferred over `letI`.
The difference between `let` and `letI` is that `letI` inlines the value.
But this is not relevant for proofs because of proof irrelevance.

Note: This linter can be disabled with `set_option linter.style.haveILetI false`
⚠ [3745/3749] Replayed AutoSamplingTheory.TechnicalLemmas.Measure.GaussianSmoothing
warning: AutoSamplingTheory/TechnicalLemmas/Measure/GaussianSmoothing.lean:75:0: automatically included section variable(s) unused in theorem `AutoSamplingTheory.TechnicalLemmas.Measure.GaussianSmoothing.heatSmoothing_eq_gaussianSmoothing_sqrt`:
  [BorelSpace E]
  [SecondCountableTopology E]
consider restructuring your `variable` declarations so that the variables are not in scope or explicitly omit them:
  omit [BorelSpace E] [SecondCountableTopology E] in theorem ...

Note: This linter can be disabled with `set_option linter.unusedSectionVars false`
✖ [3749/3749] Building AutoSamplingTheory.ExampleCases.SmoothedPicardHMC.SmoothedScorePosterior (10s)
trace: .> LEAN_PATH=E:\Samplinglib\.lake\packages\Cli\.lake\build\lib\lean;E:\Samplinglib\.lake\packages\batteries\.lake\build\lib\lean;E:\Samplinglib\.lake\packages\Qq\.lake\build\lib\lean;E:\Samplinglib\.lake\packages\aesop\.lake\build\lib\lean;E:\Samplinglib\.lake\packages\proofwidgets\.lake\build\lib\lean;E:\Samplinglib\.lake\packages\importGraph\.lake\build\lib\lean;E:\Samplinglib\.lake\packages\LeanSearchClient\.lake\build\lib\lean;E:\Samplinglib\.lake\packages\plausible\.lake\build\lib\lean;E:\Samplinglib\.lake\packages\mathlib\.lake\build\lib\lean;E:\Samplinglib\.lake\build\lib\lean c:\Users\admin\.elan\toolchains\leanprover--lean4---v4.33.0\bin\lean.exe E:\Samplinglib\AutoSamplingTheory\ExampleCases\SmoothedPicardHMC\SmoothedScorePosterior.lean -o E:\Samplinglib\.lake\build\lib\lean\AutoSamplingTheory\ExampleCases\SmoothedPicardHMC\SmoothedScorePosterior.olean -i E:\Samplinglib\.lake\build\lib\lean\AutoSamplingTheory\ExampleCases\SmoothedPicardHMC\SmoothedScorePosterior.ilean -c E:\Samplinglib\.lake\build\ir\AutoSamplingTheory\ExampleCases\SmoothedPicardHMC\SmoothedScorePosterior.c --setup E:\Samplinglib\.lake\build\ir\AutoSamplingTheory\ExampleCases\SmoothedPicardHMC\SmoothedScorePosterior.setup.json --json
error: AutoSamplingTheory/ExampleCases/SmoothedPicardHMC/SmoothedScorePosterior.lean:103:50: unsolved goals
E : Type u_2
inst✝⁵ : NormedAddCommGroup E
inst✝⁴ : InnerProductSpace ℝ E
inst✝³ : CompleteSpace E
inst✝² : FiniteDimensional ℝ E
inst✝¹ : MeasurableSpace E
inst✝ : BorelSpace E
V : E → ℝ
κ η : ℝ
hκ : 1 ≤ κ
hV : ContDiff ℝ 2 V
hH : ∀ (x v : E), κ⁻¹ * ‖v‖ ^ 2 ≤ ((fderiv ℝ (fderiv ℝ V) x) v) v ∧ ((fderiv ℝ (fderiv ℝ V) x) v) v ≤ ‖v‖ ^ 2
hη : 0 < η
hk : 0 < κ
ha : 0 < κ⁻¹
μ : Measure E := volume.tilted fun x => -V x
C : ℝ := (√(2 * Real.pi * η))⁻¹ ^ Module.finrank ℝ E
A : E → ℝ := fun y => C * ∫ (x : E), Real.exp (-V x - ‖y - x‖ ^ 2 / (2 * η))
Vη : E → ℝ := fun y => -Real.log (A y)
R : E → Measure E := fun y => μ.tilted fun x => -‖x - y‖ ^ 2 / (2 * η)
U : E → ℝ := fun y => -Real.log (C * ∫ (x : E), Real.exp (-‖y - x‖ ^ 2 / (2 * η)) ∂μ)
ZV : ℝ := ∫ (x : E), Real.exp (-V x)
_hZ : 0 < ∫ (x : E), Real.exp (-V x)
hμ : IsProbabilityMeasure (volume.tilted fun x => -V x)
_hlaw :
  Measure.map (fun p => p.1 + √η • p.2) ((volume.tilted fun x => -V x).prod (ProbabilityTheory.stdGaussian E)) =
    volume.withDensity fun y =>
      ENNReal.ofReal
        (Real.exp
            (-
              -Real.log
                  ((fun y =>
                      (√(2 * Real.pi * η))⁻¹ ^ Module.finrank ℝ E * ∫ (x : E), Real.exp (-V x - ‖y - x‖ ^ 2 / (2 * η)))
                    y)) /
          ∫ (x : E), Real.exp (-V x))
_hI :
  Integrable (fun y => (√(2 * Real.pi * η))⁻¹ ^ Module.finrank ℝ E * ∫ (x : E), Real.exp (-V x - ‖y - x‖ ^ 2 / (2 * η)))
    volume
_hInt :
  ∫ (y : E),
      (fun y => (√(2 * Real.pi * η))⁻¹ ^ Module.finrank ℝ E * ∫ (x : E), Real.exp (-V x - ‖y - x‖ ^ 2 / (2 * η))) y =
    ∫ (x : E), Real.exp (-V x)
_hTilt :
  Measure.map (fun p => p.1 + √η • p.2) ((volume.tilted fun x => -V x).prod (ProbabilityTheory.stdGaussian E)) =
    volume.tilted fun y =>
      -
        -Real.log
            ((fun y => (√(2 * Real.pi * η))⁻¹ ^ Module.finrank ℝ E * ∫ (x : E), Real.exp (-V x - ‖y - x‖ ^ 2 / (2 * η)))
              y)
_hA :
  ∀ (y : E),
    0 < (fun y => (√(2 * Real.pi * η))⁻¹ ^ Module.finrank ℝ E * ∫ (x : E), Real.exp (-V x - ‖y - x‖ ^ 2 / (2 * η))) y
hC2 :
  ContDiff ℝ 2 fun y =>
    -Real.log
        ((fun y => (√(2 * Real.pi * η))⁻¹ ^ Module.finrank ℝ E * ∫ (x : E), Real.exp (-V x - ‖y - x‖ ^ 2 / (2 * η))) y)
hshift :
  ∀ (y : E),
    -Real.log
          ((√(2 * Real.pi * η))⁻¹ ^ Module.finrank ℝ E *
            ∫ (x : E), Real.exp (-‖y - x‖ ^ 2 / (2 * η)) ∂volume.tilted fun x => -V x) =
      -Real.log
            ((fun y => (√(2 * Real.pi * η))⁻¹ ^ Module.finrank ℝ E * ∫ (x : E), Real.exp (-V x - ‖y - x‖ ^ 2 / (2 * η)))
              y) +
        Real.log (∫ (x : E), Real.exp (-V x))
this✝ : IsProbabilityMeasure μ
hC : 0 < C
hRm :
  ∀ (y : E),
    IsProbabilityMeasure ((fun y => μ.tilted fun x => -‖x - y‖ ^ 2 / (2 * η)) y) ∧
      MemLp (fun x => x) 2 ((fun y => μ.tilted fun x => -‖x - y‖ ^ 2 / (2 * η)) y)
hD :
  ∀ (y v : E),
    (fderiv ℝ (fun y => -Real.log (C * ∫ (x : E), Real.exp (-‖y - x‖ ^ 2 / (2 * η)) ∂μ)) y) v =
      ⟪y - ∫ (x : E), x ∂(fun y => μ.tilted fun x => -‖x - y‖ ^ 2 / (2 * η)) y, v⟫ / η
_hDD :
  ∀ (y v w : E),
    ((fderiv ℝ (fderiv ℝ fun y => -Real.log (C * ∫ (x : E), Real.exp (-‖y - x‖ ^ 2 / (2 * η)) ∂μ)) y) v) w =
      ⟪v, w⟫ / η -
        ((ProbabilityTheory.covarianceBilin ((fun y => μ.tilted fun x => -‖x - y‖ ^ 2 / (2 * η)) y)) v) w / η ^ 2
hi : Integrable (fun x => Real.exp (-V x)) volume
hshiftfun : U = fun y => Vη y + Real.log ZV
hDU : fderiv ℝ U = fderiv ℝ Vη
y : E
W : E → ℝ := fun x => V x + η⁻¹ / 2 * ‖x - y‖ ^ 2
hW : ContDiff ℝ 2 W
hVd : Differentiable ℝ V
hVdd : Differentiable ℝ (fderiv ℝ V)
hq : ∀ (x : E), HasFDerivAt (fun z => η⁻¹ / 2 * ‖z - y‖ ^ 2) (η⁻¹ • (innerSL ℝ) (x - y)) x
hWfd : ∀ (x : E), fderiv ℝ W x = fderiv ℝ V x + η⁻¹ • (innerSL ℝ) (x - y)
J : E →L[ℝ] E →L[ℝ] ℝ := { toFun := fun a => (innerSL ℝ) a, map_add' := ⋯, map_smul' := ⋯, cont := ⋯ }
hWdd : ∀ (x : E), HasFDerivAt (fderiv ℝ W) (fderiv ℝ (fderiv ℝ V) x + η⁻¹ • J) x
hb :
  ∀ (x a : E),
    (κ⁻¹ + η⁻¹) * ‖a‖ ^ 2 ≤ ((fderiv ℝ (fderiv ℝ W) x) a) a ∧ ((fderiv ℝ (fderiv ℝ W) x) a) a ≤ (1 + η⁻¹) * ‖a‖ ^ 2
hgradW : ∀ (x : E), gradient W x = gradient V x + η⁻¹ • (x - y)
α : ℝ≥0 := ⟨κ⁻¹ + η⁻¹, ⋯⟩
β : ℝ≥0 := ⟨1 + η⁻¹, ⋯⟩
hα : 0 < α
hmean :
  have μ := volume.tilted fun x => -W x;
  IsProbabilityMeasure μ ∧ Integrable (gradient W) μ ∧ ∫ (x : E), gradient W x ∂μ = 0
hRW : R y = volume.tilted fun x => -W x
this : IsProbabilityMeasure (R y)
hX : Integrable (fun x => x) (R y)
hqint : Integrable (fun x => η⁻¹ • (x - y)) (R y)
hgw : Integrable (gradient W) (R y)
hgv : Integrable (gradient V) (R y)
hz : ∫ (x : E), gradient V x ∂R y + η⁻¹ • (∫ (x : E), x ∂R y - y) = 0
hemean : ∫ (x : E), gradient V x ∂R y = η⁻¹ • (y - ∫ (x : E), x ∂R y)
v : E
⊢ η⁻¹ * ⟪y - ∫ (x : E), x ∂μ.tilted fun x => (2 * η)⁻¹ * -‖x - y‖ ^ 2, v⟫ = η⁻¹ * ⟪y - ∫ (x : E), x ∂R y, v⟫
error: AutoSamplingTheory/ExampleCases/SmoothedPicardHMC/SmoothedScorePosterior.lean:199:4: Type mismatch: After simplification, term
  Integrable.add (integrable_const (gradient V (p y))) (Integrable.smul (√η)⁻¹ hρint)
 has type
  @Integrable E PseudoMetricSpace.toUniformSpace.toTopologicalSpace
    NormedAddCommGroup.toENormedAddCommMonoid.toContinuousENorm E inst✝¹
    ((fun x => gradient V (p y)) + (√η)⁻¹ • gradient (rho y)) (r y)
but is expected to have type
  @Integrable E PseudoMetricSpace.toUniformSpace.toTopologicalSpace SeminormedAddGroup.toContinuousENorm E inst✝¹
    (fun u => gradient V (p y) + (√η)⁻¹ • gradient (rho y) u) (r y)
error: AutoSamplingTheory/ExampleCases/SmoothedPicardHMC/SmoothedScorePosterior.lean:212:6: Tactic `rewrite` failed: Did not find an occurrence of the pattern
  ∫ (a : E), ?m.3904 + (?m.3914 • gradient (rho y)) a ∂r y
in the target expression
  ∫ (u : E), gradient V (p y) + (√η)⁻¹ • gradient (rho y) u ∂r y =
    gradient V (p y) + (√η)⁻¹ • ∫ (u : E), gradient (rho y) u ∂r y

E : Type u_2
inst✝⁵ : NormedAddCommGroup E
inst✝⁴ : InnerProductSpace ℝ E
inst✝³ : CompleteSpace E
inst✝² : FiniteDimensional ℝ E
inst✝¹ : MeasurableSpace E
inst✝ : BorelSpace E
V : E → ℝ
κ η : ℝ
hκ : 1 ≤ κ
hV : ContDiff ℝ 2 V
hH : ∀ (x v : E), κ⁻¹ * ‖v‖ ^ 2 ≤ ((fderiv ℝ (fderiv ℝ V) x) v) v ∧ ((fderiv ℝ (fderiv ℝ V) x) v) v ≤ ‖v‖ ^ 2
hη : 0 < η
hk : 0 < κ
ha : 0 < κ⁻¹
μ : Measure E := volume.tilted fun x => -V x
C : ℝ := (√(2 * Real.pi * η))⁻¹ ^ Module.finrank ℝ E
A : E → ℝ := fun y => C * ∫ (x : E), Real.exp (-V x - ‖y - x‖ ^ 2 / (2 * η))
Vη : E → ℝ := fun y => -Real.log (A y)
R : E → Measure E := fun y => μ.tilted fun x => -‖x - y‖ ^ 2 / (2 * η)
U : E → ℝ := fun y => -Real.log (C * ∫ (x : E), Real.exp (-‖y - x‖ ^ 2 / (2 * η)) ∂μ)
ZV : ℝ := ∫ (x : E), Real.exp (-V x)
_hZ : 0 < ∫ (x : E), Real.exp (-V x)
hμ : IsProbabilityMeasure (volume.tilted fun x => -V x)
_hlaw :
  Measure.map (fun p => p.1 + √η • p.2) ((volume.tilted fun x => -V x).prod (ProbabilityTheory.stdGaussian E)) =
    volume.withDensity fun y =>
      ENNReal.ofReal
        (Real.exp
            (-
              -Real.log
                  ((fun y =>
                      (√(2 * Real.pi * η))⁻¹ ^ Module.finrank ℝ E * ∫ (x : E), Real.exp (-V x - ‖y - x‖ ^ 2 / (2 * η)))
                    y)) /
          ∫ (x : E), Real.exp (-V x))
_hI :
  Integrable (fun y => (√(2 * Real.pi * η))⁻¹ ^ Module.finrank ℝ E * ∫ (x : E), Real.exp (-V x - ‖y - x‖ ^ 2 / (2 * η)))
    volume
_hInt :
  ∫ (y : E),
      (fun y => (√(2 * Real.pi * η))⁻¹ ^ Module.finrank ℝ E * ∫ (x : E), Real.exp (-V x - ‖y - x‖ ^ 2 / (2 * η))) y =
    ∫ (x : E), Real.exp (-V x)
_hTilt :
  Measure.map (fun p => p.1 + √η • p.2) ((volume.tilted fun x => -V x).prod (ProbabilityTheory.stdGaussian E)) =
    volume.tilted fun y =>
      -
        -Real.log
            ((fun y => (√(2 * Real.pi * η))⁻¹ ^ Module.finrank ℝ E * ∫ (x : E), Real.exp (-V x - ‖y - x‖ ^ 2 / (2 * η)))
              y)
_hA :
  ∀ (y : E),
    0 < (fun y => (√(2 * Real.pi * η))⁻¹ ^ Module.finrank ℝ E * ∫ (x : E), Real.exp (-V x - ‖y - x‖ ^ 2 / (2 * η))) y
hC2 :
  ContDiff ℝ 2 fun y =>
    -Real.log
        ((fun y => (√(2 * Real.pi * η))⁻¹ ^ Module.finrank ℝ E * ∫ (x : E), Real.exp (-V x - ‖y - x‖ ^ 2 / (2 * η))) y)
hshift :
  ∀ (y : E),
    -Real.log
          ((√(2 * Real.pi * η))⁻¹ ^ Module.finrank ℝ E *
            ∫ (x : E), Real.exp (-‖y - x‖ ^ 2 / (2 * η)) ∂volume.tilted fun x => -V x) =
      -Real.log
            ((fun y => (√(2 * Real.pi * η))⁻¹ ^ Module.finrank ℝ E * ∫ (x : E), Real.exp (-V x - ‖y - x‖ ^ 2 / (2 * η)))
              y) +
        Real.log (∫ (x : E), Real.exp (-V x))
this✝ : IsProbabilityMeasure μ
hC : 0 < C
hRm :
  ∀ (y : E),
    IsProbabilityMeasure ((fun y => μ.tilted fun x => -‖x - y‖ ^ 2 / (2 * η)) y) ∧
      MemLp (fun x => x) 2 ((fun y => μ.tilted fun x => -‖x - y‖ ^ 2 / (2 * η)) y)
hD :
  ∀ (y v : E),
    (fderiv ℝ (fun y => -Real.log (C * ∫ (x : E), Real.exp (-‖y - x‖ ^ 2 / (2 * η)) ∂μ)) y) v =
      ⟪y - ∫ (x : E), x ∂(fun y => μ.tilted fun x => -‖x - y‖ ^ 2 / (2 * η)) y, v⟫ / η
_hDD :
  ∀ (y v w : E),
    ((fderiv ℝ (fderiv ℝ fun y => -Real.log (C * ∫ (x : E), Real.exp (-‖y - x‖ ^ 2 / (2 * η)) ∂μ)) y) v) w =
      ⟪v, w⟫ / η -
        ((ProbabilityTheory.covarianceBilin ((fun y => μ.tilted fun x => -‖x - y‖ ^ 2 / (2 * η)) y)) v) w / η ^ 2
hi : Integrable (fun x => Real.exp (-V x)) volume
hshiftfun : U = fun y => Vη y + Real.log ZV
hDU : fderiv ℝ U = fderiv ℝ Vη
hscore : ∀ (y : E), Integrable (gradient V) (R y) ∧ gradient Vη y = ∫ (x : E), gradient V x ∂R y
p : E → E
hpm : Measurable p
hstat : ∀ (s : E), p s + η • gradient V (p s) = s
hstd :
  have rho := fun s u => V (p s + √η • u) - V (p s) - √η * ⟪gradient V (p s), u⟫;
  have Q := fun s u => ‖u‖ ^ 2 / 2 + rho s u;
  have mu := volume.tilted fun x => -V x;
  have R := fun s => mu.tilted fun x => -‖x - s‖ ^ 2 / (2 * η);
  have r := fun s => Measure.map (fun x => (√η)⁻¹ • (x - p s)) (R s);
  IsProbabilityMeasure mu ∧
    ∀ (s : E),
      IsProbabilityMeasure (R s) ∧
        ContDiff ℝ 2 (rho s) ∧
          ContDiff ℝ 2 (Q s) ∧
            gradient (rho s) 0 = 0 ∧
              gradient (Q s) 0 = 0 ∧
                (∀ (u v : E),
                    0 ≤ ((fderiv ℝ (fderiv ℝ (rho s)) u) v) v ∧ ((fderiv ℝ (fderiv ℝ (rho s)) u) v) v ≤ η * ‖v‖ ^ 2) ∧
                  (∀ (u v : E),
                      ‖v‖ ^ 2 ≤ ((fderiv ℝ (fderiv ℝ (Q s)) u) v) v ∧
                        ((fderiv ℝ (fderiv ℝ (Q s)) u) v) v ≤ (1 + η) * ‖v‖ ^ 2) ∧
                    (r s = volume.tilted fun u => -Q s u) ∧
                      IsProbabilityMeasure (r s) ∧
                        MemLp id 2 (r s) ∧
                          Integrable (fun u => ‖u‖ ^ 2) (r s) ∧
                            ∫ (u : E), ‖u‖ ^ 2 ∂r s ≤ ↑(Module.finrank ℝ E) ∧
                              MemLp (gradient (rho s)) 2 (r s) ∧
                                ∫ (u : E), ‖gradient (rho s) u‖ ^ 2 ∂r s ≤ η ^ 2 * ∫ (u : E), ‖u‖ ^ 2 ∂r s ∧
                                  ∫ (u : E), ‖gradient (rho s) u‖ ^ 2 ∂r s ≤ η ^ 2 * ↑(Module.finrank ℝ E)
rho : E → E → ℝ := fun y u => V (p y + √η • u) - V (p y) - √η * ⟪gradient V (p y), u⟫
r : E → Measure E := fun y => Measure.map (fun x => (√η)⁻¹ • (x - p y)) (R y)
y : E
_hRp : IsProbabilityMeasure ((fun s => (volume.tilted fun x => -V x).tilted fun x => -‖x - s‖ ^ 2 / (2 * η)) y)
_hρ : ContDiff ℝ 2 ((fun s u => V (p s + √η • u) - V (p s) - √η * ⟪gradient V (p s), u⟫) y)
_hQ :
  ContDiff ℝ 2 ((fun s u => ‖u‖ ^ 2 / 2 + (fun s u => V (p s + √η • u) - V (p s) - √η * ⟪gradient V (p s), u⟫) s u) y)
_hρ0 : gradient ((fun s u => V (p s + √η • u) - V (p s) - √η * ⟪gradient V (p s), u⟫) y) 0 = 0
_hQ0 :
  gradient ((fun s u => ‖u‖ ^ 2 / 2 + (fun s u => V (p s + √η • u) - V (p s) - √η * ⟪gradient V (p s), u⟫) s u) y) 0 = 0
_hρH :
  ∀ (u v : E),
    0 ≤ ((fderiv ℝ (fderiv ℝ ((fun s u => V (p s + √η • u) - V (p s) - √η * ⟪gradient V (p s), u⟫) y)) u) v) v ∧
      ((fderiv ℝ (fderiv ℝ ((fun s u => V (p s + √η • u) - V (p s) - √η * ⟪gradient V (p s), u⟫) y)) u) v) v ≤
        η * ‖v‖ ^ 2
_hQH :
  ∀ (u v : E),
    ‖v‖ ^ 2 ≤
        ((fderiv ℝ
              (fderiv ℝ
                ((fun s u => ‖u‖ ^ 2 / 2 + (fun s u => V (p s + √η • u) - V (p s) - √η * ⟪gradient V (p s), u⟫) s u) y))
              u)
            v)
          v ∧
      ((fderiv ℝ
              (fderiv ℝ
                ((fun s u => ‖u‖ ^ 2 / 2 + (fun s u => V (p s + √η • u) - V (p s) - √η * ⟪gradient V (p s), u⟫) s u) y))
              u)
            v)
          v ≤
        (1 + η) * ‖v‖ ^ 2
hrlaw :
  (fun s =>
        Measure.map (fun x => (√η)⁻¹ • (x - p s))
          ((fun s => (volume.tilted fun x => -V x).tilted fun x => -‖x - s‖ ^ 2 / (2 * η)) s))
      y =
    volume.tilted fun u =>
      -(fun s u => ‖u‖ ^ 2 / 2 + (fun s u => V (p s + √η • u) - V (p s) - √η * ⟪gradient V (p s), u⟫) s u) y u
hrp :
  IsProbabilityMeasure
    ((fun s =>
        Measure.map (fun x => (√η)⁻¹ • (x - p s))
          ((fun s => (volume.tilted fun x => -V x).tilted fun x => -‖x - s‖ ^ 2 / (2 * η)) s))
      y)
_hrX :
  MemLp id 2
    ((fun s =>
        Measure.map (fun x => (√η)⁻¹ • (x - p s))
          ((fun s => (volume.tilted fun x => -V x).tilted fun x => -‖x - s‖ ^ 2 / (2 * η)) s))
      y)
_hrXI :
  Integrable (fun u => ‖u‖ ^ 2)
    ((fun s =>
        Measure.map (fun x => (√η)⁻¹ • (x - p s))
          ((fun s => (volume.tilted fun x => -V x).tilted fun x => -‖x - s‖ ^ 2 / (2 * η)) s))
      y)
_hrXb :
  ∫ (u : E),
      ‖u‖ ^
        2 ∂(fun s =>
          Measure.map (fun x => (√η)⁻¹ • (x - p s))
            ((fun s => (volume.tilted fun x => -V x).tilted fun x => -‖x - s‖ ^ 2 / (2 * η)) s))
        y ≤
    ↑(Module.finrank ℝ E)
hrρ :
  MemLp (gradient ((fun s u => V (p s + √η • u) - V (p s) - √η * ⟪gradient V (p s), u⟫) y)) 2
    ((fun s =>
        Measure.map (fun x => (√η)⁻¹ • (x - p s))
          ((fun s => (volume.tilted fun x => -V x).tilted fun x => -‖x - s‖ ^ 2 / (2 * η)) s))
      y)
_hrρa :
  ∫ (u : E),
      ‖gradient ((fun s u => V (p s + √η • u) - V (p s) - √η * ⟪gradient V (p s), u⟫) y) u‖ ^
        2 ∂(fun s =>
          Measure.map (fun x => (√η)⁻¹ • (x - p s))
            ((fun s => (volume.tilted fun x => -V x).tilted fun x => -‖x - s‖ ^ 2 / (2 * η)) s))
        y ≤
    η ^ 2 *
      ∫ (u : E),
        ‖u‖ ^
          2 ∂(fun s =>
            Measure.map (fun x => (√η)⁻¹ • (x - p s))
              ((fun s => (volume.tilted fun x => -V x).tilted fun x => -‖x - s‖ ^ 2 / (2 * η)) s))
          y
_hrρb :
  ∫ (u : E),
      ‖gradient ((fun s u => V (p s + √η • u) - V (p s) - √η * ⟪gradient V (p s), u⟫) y) u‖ ^
        2 ∂(fun s =>
          Measure.map (fun x => (√η)⁻¹ • (x - p s))
            ((fun s => (volume.tilted fun x => -V x).tilted fun x => -‖x - s‖ ^ 2 / (2 * η)) s))
        y ≤
    η ^ 2 * ↑(Module.finrank ℝ E)
this : IsProbabilityMeasure (r y)
heval : ∀ (z : E), gradient V (p y + √η • z) = gradient V (p y) + (√η)⁻¹ • gradient (rho y) z
hρint : Integrable (gradient (rho y)) (r y)
hFint : Integrable (fun u => gradient V (p y + √η • u)) (r y)
hmap : ∫ (u : E), gradient V (p y + √η • u) ∂r y = ∫ (x : E), gradient V x ∂R y
⊢ ∫ (u : E), gradient V (p y) + (√η)⁻¹ • gradient (rho y) u ∂r y =
    gradient V (p y) + (√η)⁻¹ • ∫ (u : E), gradient (rho y) u ∂r y
error: Lean exited with code 1
Some required targets logged failures:
- AutoSamplingTheory.ExampleCases.SmoothedPicardHMC.SmoothedScorePosterior
error: build failed
