⚠ [3670/3749] Replayed AutoSamplingTheory.TechnicalLemmas.Measure.GaussianConvolutionRegularity
warning: AutoSamplingTheory/TechnicalLemmas/Measure/GaussianConvolutionRegularity.lean:68:8: automatically included section variable(s) unused in theorem `_private.AutoSamplingTheory.TechnicalLemmas.Measure.GaussianConvolutionRegularity.0.AutoSamplingTheory.TechnicalLemmas.Measure.GaussianConvolutionRegularity.weight_bounds`:
  [InnerProductSpace ℝ E]
consider restructuring your `variable` declarations so that the variables are not in scope or explicitly omit them:
  omit [InnerProductSpace ℝ E] in theorem ...

Note: This linter can be disabled with `set_option linter.unusedSectionVars false`
warning: AutoSamplingTheory/TechnicalLemmas/Measure/GaussianConvolutionRegularity.lean:319:8: automatically included section variable(s) unused in theorem `_private.AutoSamplingTheory.TechnicalLemmas.Measure.GaussianConvolutionRegularity.0.AutoSamplingTheory.TechnicalLemmas.Measure.GaussianConvolutionRegularity.posteriorIntegral`:
  [InnerProductSpace ℝ E]
  [BorelSpace E]
  [FiniteDimensional ℝ E]
consider restructuring your `variable` declarations so that the variables are not in scope or explicitly omit them:
  omit [InnerProductSpace ℝ E] [BorelSpace E] [FiniteDimensional ℝ E] in theorem ...

Note: This linter can be disabled with `set_option linter.unusedSectionVars false`
warning: AutoSamplingTheory/TechnicalLemmas/Measure/GaussianConvolutionRegularity.lean:405:58: Used `tac1 <;> tac2` where `(tac1; tac2)` would suffice

Note: This linter can be disabled with `set_option linter.unnecessarySeqFocus false`
warning: AutoSamplingTheory/TechnicalLemmas/Measure/GaussianConvolutionRegularity.lean:463:4: Try this: 
  haveI̵

The goal is a proposition, so `have` is preferred over `haveI`.
The difference between `have` and `haveI` is that `haveI` inlines the value.
But this is not relevant for proofs because of proof irrelevance.

Note: This linter can be disabled with `set_option linter.style.haveILetI false`
warning: AutoSamplingTheory/TechnicalLemmas/Measure/GaussianConvolutionRegularity.lean:488:4: Try this: 
  haveI̵

The goal is a proposition, so `have` is preferred over `haveI`.
The difference between `have` and `haveI` is that `haveI` inlines the value.
But this is not relevant for proofs because of proof irrelevance.

Note: This linter can be disabled with `set_option linter.style.haveILetI false`
⚠ [3689/3749] Replayed AutoSamplingTheory.TechnicalLemmas.Probability.GaussianLipschitzExponential
warning: AutoSamplingTheory/TechnicalLemmas/Probability/GaussianLipschitzExponential.lean:148:8: automatically included section variable(s) unused in theorem `_private.AutoSamplingTheory.TechnicalLemmas.Probability.GaussianLipschitzExponential.0.AutoSamplingTheory.TechnicalLemmas.Probability.GaussianLipschitzExponential.standardWeight_pos`:
  [CompleteSpace E]
  [FiniteDimensional ℝ E]
  [MeasurableSpace E]
  [BorelSpace E]
consider restructuring your `variable` declarations so that the variables are not in scope or explicitly omit them:
  omit [CompleteSpace E] [FiniteDimensional ℝ E] [MeasurableSpace E] [BorelSpace E] in theorem ...

Note: This linter can be disabled with `set_option linter.unusedSectionVars false`
warning: AutoSamplingTheory/TechnicalLemmas/Probability/GaussianLipschitzExponential.lean:152:8: automatically included section variable(s) unused in theorem `_private.AutoSamplingTheory.TechnicalLemmas.Probability.GaussianLipschitzExponential.0.AutoSamplingTheory.TechnicalLemmas.Probability.GaussianLipschitzExponential.standardGaussian_density`:
  [CompleteSpace E]
consider restructuring your `variable` declarations so that the variables are not in scope or explicitly omit them:
  omit [CompleteSpace E] in theorem ...

Note: This linter can be disabled with `set_option linter.unusedSectionVars false`
info: AutoSamplingTheory/TechnicalLemmas/Probability/GaussianLipschitzExponential.lean:187:4: Try this:
  [apply] ring_nf
  
  The `ring` tactic failed to close the goal. Use `ring_nf` to obtain a normal form.
    
  Note that `ring` works primarily in *commutative* rings. If you have a noncommutative ring, abelian group or module, consider using `noncomm_ring`, `abel` or `module` instead.
warning: AutoSamplingTheory/TechnicalLemmas/Probability/GaussianLipschitzExponential.lean:177:8: automatically included section variable(s) unused in theorem `_private.AutoSamplingTheory.TechnicalLemmas.Probability.GaussianLipschitzExponential.0.AutoSamplingTheory.TechnicalLemmas.Probability.GaussianLipschitzExponential.standardWeight_hasFDerivAt`:
  [CompleteSpace E]
  [FiniteDimensional ℝ E]
  [MeasurableSpace E]
  [BorelSpace E]
consider restructuring your `variable` declarations so that the variables are not in scope or explicitly omit them:
  omit [CompleteSpace E] [FiniteDimensional ℝ E] [MeasurableSpace E] [BorelSpace E] in theorem ...

Note: This linter can be disabled with `set_option linter.unusedSectionVars false`
warning: AutoSamplingTheory/TechnicalLemmas/Probability/GaussianLipschitzExponential.lean:307:8: automatically included section variable(s) unused in theorem `_private.AutoSamplingTheory.TechnicalLemmas.Probability.GaussianLipschitzExponential.0.AutoSamplingTheory.TechnicalLemmas.Probability.GaussianLipschitzExponential.norm_linear_pair_le_two`:
  [CompleteSpace E]
  [FiniteDimensional ℝ E]
  [MeasurableSpace E]
  [BorelSpace E]
consider restructuring your `variable` declarations so that the variables are not in scope or explicitly omit them:
  omit [CompleteSpace E] [FiniteDimensional ℝ E] [MeasurableSpace E] [BorelSpace E] in theorem ...

Note: This linter can be disabled with `set_option linter.unusedSectionVars false`
warning: AutoSamplingTheory/TechnicalLemmas/Probability/GaussianLipschitzExponential.lean:325:8: automatically included section variable(s) unused in theorem `_private.AutoSamplingTheory.TechnicalLemmas.Probability.GaussianLipschitzExponential.0.AutoSamplingTheory.TechnicalLemmas.Probability.GaussianLipschitzExponential.rotX_hasDerivAt`:
  [CompleteSpace E]
  [FiniteDimensional ℝ E]
  [MeasurableSpace E]
  [BorelSpace E]
consider restructuring your `variable` declarations so that the variables are not in scope or explicitly omit them:
  omit [CompleteSpace E] [FiniteDimensional ℝ E] [MeasurableSpace E] [BorelSpace E] in theorem ...

Note: This linter can be disabled with `set_option linter.unusedSectionVars false`
warning: AutoSamplingTheory/TechnicalLemmas/Probability/GaussianLipschitzExponential.lean:330:8: automatically included section variable(s) unused in theorem `_private.AutoSamplingTheory.TechnicalLemmas.Probability.GaussianLipschitzExponential.0.AutoSamplingTheory.TechnicalLemmas.Probability.GaussianLipschitzExponential.lipschitz_growth_bound`:
  [InnerProductSpace ℝ E]
  [CompleteSpace E]
  [FiniteDimensional ℝ E]
  [MeasurableSpace E]
  [BorelSpace E]
consider restructuring your `variable` declarations so that the variables are not in scope or explicitly omit them:
  omit [InnerProductSpace ℝ
  E] [CompleteSpace E] [FiniteDimensional ℝ E] [MeasurableSpace E] [BorelSpace E] in theorem ...

Note: This linter can be disabled with `set_option linter.unusedSectionVars false`
warning: AutoSamplingTheory/TechnicalLemmas/Probability/GaussianLipschitzExponential.lean:495:5: Variable name `hf` is not explicitly referenced.

Hint: The binding can be removed (if unused) or named `_` (if used implicitly). Alternatively, prefix the name with `_` to silence this warning:
  [apply] _hf

Note: This linter can be disabled with `set_option linter.unusedVariables false`
warning: AutoSamplingTheory/TechnicalLemmas/Probability/GaussianLipschitzExponential.lean:512:8: automatically included section variable(s) unused in theorem `_private.AutoSamplingTheory.TechnicalLemmas.Probability.GaussianLipschitzExponential.0.AutoSamplingTheory.TechnicalLemmas.Probability.GaussianLipschitzExponential.rotation_inverse_first`:
  [CompleteSpace E]
  [FiniteDimensional ℝ E]
  [MeasurableSpace E]
  [BorelSpace E]
consider restructuring your `variable` declarations so that the variables are not in scope or explicitly omit them:
  omit [CompleteSpace E] [FiniteDimensional ℝ E] [MeasurableSpace E] [BorelSpace E] in theorem ...

Note: This linter can be disabled with `set_option linter.unusedSectionVars false`
warning: AutoSamplingTheory/TechnicalLemmas/Probability/GaussianLipschitzExponential.lean:721:76: Used `tac1 <;> tac2` where `(tac1; tac2)` would suffice

Note: This linter can be disabled with `set_option linter.unnecessarySeqFocus false`
warning: AutoSamplingTheory/TechnicalLemmas/Probability/GaussianLipschitzExponential.lean:722:26: Used `tac1 <;> tac2` where `(tac1; tac2)` would suffice

Note: This linter can be disabled with `set_option linter.unnecessarySeqFocus false`
warning: AutoSamplingTheory/TechnicalLemmas/Probability/GaussianLipschitzExponential.lean:723:78: Used `tac1 <;> tac2` where `(tac1; tac2)` would suffice

Note: This linter can be disabled with `set_option linter.unnecessarySeqFocus false`
warning: AutoSamplingTheory/TechnicalLemmas/Probability/GaussianLipschitzExponential.lean:724:27: Used `tac1 <;> tac2` where `(tac1; tac2)` would suffice

Note: This linter can be disabled with `set_option linter.unnecessarySeqFocus false`
warning: AutoSamplingTheory/TechnicalLemmas/Probability/GaussianLipschitzExponential.lean:757:15: This simp argument is unused:
  Pi.neg_apply

Hint: Omit it from the simp argument list.
  [apply] simp only [integral_neg] at h

Note: This linter can be disabled with `set_option linter.unusedSimpArgs false`
warning: AutoSamplingTheory/TechnicalLemmas/Probability/GaussianLipschitzExponential.lean:766:8: automatically included section variable(s) unused in theorem `_private.AutoSamplingTheory.TechnicalLemmas.Probability.GaussianLipschitzExponential.0.AutoSamplingTheory.TechnicalLemmas.Probability.GaussianLipschitzExponential.normed_bump_convolution_lipschitz`:
  [CompleteSpace E]
consider restructuring your `variable` declarations so that the variables are not in scope or explicitly omit them:
  omit [CompleteSpace E] in theorem ...

Note: This linter can be disabled with `set_option linter.unusedSectionVars false`
warning: AutoSamplingTheory/TechnicalLemmas/Probability/GaussianLipschitzExponential.lean:793:8: automatically included section variable(s) unused in theorem `_private.AutoSamplingTheory.TechnicalLemmas.Probability.GaussianLipschitzExponential.0.AutoSamplingTheory.TechnicalLemmas.Probability.GaussianLipschitzExponential.normed_bump_convolution_error`:
  [CompleteSpace E]
consider restructuring your `variable` declarations so that the variables are not in scope or explicitly omit them:
  omit [CompleteSpace E] in theorem ...

Note: This linter can be disabled with `set_option linter.unusedSectionVars false`
warning: AutoSamplingTheory/TechnicalLemmas/Probability/GaussianLipschitzExponential.lean:812:8: automatically included section variable(s) unused in theorem `_private.AutoSamplingTheory.TechnicalLemmas.Probability.GaussianLipschitzExponential.0.AutoSamplingTheory.TechnicalLemmas.Probability.GaussianLipschitzExponential.smoothApprox_contDiff`:
  [CompleteSpace E]
consider restructuring your `variable` declarations so that the variables are not in scope or explicitly omit them:
  omit [CompleteSpace E] in theorem ...

Note: This linter can be disabled with `set_option linter.unusedSectionVars false`
warning: AutoSamplingTheory/TechnicalLemmas/Probability/GaussianLipschitzExponential.lean:827:8: automatically included section variable(s) unused in theorem `_private.AutoSamplingTheory.TechnicalLemmas.Probability.GaussianLipschitzExponential.0.AutoSamplingTheory.TechnicalLemmas.Probability.GaussianLipschitzExponential.smoothApprox_tendsto`:
  [CompleteSpace E]
consider restructuring your `variable` declarations so that the variables are not in scope or explicitly omit them:
  omit [CompleteSpace E] in theorem ...

Note: This linter can be disabled with `set_option linter.unusedSectionVars false`
warning: AutoSamplingTheory/TechnicalLemmas/Probability/GaussianLipschitzExponential.lean:922:6: Try this: 
  letI̵

The goal is a proposition, so `let` is preferred over `letI`.
The difference between `let` and `letI` is that `letI` inlines the value.
But this is not relevant for proofs because of proof irrelevance.

Note: This linter can be disabled with `set_option linter.style.haveILetI false`
⚠ [3741/3749] Replayed AutoSamplingTheory.TechnicalLemmas.Measure.TransportGluing
warning: AutoSamplingTheory/TechnicalLemmas/Measure/TransportGluing.lean:91:2: Try this: 
  letI̵

The goal is a proposition, so `let` is preferred over `letI`.
The difference between `let` and `letI` is that `letI` inlines the value.
But this is not relevant for proofs because of proof irrelevance.

Note: This linter can be disabled with `set_option linter.style.haveILetI false`
warning: AutoSamplingTheory/TechnicalLemmas/Measure/TransportGluing.lean:93:2: Try this: 
  letI̵

The goal is a proposition, so `let` is preferred over `letI`.
The difference between `let` and `letI` is that `letI` inlines the value.
But this is not relevant for proofs because of proof irrelevance.

Note: This linter can be disabled with `set_option linter.style.haveILetI false`
⚠ [3743/3749] Replayed AutoSamplingTheory.TechnicalLemmas.Measure.WassersteinTriangleMarginals
warning: AutoSamplingTheory/TechnicalLemmas/Measure/WassersteinTriangleMarginals.lean:46:0: automatically included section variable(s) unused in theorem `AutoSamplingTheory.TechnicalLemmas.Measure.WassersteinTriangleMarginals.measurable_pair12`:
  [NormedAddCommGroup E]
  [BorelSpace E]
  [SecondCountableTopology E]
consider restructuring your `variable` declarations so that the variables are not in scope or explicitly omit them:
  omit [NormedAddCommGroup E] [BorelSpace E] [SecondCountableTopology E] in theorem ...

Note: This linter can be disabled with `set_option linter.unusedSectionVars false`
warning: AutoSamplingTheory/TechnicalLemmas/Measure/WassersteinTriangleMarginals.lean:50:0: automatically included section variable(s) unused in theorem `AutoSamplingTheory.TechnicalLemmas.Measure.WassersteinTriangleMarginals.measurable_pair23`:
  [NormedAddCommGroup E]
  [BorelSpace E]
  [SecondCountableTopology E]
consider restructuring your `variable` declarations so that the variables are not in scope or explicitly omit them:
  omit [NormedAddCommGroup E] [BorelSpace E] [SecondCountableTopology E] in theorem ...

Note: This linter can be disabled with `set_option linter.unusedSectionVars false`
warning: AutoSamplingTheory/TechnicalLemmas/Measure/WassersteinTriangleMarginals.lean:54:0: automatically included section variable(s) unused in theorem `AutoSamplingTheory.TechnicalLemmas.Measure.WassersteinTriangleMarginals.measurable_pair13`:
  [NormedAddCommGroup E]
  [BorelSpace E]
  [SecondCountableTopology E]
consider restructuring your `variable` declarations so that the variables are not in scope or explicitly omit them:
  omit [NormedAddCommGroup E] [BorelSpace E] [SecondCountableTopology E] in theorem ...

Note: This linter can be disabled with `set_option linter.unusedSectionVars false`
warning: AutoSamplingTheory/TechnicalLemmas/Measure/WassersteinTriangleMarginals.lean:65:0: automatically included section variable(s) unused in theorem `AutoSamplingTheory.TechnicalLemmas.Measure.WassersteinTriangleMarginals.edgeLength12_rpow_two_eq_quadraticCost_pair12`:
  [MeasurableSpace E]
  [BorelSpace E]
  [SecondCountableTopology E]
consider restructuring your `variable` declarations so that the variables are not in scope or explicitly omit them:
  omit [MeasurableSpace E] [BorelSpace E] [SecondCountableTopology E] in theorem ...

Note: This linter can be disabled with `set_option linter.unusedSectionVars false`
warning: AutoSamplingTheory/TechnicalLemmas/Measure/WassersteinTriangleMarginals.lean:74:0: automatically included section variable(s) unused in theorem `AutoSamplingTheory.TechnicalLemmas.Measure.WassersteinTriangleMarginals.edgeLength23_rpow_two_eq_quadraticCost_pair23`:
  [MeasurableSpace E]
  [BorelSpace E]
  [SecondCountableTopology E]
consider restructuring your `variable` declarations so that the variables are not in scope or explicitly omit them:
  omit [MeasurableSpace E] [BorelSpace E] [SecondCountableTopology E] in theorem ...

Note: This linter can be disabled with `set_option linter.unusedSectionVars false`
warning: AutoSamplingTheory/TechnicalLemmas/Measure/WassersteinTriangleMarginals.lean:83:0: automatically included section variable(s) unused in theorem `AutoSamplingTheory.TechnicalLemmas.Measure.WassersteinTriangleMarginals.edgeLength13_rpow_two_eq_quadraticCost_pair13`:
  [MeasurableSpace E]
  [BorelSpace E]
  [SecondCountableTopology E]
consider restructuring your `variable` declarations so that the variables are not in scope or explicitly omit them:
  omit [MeasurableSpace E] [BorelSpace E] [SecondCountableTopology E] in theorem ...

Note: This linter can be disabled with `set_option linter.unusedSectionVars false`
⚠ [3744/3749] Replayed AutoSamplingTheory.TechnicalLemmas.Measure.CommonNoiseContraction
warning: AutoSamplingTheory/TechnicalLemmas/Measure/CommonNoiseContraction.lean:62:8: automatically included section variable(s) unused in theorem `_private.AutoSamplingTheory.TechnicalLemmas.Measure.CommonNoiseContraction.0.AutoSamplingTheory.TechnicalLemmas.Measure.CommonNoiseContraction.measurable_pairLeft`:
  [NormedAddCommGroup E]
  [BorelSpace E]
  [SecondCountableTopology E]
consider restructuring your `variable` declarations so that the variables are not in scope or explicitly omit them:
  omit [NormedAddCommGroup E] [BorelSpace E] [SecondCountableTopology E] in theorem ...

Note: This linter can be disabled with `set_option linter.unusedSectionVars false`
warning: AutoSamplingTheory/TechnicalLemmas/Measure/CommonNoiseContraction.lean:66:8: automatically included section variable(s) unused in theorem `_private.AutoSamplingTheory.TechnicalLemmas.Measure.CommonNoiseContraction.0.AutoSamplingTheory.TechnicalLemmas.Measure.CommonNoiseContraction.measurable_pairRight`:
  [NormedAddCommGroup E]
  [BorelSpace E]
  [SecondCountableTopology E]
consider restructuring your `variable` declarations so that the variables are not in scope or explicitly omit them:
  omit [NormedAddCommGroup E] [BorelSpace E] [SecondCountableTopology E] in theorem ...

Note: This linter can be disabled with `set_option linter.unusedSectionVars false`
warning: AutoSamplingTheory/TechnicalLemmas/Measure/CommonNoiseContraction.lean:77:2: Try this: 
  letI̵

The goal is a proposition, so `let` is preferred over `letI`.
The difference between `let` and `letI` is that `letI` inlines the value.
But this is not relevant for proofs because of proof irrelevance.

Note: This linter can be disabled with `set_option linter.style.haveILetI false`
warning: AutoSamplingTheory/TechnicalLemmas/Measure/CommonNoiseContraction.lean:72:0: automatically included section variable(s) unused in theorem `AutoSamplingTheory.TechnicalLemmas.Measure.CommonNoiseContraction.map_pairLeft_prod_eq`:
  [BorelSpace E]
consider restructuring your `variable` declarations so that the variables are not in scope or explicitly omit them:
  omit [BorelSpace E] in theorem ...

Note: This linter can be disabled with `set_option linter.unusedSectionVars false`
warning: AutoSamplingTheory/TechnicalLemmas/Measure/CommonNoiseContraction.lean:97:2: Try this: 
  letI̵

The goal is a proposition, so `let` is preferred over `letI`.
The difference between `let` and `letI` is that `letI` inlines the value.
But this is not relevant for proofs because of proof irrelevance.

Note: This linter can be disabled with `set_option linter.style.haveILetI false`
warning: AutoSamplingTheory/TechnicalLemmas/Measure/CommonNoiseContraction.lean:92:0: automatically included section variable(s) unused in theorem `AutoSamplingTheory.TechnicalLemmas.Measure.CommonNoiseContraction.map_pairRight_prod_eq`:
  [BorelSpace E]
consider restructuring your `variable` declarations so that the variables are not in scope or explicitly omit them:
  omit [BorelSpace E] in theorem ...

Note: This linter can be disabled with `set_option linter.unusedSectionVars false`
warning: AutoSamplingTheory/TechnicalLemmas/Measure/CommonNoiseContraction.lean:119:2: Try this: 
  letI̵

The goal is a proposition, so `let` is preferred over `letI`.
The difference between `let` and `letI` is that `letI` inlines the value.
But this is not relevant for proofs because of proof irrelevance.

Note: This linter can be disabled with `set_option linter.style.haveILetI false`
warning: AutoSamplingTheory/TechnicalLemmas/Measure/CommonNoiseContraction.lean:148:0: automatically included section variable(s) unused in theorem `AutoSamplingTheory.TechnicalLemmas.Measure.CommonNoiseContraction.quadraticCost_synchronousNoiseMap`:
  [MeasurableSpace E]
  [BorelSpace E]
  [SecondCountableTopology E]
consider restructuring your `variable` declarations so that the variables are not in scope or explicitly omit them:
  omit [MeasurableSpace E] [BorelSpace E] [SecondCountableTopology E] in theorem ...

Note: This linter can be disabled with `set_option linter.unusedSectionVars false`
warning: AutoSamplingTheory/TechnicalLemmas/Measure/CommonNoiseContraction.lean:200:2: Try this: 
  letI̵

The goal is a proposition, so `let` is preferred over `letI`.
The difference between `let` and `letI` is that `letI` inlines the value.
But this is not relevant for proofs because of proof irrelevance.

Note: This linter can be disabled with `set_option linter.style.haveILetI false`
⚠ [3745/3749] Replayed AutoSamplingTheory.TechnicalLemmas.Measure.GaussianSmoothing
warning: AutoSamplingTheory/TechnicalLemmas/Measure/GaussianSmoothing.lean:75:0: automatically included section variable(s) unused in theorem `AutoSamplingTheory.TechnicalLemmas.Measure.GaussianSmoothing.heatSmoothing_eq_gaussianSmoothing_sqrt`:
  [BorelSpace E]
  [SecondCountableTopology E]
consider restructuring your `variable` declarations so that the variables are not in scope or explicitly omit them:
  omit [BorelSpace E] [SecondCountableTopology E] in theorem ...

Note: This linter can be disabled with `set_option linter.unusedSectionVars false`
✖ [3749/3749] Building AutoSamplingTheory.ExampleCases.SmoothedPicardHMC.SmoothedScorePosterior (10s)
trace: .> LEAN_PATH=E:\Samplinglib\.lake\packages\Cli\.lake\build\lib\lean;E:\Samplinglib\.lake\packages\batteries\.lake\build\lib\lean;E:\Samplinglib\.lake\packages\Qq\.lake\build\lib\lean;E:\Samplinglib\.lake\packages\aesop\.lake\build\lib\lean;E:\Samplinglib\.lake\packages\proofwidgets\.lake\build\lib\lean;E:\Samplinglib\.lake\packages\importGraph\.lake\build\lib\lean;E:\Samplinglib\.lake\packages\LeanSearchClient\.lake\build\lib\lean;E:\Samplinglib\.lake\packages\plausible\.lake\build\lib\lean;E:\Samplinglib\.lake\packages\mathlib\.lake\build\lib\lean;E:\Samplinglib\.lake\build\lib\lean c:\Users\admin\.elan\toolchains\leanprover--lean4---v4.33.0\bin\lean.exe E:\Samplinglib\AutoSamplingTheory\ExampleCases\SmoothedPicardHMC\SmoothedScorePosterior.lean -o E:\Samplinglib\.lake\build\lib\lean\AutoSamplingTheory\ExampleCases\SmoothedPicardHMC\SmoothedScorePosterior.olean -i E:\Samplinglib\.lake\build\lib\lean\AutoSamplingTheory\ExampleCases\SmoothedPicardHMC\SmoothedScorePosterior.ilean -c E:\Samplinglib\.lake\build\ir\AutoSamplingTheory\ExampleCases\SmoothedPicardHMC\SmoothedScorePosterior.c --setup E:\Samplinglib\.lake\build\ir\AutoSamplingTheory\ExampleCases\SmoothedPicardHMC\SmoothedScorePosterior.setup.json --json
error: AutoSamplingTheory/ExampleCases/SmoothedPicardHMC/SmoothedScorePosterior.lean:44:26: Tactic `rewrite` failed: Did not find an occurrence of the pattern
  fderiv ℝ ((fun x => (V ∘ ((fun x => p) + √η • id)) x - V p) - fun y => √η * ((innerSL ℝ) (gradient V p)) y) u
in the target expression
  (fderiv ℝ (fun z => V (p + √η • z) - V p - √η * ⟪gradient V p, z⟫) u) v =
    ⟪√η • (gradient V (p + √η • u) - gradient V p), v⟫

E : Type u_1
inst✝⁵ : NormedAddCommGroup E
inst✝⁴ : InnerProductSpace ℝ E
inst✝³ : CompleteSpace E
inst✝² : FiniteDimensional ℝ E
inst✝¹ : MeasurableSpace E
inst✝ : BorelSpace E
V : E → ℝ
hV : ContDiff ℝ 2 V
p : E
η : ℝ
hη : 0 < η
u : E
hd : Differentiable ℝ V
hc : HasFDerivAt (V ∘ ((fun x => p) + √η • id)) (fderiv ℝ V (p + √η • u) ∘SL (0 + √η • ContinuousLinearMap.id ℝ E)) u
hl : HasFDerivAt (fun y => √η * ((innerSL ℝ) (gradient V p)) y) (√η • (innerSL ℝ) (gradient V p)) u
hh :
  HasFDerivAt ((fun x => (V ∘ ((fun x => p) + √η • id)) x - V p) - fun y => √η * ((innerSL ℝ) (gradient V p)) y)
    (fderiv ℝ V (p + √η • u) ∘SL (0 + √η • ContinuousLinearMap.id ℝ E) - √η • (innerSL ℝ) (gradient V p)) u
v : E
⊢ (fderiv ℝ (fun z => V (p + √η • z) - V p - √η * ⟪gradient V p, z⟫) u) v =
    ⟪√η • (gradient V (p + √η • u) - gradient V p), v⟫
error: AutoSamplingTheory/ExampleCases/SmoothedPicardHMC/SmoothedScorePosterior.lean:131:38: Unknown identifier `innerSL_apply`
error: AutoSamplingTheory/ExampleCases/SmoothedPicardHMC/SmoothedScorePosterior.lean:127:69: unsolved goals
E : Type u_2
inst✝⁵ : NormedAddCommGroup E
inst✝⁴ : InnerProductSpace ℝ E
inst✝³ : CompleteSpace E
inst✝² : FiniteDimensional ℝ E
inst✝¹ : MeasurableSpace E
inst✝ : BorelSpace E
V : E → ℝ
κ η : ℝ
hκ : 1 ≤ κ
hV : ContDiff ℝ 2 V
hH : ∀ (x v : E), κ⁻¹ * ‖v‖ ^ 2 ≤ ((fderiv ℝ (fderiv ℝ V) x) v) v ∧ ((fderiv ℝ (fderiv ℝ V) x) v) v ≤ ‖v‖ ^ 2
hη : 0 < η
hk : 0 < κ
ha : 0 < κ⁻¹
μ : Measure E := volume.tilted fun x => -V x
C : ℝ := (√(2 * Real.pi * η))⁻¹ ^ Module.finrank ℝ E
A : E → ℝ := fun y => C * ∫ (x : E), Real.exp (-V x - ‖y - x‖ ^ 2 / (2 * η))
Vη : E → ℝ := fun y => -Real.log (A y)
R : E → Measure E := fun y => μ.tilted fun x => -‖x - y‖ ^ 2 / (2 * η)
U : E → ℝ := fun y => -Real.log (C * ∫ (x : E), Real.exp (-‖y - x‖ ^ 2 / (2 * η)) ∂μ)
ZV : ℝ := ∫ (x : E), Real.exp (-V x)
_hZ : 0 < ∫ (x : E), Real.exp (-V x)
hμ : IsProbabilityMeasure (volume.tilted fun x => -V x)
_hlaw :
  Measure.map (fun p => p.1 + √η • p.2) ((volume.tilted fun x => -V x).prod (ProbabilityTheory.stdGaussian E)) =
    volume.withDensity fun y =>
      ENNReal.ofReal
        (Real.exp
            (-
              -Real.log
                  ((fun y =>
                      (√(2 * Real.pi * η))⁻¹ ^ Module.finrank ℝ E * ∫ (x : E), Real.exp (-V x - ‖y - x‖ ^ 2 / (2 * η)))
                    y)) /
          ∫ (x : E), Real.exp (-V x))
_hI :
  Integrable (fun y => (√(2 * Real.pi * η))⁻¹ ^ Module.finrank ℝ E * ∫ (x : E), Real.exp (-V x - ‖y - x‖ ^ 2 / (2 * η)))
    volume
_hInt :
  ∫ (y : E),
      (fun y => (√(2 * Real.pi * η))⁻¹ ^ Module.finrank ℝ E * ∫ (x : E), Real.exp (-V x - ‖y - x‖ ^ 2 / (2 * η))) y =
    ∫ (x : E), Real.exp (-V x)
_hTilt :
  Measure.map (fun p => p.1 + √η • p.2) ((volume.tilted fun x => -V x).prod (ProbabilityTheory.stdGaussian E)) =
    volume.tilted fun y =>
      -
        -Real.log
            ((fun y => (√(2 * Real.pi * η))⁻¹ ^ Module.finrank ℝ E * ∫ (x : E), Real.exp (-V x - ‖y - x‖ ^ 2 / (2 * η)))
              y)
_hA :
  ∀ (y : E),
    0 < (fun y => (√(2 * Real.pi * η))⁻¹ ^ Module.finrank ℝ E * ∫ (x : E), Real.exp (-V x - ‖y - x‖ ^ 2 / (2 * η))) y
hC2 :
  ContDiff ℝ 2 fun y =>
    -Real.log
        ((fun y => (√(2 * Real.pi * η))⁻¹ ^ Module.finrank ℝ E * ∫ (x : E), Real.exp (-V x - ‖y - x‖ ^ 2 / (2 * η))) y)
hshift :
  ∀ (y : E),
    -Real.log
          ((√(2 * Real.pi * η))⁻¹ ^ Module.finrank ℝ E *
            ∫ (x : E), Real.exp (-‖y - x‖ ^ 2 / (2 * η)) ∂volume.tilted fun x => -V x) =
      -Real.log
            ((fun y => (√(2 * Real.pi * η))⁻¹ ^ Module.finrank ℝ E * ∫ (x : E), Real.exp (-V x - ‖y - x‖ ^ 2 / (2 * η)))
              y) +
        Real.log (∫ (x : E), Real.exp (-V x))
this : IsProbabilityMeasure μ
hC : 0 < C
hRm :
  ∀ (y : E),
    IsProbabilityMeasure ((fun y => μ.tilted fun x => -‖x - y‖ ^ 2 / (2 * η)) y) ∧
      MemLp (fun x => x) 2 ((fun y => μ.tilted fun x => -‖x - y‖ ^ 2 / (2 * η)) y)
hD :
  ∀ (y v : E),
    (fderiv ℝ (fun y => -Real.log (C * ∫ (x : E), Real.exp (-‖y - x‖ ^ 2 / (2 * η)) ∂μ)) y) v =
      ⟪y - ∫ (x : E), x ∂(fun y => μ.tilted fun x => -‖x - y‖ ^ 2 / (2 * η)) y, v⟫ / η
_hDD :
  ∀ (y v w : E),
    ((fderiv ℝ (fderiv ℝ fun y => -Real.log (C * ∫ (x : E), Real.exp (-‖y - x‖ ^ 2 / (2 * η)) ∂μ)) y) v) w =
      ⟪v, w⟫ / η -
        ((ProbabilityTheory.covarianceBilin ((fun y => μ.tilted fun x => -‖x - y‖ ^ 2 / (2 * η)) y)) v) w / η ^ 2
hi : Integrable (fun x => Real.exp (-V x)) volume
hshiftfun : U = fun y => Vη y + Real.log ZV
hDU : fderiv ℝ U = fderiv ℝ Vη
y : E
W : E → ℝ := fun x => V x + η⁻¹ / 2 * ‖x - y‖ ^ 2
hW : ContDiff ℝ 2 W
hVd : Differentiable ℝ V
hVdd : Differentiable ℝ (fderiv ℝ V)
hq : ∀ (x : E), HasFDerivAt (fun z => η⁻¹ / 2 * ‖z - y‖ ^ 2) (η⁻¹ • (innerSL ℝ) (x - y)) x
hWfd : ∀ (x : E), fderiv ℝ W x = fderiv ℝ V x + η⁻¹ • (innerSL ℝ) (x - y)
J : E →L[ℝ] E →L[ℝ] ℝ := { toFun := fun a => (innerSL ℝ) a, map_add' := ⋯, map_smul' := ⋯, cont := ⋯ }
hWdd : ∀ (x : E), HasFDerivAt (fderiv ℝ W) (fderiv ℝ (fderiv ℝ V) x + η⁻¹ • J) x
hb :
  ∀ (x a : E),
    (κ⁻¹ + η⁻¹) * ‖a‖ ^ 2 ≤ ((fderiv ℝ (fderiv ℝ W) x) a) a ∧ ((fderiv ℝ (fderiv ℝ W) x) a) a ≤ (1 + η⁻¹) * ‖a‖ ^ 2
x a : E
⊢ (fderiv ℝ V x) a + η⁻¹ • ((innerSL ℝ) (x - y)) a = (fderiv ℝ V x) a + η⁻¹ * ⟪x - y, a⟫
error: AutoSamplingTheory/ExampleCases/SmoothedPicardHMC/SmoothedScorePosterior.lean:135:127: Application type mismatch: The argument
  hb
has type
  ∀ (x a : E),
    (κ⁻¹ + η⁻¹) * ‖a‖ ^ 2 ≤ ((fderiv ℝ (fderiv ℝ W) x) a) a ∧ ((fderiv ℝ (fderiv ℝ W) x) a) a ≤ (1 + η⁻¹) * ‖a‖ ^ 2
but is expected to have type
  ∀ (x v : E), ↑α * ‖v‖ ^ 2 ≤ ((fderiv ℝ (fderiv ℝ W) x) v) v ∧ ((fderiv ℝ (fderiv ℝ W) x) v) v ≤ ↑?m.2700 * ‖v‖ ^ 2
in the application
  TechnicalLemmas.Analysis.GibbsGradientMean.integrable_gradient_and_integral_eq_zero hα hW hb
error: AutoSamplingTheory/ExampleCases/SmoothedPicardHMC/SmoothedScorePosterior.lean:178:97: Application type mismatch: The argument
  y
has type
  E → E → ℝ
but is expected to have type
  E
in the application
  hstd.right y
error: AutoSamplingTheory/ExampleCases/SmoothedPicardHMC/SmoothedScorePosterior.lean:179:33: Application type mismatch: The argument
  y
has type
  E → E → ℝ
but is expected to have type
  E
in the application
  r y
error: AutoSamplingTheory/ExampleCases/SmoothedPicardHMC/SmoothedScorePosterior.lean:180:37: Application type mismatch: The argument
  y
has type
  E → E → ℝ
but is expected to have type
  E
in the application
  p y
error: AutoSamplingTheory/ExampleCases/SmoothedPicardHMC/SmoothedScorePosterior.lean:181:20: Application type mismatch: The argument
  y
has type
  E → E → ℝ
but is expected to have type
  E
in the application
  p y
error: AutoSamplingTheory/ExampleCases/SmoothedPicardHMC/SmoothedScorePosterior.lean:181:55: Application type mismatch: The argument
  y
has type
  E → E → ℝ
but is expected to have type
  E
in the application
  rho y
error: AutoSamplingTheory/ExampleCases/SmoothedPicardHMC/SmoothedScorePosterior.lean:182:34: Application type mismatch: The argument
  y
has type
  E → E → ℝ
but is expected to have type
  E
in the application
  p y
error: AutoSamplingTheory/ExampleCases/SmoothedPicardHMC/SmoothedScorePosterior.lean:183:25: Application type mismatch: The argument
  y
has type
  E → E → ℝ
but is expected to have type
  E
in the application
  rho y
error: AutoSamplingTheory/ExampleCases/SmoothedPicardHMC/SmoothedScorePosterior.lean:186:9: Invalid `⟨...⟩` notation: The expected type
  ∀ (y_1 : E),
    ((fun y =>
            Measure.map (fun x => (√η)⁻¹ • (x - p y))
              ((fun y => (volume.tilted fun x => -V x).tilted fun x => -‖x - y‖ ^ 2 / (2 * η)) y))
          y_1 =
        volume.tilted fun u => -(‖u‖ ^ 2 / 2 + y y_1 u)) ∧
      IsProbabilityMeasure
          ((fun y =>
              Measure.map (fun x => (√η)⁻¹ • (x - p y))
                ((fun y => (volume.tilted fun x => -V x).tilted fun x => -‖x - y‖ ^ 2 / (2 * η)) y))
            y_1) ∧
        MemLp (gradient (y y_1)) 2
            ((fun y =>
                Measure.map (fun x => (√η)⁻¹ • (x - p y))
                  ((fun y => (volume.tilted fun x => -V x).tilted fun x => -‖x - y‖ ^ 2 / (2 * η)) y))
              y_1) ∧
          gradient
                (fun y =>
                  -Real.log
                      ((fun y =>
                          (√(2 * Real.pi * η))⁻¹ ^ Module.finrank ℝ E *
                            ∫ (x : E), Real.exp (-V x - ‖y - x‖ ^ 2 / (2 * η)))
                        y))
                y_1 =
              gradient V (p y_1) +
                (√η)⁻¹ •
                  ∫ (u : E),
                    gradient (y y_1)
                      u ∂(fun y =>
                        Measure.map (fun x => (√η)⁻¹ • (x - p y))
                          ((fun y => (volume.tilted fun x => -V x).tilted fun x => -‖x - y‖ ^ 2 / (2 * η)) y))
                      y_1 ∧
            ∀ (z : E), gradient V (p y_1 + √η • z) = gradient V (p y_1) + (√η)⁻¹ • gradient (y y_1) z
is not an inductive type

Note: This notation can only be used when the expected type is an inductive type with a single constructor
error: AutoSamplingTheory/ExampleCases/SmoothedPicardHMC/SmoothedScorePosterior.lean:187:2: No goals to be solved
error: Lean exited with code 1
Some required targets logged failures:
- AutoSamplingTheory.ExampleCases.SmoothedPicardHMC.SmoothedScorePosterior
error: build failed
