.astis/CompactWeightTransferPrototype.lean:62:4: error: Type mismatch: After simplification, term
  norm_compact_domination μ ν K c hc hdom (fun x => fn n x - f x) (hsD n) (MemLp.sub (hfnμ n) hfμ)
    (MemLp.sub (hfn n) hf)
 has type
  @LE.le ℝ Real.instLE ‖MemLp.toLp (fun x => fn n x - f x) ⋯‖
    ((c ^ (1 / 2).toReal).toReal * ‖MemLp.toLp (fun x => fn n x - f x) ⋯‖)
but is expected to have type
  @LE.le ℝ Real.instLE ‖MemLp.toLp (fn n) ⋯ - MemLp.toLp f hfμ‖
    ((c ^ (1 / 2).toReal).toReal * ‖MemLp.toLp (fn n) ⋯ - MemLp.toLp f hf‖)
.astis/CompactWeightTransferPrototype.lean:66:75: error: Application type mismatch: The argument
  hh
has type
  Tendsto (fun x => (c ^ (1 / 2).toReal).toReal * ‖MemLp.toLp (fn x) ⋯ - MemLp.toLp f hf‖) atTop
    (𝓝 ((c ^ (1 / 2).toReal).toReal * 0))
but is expected to have type
  Tendsto (fun t => (c ^ (1 / 2).toReal).toReal * ‖MemLp.toLp (fn t) ⋯ - MemLp.toLp f hf‖) atTop (𝓝 0)
in the application
  squeeze_zero (fun x => norm_nonneg (MemLp.toLp (fn x) (hfnμ x) - MemLp.toLp f hfμ)) hbound hh
'_private.«.astis».CompactWeightTransferPrototype.0.CompactWeightTransferPrototype.compact_convergence' depends on axioms: [propext,
 sorryAx,
 Classical.choice,
 Quot.sound]
'_private.«.astis».CompactWeightTransferPrototype.0.CompactWeightTransferPrototype.memLp_compact_domination' depends on axioms: [propext,
 Classical.choice,
 Quot.sound]
'_private.«.astis».CompactWeightTransferPrototype.0.CompactWeightTransferPrototype.norm_compact_domination' depends on axioms: [propext,
 Classical.choice,
 Quot.sound]
