AutoSamplingTheory/TechnicalLemmas/FunctionalInequalities/CompactWeightedPoissonCoercivity.lean:96:37: error(lean.unknownIdentifier): Unknown constant `MeasureTheory.Measure.smul_mono`
AutoSamplingTheory/TechnicalLemmas/FunctionalInequalities/CompactWeightedPoissonCoercivity.lean:92:12: error(lean.unknownIdentifier): Unknown constant `MeasureTheory.Measure.withDensity_mono`
AutoSamplingTheory/TechnicalLemmas/FunctionalInequalities/CompactWeightedPoissonCoercivity.lean:93:6: error: No goals to be solved
AutoSamplingTheory/TechnicalLemmas/FunctionalInequalities/CompactWeightedPoissonCoercivity.lean:95:55: error(lean.unknownIdentifier): Unknown constant `MeasureTheory.Measure.withDensity_const`
AutoSamplingTheory/TechnicalLemmas/FunctionalInequalities/CompactWeightedPoissonCoercivity.lean:95:48: error: unsolved goals
E : Type u_1
inst✝⁴ : MeasurableSpace E
inst✝³ : NormedAddCommGroup E
inst✝² : InnerProductSpace ℝ E
inst✝¹ : FiniteDimensional ℝ E
inst✝ : BorelSpace E
W : E → ℝ
hW : Continuous[PseudoMetricSpace.toUniformSpace.toTopologicalSpace, _] W
K : Set E
hK : IsCompact K
ρ : E → ℝ := fun x => Real.exp (-W x) / ∫ (z : E), Real.exp (-W z)
hρ : Continuous[PseudoMetricSpace.toUniformSpace.toTopologicalSpace, _] ρ
b : ℝ
hb : b ∈ upperBounds (ρ '' K)
⊢ ((volume.restrict K).withDensity fun x => ENNReal.ofReal b) = ENNReal.ofReal b • volume.restrict K
