AutoSamplingTheory/TechnicalLemmas/FunctionalInequalities/CompactWeightedPoissonCoercivity.lean:89:21: error(lean.unknownIdentifier): Unknown constant `MeasureTheory.Measure.restrict_withDensity`
AutoSamplingTheory/TechnicalLemmas/FunctionalInequalities/CompactWeightedPoissonCoercivity.lean:84:79: error: unsolved goals
E : Type u_1
inst✝⁴ : MeasurableSpace E
inst✝³ : NormedAddCommGroup E
inst✝² : InnerProductSpace ℝ E
inst✝¹ : FiniteDimensional ℝ E
inst✝ : BorelSpace E
W : E → ℝ
hW : Continuous[PseudoMetricSpace.toUniformSpace.toTopologicalSpace, _] W
K : Set E
hK : IsCompact K
ρ : E → ℝ := fun x => Real.exp (-W x) / ∫ (z : E), Real.exp (-W z)
hρ : Continuous[PseudoMetricSpace.toUniformSpace.toTopologicalSpace, _] ρ
b : ℝ
hb : b ∈ upperBounds (ρ '' K)
⊢ (volume.withDensity fun x => ENNReal.ofReal (Real.exp (-W x) / ∫ (x : E), Real.exp (-W x))).restrict K ≤
    ENNReal.ofReal b • volume
AutoSamplingTheory/TechnicalLemmas/FunctionalInequalities/CompactWeightedPoissonCoercivity.lean:125:8: warning: automatically included section variable(s) unused in theorem `_private.AutoSamplingTheory.TechnicalLemmas.FunctionalInequalities.CompactWeightedPoissonCoercivity.0.AutoSamplingTheory.TechnicalLemmas.FunctionalInequalities.CompactWeightedPoissonCoercivity.drift_norm_bound`:
  [BorelSpace E]
consider restructuring your `variable` declarations so that the variables are not in scope or explicitly omit them:
  omit [BorelSpace E] in theorem ...

Note: This linter can be disabled with `set_option linter.unusedSectionVars false`
