AutoSamplingTheory/TechnicalLemmas/FunctionalInequalities/CompactWeightedPoissonCoercivity.lean:179:16: error: Tactic `rewrite` failed: Did not find an occurrence of the pattern
  ↑↑(MemLp.toLp (fun x => ⟪gradient W x, Gn n x⟫) ⋯) x
in the target expression
  ⟪gradient W x, Gn n x - G x⟫ =
    (↑↑(MemLp.toLp (fun x => ⟪gradient W x, Gn n x⟫) ⋯) - ↑↑(MemLp.toLp (fun x => ⟪gradient W x, G x⟫) hA)) x

E : Type u_1
inst✝⁴ : MeasurableSpace E
inst✝³ : NormedAddCommGroup E
inst✝² : InnerProductSpace ℝ E
inst✝¹ : FiniteDimensional ℝ E
inst✝ : BorelSpace E
μ : Measure E
W : E → ℝ
hW : ContDiff ℝ 2 W
K : Set E
M : ℝ
hM : 0 ≤ M
hb : ∀ x ∈ K, ‖gradient W x‖ ≤ M
G : E → E
Gn : ℕ → E → E
hs : Function.support G ⊆ K
hsn : ∀ (n : ℕ), Function.support (Gn n) ⊆ K
hG : MemLp G 2 μ
hGn : ∀ (n : ℕ), MemLp (Gn n) 2 μ
ht : Tendsto (fun n => MemLp.toLp (Gn n) ⋯) atTop (𝓝 (MemLp.toLp G hG))
hA : MemLp (fun x => ⟪gradient W x, G x⟫) 2 μ
hAn : ∀ (n : ℕ), MemLp (fun x => ⟪gradient W x, Gn n x⟫) 2 μ
hsD : ∀ (n : ℕ), (Function.support fun x => Gn n x - G x) ⊆ K
he :
  ∀ (n : ℕ), (fun x => ⟪gradient W x, Gn n x - G x⟫) = (fun x => ⟪gradient W x, Gn n x⟫) - fun x => ⟪gradient W x, G x⟫
n : ℕ
hdiff : MemLp (fun x => ⟪gradient W x, Gn n x - G x⟫) 2 μ
hz✝ : ‖MemLp.toLp (fun x => ⟪gradient W x, Gn n x - G x⟫) hdiff‖ ≤ M * ‖MemLp.toLp (fun x => Gn n x - G x) ⋯‖
x : E
hx : ↑↑(MemLp.toLp (fun x => ⟪gradient W x, Gn n x - G x⟫) hdiff) x = ⟪gradient W x, Gn n x - G x⟫
hy : ↑↑(MemLp.toLp (fun x => ⟪gradient W x, Gn n x⟫) ⋯) x = ⟪gradient W x, Gn n x⟫
hz : ↑↑(MemLp.toLp (fun x => ⟪gradient W x, G x⟫) hA) x = ⟪gradient W x, G x⟫
hw :
  ↑↑(MemLp.toLp (fun x => ⟪gradient W x, Gn n x⟫) ⋯ - MemLp.toLp (fun x => ⟪gradient W x, G x⟫) hA) x =
    (↑↑(MemLp.toLp (fun x => ⟪gradient W x, Gn n x⟫) ⋯) - ↑↑(MemLp.toLp (fun x => ⟪gradient W x, G x⟫) hA)) x
⊢ ⟪gradient W x, Gn n x - G x⟫ =
    (↑↑(MemLp.toLp (fun x => ⟪gradient W x, Gn n x⟫) ⋯) - ↑↑(MemLp.toLp (fun x => ⟪gradient W x, G x⟫) hA)) x
AutoSamplingTheory/TechnicalLemmas/FunctionalInequalities/CompactWeightedPoissonCoercivity.lean:208:8: warning: automatically included section variable(s) unused in theorem `_private.AutoSamplingTheory.TechnicalLemmas.FunctionalInequalities.CompactWeightedPoissonCoercivity.0.AutoSamplingTheory.TechnicalLemmas.FunctionalInequalities.CompactWeightedPoissonCoercivity.norm_sq_integral`:
  [NormedAddCommGroup E]
  [InnerProductSpace ℝ E]
  [FiniteDimensional ℝ E]
  [BorelSpace E]
consider restructuring your `variable` declarations so that the variables are not in scope or explicitly omit them:
  omit [NormedAddCommGroup E] [InnerProductSpace ℝ E] [FiniteDimensional ℝ E] [BorelSpace E] in theorem ...

Note: This linter can be disabled with `set_option linter.unusedSectionVars false`
AutoSamplingTheory/TechnicalLemmas/FunctionalInequalities/CompactWeightedPoissonCoercivity.lean:218:54: error: unexpected token 'λ'; expected '_' or identifier
