<stdin>:60:2: warning: Try this: 
  letI̵

The goal is a proposition, so `let` is preferred over `letI`.
The difference between `let` and `letI` is that `letI` inlines the value.
But this is not relevant for proofs because of proof irrelevance.

Note: This linter can be disabled with `set_option linter.style.haveILetI false`
<stdin>:84:30: error(lean.unknownIdentifier): Unknown constant `Laplacian.laplacian_const`
<stdin>:84:2: error: Type mismatch: After simplification, term
  hw
 has type
  WeightedResult μ D m (fun x => 2 * ↑↑↑u x)
    (fun x =>
      ⟪gradient (fun x => 7) x, ↑↑↑u x • gradient (fun x => 2) x⟫ -
        (2 * (ε * ↑↑↑u x - ↑↑f x) + ↑↑↑u x * Δ (fun x => 2) x))
    fun x => ↑↑↑u x • gradient (fun x => 2) x
but is expected to have type
  WeightedResult (ℙ.tilted fun x => -7) D m (fun x => 2 * ↑↑↑u x) (fun x => -2 * (ε * ↑↑↑u x - ↑↑f x)) fun x => 0
'IndependentCompactWeightedStress.actual_nonquadratic_half_weighted_domain_coercivity' depends on axioms: [propext,
 Classical.choice,
 Quot.sound]
'IndependentCompactWeightedStress.actual_zero_dim_constant7_weighted' depends on axioms: [propext,
 sorryAx,
 Classical.choice,
 Quot.sound]
