<stdin>:42:2: error: Tactic `simp` failed with a nested error:
maximum recursion depth has been reached
use `set_option maxRecDepth <num>` to increase limit
use `set_option diagnostics true` to get diagnostic information
<stdin>:57:2: warning: Try this: 
  letI̵

The goal is a proposition, so `let` is preferred over `letI`.
The difference between `let` and `letI` is that `letI` inlines the value.
But this is not relevant for proofs because of proof irrelevance.

Note: This linter can be disabled with `set_option linter.style.haveILetI false`
<stdin>:79:2: error: Type mismatch: After simplification, term
  hw
 has type
  ∃ a,
    (↑a =ᵐ[μ] fun x => 2 * ↑↑↑u x) ∧
      ∃ (x : a ∈ Lp ℝ 2 μ),
        ∃ a_1,
          (↑a_1 =ᵐ[μ] fun x => -(2 * (ε * ↑↑↑u x - ↑↑f x))) ∧
            ∃ (x_1 : a_1 ∈ Lp ℝ 2 μ) (x_2 : ⟨a, ⋯⟩ ∈ D.closure.domain),
              (↑↑(↑D.closure ⟨⟨a, ⋯⟩, ⋯⟩) =ᵐ[μ] fun x => 2 • ↑↑(↑D.closure u) x) ∧
                m * ‖↑D.closure ⟨⟨a, ⋯⟩, ⋯⟩‖ ^ 2 ≤ ‖⟨a_1, ⋯⟩‖ ^ 2
but is expected to have type
  ∃ a,
    (↑a =ᵐ[ℙ] fun x => 2 * ↑↑↑u x) ∧
      ∃ (x : a ∈ Lp ℝ 2 (ℙ.tilted fun x => -7)),
        ∃ a_1,
          (↑a_1 =ᵐ[ℙ] fun x => -(2 * (ε * ↑↑↑u x - ↑↑f x))) ∧
            ∃ (x_1 : a_1 ∈ Lp ℝ 2 (ℙ.tilted fun x => -7)) (x_2 : ⟨a, ⋯⟩ ∈ D.closure.domain),
              (↑↑(↑D.closure ⟨⟨a, ⋯⟩, ⋯⟩) =ᵐ[ℙ] fun x => 0) ∧ m * ‖↑D.closure ⟨⟨a, ⋯⟩, ⋯⟩‖ ^ 2 ≤ ‖⟨a_1, ⋯⟩‖ ^ 2
'IndependentCompactWeightedStress.actual_nonquadratic_half_weighted_domain_coercivity' depends on axioms: [propext,
 sorryAx,
 Classical.choice,
 Quot.sound]
'IndependentCompactWeightedStress.actual_zero_dim_constant7_weighted' depends on axioms: [propext,
 sorryAx,
 Classical.choice,
 Quot.sound]
