Tests/ProximalBPSCenteredDefect.lean:54:2: warning: Try this: 
  letI̵

The goal is a proposition, so `let` is preferred over `letI`.
The difference between `let` and `letI` is that `letI` inlines the value.
But this is not relevant for proofs because of proof irrelevance.

Note: This linter can be disabled with `set_option linter.style.haveILetI false`
Tests/ProximalBPSCenteredDefect.lean:55:2: warning: Try this: 
  letI̵

The goal is a proposition, so `let` is preferred over `letI`.
The difference between `let` and `letI` is that `letI` inlines the value.
But this is not relevant for proofs because of proof irrelevance.

Note: This linter can be disabled with `set_option linter.style.haveILetI false`
C59_STAGE_00
C59_STAGE_01
C59_STAGE_01_INSTANTIATED
C59_STAGE_01_LETS_REDUCED
C59_STAGE_02
C59_STAGE_03
C59_STAGE_08
C59_STAGE_09
C59_STAGE_10
C59_STAGE_11
C59_STAGE_12
Tests/ProximalBPSCenteredDefect.lean:57:2: warning: Unused tactic linter: `trace "C59_STAGE_00"` does nothing

Note: This linter can be disabled with `set_option linter.unusedTactic false`
Tests/ProximalBPSCenteredDefect.lean:63:2: warning: Unused tactic linter: `trace "C59_STAGE_01"` does nothing

Note: This linter can be disabled with `set_option linter.unusedTactic false`
Tests/ProximalBPSCenteredDefect.lean:66:2: warning: Unused tactic linter: `trace "C59_STAGE_01_INSTANTIATED"` does nothing

Note: This linter can be disabled with `set_option linter.unusedTactic false`
Tests/ProximalBPSCenteredDefect.lean:68:2: warning: Unused tactic linter: `trace "C59_STAGE_01_LETS_REDUCED"` does nothing

Note: This linter can be disabled with `set_option linter.unusedTactic false`
Tests/ProximalBPSCenteredDefect.lean:70:2: warning: Unused tactic linter: `trace "C59_STAGE_02"` does nothing

Note: This linter can be disabled with `set_option linter.unusedTactic false`
Tests/ProximalBPSCenteredDefect.lean:73:2: warning: Unused tactic linter: `trace "C59_STAGE_03"` does nothing

Note: This linter can be disabled with `set_option linter.unusedTactic false`
Tests/ProximalBPSCenteredDefect.lean:75:2: warning: Unused tactic linter: `trace "C59_STAGE_08"` does nothing

Note: This linter can be disabled with `set_option linter.unusedTactic false`
Tests/ProximalBPSCenteredDefect.lean:99:2: warning: Unused tactic linter: `trace "C59_STAGE_09"` does nothing

Note: This linter can be disabled with `set_option linter.unusedTactic false`
Tests/ProximalBPSCenteredDefect.lean:108:2: warning: Unused tactic linter: `trace "C59_STAGE_10"` does nothing

Note: This linter can be disabled with `set_option linter.unusedTactic false`
Tests/ProximalBPSCenteredDefect.lean:118:2: warning: Unused tactic linter: `trace "C59_STAGE_11"` does nothing

Note: This linter can be disabled with `set_option linter.unusedTactic false`
Tests/ProximalBPSCenteredDefect.lean:128:2: warning: Unused tactic linter: `trace "C59_STAGE_12"` does nothing

Note: This linter can be disabled with `set_option linter.unusedTactic false`
'Tests.ProximalBPSCenteredDefect.actual_centered_defect_coercive_and_unit' depends on axioms: [propext,
 Classical.choice,
 Quot.sound]
