{
  "cell": "ASTIS-SW-PBPS-conditional-gradient-variance",
  "targets": [
    {
      "declaration": "AutoSamplingTheory.ExampleCases.ProximalBPS.ConditionalGradientVariance.reflected_conditional_gradient_variance",
      "source_item": "pbps-conditional-gradient-variance",
      "lesson": "authored",
      "audit_id": "ASTIS-RT-20261007-PBPSConditionalGradientVariance",
      "audit_state": "accepted",
      "publication_binding_sha256": "5bf27847e248cb1c28d73026bd1e49948877e16c8f019131cfcc7f8e11ed9533",
      "remaining_boundary": "Printed smooth-compact pointwise gradient-variance ingredient, exact quarter coefficient. FiniteHilbert/rank0 explicitly authored extension. Formula(C.2) outer integration/B.13 and rough-domain density/closedgradient extension remain separate, as do full PBPS/SPHMC/kernel runtime/error/cost/composition/main/live/PURIFIED. Actual focused3886PASS; independent wholeproof/blind/source/exactcommit/shared admission pending."
    }
  ],
  "graph_check": "python3 tools/astis_publication.py graph-check --cell ASTIS-SW-PBPS-conditional-gradient-variance",
  "missing": [],
  "next": [
    "Run the smallest focused Lean test.",
    "Reuse unchanged source/lesson/audit records; never reuse a stale binding.",
    "For a new/changed theorem, use astis-semantic-roundtrip: anonymous decoder → independent anti-anchored source review → separate repair review if needed.",
    "Run tools/astis_publication.py check --base <base commit> before stabilization."
  ],
  "boundary": "This coordinator packet is NOT decoder input. It deliberately contains source identity."
}
