✖ [3649/3649] Building AutoSamplingTheory.TechnicalLemmas.Probability.GaussianLipschitzExponential (8.8s)
trace: .> LEAN_PATH=E:\Samplinglib\.lake\packages\Cli\.lake\build\lib\lean;E:\Samplinglib\.lake\packages\batteries\.lake\build\lib\lean;E:\Samplinglib\.lake\packages\Qq\.lake\build\lib\lean;E:\Samplinglib\.lake\packages\aesop\.lake\build\lib\lean;E:\Samplinglib\.lake\packages\proofwidgets\.lake\build\lib\lean;E:\Samplinglib\.lake\packages\importGraph\.lake\build\lib\lean;E:\Samplinglib\.lake\packages\LeanSearchClient\.lake\build\lib\lean;E:\Samplinglib\.lake\packages\plausible\.lake\build\lib\lean;E:\Samplinglib\.lake\packages\mathlib\.lake\build\lib\lean;E:\Samplinglib\.lake\build\lib\lean c:\Users\admin\.elan\toolchains\leanprover--lean4---v4.33.0\bin\lean.exe E:\Samplinglib\AutoSamplingTheory\TechnicalLemmas\Probability\GaussianLipschitzExponential.lean -o E:\Samplinglib\.lake\build\lib\lean\AutoSamplingTheory\TechnicalLemmas\Probability\GaussianLipschitzExponential.olean -i E:\Samplinglib\.lake\build\lib\lean\AutoSamplingTheory\TechnicalLemmas\Probability\GaussianLipschitzExponential.ilean -c E:\Samplinglib\.lake\build\ir\AutoSamplingTheory\TechnicalLemmas\Probability\GaussianLipschitzExponential.c --setup E:\Samplinglib\.lake\build\ir\AutoSamplingTheory\TechnicalLemmas\Probability\GaussianLipschitzExponential.setup.json --json
warning: AutoSamplingTheory/TechnicalLemmas/Probability/GaussianLipschitzExponential.lean:105:8: automatically included section variable(s) unused in theorem `_private.AutoSamplingTheory.TechnicalLemmas.Probability.GaussianLipschitzExponential.0.AutoSamplingTheory.TechnicalLemmas.Probability.GaussianLipschitzExponential.standardWeight_pos`:
  [CompleteSpace E]
  [FiniteDimensional ℝ E]
  [MeasurableSpace E]
  [BorelSpace E]
consider restructuring your `variable` declarations so that the variables are not in scope or explicitly omit them:
  omit [CompleteSpace E] [FiniteDimensional ℝ E] [MeasurableSpace E] [BorelSpace E] in theorem ...

Note: This linter can be disabled with `set_option linter.unusedSectionVars false`
error: AutoSamplingTheory/TechnicalLemmas/Probability/GaussianLipschitzExponential.lean:112:12: Unknown identifier `AutoSamplingTheory.TechnicalLemmas.Measure.IsotropicGaussianDensity`
error: AutoSamplingTheory/TechnicalLemmas/Probability/GaussianLipschitzExponential.lean:112:79: Invalid field notation: Identifier or numeral expected
error: AutoSamplingTheory/TechnicalLemmas/Probability/GaussianLipschitzExponential.lean:113:45: Invalid argument name `E` for function `sorryAx`
error: AutoSamplingTheory/TechnicalLemmas/Probability/GaussianLipschitzExponential.lean:111:54: unsolved goals
E : Type u_1
inst✝⁵ : NormedAddCommGroup E
inst✝⁴ : InnerProductSpace ℝ E
inst✝³ : CompleteSpace E
inst✝² : FiniteDimensional ℝ E
inst✝¹ : MeasurableSpace E
inst✝ : BorelSpace E
⊢ stdGaussian E = ℙ.withDensity fun x => ENNReal.ofReal (standardWeight x)
error: AutoSamplingTheory/TechnicalLemmas/Probability/GaussianLipschitzExponential.lean:120:55: `fun_prop` was unable to prove `Measurable fun x => ENNReal.ofReal (standardWeight x)`

Issues:
  No theorems found for `_private.AutoSamplingTheory.TechnicalLemmas.Probability.GaussianLipschitzExponential.0.AutoSamplingTheory.TechnicalLemmas.Probability.GaussianLipschitzExponential.standardWeight` in order to prove `Measurable fun x => standardWeight x`
error: AutoSamplingTheory/TechnicalLemmas/Probability/GaussianLipschitzExponential.lean:130:44: `fun_prop` was unable to prove `Measurable fun x => ENNReal.ofReal (standardWeight x)`

Issues:
  No theorems found for `_private.AutoSamplingTheory.TechnicalLemmas.Probability.GaussianLipschitzExponential.0.AutoSamplingTheory.TechnicalLemmas.Probability.GaussianLipschitzExponential.standardWeight` in order to prove `Measurable fun x => standardWeight x`
error: Lean exited with code 1
Some required targets logged failures:
- AutoSamplingTheory.TechnicalLemmas.Probability.GaussianLipschitzExponential
error: build failed
