✖ [3650/3650] Building AutoSamplingTheory.TechnicalLemmas.Probability.GaussianLipschitzExponential (8.4s)
trace: .> LEAN_PATH=E:\Samplinglib\.lake\packages\Cli\.lake\build\lib\lean;E:\Samplinglib\.lake\packages\batteries\.lake\build\lib\lean;E:\Samplinglib\.lake\packages\Qq\.lake\build\lib\lean;E:\Samplinglib\.lake\packages\aesop\.lake\build\lib\lean;E:\Samplinglib\.lake\packages\proofwidgets\.lake\build\lib\lean;E:\Samplinglib\.lake\packages\importGraph\.lake\build\lib\lean;E:\Samplinglib\.lake\packages\LeanSearchClient\.lake\build\lib\lean;E:\Samplinglib\.lake\packages\plausible\.lake\build\lib\lean;E:\Samplinglib\.lake\packages\mathlib\.lake\build\lib\lean;E:\Samplinglib\.lake\build\lib\lean c:\Users\admin\.elan\toolchains\leanprover--lean4---v4.33.0\bin\lean.exe E:\Samplinglib\AutoSamplingTheory\TechnicalLemmas\Probability\GaussianLipschitzExponential.lean -o E:\Samplinglib\.lake\build\lib\lean\AutoSamplingTheory\TechnicalLemmas\Probability\GaussianLipschitzExponential.olean -i E:\Samplinglib\.lake\build\lib\lean\AutoSamplingTheory\TechnicalLemmas\Probability\GaussianLipschitzExponential.ilean -c E:\Samplinglib\.lake\build\ir\AutoSamplingTheory\TechnicalLemmas\Probability\GaussianLipschitzExponential.c --setup E:\Samplinglib\.lake\build\ir\AutoSamplingTheory\TechnicalLemmas\Probability\GaussianLipschitzExponential.setup.json --json
warning: AutoSamplingTheory/TechnicalLemmas/Probability/GaussianLipschitzExponential.lean:106:8: automatically included section variable(s) unused in theorem `_private.AutoSamplingTheory.TechnicalLemmas.Probability.GaussianLipschitzExponential.0.AutoSamplingTheory.TechnicalLemmas.Probability.GaussianLipschitzExponential.standardWeight_pos`:
  [CompleteSpace E]
  [FiniteDimensional ℝ E]
  [MeasurableSpace E]
  [BorelSpace E]
consider restructuring your `variable` declarations so that the variables are not in scope or explicitly omit them:
  omit [CompleteSpace E] [FiniteDimensional ℝ E] [MeasurableSpace E] [BorelSpace E] in theorem ...

Note: This linter can be disabled with `set_option linter.unusedSectionVars false`
warning: AutoSamplingTheory/TechnicalLemmas/Probability/GaussianLipschitzExponential.lean:110:8: automatically included section variable(s) unused in theorem `_private.AutoSamplingTheory.TechnicalLemmas.Probability.GaussianLipschitzExponential.0.AutoSamplingTheory.TechnicalLemmas.Probability.GaussianLipschitzExponential.standardGaussian_density`:
  [CompleteSpace E]
consider restructuring your `variable` declarations so that the variables are not in scope or explicitly omit them:
  omit [CompleteSpace E] in theorem ...

Note: This linter can be disabled with `set_option linter.unusedSectionVars false`
error: AutoSamplingTheory/TechnicalLemmas/Probability/GaussianLipschitzExponential.lean:141:4: Tactic `apply` failed: could not unify the conclusion of `@funext`
  ?f = ?g
with the goal
  Real.instAddCommGroup = Real.normedCommRing.toAddCommGroup

Note: The full type of `@funext` is
  ∀ {α : Sort ?u.72} {β : α → Sort ?u.71} {f g : (x : α) → β x}, (∀ (x : α), f x = g x) → f = g

case e'_8
E : Type u_1
inst✝⁵ : NormedAddCommGroup E
inst✝⁴ : InnerProductSpace ℝ E
inst✝³ : CompleteSpace E
inst✝² : FiniteDimensional ℝ E
inst✝¹ : MeasurableSpace E
inst✝ : BorelSpace E
x : E
c : ℝ := (√(2 * Real.pi))⁻¹ ^ Module.finrank ℝ E
h :
  HasFDerivAt (fun y => c * Real.exp (-1 / 2 * ‖id y‖ ^ 2))
    (c • Real.exp (-1 / 2 * ‖id x‖ ^ 2) • (-1 / 2) • 2 • (innerSL ℝ) (id x) ∘SL ContinuousLinearMap.id ℝ E) x
⊢ Real.instAddCommGroup = Real.normedCommRing.toAddCommGroup
error: AutoSamplingTheory/TechnicalLemmas/Probability/GaussianLipschitzExponential.lean:147:4: No goals to be solved
error: AutoSamplingTheory/TechnicalLemmas/Probability/GaussianLipschitzExponential.lean:137:47: unsolved goals
case e'_11
E : Type u_1
inst✝⁵ : NormedAddCommGroup E
inst✝⁴ : InnerProductSpace ℝ E
inst✝³ : CompleteSpace E
inst✝² : FiniteDimensional ℝ E
inst✝¹ : MeasurableSpace E
inst✝ : BorelSpace E
x : E
c : ℝ := (√(2 * Real.pi))⁻¹ ^ Module.finrank ℝ E
h :
  HasFDerivAt (fun y => c * Real.exp (-1 / 2 * ‖id y‖ ^ 2))
    (c • Real.exp (-1 / 2 * ‖id x‖ ^ 2) • (-1 / 2) • 2 • (innerSL ℝ) (id x) ∘SL ContinuousLinearMap.id ℝ E) x
⊢ standardWeight = fun y => c * Real.exp (-1 / 2 * ‖id y‖ ^ 2)

case e'_12
E : Type u_1
inst✝⁵ : NormedAddCommGroup E
inst✝⁴ : InnerProductSpace ℝ E
inst✝³ : CompleteSpace E
inst✝² : FiniteDimensional ℝ E
inst✝¹ : MeasurableSpace E
inst✝ : BorelSpace E
x : E
c : ℝ := ⋯
h :
  HasFDerivAt (fun y => c * Real.exp (-1 / 2 * ‖id y‖ ^ 2))
    (c • Real.exp (-1 / 2 * ‖id x‖ ^ 2) • (-1 / 2) • 2 • (innerSL ℝ) (id x) ∘SL ContinuousLinearMap.id ℝ E) x
e_8✝ : Real.instAddCommGroup = Real.normedCommRing.toAddCommGroup
he✝ : Semiring.toModule = (NormedAlgebra.toNormedSpace ℝ).toModule
⊢ -standardWeight x • (innerSL ℝ) x =
    c • Real.exp (-1 / 2 * ‖id x‖ ^ 2) • (-1 / 2) • 2 • (innerSL ℝ) (id x) ∘SL ContinuousLinearMap.id ℝ E
error: AutoSamplingTheory/TechnicalLemmas/Probability/GaussianLipschitzExponential.lean:173:54: unexpected token '|*'; expected '|' or '|ₘ'
error: AutoSamplingTheory/TechnicalLemmas/Probability/GaussianLipschitzExponential.lean:173:4: 'change' tactic failed, pattern
  ‖inner ℝ x v * f x‖ ≤ ‖v‖ * (↑L * ‖x‖ ^ 2 + |f 0|)
is not definitionally equal to target
  ‖inner ℝ x v * f x‖ ≤ ‖v‖ * ((fun x => ↑L * ‖x‖ ^ 2) + fun x => |f 0| * ‖x‖) x
error: AutoSamplingTheory/TechnicalLemmas/Probability/GaussianLipschitzExponential.lean:157:44: unsolved goals
E : Type u_1
inst✝⁵ : NormedAddCommGroup E
inst✝⁴ : InnerProductSpace ℝ E
inst✝³ : CompleteSpace E
inst✝² : FiniteDimensional ℝ E
inst✝¹ : MeasurableSpace E
inst✝ : BorelSpace E
f : E → ℝ
L : ℝ≥0
hf : ContDiff ℝ 1 f
hLip : LipschitzWith L f
v : E
hfi : Integrable f (stdGaussian E)
hn : Integrable (fun x => ‖x‖) (stdGaussian E)
hsq : Integrable (fun x => ‖x‖ ^ 2) (stdGaussian E)
hbound : ∀ (x : E), |f x| ≤ ↑L * ‖x‖ + |f 0|
hixf : Integrable (fun x => inner ℝ x v * f x) (stdGaussian E)
⊢ ∫ (x : E), inner ℝ x v * f x ∂stdGaussian E = ∫ (x : E), (fderiv ℝ f x) v ∂stdGaussian E
error: Lean exited with code 1
Some required targets logged failures:
- AutoSamplingTheory.TechnicalLemmas.Probability.GaussianLipschitzExponential
error: build failed
