✖ [3650/3650] Building AutoSamplingTheory.TechnicalLemmas.Probability.GaussianLipschitzExponential (9.3s)
trace: .> LEAN_PATH=E:\Samplinglib\.lake\packages\Cli\.lake\build\lib\lean;E:\Samplinglib\.lake\packages\batteries\.lake\build\lib\lean;E:\Samplinglib\.lake\packages\Qq\.lake\build\lib\lean;E:\Samplinglib\.lake\packages\aesop\.lake\build\lib\lean;E:\Samplinglib\.lake\packages\proofwidgets\.lake\build\lib\lean;E:\Samplinglib\.lake\packages\importGraph\.lake\build\lib\lean;E:\Samplinglib\.lake\packages\LeanSearchClient\.lake\build\lib\lean;E:\Samplinglib\.lake\packages\plausible\.lake\build\lib\lean;E:\Samplinglib\.lake\packages\mathlib\.lake\build\lib\lean;E:\Samplinglib\.lake\build\lib\lean c:\Users\admin\.elan\toolchains\leanprover--lean4---v4.33.0\bin\lean.exe E:\Samplinglib\AutoSamplingTheory\TechnicalLemmas\Probability\GaussianLipschitzExponential.lean -o E:\Samplinglib\.lake\build\lib\lean\AutoSamplingTheory\TechnicalLemmas\Probability\GaussianLipschitzExponential.olean -i E:\Samplinglib\.lake\build\lib\lean\AutoSamplingTheory\TechnicalLemmas\Probability\GaussianLipschitzExponential.ilean -c E:\Samplinglib\.lake\build\ir\AutoSamplingTheory\TechnicalLemmas\Probability\GaussianLipschitzExponential.c --setup E:\Samplinglib\.lake\build\ir\AutoSamplingTheory\TechnicalLemmas\Probability\GaussianLipschitzExponential.setup.json --json
warning: AutoSamplingTheory/TechnicalLemmas/Probability/GaussianLipschitzExponential.lean:144:8: automatically included section variable(s) unused in theorem `_private.AutoSamplingTheory.TechnicalLemmas.Probability.GaussianLipschitzExponential.0.AutoSamplingTheory.TechnicalLemmas.Probability.GaussianLipschitzExponential.standardWeight_pos`:
  [CompleteSpace E]
  [FiniteDimensional ℝ E]
  [MeasurableSpace E]
  [BorelSpace E]
consider restructuring your `variable` declarations so that the variables are not in scope or explicitly omit them:
  omit [CompleteSpace E] [FiniteDimensional ℝ E] [MeasurableSpace E] [BorelSpace E] in theorem ...

Note: This linter can be disabled with `set_option linter.unusedSectionVars false`
warning: AutoSamplingTheory/TechnicalLemmas/Probability/GaussianLipschitzExponential.lean:148:8: automatically included section variable(s) unused in theorem `_private.AutoSamplingTheory.TechnicalLemmas.Probability.GaussianLipschitzExponential.0.AutoSamplingTheory.TechnicalLemmas.Probability.GaussianLipschitzExponential.standardGaussian_density`:
  [CompleteSpace E]
consider restructuring your `variable` declarations so that the variables are not in scope or explicitly omit them:
  omit [CompleteSpace E] in theorem ...

Note: This linter can be disabled with `set_option linter.unusedSectionVars false`
info: AutoSamplingTheory/TechnicalLemmas/Probability/GaussianLipschitzExponential.lean:183:4: Try this:
  [apply] ring_nf
  
  The `ring` tactic failed to close the goal. Use `ring_nf` to obtain a normal form.
    
  Note that `ring` works primarily in *commutative* rings. If you have a noncommutative ring, abelian group or module, consider using `noncomm_ring`, `abel` or `module` instead.
warning: AutoSamplingTheory/TechnicalLemmas/Probability/GaussianLipschitzExponential.lean:173:8: automatically included section variable(s) unused in theorem `_private.AutoSamplingTheory.TechnicalLemmas.Probability.GaussianLipschitzExponential.0.AutoSamplingTheory.TechnicalLemmas.Probability.GaussianLipschitzExponential.standardWeight_hasFDerivAt`:
  [CompleteSpace E]
  [FiniteDimensional ℝ E]
  [MeasurableSpace E]
  [BorelSpace E]
consider restructuring your `variable` declarations so that the variables are not in scope or explicitly omit them:
  omit [CompleteSpace E] [FiniteDimensional ℝ E] [MeasurableSpace E] [BorelSpace E] in theorem ...

Note: This linter can be disabled with `set_option linter.unusedSectionVars false`
warning: AutoSamplingTheory/TechnicalLemmas/Probability/GaussianLipschitzExponential.lean:303:8: automatically included section variable(s) unused in theorem `_private.AutoSamplingTheory.TechnicalLemmas.Probability.GaussianLipschitzExponential.0.AutoSamplingTheory.TechnicalLemmas.Probability.GaussianLipschitzExponential.norm_linear_pair_le_two`:
  [CompleteSpace E]
  [FiniteDimensional ℝ E]
  [MeasurableSpace E]
  [BorelSpace E]
consider restructuring your `variable` declarations so that the variables are not in scope or explicitly omit them:
  omit [CompleteSpace E] [FiniteDimensional ℝ E] [MeasurableSpace E] [BorelSpace E] in theorem ...

Note: This linter can be disabled with `set_option linter.unusedSectionVars false`
warning: AutoSamplingTheory/TechnicalLemmas/Probability/GaussianLipschitzExponential.lean:321:8: automatically included section variable(s) unused in theorem `_private.AutoSamplingTheory.TechnicalLemmas.Probability.GaussianLipschitzExponential.0.AutoSamplingTheory.TechnicalLemmas.Probability.GaussianLipschitzExponential.rotX_hasDerivAt`:
  [CompleteSpace E]
  [FiniteDimensional ℝ E]
  [MeasurableSpace E]
  [BorelSpace E]
consider restructuring your `variable` declarations so that the variables are not in scope or explicitly omit them:
  omit [CompleteSpace E] [FiniteDimensional ℝ E] [MeasurableSpace E] [BorelSpace E] in theorem ...

Note: This linter can be disabled with `set_option linter.unusedSectionVars false`
warning: AutoSamplingTheory/TechnicalLemmas/Probability/GaussianLipschitzExponential.lean:326:8: automatically included section variable(s) unused in theorem `_private.AutoSamplingTheory.TechnicalLemmas.Probability.GaussianLipschitzExponential.0.AutoSamplingTheory.TechnicalLemmas.Probability.GaussianLipschitzExponential.lipschitz_growth_bound`:
  [InnerProductSpace ℝ E]
  [CompleteSpace E]
  [FiniteDimensional ℝ E]
  [MeasurableSpace E]
  [BorelSpace E]
consider restructuring your `variable` declarations so that the variables are not in scope or explicitly omit them:
  omit [InnerProductSpace ℝ
  E] [CompleteSpace E] [FiniteDimensional ℝ E] [MeasurableSpace E] [BorelSpace E] in theorem ...

Note: This linter can be disabled with `set_option linter.unusedSectionVars false`
warning: AutoSamplingTheory/TechnicalLemmas/Probability/GaussianLipschitzExponential.lean:491:5: Variable name `hf` is not explicitly referenced.

Hint: The binding can be removed (if unused) or named `_` (if used implicitly). Alternatively, prefix the name with `_` to silence this warning:
  [apply] _hf

Note: This linter can be disabled with `set_option linter.unusedVariables false`
warning: AutoSamplingTheory/TechnicalLemmas/Probability/GaussianLipschitzExponential.lean:508:8: automatically included section variable(s) unused in theorem `_private.AutoSamplingTheory.TechnicalLemmas.Probability.GaussianLipschitzExponential.0.AutoSamplingTheory.TechnicalLemmas.Probability.GaussianLipschitzExponential.rotation_inverse_first`:
  [CompleteSpace E]
  [FiniteDimensional ℝ E]
  [MeasurableSpace E]
  [BorelSpace E]
consider restructuring your `variable` declarations so that the variables are not in scope or explicitly omit them:
  omit [CompleteSpace E] [FiniteDimensional ℝ E] [MeasurableSpace E] [BorelSpace E] in theorem ...

Note: This linter can be disabled with `set_option linter.unusedSectionVars false`
error: AutoSamplingTheory/TechnicalLemmas/Probability/GaussianLipschitzExponential.lean:599:4: `simp` made no progress
error: AutoSamplingTheory/TechnicalLemmas/Probability/GaussianLipschitzExponential.lean:606:8: Tactic `rewrite` failed: Did not find an occurrence of the pattern
  ↑L ^ 2 * ?b
in the target expression
  (fun u => Real.exp (t * (f u - m)) * I u) u ≤ (fun x => ↑L ^ 2 * Real.exp (t * (f x - m))) u

E : Type u_1
inst✝⁵ : NormedAddCommGroup E
inst✝⁴ : InnerProductSpace ℝ E
inst✝³ : CompleteSpace E
inst✝² : FiniteDimensional ℝ E
inst✝¹ : MeasurableSpace E
inst✝ : BorelSpace E
f : E → ℝ
L : ℝ≥0
hf : ContDiff ℝ 1 f
hLip : LipschitzWith L f
t m θ : ℝ
ht : 0 ≤ t
hs : 0 ≤ Real.sin θ
I : E → ℝ :=
  fun u =>
    ∫ (v : E),
      (fderiv ℝ f (Real.cos θ • u - Real.sin θ • v)) ((InnerProductSpace.toDual ℝ E).symm (fderiv ℝ f u)) ∂stdGaussian E
hdf : Continuous (fderiv ℝ f)
hcf : Continuous f
hI : StronglyMeasurable I
hIn : ∀ (u : E), ‖I u‖ ≤ ↑L ^ 2
hExp : Integrable (fun u => Real.exp (t * (f u - m))) (stdGaussian E)
hJ : Integrable (fun u => Real.exp (t * (f u - m)) * I u) (stdGaussian E)
u : E
⊢ (fun u => Real.exp (t * (f u - m)) * I u) u ≤ (fun x => ↑L ^ 2 * Real.exp (t * (f x - m))) u
error: Lean exited with code 1
Some required targets logged failures:
- AutoSamplingTheory.TechnicalLemmas.Probability.GaussianLipschitzExponential
error: build failed
