✖ [3650/3650] Building AutoSamplingTheory.TechnicalLemmas.Probability.GaussianLipschitzExponential (8.5s)
trace: .> LEAN_PATH=E:\Samplinglib\.lake\packages\Cli\.lake\build\lib\lean;E:\Samplinglib\.lake\packages\batteries\.lake\build\lib\lean;E:\Samplinglib\.lake\packages\Qq\.lake\build\lib\lean;E:\Samplinglib\.lake\packages\aesop\.lake\build\lib\lean;E:\Samplinglib\.lake\packages\proofwidgets\.lake\build\lib\lean;E:\Samplinglib\.lake\packages\importGraph\.lake\build\lib\lean;E:\Samplinglib\.lake\packages\LeanSearchClient\.lake\build\lib\lean;E:\Samplinglib\.lake\packages\plausible\.lake\build\lib\lean;E:\Samplinglib\.lake\packages\mathlib\.lake\build\lib\lean;E:\Samplinglib\.lake\build\lib\lean c:\Users\admin\.elan\toolchains\leanprover--lean4---v4.33.0\bin\lean.exe E:\Samplinglib\AutoSamplingTheory\TechnicalLemmas\Probability\GaussianLipschitzExponential.lean -o E:\Samplinglib\.lake\build\lib\lean\AutoSamplingTheory\TechnicalLemmas\Probability\GaussianLipschitzExponential.olean -i E:\Samplinglib\.lake\build\lib\lean\AutoSamplingTheory\TechnicalLemmas\Probability\GaussianLipschitzExponential.ilean -c E:\Samplinglib\.lake\build\ir\AutoSamplingTheory\TechnicalLemmas\Probability\GaussianLipschitzExponential.c --setup E:\Samplinglib\.lake\build\ir\AutoSamplingTheory\TechnicalLemmas\Probability\GaussianLipschitzExponential.setup.json --json
warning: AutoSamplingTheory/TechnicalLemmas/Probability/GaussianLipschitzExponential.lean:106:8: automatically included section variable(s) unused in theorem `_private.AutoSamplingTheory.TechnicalLemmas.Probability.GaussianLipschitzExponential.0.AutoSamplingTheory.TechnicalLemmas.Probability.GaussianLipschitzExponential.standardWeight_pos`:
  [CompleteSpace E]
  [FiniteDimensional ℝ E]
  [MeasurableSpace E]
  [BorelSpace E]
consider restructuring your `variable` declarations so that the variables are not in scope or explicitly omit them:
  omit [CompleteSpace E] [FiniteDimensional ℝ E] [MeasurableSpace E] [BorelSpace E] in theorem ...

Note: This linter can be disabled with `set_option linter.unusedSectionVars false`
warning: AutoSamplingTheory/TechnicalLemmas/Probability/GaussianLipschitzExponential.lean:110:8: automatically included section variable(s) unused in theorem `_private.AutoSamplingTheory.TechnicalLemmas.Probability.GaussianLipschitzExponential.0.AutoSamplingTheory.TechnicalLemmas.Probability.GaussianLipschitzExponential.standardGaussian_density`:
  [CompleteSpace E]
consider restructuring your `variable` declarations so that the variables are not in scope or explicitly omit them:
  omit [CompleteSpace E] in theorem ...

Note: This linter can be disabled with `set_option linter.unusedSectionVars false`
info: AutoSamplingTheory/TechnicalLemmas/Probability/GaussianLipschitzExponential.lean:145:4: Try this:
  [apply] ring_nf
  
  The `ring` tactic failed to close the goal. Use `ring_nf` to obtain a normal form.
    
  Note that `ring` works primarily in *commutative* rings. If you have a noncommutative ring, abelian group or module, consider using `noncomm_ring`, `abel` or `module` instead.
warning: AutoSamplingTheory/TechnicalLemmas/Probability/GaussianLipschitzExponential.lean:135:8: automatically included section variable(s) unused in theorem `_private.AutoSamplingTheory.TechnicalLemmas.Probability.GaussianLipschitzExponential.0.AutoSamplingTheory.TechnicalLemmas.Probability.GaussianLipschitzExponential.standardWeight_hasFDerivAt`:
  [CompleteSpace E]
  [FiniteDimensional ℝ E]
  [MeasurableSpace E]
  [BorelSpace E]
consider restructuring your `variable` declarations so that the variables are not in scope or explicitly omit them:
  omit [CompleteSpace E] [FiniteDimensional ℝ E] [MeasurableSpace E] [BorelSpace E] in theorem ...

Note: This linter can be disabled with `set_option linter.unusedSectionVars false`
error: AutoSamplingTheory/TechnicalLemmas/Probability/GaussianLipschitzExponential.lean:236:17: typeclass instance problem is stuck
  Module ?m.383 E

Note: Lean will not try to resolve this typeclass instance problem because the first and third type arguments to `Module` contain metavariables. These arguments must be fully determined before Lean will try to resolve the typeclass.

Hint: Adding type annotations and supplying implicit arguments to functions can give Lean more information for typeclass resolution. For example, if you have a variable `x` that you intend to be a `Nat`, but Lean reports it as having an unresolved type like `?m`, replacing `x` with `(x : Nat)` can get typeclass resolution un-stuck.
error: AutoSamplingTheory/TechnicalLemmas/Probability/GaussianLipschitzExponential.lean:239:6: Tactic `rewrite` failed: Did not find an occurrence of the pattern
  ∫ (x : E), inner ℝ x a * (f ∘ fun v => c • u - s • v) x ∂stdGaussian E
in the target expression
  ∫ (v : E), inner ℝ v a * f (c • u - s • v) ∂stdGaussian E =
    -s * ∫ (v : E), (fderiv ℝ f (c • u - s • v)) a ∂stdGaussian E

E : Type u_1
inst✝⁵ : NormedAddCommGroup E
inst✝⁴ : InnerProductSpace ℝ E
inst✝³ : CompleteSpace E
inst✝² : FiniteDimensional ℝ E
inst✝¹ : MeasurableSpace E
inst✝ : BorelSpace E
f : E → ℝ
L : ℝ≥0
hf : ContDiff ℝ 1 f
hLip : LipschitzWith L f
c s : ℝ
u a : E
hca : ContDiff ℝ 1 fun v => c • u - s • v
hla : LipschitzWith (L * Real.nnabs s) fun v => f (c • u - s • v)
hd : ∀ (v : E), (fderiv ℝ (fun v => f (c • u - s • v)) v) a = -s * (fderiv ℝ f (c • u - s • v)) a
⊢ ∫ (v : E), inner ℝ v a * f (c • u - s • v) ∂stdGaussian E =
    -s * ∫ (v : E), (fderiv ℝ f (c • u - s • v)) a ∂stdGaussian E
error: AutoSamplingTheory/TechnicalLemmas/Probability/GaussianLipschitzExponential.lean:250:13: don't know how to synthesize implicit argument `μ`
  @integral_map (E × E) ℝ Real.normedAddCommGroup RCLike.toInnerProductSpaceReal.toNormedSpace Prod.instMeasurableSpace
    ?m.115 (E × E) Prod.instMeasurableSpace (⇑(ContinuousLinearMap.rotation θ))
    (Measurable.aemeasurable (Continuous.measurable (ContinuousLinearMap.continuous (ContinuousLinearMap.rotation θ))))
    h (Continuous.aestronglyMeasurable hh)
context:
E : Type u_1
inst✝⁵ : NormedAddCommGroup E
inst✝⁴ : InnerProductSpace ℝ E
inst✝³ : CompleteSpace E
inst✝² : FiniteDimensional ℝ E
inst✝¹ : MeasurableSpace E
inst✝ : BorelSpace E
θ : ℝ
h : E × E → ℝ
hh : Continuous h
hm :
  Measure.map (⇑(ContinuousLinearMap.rotation θ)) ((stdGaussian E).prod (stdGaussian E)) =
    (stdGaussian E).prod (stdGaussian E)
⊢ Measure (E × E)
error: AutoSamplingTheory/TechnicalLemmas/Probability/GaussianLipschitzExponential.lean:251:4: don't know how to synthesize implicit argument `μ`
  @Continuous.aestronglyMeasurable (E × E) ℝ PseudoMetricSpace.toUniformSpace.toTopologicalSpace
    Prod.instMeasurableSpace (Measure.map ⇑(ContinuousLinearMap.rotation θ) ?m.115) h instTopologicalSpaceProd
    Prod.opensMeasurableSpace PseudoEMetricSpace.pseudoMetrizableSpace
    (secondCountableTopologyEither_of_right (E × E) ℝ) hh
context:
E : Type u_1
inst✝⁵ : NormedAddCommGroup E
inst✝⁴ : InnerProductSpace ℝ E
inst✝³ : CompleteSpace E
inst✝² : FiniteDimensional ℝ E
inst✝¹ : MeasurableSpace E
inst✝ : BorelSpace E
θ : ℝ
h : E × E → ℝ
hh : Continuous h
hm :
  Measure.map (⇑(ContinuousLinearMap.rotation θ)) ((stdGaussian E).prod (stdGaussian E)) =
    (stdGaussian E).prod (stdGaussian E)
⊢ Measure (E × E)
error: AutoSamplingTheory/TechnicalLemmas/Probability/GaussianLipschitzExponential.lean:250:26: don't know how to synthesize implicit argument `μ`
  @Measurable.aemeasurable (E × E) (E × E) Prod.instMeasurableSpace Prod.instMeasurableSpace
    ⇑(ContinuousLinearMap.rotation θ) ?m.115
    (Continuous.measurable (ContinuousLinearMap.continuous (ContinuousLinearMap.rotation θ)))
context:
E : Type u_1
inst✝⁵ : NormedAddCommGroup E
inst✝⁴ : InnerProductSpace ℝ E
inst✝³ : CompleteSpace E
inst✝² : FiniteDimensional ℝ E
inst✝¹ : MeasurableSpace E
inst✝ : BorelSpace E
θ : ℝ
h : E × E → ℝ
hh : Continuous h
hm :
  Measure.map (⇑(ContinuousLinearMap.rotation θ)) ((stdGaussian E).prod (stdGaussian E)) =
    (stdGaussian E).prod (stdGaussian E)
⊢ Measure (E × E)
error: AutoSamplingTheory/TechnicalLemmas/Probability/GaussianLipschitzExponential.lean:250:7: failed to infer `have` declaration type
error: AutoSamplingTheory/TechnicalLemmas/Probability/GaussianLipschitzExponential.lean:247:56: unsolved goals
E : Type u_1
inst✝⁵ : NormedAddCommGroup E
inst✝⁴ : InnerProductSpace ℝ E
inst✝³ : CompleteSpace E
inst✝² : FiniteDimensional ℝ E
inst✝¹ : MeasurableSpace E
inst✝ : BorelSpace E
θ : ℝ
h : E × E → ℝ
hh : Continuous h
hm :
  Measure.map (⇑(ContinuousLinearMap.rotation θ)) ((stdGaussian E).prod (stdGaussian E)) =
    (stdGaussian E).prod (stdGaussian E)
⊢ ∫ (p : E × E), h ((ContinuousLinearMap.rotation θ) p) ∂(stdGaussian E).prod (stdGaussian E) =
    ∫ (p : E × E), h p ∂(stdGaussian E).prod (stdGaussian E)
error: Lean exited with code 1
Some required targets logged failures:
- AutoSamplingTheory.TechnicalLemmas.Probability.GaussianLipschitzExponential
error: build failed
