✖ [3637/3637] Building AutoSamplingTheory.TechnicalLemmas.Probability.GaussianLipschitzExponential (80s)
trace: .> LEAN_PATH=E:\Samplinglib\.lake\packages\Cli\.lake\build\lib\lean;E:\Samplinglib\.lake\packages\batteries\.lake\build\lib\lean;E:\Samplinglib\.lake\packages\Qq\.lake\build\lib\lean;E:\Samplinglib\.lake\packages\aesop\.lake\build\lib\lean;E:\Samplinglib\.lake\packages\proofwidgets\.lake\build\lib\lean;E:\Samplinglib\.lake\packages\importGraph\.lake\build\lib\lean;E:\Samplinglib\.lake\packages\LeanSearchClient\.lake\build\lib\lean;E:\Samplinglib\.lake\packages\plausible\.lake\build\lib\lean;E:\Samplinglib\.lake\packages\mathlib\.lake\build\lib\lean;E:\Samplinglib\.lake\build\lib\lean c:\Users\admin\.elan\toolchains\leanprover--lean4---v4.33.0\bin\lean.exe E:\Samplinglib\AutoSamplingTheory\TechnicalLemmas\Probability\GaussianLipschitzExponential.lean -o E:\Samplinglib\.lake\build\lib\lean\AutoSamplingTheory\TechnicalLemmas\Probability\GaussianLipschitzExponential.olean -i E:\Samplinglib\.lake\build\lib\lean\AutoSamplingTheory\TechnicalLemmas\Probability\GaussianLipschitzExponential.ilean -c E:\Samplinglib\.lake\build\ir\AutoSamplingTheory\TechnicalLemmas\Probability\GaussianLipschitzExponential.c --setup E:\Samplinglib\.lake\build\ir\AutoSamplingTheory\TechnicalLemmas\Probability\GaussianLipschitzExponential.setup.json --json
error: AutoSamplingTheory/TechnicalLemmas/Probability/GaussianLipschitzExponential.lean:73:7: Function expected at
  stdGaussian
but this term has type
  ?m.1

Note: Expected a function because this term is being applied to the argument
  E

Hint: The identifier `stdGaussian` is unknown, and Lean's `autoImplicit` option causes an unknown identifier to be treated as an implicitly bound variable with an unknown type. However, the unknown type cannot be a function, and a function is what Lean expects here. This is often the result of a typo or a missing `import` or `open` statement.
error: AutoSamplingTheory/TechnicalLemmas/Probability/GaussianLipschitzExponential.lean:72:41: Function expected at
  stdGaussian
but this term has type
  ?m.1

Note: Expected a function because this term is being applied to the argument
  E

Hint: The identifier `stdGaussian` is unknown, and Lean's `autoImplicit` option causes an unknown identifier to be treated as an implicitly bound variable with an unknown type. However, the unknown type cannot be a function, and a function is what Lean expects here. This is often the result of a typo or a missing `import` or `open` statement.
error: Lean exited with code 1
Some required targets logged failures:
- AutoSamplingTheory.TechnicalLemmas.Probability.GaussianLipschitzExponential
error: build failed
