runs/20261007-companion-priority/gaussian-sharp-concentration/reviewer.math.frozen.0.lean:148:8: warning: automatically included section variable(s) unused in theorem `_private.runs.«20261007-companion-priority».«gaussian-sharp-concentration».«reviewer.math.frozen.0».0.AutoSamplingTheory.TechnicalLemmas.Probability.GaussianLipschitzExponential.standardWeight_pos`:
  [CompleteSpace E]
  [FiniteDimensional ℝ E]
  [MeasurableSpace E]
  [BorelSpace E]
consider restructuring your `variable` declarations so that the variables are not in scope or explicitly omit them:
  omit [CompleteSpace E] [FiniteDimensional ℝ E] [MeasurableSpace E] [BorelSpace E] in theorem ...

Note: This linter can be disabled with `set_option linter.unusedSectionVars false`
runs/20261007-companion-priority/gaussian-sharp-concentration/reviewer.math.frozen.0.lean:152:8: warning: automatically included section variable(s) unused in theorem `_private.runs.«20261007-companion-priority».«gaussian-sharp-concentration».«reviewer.math.frozen.0».0.AutoSamplingTheory.TechnicalLemmas.Probability.GaussianLipschitzExponential.standardGaussian_density`:
  [CompleteSpace E]
consider restructuring your `variable` declarations so that the variables are not in scope or explicitly omit them:
  omit [CompleteSpace E] in theorem ...

Note: This linter can be disabled with `set_option linter.unusedSectionVars false`
Try this:
  [apply] ring_nf
  
  The `ring` tactic failed to close the goal. Use `ring_nf` to obtain a normal form.
    
  Note that `ring` works primarily in *commutative* rings. If you have a noncommutative ring, abelian group or module, consider using `noncomm_ring`, `abel` or `module` instead.
runs/20261007-companion-priority/gaussian-sharp-concentration/reviewer.math.frozen.0.lean:177:8: warning: automatically included section variable(s) unused in theorem `_private.runs.«20261007-companion-priority».«gaussian-sharp-concentration».«reviewer.math.frozen.0».0.AutoSamplingTheory.TechnicalLemmas.Probability.GaussianLipschitzExponential.standardWeight_hasFDerivAt`:
  [CompleteSpace E]
  [FiniteDimensional ℝ E]
  [MeasurableSpace E]
  [BorelSpace E]
consider restructuring your `variable` declarations so that the variables are not in scope or explicitly omit them:
  omit [CompleteSpace E] [FiniteDimensional ℝ E] [MeasurableSpace E] [BorelSpace E] in theorem ...

Note: This linter can be disabled with `set_option linter.unusedSectionVars false`
runs/20261007-companion-priority/gaussian-sharp-concentration/reviewer.math.frozen.0.lean:307:8: warning: automatically included section variable(s) unused in theorem `_private.runs.«20261007-companion-priority».«gaussian-sharp-concentration».«reviewer.math.frozen.0».0.AutoSamplingTheory.TechnicalLemmas.Probability.GaussianLipschitzExponential.norm_linear_pair_le_two`:
  [CompleteSpace E]
  [FiniteDimensional ℝ E]
  [MeasurableSpace E]
  [BorelSpace E]
consider restructuring your `variable` declarations so that the variables are not in scope or explicitly omit them:
  omit [CompleteSpace E] [FiniteDimensional ℝ E] [MeasurableSpace E] [BorelSpace E] in theorem ...

Note: This linter can be disabled with `set_option linter.unusedSectionVars false`
runs/20261007-companion-priority/gaussian-sharp-concentration/reviewer.math.frozen.0.lean:325:8: warning: automatically included section variable(s) unused in theorem `_private.runs.«20261007-companion-priority».«gaussian-sharp-concentration».«reviewer.math.frozen.0».0.AutoSamplingTheory.TechnicalLemmas.Probability.GaussianLipschitzExponential.rotX_hasDerivAt`:
  [CompleteSpace E]
  [FiniteDimensional ℝ E]
  [MeasurableSpace E]
  [BorelSpace E]
consider restructuring your `variable` declarations so that the variables are not in scope or explicitly omit them:
  omit [CompleteSpace E] [FiniteDimensional ℝ E] [MeasurableSpace E] [BorelSpace E] in theorem ...

Note: This linter can be disabled with `set_option linter.unusedSectionVars false`
runs/20261007-companion-priority/gaussian-sharp-concentration/reviewer.math.frozen.0.lean:330:8: warning: automatically included section variable(s) unused in theorem `_private.runs.«20261007-companion-priority».«gaussian-sharp-concentration».«reviewer.math.frozen.0».0.AutoSamplingTheory.TechnicalLemmas.Probability.GaussianLipschitzExponential.lipschitz_growth_bound`:
  [InnerProductSpace ℝ E]
  [CompleteSpace E]
  [FiniteDimensional ℝ E]
  [MeasurableSpace E]
  [BorelSpace E]
consider restructuring your `variable` declarations so that the variables are not in scope or explicitly omit them:
  omit [InnerProductSpace ℝ
  E] [CompleteSpace E] [FiniteDimensional ℝ E] [MeasurableSpace E] [BorelSpace E] in theorem ...

Note: This linter can be disabled with `set_option linter.unusedSectionVars false`
runs/20261007-companion-priority/gaussian-sharp-concentration/reviewer.math.frozen.0.lean:495:5: warning: Variable name `hf` is not explicitly referenced.

Hint: The binding can be removed (if unused) or named `_` (if used implicitly). Alternatively, prefix the name with `_` to silence this warning:
  [apply] _hf

Note: This linter can be disabled with `set_option linter.unusedVariables false`
runs/20261007-companion-priority/gaussian-sharp-concentration/reviewer.math.frozen.0.lean:512:8: warning: automatically included section variable(s) unused in theorem `_private.runs.«20261007-companion-priority».«gaussian-sharp-concentration».«reviewer.math.frozen.0».0.AutoSamplingTheory.TechnicalLemmas.Probability.GaussianLipschitzExponential.rotation_inverse_first`:
  [CompleteSpace E]
  [FiniteDimensional ℝ E]
  [MeasurableSpace E]
  [BorelSpace E]
consider restructuring your `variable` declarations so that the variables are not in scope or explicitly omit them:
  omit [CompleteSpace E] [FiniteDimensional ℝ E] [MeasurableSpace E] [BorelSpace E] in theorem ...

Note: This linter can be disabled with `set_option linter.unusedSectionVars false`
runs/20261007-companion-priority/gaussian-sharp-concentration/reviewer.math.frozen.0.lean:721:76: warning: Used `tac1 <;> tac2` where `(tac1; tac2)` would suffice

Note: This linter can be disabled with `set_option linter.unnecessarySeqFocus false`
runs/20261007-companion-priority/gaussian-sharp-concentration/reviewer.math.frozen.0.lean:722:26: warning: Used `tac1 <;> tac2` where `(tac1; tac2)` would suffice

Note: This linter can be disabled with `set_option linter.unnecessarySeqFocus false`
runs/20261007-companion-priority/gaussian-sharp-concentration/reviewer.math.frozen.0.lean:723:78: warning: Used `tac1 <;> tac2` where `(tac1; tac2)` would suffice

Note: This linter can be disabled with `set_option linter.unnecessarySeqFocus false`
runs/20261007-companion-priority/gaussian-sharp-concentration/reviewer.math.frozen.0.lean:724:27: warning: Used `tac1 <;> tac2` where `(tac1; tac2)` would suffice

Note: This linter can be disabled with `set_option linter.unnecessarySeqFocus false`
runs/20261007-companion-priority/gaussian-sharp-concentration/reviewer.math.frozen.0.lean:757:15: warning: This simp argument is unused:
  Pi.neg_apply

Hint: Omit it from the simp argument list.
  [apply] simp only [integral_neg] at h

Note: This linter can be disabled with `set_option linter.unusedSimpArgs false`
runs/20261007-companion-priority/gaussian-sharp-concentration/reviewer.math.frozen.0.lean:766:8: warning: automatically included section variable(s) unused in theorem `_private.runs.«20261007-companion-priority».«gaussian-sharp-concentration».«reviewer.math.frozen.0».0.AutoSamplingTheory.TechnicalLemmas.Probability.GaussianLipschitzExponential.normed_bump_convolution_lipschitz`:
  [CompleteSpace E]
consider restructuring your `variable` declarations so that the variables are not in scope or explicitly omit them:
  omit [CompleteSpace E] in theorem ...

Note: This linter can be disabled with `set_option linter.unusedSectionVars false`
runs/20261007-companion-priority/gaussian-sharp-concentration/reviewer.math.frozen.0.lean:793:8: warning: automatically included section variable(s) unused in theorem `_private.runs.«20261007-companion-priority».«gaussian-sharp-concentration».«reviewer.math.frozen.0».0.AutoSamplingTheory.TechnicalLemmas.Probability.GaussianLipschitzExponential.normed_bump_convolution_error`:
  [CompleteSpace E]
consider restructuring your `variable` declarations so that the variables are not in scope or explicitly omit them:
  omit [CompleteSpace E] in theorem ...

Note: This linter can be disabled with `set_option linter.unusedSectionVars false`
runs/20261007-companion-priority/gaussian-sharp-concentration/reviewer.math.frozen.0.lean:812:8: warning: automatically included section variable(s) unused in theorem `_private.runs.«20261007-companion-priority».«gaussian-sharp-concentration».«reviewer.math.frozen.0».0.AutoSamplingTheory.TechnicalLemmas.Probability.GaussianLipschitzExponential.smoothApprox_contDiff`:
  [CompleteSpace E]
consider restructuring your `variable` declarations so that the variables are not in scope or explicitly omit them:
  omit [CompleteSpace E] in theorem ...

Note: This linter can be disabled with `set_option linter.unusedSectionVars false`
runs/20261007-companion-priority/gaussian-sharp-concentration/reviewer.math.frozen.0.lean:827:8: warning: automatically included section variable(s) unused in theorem `_private.runs.«20261007-companion-priority».«gaussian-sharp-concentration».«reviewer.math.frozen.0».0.AutoSamplingTheory.TechnicalLemmas.Probability.GaussianLipschitzExponential.smoothApprox_tendsto`:
  [CompleteSpace E]
consider restructuring your `variable` declarations so that the variables are not in scope or explicitly omit them:
  omit [CompleteSpace E] in theorem ...

Note: This linter can be disabled with `set_option linter.unusedSectionVars false`
runs/20261007-companion-priority/gaussian-sharp-concentration/reviewer.math.frozen.0.lean:922:6: warning: Try this: 
  letI̵

The goal is a proposition, so `let` is preferred over `letI`.
The difference between `let` and `letI` is that `letI` inlines the value.
But this is not relevant for proofs because of proof irrelevance.

Note: This linter can be disabled with `set_option linter.style.haveILetI false`
