built E:\Samplinglib\_site: 12 chapters, 474 compiled local leaves, 864 modules, 4544 declarations
Traceback (most recent call last):
  File "E:\Samplinglib\website\scripts\build_site.py", line 238, in <module>
    raise SystemExit(main())
                     ^^^^^^
  File "E:\Samplinglib\website\scripts\build_site.py", line 199, in main
    underlying_lean_graph.enrich_site(output)
  File "E:\Samplinglib\website\scripts\underlying_lean_graph.py", line 238, in enrich_site
    graph = build_graph(output)
            ^^^^^^^^^^^^^^^^^^^
  File "E:\Samplinglib\website\scripts\underlying_lean_graph.py", line 53, in build_graph
    functor = cross_domain.add_to_graph(builder)
              ^^^^^^^^^^^^^^^^^^^^^^^^^^^^^^^^^^
  File "E:\Samplinglib\website\scripts\cross_domain.py", line 240, in add_to_graph
    validate_data()
  File "E:\Samplinglib\website\scripts\cross_domain.py", line 131, in validate_data
    require(set(edge['tails'] + edge['heads']) <= ids, 'Cross-domain contract invariant failed')
  File "E:\Samplinglib\website\scripts\cross_domain.py", line 49, in require
    raise ValueError(message)
ValueError: Cross-domain contract invariant failed
