AutoSamplingTheory\ExampleCases\ProximalBPS\ConditionalGradientEnergy.lean:35:2: warning: Try this: 
  letI̵

The goal is a proposition, so `let` is preferred over `letI`.
The difference between `let` and `letI` is that `letI` inlines the value.
But this is not relevant for proofs because of proof irrelevance.

Note: This linter can be disabled with `set_option linter.style.haveILetI false`
AutoSamplingTheory\ExampleCases\ProximalBPS\ConditionalGradientEnergy.lean:55:35: error(lean.unknownIdentifier): Unknown constant `Prod.swap_fst`
AutoSamplingTheory\ExampleCases\ProximalBPS\ConditionalGradientEnergy.lean:55:50: error(lean.unknownIdentifier): Unknown constant `Prod.swap_snd`
AutoSamplingTheory\ExampleCases\ProximalBPS\ConditionalGradientEnergy.lean:55:6: error: Type mismatch: After simplification, term
  integral_map_of_stronglyMeasurable measurable_swap (Continuous.stronglyMeasurable (Continuous.pow hg 2))
 has type
  @Eq ℝ (∫ (y : E × E), f (2 • y.2 - y.1) ^ 2 ∂Measure.map Prod.swap J)
    (∫ (x : E × E), f (2 • x.swap.2 - x.swap.1) ^ 2 ∂J)
but is expected to have type
  @Eq ℝ (∫ (p : E × E), f (2 • p.2 - p.1) ^ 2 ∂Measure.map Prod.swap J) (∫ (p : E × E), f (2 • p.1 - p.2) ^ 2 ∂J)
AutoSamplingTheory\ExampleCases\ProximalBPS\ConditionalGradientEnergy.lean:109:2: warning: Try this: 
  letI̵

The goal is a proposition, so `let` is preferred over `letI`.
The difference between `let` and `letI` is that `letI` inlines the value.
But this is not relevant for proofs because of proof irrelevance.

Note: This linter can be disabled with `set_option linter.style.haveILetI false`
AutoSamplingTheory\ExampleCases\ProximalBPS\ConditionalGradientEnergy.lean:110:2: warning: Try this: 
  letI̵

The goal is a proposition, so `let` is preferred over `letI`.
The difference between `let` and `letI` is that `letI` inlines the value.
But this is not relevant for proofs because of proof irrelevance.

Note: This linter can be disabled with `set_option linter.style.haveILetI false`
AutoSamplingTheory\ExampleCases\ProximalBPS\ConditionalGradientEnergy.lean:112:2: warning: Try this: 
  letI̵

The goal is a proposition, so `let` is preferred over `letI`.
The difference between `let` and `letI` is that `letI` inlines the value.
But this is not relevant for proofs because of proof irrelevance.

Note: This linter can be disabled with `set_option linter.style.haveILetI false`
AutoSamplingTheory\ExampleCases\ProximalBPS\ConditionalGradientEnergy.lean:115:2: warning: Try this: 
  letI̵

The goal is a proposition, so `let` is preferred over `letI`.
The difference between `let` and `letI` is that `letI` inlines the value.
But this is not relevant for proofs because of proof irrelevance.

Note: This linter can be disabled with `set_option linter.style.haveILetI false`
AutoSamplingTheory\ExampleCases\ProximalBPS\ConditionalGradientEnergy.lean:116:2: warning: Try this: 
  letI̵

The goal is a proposition, so `let` is preferred over `letI`.
The difference between `let` and `letI` is that `letI` inlines the value.
But this is not relevant for proofs because of proof irrelevance.

Note: This linter can be disabled with `set_option linter.style.haveILetI false`
AutoSamplingTheory\ExampleCases\ProximalBPS\ConditionalGradientEnergy.lean:174:4: warning: Used `tac1 <;> tac2` where `(tac1; tac2)` would suffice

Note: This linter can be disabled with `set_option linter.unnecessarySeqFocus false`
