{
  "cell": "ASTIS-SW-PBPS-actual-corrector-perturbation",
  "status": "graph coverage checked",
  "contributions": [
    {
      "node": "decl:AutoSamplingTheory.ExampleCases.ProximalBPS.ActualCorrectorPerturbation.actual_corrector_perturbation",
      "focus": "lean-foundations.html?view=lean&focus=decl%3AAutoSamplingTheory.ExampleCases.ProximalBPS.ActualCorrectorPerturbation.actual_corrector_perturbation&q=AutoSamplingTheory.ExampleCases.ProximalBPS.ActualCorrectorPerturbation.actual_corrector_perturbation",
      "connections": [
        {
          "source": "decl:AutoSamplingTheory.ExampleCases.ProximalBPS.ActualCorrectorPerturbation.actual_corrector_perturbation",
          "target": "semantic-audit:ASTIS-RT-20261010-PBPSActualCorrectorPerturbation",
          "relation": "Lean target under audit"
        },
        {
          "source": "module:AutoSamplingTheory.ExampleCases.ProximalBPS.ActualCorrectorPerturbation",
          "target": "decl:AutoSamplingTheory.ExampleCases.ProximalBPS.ActualCorrectorPerturbation.actual_corrector_perturbation",
          "relation": "declares"
        },
        {
          "source": "decl:AutoSamplingTheory.ExampleCases.ProximalBPS.ActualCorrectorPerturbation.actual_corrector_perturbation",
          "target": "case:ASTIS-SW-PBPS-2026",
          "relation": "source correspondence; not a Lean dependency"
        },
        {
          "source": "decl:AutoSamplingTheory.ExampleCases.ProximalBPS.ActualCorrectorChange.actual_corrector_change",
          "target": "decl:AutoSamplingTheory.ExampleCases.ProximalBPS.ActualCorrectorPerturbation.actual_corrector_perturbation",
          "relation": "source reference (scanner)"
        },
        {
          "source": "decl:AutoSamplingTheory.TechnicalLemmas.Analysis.HilbertCorrectorPerturbation.quadratic_corrector_perturbation",
          "target": "decl:AutoSamplingTheory.ExampleCases.ProximalBPS.ActualCorrectorPerturbation.actual_corrector_perturbation",
          "relation": "source reference (scanner)"
        },
        {
          "source": "decl:AutoSamplingTheory.TechnicalLemmas.Geometry.LogConcavity.LogConcaveOn.prod",
          "target": "decl:AutoSamplingTheory.ExampleCases.ProximalBPS.ActualCorrectorPerturbation.actual_corrector_perturbation",
          "relation": "source reference (scanner)"
        }
      ],
      "omitted_connections": 0
    }
  ],
  "boundary": "Reference scans are incomplete. Inspect the affected view; this report is not visual QA or a proof certificate."
}
