E:\Samplinglib\.astis\pbps-centered-defect59\independent-elab-review\positive-dsimp-zeta-false.lean:44:2: error: Tactic `generalize` failed: result is not type correct
  (have μ := ℙ.tilted fun x => -V x;
    have J := Measure.map (fun p => (p.1, p.1 + √η • p.2)) (μ.prod (stdGaussian E));
    have ν := J.snd;
    have Λ := Measure.map (fun p => (p.2, 2 • p.1 - p.2)) J;
    have F := fun p => (p.1, 2 • p.1 - p.2);
    have P := (lpMeas ℝ ℝ (MeasurableSpace.comap Prod.snd inferInstance) 2 J).subtypeL ∘SL condExpL2 ℝ ℝ ⋯;
    IsProbabilityMeasure μ ∧
      IsProbabilityMeasure J ∧
        IsProbabilityMeasure ν ∧
          ∃ S,
            IsMarkovKernel S ∧
              (∀ (y : E), S y = ℙ.tilted fun x => -V ((1 / 2) • (y + x)) - ‖y - x‖ ^ 2 / (8 * η)) ∧
                Λ.IsCondKernel S ∧
                  Λ.fst = ν ∧
                    Λ.snd = ν ∧
                      ∃ U,
                        (∀ (g : ↥(Lp ℝ 2 J)), ↑↑(U g) =ᵐ[J] ↑↑g ∘ F) ∧
                          Function.Involutive ⇑U ∧
                            IsSelfAdjoint U.toContinuousLinearMap ∧
                              ∃ M,
                                (∀ (u : ↥(Lp ℝ 2 ν)), ↑↑(M u) =ᵐ[J] ↑↑u ∘ Prod.snd) ∧
                                  ∃ T,
                                    have A := P * U.toContinuousLinearMap * P;
                                    have B := (1 - P) * U.toContinuousLinearMap * P;
                                    ∀ (u : ↥(Lp ℝ 2 ν)),
                                      P (M u) = M u ∧
                                        M (T u) = A (M u) ∧
                                          ‖T u‖ ≤ ‖u‖ ∧
                                            (↑↑(T u) =ᵐ[ν] fun y => ∫ (x : E), ↑↑u x ∂S y) ∧
                                              (∀ᵐ (y : E) ∂ν,
                                                  Integrable (↑↑u) (S y) ∧ Integrable (fun x => ↑↑u x ^ 2) (S y)) ∧
                                                Integrable
                                                    (fun y =>
                                                      TechnicalLemmas.FunctionalInequalities.Poincare.variance (S y)
                                                        ↑↑u)
                                                    ν ∧
                                                  ∫ (y : E),
                                                        TechnicalLemmas.FunctionalInequalities.Poincare.variance (S y)
                                                          ↑↑u ∂ν =
                                                      ‖B (M u)‖ ^ 2 ∧
                                                    ‖B (M u)‖ ^ 2 = ‖u‖ ^ 2 - ‖T u‖ ^ 2) →
    let μ := ℙ.tilted fun x => -V x;
    let J := Measure.map (fun p => (p.1, p.1 + √η • p.2)) (μ.prod (stdGaussian E));
    let ν := J.snd;
    ∃ T,
      IsSelfAdjoint T ∧
        ∃ q,
          T q = q ∧
            (∀ (u : ↥(Lp ℝ 2 ν)), inner ℝ q u = ∫ (y : E), ↑↑u y ∂ν) ∧
              let H0 := (↑((innerSL ℝ) q)).ker;
              ∃ T0, IsSelfAdjoint T0 ∧ (1 - T0 * T0).IsPositive

E : Type u_1
inst✝⁴ : NormedAddCommGroup E
inst✝³ : InnerProductSpace ℝ E
inst✝² : FiniteDimensional ℝ E
inst✝¹ : MeasurableSpace E
inst✝ : BorelSpace E
V : E → ℝ
α β : ℝ≥0
η : ℝ
hα : 0 < ↑α
hαβ : α ≤ β
hV : ContDiff ℝ 2 V
hH : ∀ (x v : E), ↑α * ‖v‖ ^ 2 ≤ ((fderiv ℝ (fderiv ℝ V) x) v) v ∧ ((fderiv ℝ (fderiv ℝ V) x) v) v ≤ ↑β * ‖v‖ ^ 2
hη : 0 < η
hβη : ↑β * η ≤ 1
μ : Measure E := ℙ.tilted fun x => -V x
J : Measure (E × E) := Measure.map (fun p => (p.1, p.1 + √η • p.2)) (μ.prod (stdGaussian E))
ν : Measure E := J.snd
Λ : Measure (E × E) := Measure.map (fun p => (p.2, 2 • p.1 - p.2)) J
P : ↥(Lp ℝ 2 J) →L[ℝ] ↥(Lp ℝ 2 J) :=
  (lpMeas ℝ ℝ (MeasurableSpace.comap Prod.snd inferInstance) 2 J).subtypeL ∘SL condExpL2 ℝ ℝ ⋯
⊢ let μ := ℙ.tilted fun x => -V x;
  let J := Measure.map (fun p => (p.1, p.1 + √η • p.2)) (μ.prod (stdGaussian E));
  let ν := J.snd;
  ∃ T,
    IsSelfAdjoint T ∧
      ∃ q,
        T q = q ∧
          (∀ (u : ↥(Lp ℝ 2 ν)), inner ℝ q u = ∫ (y : E), ↑↑u y ∂ν) ∧
            let H0 := (↑((innerSL ℝ) q)).ker;
            ∃ T0, IsSelfAdjoint T0 ∧ (1 - T0 * T0).IsPositive
E:\Samplinglib\.astis\pbps-centered-defect59\independent-elab-review\positive-dsimp-zeta-false.lean:12:0: error: (kernel) declaration has free variables 'AutoSamplingTheory.ExampleCases.ProximalBPS.CenteredDefectOperator._example', expression: 
  ∀ {E : Type u_1} [inst : NormedAddCommGroup E] [inst_1 : InnerProductSpace ℝ E] [inst_2 : FiniteDimensional ℝ E]
    [inst_3 : MeasurableSpace E] [inst_4 : BorelSpace E] {V : E → ℝ} {α β : NNReal} {η : ℝ},
    0 < ↑α →
      α ≤ β →
        ContDiff ℝ 2 V →
          (∀ (x v : E),
              ↑α * ‖v‖ ^ 2 ≤ ((fderiv ℝ (fderiv ℝ V) x) v) v ∧ ((fderiv ℝ (fderiv ℝ V) x) v) v ≤ ↑β * ‖v‖ ^ 2) →
            0 < η →
              ↑β * η ≤ 1 →
                let μ := volume.tilted fun x => -V x;
                let J := Measure.map (fun p => (p.1, p.1 + √η • p.2)) (μ.prod (stdGaussian E));
                let ν := J.snd;
                let Λ := Measure.map (fun p => (p.2, 2 • p.1 - p.2)) J;
                let F := fun p => (p.1, 2 • p.1 - p.2);
                let P := (lpMeas ℝ ℝ (MeasurableSpace.comap Prod.snd inferInstance) 2 J).subtypeL ∘SL condExpL2 ℝ ℝ ⋯;
                ∃ T,
                  IsSelfAdjoint T ∧
                    ∃ q,
                      T q = q ∧
                        (∀ (u : ↥(Lp ℝ 2 ν)), inner ℝ q u = ∫ (y : E), ↑↑u y ∂ν) ∧
                          let H0 := (↑((innerSL ℝ) q)).ker;
                          ∃ T0, IsSelfAdjoint T0 ∧ (1 - T0 * T0).IsPositive
