AutoSamplingTheory/TechnicalLemmas/FunctionalInequalities/GaussianLogSobolev.lean:177:10: error: Tactic `rewrite` failed: Did not find an occurrence of the pattern
  gradient (fun y => radialSmoothCutoff (↑n + 1) y * f y) x
in the target expression
  ‖gradient f x‖ ^ 2 = ((fun x => ‖gradient (fun x => radialSmoothCutoff (↑n + 1) x * f x) x‖) ^ 2) x

E : Type u_1
inst✝⁵ : NormedAddCommGroup E
inst✝⁴ : InnerProductSpace ℝ E
inst✝³ : CompleteSpace E
inst✝² : FiniteDimensional ℝ E
inst✝¹ : MeasurableSpace E
inst✝ : BorelSpace E
μ : Measure E
f : E → ℝ
hf : ContDiff ℝ 2 f
hf2 : MemLp f 2 μ
hgrad2 : MemLp (gradient f) 2 μ
hp : Integrable (fun x => f x ^ 2 * Real.log (f x ^ 2)) μ
χ : ℕ → E → ℝ := fun n => radialSmoothCutoff (↑n + 1)
fn : ℕ → E → ℝ := fun n x => χ n x * f x
hfn : ∀ (n : ℕ), ContDiff ℝ 2 (fn n)
hχb : ∀ (n : ℕ) (x : E), radialSmoothCutoff (↑n + 1) x ∈ Set.Icc 0 1
hft : ∀ (x : E), Tendsto (fun n => fn n x) atTop (𝓝 (f x))
im : Integrable (fun x => f x ^ 2) μ
ie : Integrable (fun x => ‖gradient f x‖ ^ 2) μ
hm : Tendsto (fun n => ∫ (x : E), fn n x ^ 2 ∂μ) atTop (𝓝 (∫ (x : E), f x ^ 2 ∂μ))
hphi :
  Tendsto (fun n => ∫ (x : E), fn n x ^ 2 * Real.log (fn n x ^ 2) ∂μ) atTop
    (𝓝 (∫ (x : E), f x ^ 2 * Real.log (f x ^ 2) ∂μ))
C : ℝ
hC : 0 < C
hCb : ∀ (R : ℝ), 0 < R → ∀ (x : E), ‖fderiv ℝ (radialSmoothCutoff R) x‖ ≤ C / R
x : E
n : ℕ
hn : gradient (fun y => radialSmoothCutoff (↑n + 1) y * f y) x = gradient f x
⊢ ‖gradient f x‖ ^ 2 = ((fun x => ‖gradient (fun x => radialSmoothCutoff (↑n + 1) x * f x) x‖) ^ 2) x
