AutoSamplingTheory/TechnicalLemmas/FunctionalInequalities/GaussianLogSobolev.lean:55:8: warning: automatically included section variable(s) unused in theorem `_private.AutoSamplingTheory.TechnicalLemmas.FunctionalInequalities.GaussianLogSobolev.0.AutoSamplingTheory.TechnicalLemmas.FunctionalInequalities.GaussianLogSobolev.cutoff_energy_bound`:
  [FiniteDimensional ℝ E]
  [MeasurableSpace E]
  [BorelSpace E]
consider restructuring your `variable` declarations so that the variables are not in scope or explicitly omit them:
  omit [FiniteDimensional ℝ E] [MeasurableSpace E] [BorelSpace E] in theorem ...

Note: This linter can be disabled with `set_option linter.unusedSectionVars false`
AutoSamplingTheory/TechnicalLemmas/FunctionalInequalities/GaussianLogSobolev.lean:86:8: warning: automatically included section variable(s) unused in theorem `_private.AutoSamplingTheory.TechnicalLemmas.FunctionalInequalities.GaussianLogSobolev.0.AutoSamplingTheory.TechnicalLemmas.FunctionalInequalities.GaussianLogSobolev.cutoff_gradient_eventually_eq`:
  [FiniteDimensional ℝ E]
  [MeasurableSpace E]
  [BorelSpace E]
consider restructuring your `variable` declarations so that the variables are not in scope or explicitly omit them:
  omit [FiniteDimensional ℝ E] [MeasurableSpace E] [BorelSpace E] in theorem ...

Note: This linter can be disabled with `set_option linter.unusedSectionVars false`
AutoSamplingTheory/TechnicalLemmas/FunctionalInequalities/GaussianLogSobolev.lean:119:10: error: `simp` made no progress
AutoSamplingTheory/TechnicalLemmas/FunctionalInequalities/GaussianLogSobolev.lean:153:6: error: Type mismatch: After simplification, term
  entropy_dilation_bound ha (sq_nonneg (f x))
 has type
  |χ n x ^ 2 * f x ^ 2 * Real.log (χ n x ^ 2 * f x ^ 2)| ≤ |f x ^ 2 * Real.log (f x ^ 2)| + f x ^ 2
but is expected to have type
  |((fun x => χ n x * f x) ^ 2) x * Real.log (((fun x => χ n x * f x) ^ 2) x)| ≤
    |f x ^ 2 * Real.log (f x ^ 2)| + f x ^ 2
AutoSamplingTheory/TechnicalLemmas/FunctionalInequalities/GaussianLogSobolev.lean:167:41: error: not a positivity goal
AutoSamplingTheory/TechnicalLemmas/FunctionalInequalities/GaussianLogSobolev.lean:173:6: error: `simp` made no progress
