{
  "status": "VERIFIED",
  "verified_commit": "13556ea0eccd0069b83e7f7cb452a4ac7d7105ea",
  "receipt": {
    "path": "runs/20261007-companion-priority/gaussian-noncompact-lsi/verified.json",
    "raw_sha256": "9f13635c21f1c9c1f41e3fcff53c3c1e5f5b7a301ec9ec328791a54290717853",
    "lf_sha256": "9f13635c21f1c9c1f41e3fcff53c3c1e5f5b7a301ec9ec328791a54290717853",
    "bytes": 25176
  },
  "counts": {
    "publication": 205,
    "semantic_audits": 271,
    "frontier_cells": 268,
    "contributor_declarations": 88,
    "contributor_cells": 84
  },
  "git_inputs": 616,
  "canonical_fake_files": 893,
  "fake_hits": 0,
  "all_leases": "CLOSED"
}
