∀ {E : Type u_1} [inst : NormedAddCommGroup E] [inst_1 : InnerProductSpace ℝ E] [inst_2 : CompleteSpace E]
  [inst_3 : FiniteDimensional ℝ E] [inst_4 : MeasurableSpace E] [BorelSpace E] (f : E → ℝ),
  ContDiff ℝ 2 f →
    MemLp f 2 (stdGaussian E) →
      MemLp (gradient f) 2 (stdGaussian E) →
        Integrable (fun x => f x ^ 2 * Real.log (f x ^ 2)) (stdGaussian E) →
          let γ := stdGaussian E;
          ∫ (x : E), f x ^ 2 * Real.log (f x ^ 2) ∂γ - (∫ (x : E), f x ^ 2 ∂γ) * Real.log (∫ (x : E), f x ^ 2 ∂γ) ≤
            2 * ∫ (x : E), ‖gradient f x‖ ^ 2 ∂γ : Prop
runs\20261007-companion-priority\gaussian-noncompact-lsi-preproof42\StatementProbe.lean:6:17: warning: Variable name `hf` is not explicitly referenced.

Hint: The binding can be removed (if unused) or named `_` (if used implicitly). Alternatively, prefix the name with `_` to silence this warning:
  [apply] _hf

Note: This linter can be disabled with `set_option linter.unusedVariables false`
runs\20261007-companion-priority\gaussian-noncompact-lsi-preproof42\StatementProbe.lean:7:5: warning: Variable name `hf2` is not explicitly referenced.

Hint: The binding can be removed (if unused) or named `_` (if used implicitly). Alternatively, prefix the name with `_` to silence this warning:
  [apply] _hf2

Note: This linter can be disabled with `set_option linter.unusedVariables false`
runs\20261007-companion-priority\gaussian-noncompact-lsi-preproof42\StatementProbe.lean:8:5: warning: Variable name `hgrad2` is not explicitly referenced.

Hint: The binding can be removed (if unused) or named `_` (if used implicitly). Alternatively, prefix the name with `_` to silence this warning:
  [apply] _hgrad2

Note: This linter can be disabled with `set_option linter.unusedVariables false`
runs\20261007-companion-priority\gaussian-noncompact-lsi-preproof42\StatementProbe.lean:9:5: warning: Variable name `hentropy` is not explicitly referenced.

Hint: The binding can be removed (if unused) or named `_` (if used implicitly). Alternatively, prefix the name with `_` to silence this warning:
  [apply] _hentropy

Note: This linter can be disabled with `set_option linter.unusedVariables false`
