AutoSamplingTheory/TechnicalLemmas/Measure/L2RealSquareRoot.lean:83:2: error: 'change' tactic failed, pattern
  (inner ℂ ((conjugate μ) (A ((conjugate μ) g))) g).im = 0 ∧ 0 ≤ (inner ℂ ((conjugate μ) (A ((conjugate μ) g))) g).re
is not definitionally equal to target
  ↑(RCLike.re (inner ℂ ((conjugateOperator μ A) g) g)) = inner ℂ ((conjugateOperator μ A) g) g ∧
    0 ≤ RCLike.re (inner ℂ ((conjugateOperator μ A) g) g)
AutoSamplingTheory/TechnicalLemmas/Measure/L2RealSquareRoot.lean:98:2: warning: Try this: 
  letI̵

The goal is a proposition, so `let` is preferred over `letI`.
The difference between `let` and `letI` is that `letI` inlines the value.
But this is not relevant for proofs because of proof irrelevance.

Note: This linter can be disabled with `set_option linter.style.haveILetI false`
AutoSamplingTheory/TechnicalLemmas/Measure/L2RealSquareRoot.lean:100:2: warning: Try this: 
  letI̵

The goal is a proposition, so `let` is preferred over `letI`.
The difference between `let` and `letI` is that `letI` inlines the value.
But this is not relevant for proofs because of proof irrelevance.

Note: This linter can be disabled with `set_option linter.style.haveILetI false`
AutoSamplingTheory/TechnicalLemmas/Measure/L2RealSquareRoot.lean:103:2: warning: Try this: 
  letI̵

The goal is a proposition, so `let` is preferred over `letI`.
The difference between `let` and `letI` is that `letI` inlines the value.
But this is not relevant for proofs because of proof irrelevance.

Note: This linter can be disabled with `set_option linter.style.haveILetI false`
AutoSamplingTheory/TechnicalLemmas/Measure/L2RealSquareRoot.lean:116:4: error: 'change' tactic failed, pattern
  (conjugate μ) (Rc ((conjugate μ) ((conjugate μ) (Rc ((conjugate μ) g))))) = Dc g
is not definitionally equal to target
  ↑↑((conjugateOperator μ Rc * conjugateOperator μ Rc) g) =ᵐ[μ] ↑↑(Dc g)
AutoSamplingTheory/TechnicalLemmas/Measure/L2RealSquareRoot.lean:142:4: error: Tactic `apply` failed: could not unify the conclusion of `hinj`
  ?a₁ = ?a₂
with the goal
  ↑↑((Γ * Γ) u) =ᵐ[μ] ↑↑(D u)

Note: The full type of `hinj` is
  Function.Injective ⇑(embed μ)

Ω : Type u_2
inst✝ : MeasurableSpace Ω
μ : Measure Ω
D : ↥(Lp ℝ 2 μ) →L[ℝ] ↥(Lp ℝ 2 μ)
hD : D.IsPositive
this✝¹ : NonUnitalClosedEmbeddingContinuousFunctionalCalculus ℂ (↥(Lp ℂ 2 μ) →L[ℂ] ↥(Lp ℂ 2 μ)) IsStarNormal := ⋯
this✝ : NonUnitalContinuousFunctionalCalculus ℂ (↥(Lp ℂ 2 μ) →L[ℂ] ↥(Lp ℂ 2 μ)) IsStarNormal := ⋯
this : NonUnitalContinuousFunctionalCalculus ℝ (↥(Lp ℂ 2 μ) →L[ℂ] ↥(Lp ℂ 2 μ)) IsSelfAdjoint := ⋯
hnorm : ∀ (u : ↥(Lp ℝ 2 μ)), ‖(ContinuousLinearMap.compLpL 2 μ Complex.ofRealCLM) u‖ = ‖u‖
hfixed :
  ∀ (g : ↥(Lp ℂ 2 μ)),
    (ContinuousLinearMap.compLpL 2 μ ↑Complex.conjCLE) g = g ↔
      ∃ u, (ContinuousLinearMap.compLpL 2 μ Complex.ofRealCLM) u = g
Dc : ↥(Lp ℂ 2 μ) →L[ℂ] ↥(Lp ℂ 2 μ)
hDc : Dc.IsPositive
hformula :
  ∀ (g : ↥(Lp ℂ 2 μ)),
    Dc g =
      (ContinuousLinearMap.compLpL 2 μ Complex.ofRealCLM) (D ((ContinuousLinearMap.compLpL 2 μ Complex.reCLM) g)) +
        Complex.I •
          (ContinuousLinearMap.compLpL 2 μ Complex.ofRealCLM) (D ((ContinuousLinearMap.compLpL 2 μ Complex.imCLM) g))
hintertwine :
  ∀ (u : ↥(Lp ℝ 2 μ)),
    Dc ((ContinuousLinearMap.compLpL 2 μ Complex.ofRealCLM) u) =
      (ContinuousLinearMap.compLpL 2 μ Complex.ofRealCLM) (D u)
hconj :
  ∀ (g : ↥(Lp ℂ 2 μ)),
    (ContinuousLinearMap.compLpL 2 μ ↑Complex.conjCLE) (Dc g) =
      Dc ((ContinuousLinearMap.compLpL 2 μ ↑Complex.conjCLE) g)
Rc : ↥(Lp ℂ 2 μ) →L[ℂ] ↥(Lp ℂ 2 μ) := ⋯
hDcNonneg : 0 ≤ Dc
hRcNonneg : 0 ≤ Rc
hRc : Rc.IsPositive
hRcSq : Rc * Rc = Dc
hKSq : conjugateOperator μ Rc * conjugateOperator μ Rc = Dc
hKNonneg : 0 ≤ conjugateOperator μ Rc
hK : conjugateOperator μ Rc = Rc
hrootConj : ∀ (g : ↥(Lp ℂ 2 μ)), (conjugate μ) (Rc g) = Rc ((conjugate μ) g)
Γ : ↥(Lp ℝ 2 μ) →L[ℝ] ↥(Lp ℝ 2 μ) := ⋯
hbridge : ∀ (u : ↥(Lp ℝ 2 μ)), (embed μ) (Γ u) = Rc ((embed μ) u)
hinj : Function.Injective ⇑(embed μ)
u : ↥(Lp ℝ 2 μ)
⊢ ↑↑((Γ * Γ) u) =ᵐ[μ] ↑↑(D u)
AutoSamplingTheory/TechnicalLemmas/Measure/L2RealSquareRoot.lean:157:6: error: Type mismatch: After simplification, term
  hh
 has type
  @LE.le ℝ Real.instLE 0 (inner ℝ (Γ u) u)
but is expected to have type
  @LE.le ℝ Real.instLE 0 (Γ.reApplyInnerSelf u)
'AutoSamplingTheory.TechnicalLemmas.Measure.L2RealSquareRoot.exists_positive_real_square_root' depends on axioms: [propext,
 sorryAx,
 Classical.choice,
 Quot.sound]
