∀ {E : Type u_1} {S : Type u_2} [inst : NormedAddCommGroup E] [inst_1 : InnerProductSpace ℝ E]
  [inst_2 : CompleteSpace E] [inst_3 : FiniteDimensional ℝ E] [inst_4 : MeasurableSpace E] [inst_5 : BorelSpace E]
  [inst_6 : MeasurableSpace S] {V : E → ℝ} {κ : ℝ},
  1 ≤ κ →
    ContDiff ℝ 2 V →
      (∀ (x v : E), κ⁻¹ * ‖v‖ ^ 2 ≤ ((fderiv ℝ (fderiv ℝ V) x) v) v ∧ ((fderiv ℝ (fderiv ℝ V) x) v) v ≤ ‖v‖ ^ 2) →
        ∀ {eta : S → ℝ} {y : S → E},
          Measurable eta →
            Measurable y →
              (∀ (s : S), 0 < eta s) →
                ∃ p,
                  Measurable p ∧
                    (∀ (s : S), p s + eta s • gradient V (p s) = y s) ∧
                      (∀ (s : S) (z : E), z + eta s • gradient V z = y s → z = p s) ∧
                        let rho := fun s u => V (p s + √(eta s) • u) - V (p s) - √(eta s) * ⟪gradient V (p s), u⟫;
                        let mu := ℙ.tilted fun x => -V x;
                        let R := fun s => mu.tilted fun x => -‖x - y s‖ ^ 2 / (2 * eta s);
                        let r := fun s => Measure.map (fun x => (√(eta s))⁻¹ • (x - p s)) (R s);
                        let gamma := stdGaussian E;
                        ∀ (s : S),
                          IsProbabilityMeasure (r s) ∧
                            r s ≪ gamma ∧
                              InformationTheory.klDiv (r s) gamma ≠ ⊤ ∧
                                MemLp (gradient (rho s)) 2 (r s) ∧
                                  (InformationTheory.klDiv (r s) gamma).toReal ≤
                                    1 / 2 * ∫ (u : E), ‖gradient (rho s) u‖ ^ 2 ∂r s : Prop
.astis/kl-fisher43/StatementProbe.lean:12:5: warning: Variable name `hκ` is not explicitly referenced.

Hint: The binding can be removed (if unused) or named `_` (if used implicitly). Alternatively, prefix the name with `_` to silence this warning:
  [apply] _hκ

Note: This linter can be disabled with `set_option linter.unusedVariables false`
.astis/kl-fisher43/StatementProbe.lean:12:18: warning: Variable name `hV` is not explicitly referenced.

Hint: The binding can be removed (if unused) or named `_` (if used implicitly). Alternatively, prefix the name with `_` to silence this warning:
  [apply] _hV

Note: This linter can be disabled with `set_option linter.unusedVariables false`
.astis/kl-fisher43/StatementProbe.lean:13:5: warning: Variable name `hH` is not explicitly referenced.

Hint: The binding can be removed (if unused) or named `_` (if used implicitly). Alternatively, prefix the name with `_` to silence this warning:
  [apply] _hH

Note: This linter can be disabled with `set_option linter.unusedVariables false`
.astis/kl-fisher43/StatementProbe.lean:15:31: warning: Variable name `heta` is not explicitly referenced.

Hint: The binding can be removed (if unused) or named `_` (if used implicitly). Alternatively, prefix the name with `_` to silence this warning:
  [apply] _heta

Note: This linter can be disabled with `set_option linter.unusedVariables false`
.astis/kl-fisher43/StatementProbe.lean:15:55: warning: Variable name `hy` is not explicitly referenced.

Hint: The binding can be removed (if unused) or named `_` (if used implicitly). Alternatively, prefix the name with `_` to silence this warning:
  [apply] _hy

Note: This linter can be disabled with `set_option linter.unusedVariables false`
.astis/kl-fisher43/StatementProbe.lean:16:5: warning: Variable name `hpos` is not explicitly referenced.

Hint: The binding can be removed (if unused) or named `_` (if used implicitly). Alternatively, prefix the name with `_` to silence this warning:
  [apply] _hpos

Note: This linter can be disabled with `set_option linter.unusedVariables false`
