⚠ [2392/2392] Built AutoSamplingTheory.TechnicalLemmas.Analysis.HilbertCorrectorPerturbation (7.7s)
warning: AutoSamplingTheory/TechnicalLemmas/Analysis/HilbertCorrectorPerturbation.lean:29:16: `ContinuousLinearMap.mul_apply` has been deprecated: Use `mul_apply_eq_comp` instead

Note: The updated constant is in a different namespace. Dot notation may need to be changed (e.g., from `x.mul_apply` to `mul_apply_eq_comp x`).
warning: AutoSamplingTheory/TechnicalLemmas/Analysis/HilbertCorrectorPerturbation.lean:29:46: `ContinuousLinearMap.one_apply` has been deprecated: Use `one_apply_eq_self` instead

Note: The updated constant is in a different namespace. Dot notation may need to be changed (e.g., from `x.one_apply` to `one_apply_eq_self x`).
warning: AutoSamplingTheory/TechnicalLemmas/Analysis/HilbertCorrectorPerturbation.lean:32:16: `ContinuousLinearMap.add_apply` has been deprecated: Use `add_apply` instead

Note: The updated constant is in a different namespace. Dot notation may need to be changed (e.g., from `x.add_apply` to `add_apply x`).
warning: AutoSamplingTheory/TechnicalLemmas/Analysis/HilbertCorrectorPerturbation.lean:32:46: `ContinuousLinearMap.mul_apply` has been deprecated: Use `mul_apply_eq_comp` instead

Note: The updated constant is in a different namespace. Dot notation may need to be changed (e.g., from `x.mul_apply` to `mul_apply_eq_comp x`).
warning: AutoSamplingTheory/TechnicalLemmas/Analysis/HilbertCorrectorPerturbation.lean:33:6: `ContinuousLinearMap.one_apply` has been deprecated: Use `one_apply_eq_self` instead

Note: The updated constant is in a different namespace. Dot notation may need to be changed (e.g., from `x.one_apply` to `one_apply_eq_self x`).
warning: AutoSamplingTheory/TechnicalLemmas/Analysis/HilbertCorrectorPerturbation.lean:14:32: Variable name `hAInv` is not explicitly referenced.

Hint: The binding can be removed (if unused) or named `_` (if used implicitly). Alternatively, prefix the name with `_` to silence this warning:
  [apply] _hAInv

Note: This linter can be disabled with `set_option linter.unusedVariables false`
warning: AutoSamplingTheory/TechnicalLemmas/Analysis/HilbertCorrectorPerturbation.lean:15:27: Variable name `hGInv` is not explicitly referenced.

Hint: The binding can be removed (if unused) or named `_` (if used implicitly). Alternatively, prefix the name with `_` to silence this warning:
  [apply] _hGInv

Note: This linter can be disabled with `set_option linter.unusedVariables false`
info: AutoSamplingTheory/TechnicalLemmas/Analysis/HilbertCorrectorPerturbation.lean:54:0: 'AutoSamplingTheory.TechnicalLemmas.Analysis.HilbertCorrectorPerturbation.quadratic_corrector_perturbation' depends on axioms: [propext,
 Classical.choice,
 Quot.sound]
Build completed successfully (2392 jobs).
