wrote docs\mathlib_ready_leaf_protocol.md
wrote research-wiki\lemma-dags\README.md
wrote research-wiki\lemma-dags\SDE_Sampling_skill_tree.md
wrote research-wiki\lemma-dags\SALD_weak_fp_leaf_dag.md
wrote research-wiki\lemma-dags\Pro_assimilated_leaf_targets.md
wrote docs\assets\sampling_lemma_dag.mmd
wrote docs\assets\sampling_sde_leaf_network.svg
wrote agent-briefs\mathlib_ready_leaf_packet.md
wrote docs\mathlib_ready_leaf_reviewer_checklist.md
wrote agent-briefs\mathlib_ready_leaf_reviewer_checklist.md
wrote research-wiki\lemma-dags\log_concave_sampling_foundation.md
wrote docs\assets\log_concave_sampling_foundation.mmd
wrote docs\assets\log_concave_sampling_foundation.svg
wrote docs\assets\log_concave_sampling_status.mmd
wrote docs\assets\log_concave_sampling_status.svg
wrote research-wiki\sampling-sde-library\log_concave_sampling_overview.md
wrote agent-briefs\log_concave_sampling_6h_execution_pack.md
warning: could not render PNG preview with C:\WINDOWS\system32\convert.EXE: Invalid Parameter - E:\Samplinglib\docs\assets\log_concave_sampling_foundation.png
warning: could not render PNG preview with C:\WINDOWS\system32\convert.EXE: Invalid Parameter - E:\Samplinglib\docs\assets\log_concave_sampling_status.png
wrote research-wiki\sampling-sde-library\roadmap\log_concave_sampling_to_lean_tree.md
wrote research-wiki\retrieval-index\log-concave-sampling-to-lean-tree.json
wrote research-wiki\retrieval-index\ASTIS-CHEWI-001.json
warning: could not render PNG preview with C:\WINDOWS\system32\convert.EXE: Invalid Parameter - E:\Samplinglib\docs\assets\sampling_sde_leaf_network.png
wrote research-wiki\technical-lemmas\README.md
wrote research-wiki\technical-lemma-memory\README.md
wrote research-wiki\technical-lemmas\mathlib_ready_leaf_template.md
wrote research-wiki\technical-lemma-memory\mathlib_ready_leaf_template.md
wrote research-wiki\technical-lemmas\hidden_regularities.md
wrote research-wiki\technical-lemma-memory\hidden_regularities.md
wrote research-wiki\retrieval-index\mathlib-ready-leaf-protocol.json
lemma-dag-refresh wrote:
- docs\mathlib_ready_leaf_protocol.md
- research-wiki\lemma-dags\README.md
- research-wiki\lemma-dags\SDE_Sampling_skill_tree.md
- research-wiki\lemma-dags\SALD_weak_fp_leaf_dag.md
- research-wiki\lemma-dags\Pro_assimilated_leaf_targets.md
- docs\assets\sampling_lemma_dag.mmd
- docs\assets\sampling_sde_leaf_network.svg
- agent-briefs\mathlib_ready_leaf_packet.md
- docs\mathlib_ready_leaf_reviewer_checklist.md
- agent-briefs\mathlib_ready_leaf_reviewer_checklist.md
- research-wiki\lemma-dags\log_concave_sampling_foundation.md
- docs\assets\log_concave_sampling_foundation.mmd
- docs\assets\log_concave_sampling_foundation.svg
- docs\assets\log_concave_sampling_status.mmd
- docs\assets\log_concave_sampling_status.svg
- research-wiki\sampling-sde-library\log_concave_sampling_overview.md
- agent-briefs\log_concave_sampling_6h_execution_pack.md
- research-wiki\sampling-sde-library\roadmap\log_concave_sampling_to_lean_tree.md
- research-wiki\retrieval-index\log-concave-sampling-to-lean-tree.json
- research-wiki\retrieval-index\ASTIS-CHEWI-001.json
- research-wiki\technical-lemmas\README.md
- research-wiki\technical-lemma-memory\README.md
- research-wiki\technical-lemmas\mathlib_ready_leaf_template.md
- research-wiki\technical-lemma-memory\mathlib_ready_leaf_template.md
- research-wiki\technical-lemmas\hidden_regularities.md
- research-wiki\technical-lemma-memory\hidden_regularities.md
- research-wiki\retrieval-index\mathlib-ready-leaf-protocol.json
