{
  "cell": "ASTIS-SW-SPHMC-standardized-rgo-kl-dimension",
  "targets": [
    {
      "declaration": "AutoSamplingTheory.ExampleCases.SmoothedPicardHMC.StandardizedRGOKLDimension.standardized_rgo_unique_prox_and_kl_le_dimension",
      "source_item": "standardized-rgo-kl-dimension",
      "lesson": "authored",
      "audit_id": "ASTIS-RT-20261007-StandardizedRGOKLDimension",
      "audit_state": "accepted",
      "publication_binding_sha256": "189a8c78f56ceffebd0220579ddbf8151909bd5a8c2bab4e0c19d1c7e9cd08e2",
      "remaining_boundary": "Authored sufficient actual standardizedRGO numerical canonical KL<=eta²finrank/2 intermediate for SPHMC FIRST4.6. Literal normalized globally C2/Hessian source assumptions, all positive eta and explicitly authored measurable-family/rank0 extension. Unique measurable actual prox, probability/AC/finitecanonicalKL and true smoothrho gradientL2 internally produced. Choose43p, internally use43uniqueness with31stationarity, transport every rho/Q/r output before numeric Fisher composition. No new positionmoment proof, no caller coherence/domain/law/numericbound certificate. GaussianT2/W2/FIRST4.6, fullsamplers/main/realcost/composition/reader/main/live/PURIFIED remain separate. Actual focused3827PASS; independent wholeproof/blind/source/exactcommit/shared admission pending."
    }
  ],
  "graph_check": "python3 tools/astis_publication.py graph-check --cell ASTIS-SW-SPHMC-standardized-rgo-kl-dimension",
  "missing": [],
  "next": [
    "Run the smallest focused Lean test.",
    "Reuse unchanged source/lesson/audit records; never reuse a stale binding.",
    "For a new/changed theorem, use astis-semantic-roundtrip: anonymous decoder → independent anti-anchored source review → separate repair review if needed.",
    "Run tools/astis_publication.py check --base <base commit> before stabilization."
  ],
  "boundary": "This coordinator packet is NOT decoder input. It deliberately contains source identity."
}
