E:\Samplinglib\runs\20261007-companion-priority\pbps-sharp-energy-preproof68\independent-header-math68\header-elaboration.lean:12:23: warning: Variable name `hK` is not explicitly referenced.

Hint: The binding can be removed (if unused) or named `_` (if used implicitly). Alternatively, prefix the name with `_` to silence this warning:
  [apply] _hK

Note: This linter can be disabled with `set_option linter.unusedVariables false`
E:\Samplinglib\runs\20261007-companion-priority\pbps-sharp-energy-preproof68\independent-header-math68\header-elaboration.lean:12:46: warning: Variable name `hD` is not explicitly referenced.

Hint: The binding can be removed (if unused) or named `_` (if used implicitly). Alternatively, prefix the name with `_` to silence this warning:
  [apply] _hD

Note: This linter can be disabled with `set_option linter.unusedVariables false`
E:\Samplinglib\runs\20261007-companion-priority\pbps-sharp-energy-preproof68\independent-header-math68\header-elaboration.lean:13:5: warning: Variable name `hSquare` is not explicitly referenced.

Hint: The binding can be removed (if unused) or named `_` (if used implicitly). Alternatively, prefix the name with `_` to silence this warning:
  [apply] _hSquare

Note: This linter can be disabled with `set_option linter.unusedVariables false`
E:\Samplinglib\runs\20261007-companion-priority\pbps-sharp-energy-preproof68\independent-header-math68\header-elaboration.lean:14:13: warning: Variable name `hc` is not explicitly referenced.

Hint: The binding can be removed (if unused) or named `_` (if used implicitly). Alternatively, prefix the name with `_` to silence this warning:
  [apply] _hc

Note: This linter can be disabled with `set_option linter.unusedVariables false`
E:\Samplinglib\runs\20261007-companion-priority\pbps-sharp-energy-preproof68\independent-header-math68\header-elaboration.lean:14:26: warning: Variable name `hNorm` is not explicitly referenced.

Hint: The binding can be removed (if unused) or named `_` (if used implicitly). Alternatively, prefix the name with `_` to silence this warning:
  [apply] _hNorm

Note: This linter can be disabled with `set_option linter.unusedVariables false`
E:\Samplinglib\runs\20261007-companion-priority\pbps-sharp-energy-preproof68\independent-header-math68\header-elaboration.lean:23:5: warning: Variable name `hα` is not explicitly referenced.

Hint: The binding can be removed (if unused) or named `_` (if used implicitly). Alternatively, prefix the name with `_` to silence this warning:
  [apply] _hα

Note: This linter can be disabled with `set_option linter.unusedVariables false`
E:\Samplinglib\runs\20261007-companion-priority\pbps-sharp-energy-preproof68\independent-header-math68\header-elaboration.lean:23:24: warning: Variable name `hαβ` is not explicitly referenced.

Hint: The binding can be removed (if unused) or named `_` (if used implicitly). Alternatively, prefix the name with `_` to silence this warning:
  [apply] _hαβ

Note: This linter can be disabled with `set_option linter.unusedVariables false`
E:\Samplinglib\runs\20261007-companion-priority\pbps-sharp-energy-preproof68\independent-header-math68\header-elaboration.lean:23:38: warning: Variable name `hV` is not explicitly referenced.

Hint: The binding can be removed (if unused) or named `_` (if used implicitly). Alternatively, prefix the name with `_` to silence this warning:
  [apply] _hV

Note: This linter can be disabled with `set_option linter.unusedVariables false`
E:\Samplinglib\runs\20261007-companion-priority\pbps-sharp-energy-preproof68\independent-header-math68\header-elaboration.lean:24:5: warning: Variable name `hH` is not explicitly referenced.

Hint: The binding can be removed (if unused) or named `_` (if used implicitly). Alternatively, prefix the name with `_` to silence this warning:
  [apply] _hH

Note: This linter can be disabled with `set_option linter.unusedVariables false`
E:\Samplinglib\runs\20261007-companion-priority\pbps-sharp-energy-preproof68\independent-header-math68\header-elaboration.lean:27:5: warning: Variable name `hη` is not explicitly referenced.

Hint: The binding can be removed (if unused) or named `_` (if used implicitly). Alternatively, prefix the name with `_` to silence this warning:
  [apply] _hη

Note: This linter can be disabled with `set_option linter.unusedVariables false`
E:\Samplinglib\runs\20261007-companion-priority\pbps-sharp-energy-preproof68\independent-header-math68\header-elaboration.lean:27:18: warning: Variable name `hβη` is not explicitly referenced.

Hint: The binding can be removed (if unused) or named `_` (if used implicitly). Alternatively, prefix the name with `_` to silence this warning:
  [apply] _hβη

Note: This linter can be disabled with `set_option linter.unusedVariables false`
E:\Samplinglib\runs\20261007-companion-priority\pbps-sharp-energy-preproof68\independent-header-math68\header-elaboration.lean:134:5: warning: Variable name `hα` is not explicitly referenced.

Hint: The binding can be removed (if unused) or named `_` (if used implicitly). Alternatively, prefix the name with `_` to silence this warning:
  [apply] _hα

Note: This linter can be disabled with `set_option linter.unusedVariables false`
E:\Samplinglib\runs\20261007-companion-priority\pbps-sharp-energy-preproof68\independent-header-math68\header-elaboration.lean:134:24: warning: Variable name `hαβ` is not explicitly referenced.

Hint: The binding can be removed (if unused) or named `_` (if used implicitly). Alternatively, prefix the name with `_` to silence this warning:
  [apply] _hαβ

Note: This linter can be disabled with `set_option linter.unusedVariables false`
E:\Samplinglib\runs\20261007-companion-priority\pbps-sharp-energy-preproof68\independent-header-math68\header-elaboration.lean:134:38: warning: Variable name `hV` is not explicitly referenced.

Hint: The binding can be removed (if unused) or named `_` (if used implicitly). Alternatively, prefix the name with `_` to silence this warning:
  [apply] _hV

Note: This linter can be disabled with `set_option linter.unusedVariables false`
E:\Samplinglib\runs\20261007-companion-priority\pbps-sharp-energy-preproof68\independent-header-math68\header-elaboration.lean:135:5: warning: Variable name `hH` is not explicitly referenced.

Hint: The binding can be removed (if unused) or named `_` (if used implicitly). Alternatively, prefix the name with `_` to silence this warning:
  [apply] _hH

Note: This linter can be disabled with `set_option linter.unusedVariables false`
E:\Samplinglib\runs\20261007-companion-priority\pbps-sharp-energy-preproof68\independent-header-math68\header-elaboration.lean:138:5: warning: Variable name `hη` is not explicitly referenced.

Hint: The binding can be removed (if unused) or named `_` (if used implicitly). Alternatively, prefix the name with `_` to silence this warning:
  [apply] _hη

Note: This linter can be disabled with `set_option linter.unusedVariables false`
E:\Samplinglib\runs\20261007-companion-priority\pbps-sharp-energy-preproof68\independent-header-math68\header-elaboration.lean:138:18: warning: Variable name `hβη` is not explicitly referenced.

Hint: The binding can be removed (if unused) or named `_` (if used implicitly). Alternatively, prefix the name with `_` to silence this warning:
  [apply] _hβη

Note: This linter can be disabled with `set_option linter.unusedVariables false`
E:\Samplinglib\runs\20261007-companion-priority\pbps-sharp-energy-preproof68\independent-header-math68\header-elaboration.lean:350:32: error: unexpected token 'ω'; expected '(', '[', '_', '{', '⦃' or identifier
E:\Samplinglib\runs\20261007-companion-priority\pbps-sharp-energy-preproof68\independent-header-math68\header-elaboration.lean:466:32: error: unexpected token 'ω'; expected '(', '[', '_', '{', '⦃' or identifier
expanded0.{u_1} {H : Type u_1} [NormedAddCommGroup H] [InnerProductSpace ℝ H] [CompleteSpace H] (K D : H →L[ℝ] H)
  (hK : IsSelfAdjoint K) (hD : IsSelfAdjoint D) (hSquare : 1 + K * K = D * D) (c : ℝ) (hc : 0 ≤ c) (hNorm : ‖D‖ ≤ c)
  (u v : H) : Prop
expanded1.{u_1} {E : Type u_1} [NormedAddCommGroup E] [InnerProductSpace ℝ E] [FiniteDimensional ℝ E]
  [MeasurableSpace E] [BorelSpace E] {V : E → ℝ} {α β : ℝ≥0} {η : ℝ} (hα : 0 < ↑α) (hαβ : α ≤ β) (hV : ContDiff ℝ 2 V)
  (hH : ∀ (x v : E), ↑α * ‖v‖ ^ 2 ≤ ((fderiv ℝ (fderiv ℝ V) x) v) v ∧ ((fderiv ℝ (fderiv ℝ V) x) v) v ≤ ↑β * ‖v‖ ^ 2)
  (hη : 0 < η) (hβη : ↑β * η ≤ 1) : Prop
expanded2.{u_1} {E : Type u_1} [NormedAddCommGroup E] [InnerProductSpace ℝ E] [FiniteDimensional ℝ E]
  [MeasurableSpace E] [BorelSpace E] {V : E → ℝ} {α β : ℝ≥0} {η : ℝ} (hα : 0 < ↑α) (hαβ : α ≤ β) (hV : ContDiff ℝ 2 V)
  (hH : ∀ (x v : E), ↑α * ‖v‖ ^ 2 ≤ ((fderiv ℝ (fderiv ℝ V) x) v) v ∧ ((fderiv ℝ (fderiv ℝ V) x) v) v ≤ ↑β * ‖v‖ ^ 2)
  (hη : 0 < η) (hβη : ↑β * η ≤ 1) : Prop
actual_sharp_corrector_bound_statement.{u_1} {E : Type u_1} [NormedAddCommGroup E] [InnerProductSpace ℝ E]
  [FiniteDimensional ℝ E] [MeasurableSpace E] [BorelSpace E] {V : E → ℝ} {α β : ℝ≥0} {η : ℝ} (hα : 0 < ↑α) (hαβ : α ≤ β)
  (hV : ContDiff ℝ 2 V)
  (hH : ∀ (x v : E), ↑α * ‖v‖ ^ 2 ≤ ((fderiv ℝ (fderiv ℝ V) x) v) v ∧ ((fderiv ℝ (fderiv ℝ V) x) v) v ≤ ↑β * ‖v‖ ^ 2)
  (hη : 0 < η) (hβη : ↑β * η ≤ 1) : Prop
genuine_actual_modified_energy_equivalence_statement.{u_1} {E : Type u_1} [NormedAddCommGroup E] [InnerProductSpace ℝ E]
  [FiniteDimensional ℝ E] [MeasurableSpace E] [BorelSpace E] {V : E → ℝ} {α β : ℝ≥0} {η : ℝ} (hα : 0 < ↑α) (hαβ : α ≤ β)
  (hV : ContDiff ℝ 2 V)
  (hH : ∀ (x v : E), ↑α * ‖v‖ ^ 2 ≤ ((fderiv ℝ (fderiv ℝ V) x) v) v ∧ ((fderiv ℝ (fderiv ℝ V) x) v) v ≤ ↑β * ‖v‖ ^ 2)
  (hη : 0 < η) (hβη : ↑β * η ≤ 1) : Prop
norm_add_sq_real.{u_3} {F : Type u_3} [SeminormedAddCommGroup F] [InnerProductSpace ℝ F] (x y : F) :
  ‖x + y‖ ^ 2 = ‖x‖ ^ 2 + 2 * ⟪x, y⟫ + ‖y‖ ^ 2
norm_sub_sq_real.{u_3} {F : Type u_3} [SeminormedAddCommGroup F] [InnerProductSpace ℝ F] (x y : F) :
  ‖x - y‖ ^ 2 = ‖x‖ ^ 2 - 2 * ⟪x, y⟫ + ‖y‖ ^ 2
real_inner_self_eq_norm_sq.{u_3} {F : Type u_3} [SeminormedAddCommGroup F] [InnerProductSpace ℝ F] (x : F) :
  ⟪x, x⟫ = ‖x‖ ^ 2
real_inner_comm.{u_3} {F : Type u_3} [SeminormedAddCommGroup F] [InnerProductSpace ℝ F] (x y : F) : ⟪y, x⟫ = ⟪x, y⟫
abs_real_inner_le_norm.{u_3} {F : Type u_3} [SeminormedAddCommGroup F] [InnerProductSpace ℝ F] (x y : F) :
  |⟪x, y⟫| ≤ ‖x‖ * ‖y‖
ContinuousLinearMap.isSelfAdjoint_iff_isSymmetric.{u_1, u_2} {𝕜 : Type u_1} {E : Type u_2} [RCLike 𝕜]
  [NormedAddCommGroup E] [InnerProductSpace 𝕜 E] [CompleteSpace E] {A : E →L[𝕜] E} : IsSelfAdjoint A ↔ (↑A).IsSymmetric
ContinuousLinearMap.apply_norm_sq_eq_inner_adjoint_left.{u_1, u_2, u_3} {𝕜 : Type u_1} {E : Type u_2} {F : Type u_3}
  [RCLike 𝕜] [NormedAddCommGroup E] [NormedAddCommGroup F] [InnerProductSpace 𝕜 E] [InnerProductSpace 𝕜 F]
  [CompleteSpace E] [CompleteSpace F] (A : E →L[𝕜] F) (x : E) :
  ‖A x‖ ^ 2 = RCLike.re ⟪(ContinuousLinearMap.adjoint A ∘SL A) x, x⟫_𝕜
ContinuousLinearMap.le_opNorm.{u_1, u_2, u_4, u_5} {𝕜 : Type u_1} {𝕜₂ : Type u_2} {E : Type u_4} {F : Type u_5}
  [SeminormedAddCommGroup E] [SeminormedAddCommGroup F] [NontriviallyNormedField 𝕜] [NontriviallyNormedField 𝕜₂]
  [NormedSpace 𝕜 E] [NormedSpace 𝕜₂ F] {σ₁₂ : 𝕜 →+* 𝕜₂} [RingHomIsometric σ₁₂] (f : E →SL[σ₁₂] F) (x : E) :
  ‖f x‖ ≤ ‖f‖ * ‖x‖
WithLp.prod_norm_sq_eq_of_L2.{u_2, u_3} {α : Type u_2} {β : Type u_3} [SeminormedAddCommGroup α]
  [SeminormedAddCommGroup β] (x : WithLp 2 (α × β)) : ‖x‖ ^ 2 = ‖x.fst‖ ^ 2 + ‖x.snd‖ ^ 2
WithLp.prod_inner_apply.{u_1, u_4, u_5} {𝕜 : Type u_1} {E : Type u_4} {F : Type u_5} [RCLike 𝕜] [NormedAddCommGroup E]
  [InnerProductSpace 𝕜 E] [NormedAddCommGroup F] [InnerProductSpace 𝕜 F] (x y : WithLp 2 (E × F)) :
  ⟪x, y⟫_𝕜 = ⟪x.ofLp.1, y.ofLp.1⟫_𝕜 + ⟪x.ofLp.2, y.ofLp.2⟫_𝕜
AutoSamplingTheory.ExampleCases.ProximalBPS.ActualRootCommutation.actual_same_root_inverse_commutation.{u_1}
  {E : Type u_1} [NormedAddCommGroup E] [InnerProductSpace ℝ E] [FiniteDimensional ℝ E] [MeasurableSpace E]
  [BorelSpace E] {V : E → ℝ} {α β : ℝ≥0} {η : ℝ} (hα : 0 < ↑α) (hαβ : α ≤ β) (hV : ContDiff ℝ 2 V)
  (hH : ∀ (x v : E), ↑α * ‖v‖ ^ 2 ≤ ((fderiv ℝ (fderiv ℝ V) x) v) v ∧ ((fderiv ℝ (fderiv ℝ V) x) v) v ≤ ↑β * ‖v‖ ^ 2)
  (hη : 0 < η) (hβη : ↑β * η ≤ 1) :
  AutoSamplingTheory.ExampleCases.ProximalBPS.ActualRootCommutation.actual_same_root_inverse_commutation_statement✝ hα
    hαβ hV hH hη hβη
WithLp.instProdInnerProductSpace
WithLp.instProdCompleteSpace 2 H H
