{
  "cell": "ASTIS-SHARED-hilbert-corrector-square-bound",
  "targets": [
    {
      "declaration": "AutoSamplingTheory.TechnicalLemmas.Analysis.HilbertCorrectorBound.quadratic_corrector_bound_of_square_identity",
      "source_item": "hilbert-sharp-quadratic-corrector-bound",
      "lesson": "authored",
      "audit_id": "ASTIS-RT-20261009-HilbertSharpQuadraticCorrectorBound",
      "audit_state": "draft",
      "publication_binding_sha256": "dcd2b936853d607dc70b0c016eba9f3acd39fb46541dc6da0edf25222e612b52",
      "remaining_boundary": "ASTIS sharp quadratic-form auxiliary on an arbitrary complete real Hilbert space; explicit selfadjoint square identity and norm bound. Actual PBPS inputs and these internal hypotheses are supplied by the actual production consumer. No full dynamics, mixing or cost result."
    }
  ],
  "graph_check": "python3 tools/astis_publication.py graph-check --cell ASTIS-SHARED-hilbert-corrector-square-bound",
  "missing": [],
  "next": [
    "Run the smallest focused Lean test.",
    "Reuse unchanged source/lesson/audit records; never reuse a stale binding.",
    "For a new/changed theorem, use astis-semantic-roundtrip: anonymous decoder → independent anti-anchored source review → separate repair review if needed.",
    "Run tools/astis_publication.py check --base <base commit> before stabilization."
  ],
  "boundary": "This coordinator packet is NOT decoder input. It deliberately contains source identity."
}
