{
  "status": "VERIFIED",
  "verified_commit": "eaf29841eab8b3d4df5b9419f658fbcc1dda39f3",
  "receipt": {
    "path": "runs/20261007-companion-priority/gaussian-compact-product-lsi/verified.json",
    "raw_sha256": "12044f49d000baa8b776e565100b40bd44f5df7036692cc96dc7e33ffba18e9b",
    "lf_sha256": "12044f49d000baa8b776e565100b40bd44f5df7036692cc96dc7e33ffba18e9b",
    "bytes": 24522
  },
  "counts": {
    "publication": 203,
    "semantic_audits": 269,
    "frontier_cells": 266,
    "contributor_declarations": 86,
    "contributor_cells": 82
  },
  "git_inputs": 1297,
  "canonical_fake_files": 889,
  "fake_hits": 0,
  "all_leases": "CLOSED"
}
