.astis/BoundedSpectralPrototype.lean:106:8: warning: automatically included section variable(s) unused in theorem `_private.«.astis».BoundedSpectralPrototype.0.BoundedSpectralPrototype.mzero_growth`:
  [FiniteDimensional ℝ E]
  [MeasurableSpace E]
  [BorelSpace E]
consider restructuring your `variable` declarations so that the variables are not in scope or explicitly omit them:
  omit [FiniteDimensional ℝ E] [MeasurableSpace E] [BorelSpace E] in theorem ...

Note: This linter can be disabled with `set_option linter.unusedSectionVars false`
.astis/BoundedSpectralPrototype.lean:108:8: warning: automatically included section variable(s) unused in theorem `_private.«.astis».BoundedSpectralPrototype.0.BoundedSpectralPrototype.mlap_growth`:
  [FiniteDimensional ℝ E]
  [MeasurableSpace E]
  [BorelSpace E]
consider restructuring your `variable` declarations so that the variables are not in scope or explicitly omit them:
  omit [FiniteDimensional ℝ E] [MeasurableSpace E] [BorelSpace E] in theorem ...

Note: This linter can be disabled with `set_option linter.unusedSectionVars false`
.astis/BoundedSpectralPrototype.lean:110:8: warning: automatically included section variable(s) unused in theorem `_private.«.astis».BoundedSpectralPrototype.0.BoundedSpectralPrototype.mdir_growth`:
  [FiniteDimensional ℝ E]
  [MeasurableSpace E]
  [BorelSpace E]
consider restructuring your `variable` declarations so that the variables are not in scope or explicitly omit them:
  omit [FiniteDimensional ℝ E] [MeasurableSpace E] [BorelSpace E] in theorem ...

Note: This linter can be disabled with `set_option linter.unusedSectionVars false`
.astis/BoundedSpectralPrototype.lean:112:8: warning: automatically included section variable(s) unused in theorem `_private.«.astis».BoundedSpectralPrototype.0.BoundedSpectralPrototype.mzero_bound`:
  [InnerProductSpace ℝ E]
  [FiniteDimensional ℝ E]
  [MeasurableSpace E]
  [BorelSpace E]
consider restructuring your `variable` declarations so that the variables are not in scope or explicitly omit them:
  omit [InnerProductSpace ℝ E] [FiniteDimensional ℝ E] [MeasurableSpace E] [BorelSpace E] in theorem ...

Note: This linter can be disabled with `set_option linter.unusedSectionVars false`
.astis/BoundedSpectralPrototype.lean:116:8: warning: automatically included section variable(s) unused in theorem `_private.«.astis».BoundedSpectralPrototype.0.BoundedSpectralPrototype.mlap_bound`:
  [InnerProductSpace ℝ E]
  [FiniteDimensional ℝ E]
  [MeasurableSpace E]
  [BorelSpace E]
consider restructuring your `variable` declarations so that the variables are not in scope or explicitly omit them:
  omit [InnerProductSpace ℝ E] [FiniteDimensional ℝ E] [MeasurableSpace E] [BorelSpace E] in theorem ...

Note: This linter can be disabled with `set_option linter.unusedSectionVars false`
.astis/BoundedSpectralPrototype.lean:121:8: warning: automatically included section variable(s) unused in theorem `_private.«.astis».BoundedSpectralPrototype.0.BoundedSpectralPrototype.mdir_bound`:
  [FiniteDimensional ℝ E]
  [MeasurableSpace E]
  [BorelSpace E]
consider restructuring your `variable` declarations so that the variables are not in scope or explicitly omit them:
  omit [FiniteDimensional ℝ E] [MeasurableSpace E] [BorelSpace E] in theorem ...

Note: This linter can be disabled with `set_option linter.unusedSectionVars false`
.astis/BoundedSpectralPrototype.lean:135:2: error: Tactic `apply` failed: could not unify the conclusion of `@funext`
  ?f = ?g
with the goal
  fourierMultiplierCLM ℂ (mzero * fun x => ↑(‖x‖ ^ 2)) = fourierMultiplierCLM ℂ mlap

Note: The full type of `@funext` is
  ∀ {α : Sort ?u.65} {β : α → Sort ?u.64} {f g : (x : α) → β x}, (∀ (x : α), f x = g x) → f = g

case e_a
E : Type u_1
inst✝⁴ : NormedAddCommGroup E
inst✝³ : InnerProductSpace ℝ E
inst✝² : FiniteDimensional ℝ E
inst✝¹ : MeasurableSpace E
inst✝ : BorelSpace E
t : 𝓢'(E, ℂ)
⊢ fourierMultiplierCLM ℂ (mzero * fun x => ↑(‖x‖ ^ 2)) = fourierMultiplierCLM ℂ mlap
.astis/BoundedSpectralPrototype.lean:145:2: error: Tactic `apply` failed: could not unify the conclusion of `@funext`
  ?f = ?g
with the goal
  fourierMultiplierCLM ℂ (mzero * fun x => ↑⟪x, a⟫_ℝ) = fourierMultiplierCLM ℂ (mdir a)

Note: The full type of `@funext` is
  ∀ {α : Sort ?u.55} {β : α → Sort ?u.54} {f g : (x : α) → β x}, (∀ (x : α), f x = g x) → f = g

case e_a
E : Type u_1
inst✝⁴ : NormedAddCommGroup E
inst✝³ : InnerProductSpace ℝ E
inst✝² : FiniteDimensional ℝ E
inst✝¹ : MeasurableSpace E
inst✝ : BorelSpace E
a : E
t : 𝓢'(E, ℂ)
⊢ fourierMultiplierCLM ℂ (mzero * fun x => ↑⟪x, a⟫_ℝ) = fourierMultiplierCLM ℂ (mdir a)
.astis/BoundedSpectralPrototype.lean:156:2: error: Type mismatch: After simplification, term
  ht
 has type
  Filter.Tendsto r Filter.atTop (𝓝 w)
but is expected to have type
  Filter.Tendsto (fun n => (q n).toLp 2 volume) Filter.atTop (𝓝 w)
.astis/BoundedSpectralPrototype.lean:170:35: error: typeclass instance problem is stuck
  NormedAddCommGroup ?m.248

Note: Lean will not try to resolve this typeclass instance problem because the type argument to `NormedAddCommGroup` is a metavariable. This argument must be fully determined before Lean will try to resolve the typeclass.

Hint: Adding type annotations and supplying implicit arguments to functions can give Lean more information for typeclass resolution. For example, if you have a variable `x` that you intend to be a `Nat`, but Lean reports it as having an unresolved type like `?m`, replacing `x` with `(x : Nat)` can get typeclass resolution un-stuck.
'_private.«.astis».BoundedSpectralPrototype.0.BoundedSpectralPrototype.spectral_graph' depends on axioms: [propext,
 sorryAx,
 Classical.choice,
 Quot.sound]
'_private.«.astis».BoundedSpectralPrototype.0.BoundedSpectralPrototype.inverse_lap' depends on axioms: [propext,
 sorryAx,
 Classical.choice,
 Quot.sound]
'_private.«.astis».BoundedSpectralPrototype.0.BoundedSpectralPrototype.inverse_dir' depends on axioms: [propext,
 sorryAx,
 Classical.choice,
 Quot.sound]
'BoundedSpectralPrototype.actual_bounded_multiplier' depends on axioms: [propext, Classical.choice, Quot.sound]
'BoundedSpectralPrototype.actual_bounded_multiplier_schwartz' depends on axioms: [propext, Classical.choice, Quot.sound]
'BoundedSpectralPrototype.actual_bounded_multiplier_norm' depends on axioms: [propext, Classical.choice, Quot.sound]
