.astis/BoundedSpectralPrototype.lean:84:10: error: Tactic `rewrite` failed: Did not find an occurrence of the pattern
  ‖MemLp.toLp ?f ?hf‖
in the target expression
  ‖MemLp.toLp g ⋯‖ ≤ C

E : Type u_1
inst✝⁴ : NormedAddCommGroup E
inst✝³ : InnerProductSpace ℝ E
inst✝² : FiniteDimensional ℝ E
inst✝¹ : MeasurableSpace E
inst✝ : BorelSpace E
g : E → ℂ
hg : Function.HasTemperateGrowth g
C : ℝ
hC : ∀ (x : E), ‖g x‖ ≤ C
gc : E →ᵇ ℂ := BoundedContinuousFunction.ofNormedAddCommGroup g ⋯ C hC
gl : ↥(Lp ℂ ∞ volume) := MemLp.toLp g ⋯
A : ↥(Lp ℂ 2 volume) →L[ℂ] ↥(Lp ℂ 2 volume) :=
  fourierInvCLM ℂ ↥(Lp ℂ 2 volume) ∘SL actualMul gl ∘SL fourierCLM ℂ ↥(Lp ℂ 2 volume)
hA :
  ∀ (f : ↥(Lp ℂ 2 volume)), Lp.toTemperedDistribution (A f) = (fourierMultiplierCLM ℂ g) (Lp.toTemperedDistribution f)
f : ↥(Lp ℂ 2 volume)
hC0 : 0 ≤ C
⊢ ‖MemLp.toLp g ⋯‖ ≤ C

Note: The target expression is not type-correct under the `implicit` transparency level, which may have triggered the failure. This is usually caused by unfolding of semireducible definitions in prior tactic steps. Use `set_option linter.tacticCheckInstances true` to investigate the source of the issue.
Full error:
  Application type mismatch: The argument
    BoundedContinuousFunction.memLp_top gc
  has type
    @MemLp E ℂ inst✝¹ SeminormedAddGroup.toContinuousENorm.toENorm PseudoMetricSpace.toUniformSpace.toTopologicalSpace
      ⇑gc ∞ volume
  but is expected to have type
    @MemLp E ℂ measureSpaceOfInnerProductSpace.toMeasurableSpace SeminormedAddGroup.toContinuousENorm.toENorm
      PseudoMetricSpace.toUniformSpace.toTopologicalSpace g ∞ volume
  in the application
    MemLp.toLp g ⋯
'BoundedSpectralPrototype.actual_bounded_multiplier' depends on axioms: [propext, Classical.choice, Quot.sound]
'BoundedSpectralPrototype.actual_bounded_multiplier_schwartz' depends on axioms: [propext, Classical.choice, Quot.sound]
'BoundedSpectralPrototype.actual_bounded_multiplier_norm' depends on axioms: [propext,
 sorryAx,
 Classical.choice,
 Quot.sound]
