.astis/BoundedSpectralPrototype.lean:106:8: warning: automatically included section variable(s) unused in theorem `_private.«.astis».BoundedSpectralPrototype.0.BoundedSpectralPrototype.mzero_growth`:
  [FiniteDimensional ℝ E]
  [MeasurableSpace E]
  [BorelSpace E]
consider restructuring your `variable` declarations so that the variables are not in scope or explicitly omit them:
  omit [FiniteDimensional ℝ E] [MeasurableSpace E] [BorelSpace E] in theorem ...

Note: This linter can be disabled with `set_option linter.unusedSectionVars false`
.astis/BoundedSpectralPrototype.lean:108:8: warning: automatically included section variable(s) unused in theorem `_private.«.astis».BoundedSpectralPrototype.0.BoundedSpectralPrototype.mlap_growth`:
  [FiniteDimensional ℝ E]
  [MeasurableSpace E]
  [BorelSpace E]
consider restructuring your `variable` declarations so that the variables are not in scope or explicitly omit them:
  omit [FiniteDimensional ℝ E] [MeasurableSpace E] [BorelSpace E] in theorem ...

Note: This linter can be disabled with `set_option linter.unusedSectionVars false`
.astis/BoundedSpectralPrototype.lean:110:8: warning: automatically included section variable(s) unused in theorem `_private.«.astis».BoundedSpectralPrototype.0.BoundedSpectralPrototype.mdir_growth`:
  [FiniteDimensional ℝ E]
  [MeasurableSpace E]
  [BorelSpace E]
consider restructuring your `variable` declarations so that the variables are not in scope or explicitly omit them:
  omit [FiniteDimensional ℝ E] [MeasurableSpace E] [BorelSpace E] in theorem ...

Note: This linter can be disabled with `set_option linter.unusedSectionVars false`
.astis/BoundedSpectralPrototype.lean:112:8: warning: automatically included section variable(s) unused in theorem `_private.«.astis».BoundedSpectralPrototype.0.BoundedSpectralPrototype.mzero_bound`:
  [InnerProductSpace ℝ E]
  [FiniteDimensional ℝ E]
  [MeasurableSpace E]
  [BorelSpace E]
consider restructuring your `variable` declarations so that the variables are not in scope or explicitly omit them:
  omit [InnerProductSpace ℝ E] [FiniteDimensional ℝ E] [MeasurableSpace E] [BorelSpace E] in theorem ...

Note: This linter can be disabled with `set_option linter.unusedSectionVars false`
.astis/BoundedSpectralPrototype.lean:116:8: warning: automatically included section variable(s) unused in theorem `_private.«.astis».BoundedSpectralPrototype.0.BoundedSpectralPrototype.mlap_bound`:
  [InnerProductSpace ℝ E]
  [FiniteDimensional ℝ E]
  [MeasurableSpace E]
  [BorelSpace E]
consider restructuring your `variable` declarations so that the variables are not in scope or explicitly omit them:
  omit [InnerProductSpace ℝ E] [FiniteDimensional ℝ E] [MeasurableSpace E] [BorelSpace E] in theorem ...

Note: This linter can be disabled with `set_option linter.unusedSectionVars false`
.astis/BoundedSpectralPrototype.lean:121:8: warning: automatically included section variable(s) unused in theorem `_private.«.astis».BoundedSpectralPrototype.0.BoundedSpectralPrototype.mdir_bound`:
  [FiniteDimensional ℝ E]
  [MeasurableSpace E]
  [BorelSpace E]
consider restructuring your `variable` declarations so that the variables are not in scope or explicitly omit them:
  omit [FiniteDimensional ℝ E] [MeasurableSpace E] [BorelSpace E] in theorem ...

Note: This linter can be disabled with `set_option linter.unusedSectionVars false`
.astis/BoundedSpectralPrototype.lean:130:89: error: unsolved goals
E : Type u_1
inst✝⁴ : NormedAddCommGroup E
inst✝³ : InnerProductSpace ℝ E
inst✝² : FiniteDimensional ℝ E
inst✝¹ : MeasurableSpace E
inst✝ : BorelSpace E
t : 𝓢'(E, ℂ)
hm : (mzero * fun x => ↑(‖x‖ ^ 2)) = mlap
⊢ -(2 * Real.pi) ^ 2 • (fourierMultiplierCLM ℂ mlap) t = ↑(-(2 * Real.pi) ^ 2) • (fourierMultiplierCLM ℂ mlap) t
.astis/BoundedSpectralPrototype.lean:135:31: warning: This simp argument is unused:
  Pi.mul_def

Hint: Omit it from the simp argument list.
  [apply] simp [mzero, mlap, mul_comm]

Note: This linter can be disabled with `set_option linter.unusedSimpArgs false`
.astis/BoundedSpectralPrototype.lean:145:31: warning: This simp argument is unused:
  Pi.mul_def

Hint: Omit it from the simp argument list.
  [apply] simp [mzero, mdir, mul_comm]

Note: This linter can be disabled with `set_option linter.unusedSimpArgs false`
.astis/BoundedSpectralPrototype.lean:175:4: error: 'change' tactic failed, pattern
  (besselPotential E ℂ (-2)) (Lp.toTemperedDistribution w) = ?m.336
is not definitionally equal to target
  (fourierMultiplierCLM ℂ mzero) (Lp.toTemperedDistribution w) = Lp.toTemperedDistribution vc
.astis/BoundedSpectralPrototype.lean:203:4: error: Type mismatch: After simplification, term
  Filter.Tendsto.comp (ContinuousAt.tendsto (Continuous.continuousAt (ContinuousLinearMap.continuous A0))) hq
 has type
  @Filter.Tendsto ℕ (↥(Lp ℂ 2 volume)) (⇑A0 ∘ fun n => (q n).toLp 2 volume) Filter.atTop (𝓝 vc)
but is expected to have type
  @Filter.Tendsto ℕ (↥(Lp ℂ 2 volume)) (fun n => A0 ((q n).toLp 2 volume)) Filter.atTop (𝓝 vc)
.astis/BoundedSpectralPrototype.lean:204:4: error: Type mismatch: After simplification, term
  Filter.Tendsto.const_smul
    (Filter.Tendsto.comp (ContinuousAt.tendsto (Continuous.continuousAt (ContinuousLinearMap.continuous AL))) hq)
    ↑(-(2 * Real.pi) ^ 2)
 has type
  Filter.Tendsto (fun x => ↑(-(2 * Real.pi) ^ 2) • AL ((q x).toLp 2 volume)) Filter.atTop
    (𝓝 (↑(-(2 * Real.pi) ^ 2) • AL w))
but is expected to have type
  Filter.Tendsto (fun n => ↑(-(2 * Real.pi) ^ 2) • AL ((q n).toLp 2 volume)) Filter.atTop (𝓝 Fc)
'_private.«.astis».BoundedSpectralPrototype.0.BoundedSpectralPrototype.spectral_graph' depends on axioms: [propext,
 sorryAx,
 Classical.choice,
 Quot.sound]
'_private.«.astis».BoundedSpectralPrototype.0.BoundedSpectralPrototype.inverse_lap' depends on axioms: [propext,
 sorryAx,
 Classical.choice,
 Quot.sound]
'_private.«.astis».BoundedSpectralPrototype.0.BoundedSpectralPrototype.inverse_dir' depends on axioms: [propext,
 Classical.choice,
 Quot.sound]
'BoundedSpectralPrototype.actual_bounded_multiplier' depends on axioms: [propext, Classical.choice, Quot.sound]
'BoundedSpectralPrototype.actual_bounded_multiplier_schwartz' depends on axioms: [propext, Classical.choice, Quot.sound]
'BoundedSpectralPrototype.actual_bounded_multiplier_norm' depends on axioms: [propext, Classical.choice, Quot.sound]
