.astis/BoundedSpectralPrototype.lean:106:8: warning: automatically included section variable(s) unused in theorem `_private.«.astis».BoundedSpectralPrototype.0.BoundedSpectralPrototype.mzero_growth`:
  [FiniteDimensional ℝ E]
  [MeasurableSpace E]
  [BorelSpace E]
consider restructuring your `variable` declarations so that the variables are not in scope or explicitly omit them:
  omit [FiniteDimensional ℝ E] [MeasurableSpace E] [BorelSpace E] in theorem ...

Note: This linter can be disabled with `set_option linter.unusedSectionVars false`
.astis/BoundedSpectralPrototype.lean:108:8: warning: automatically included section variable(s) unused in theorem `_private.«.astis».BoundedSpectralPrototype.0.BoundedSpectralPrototype.mlap_growth`:
  [FiniteDimensional ℝ E]
  [MeasurableSpace E]
  [BorelSpace E]
consider restructuring your `variable` declarations so that the variables are not in scope or explicitly omit them:
  omit [FiniteDimensional ℝ E] [MeasurableSpace E] [BorelSpace E] in theorem ...

Note: This linter can be disabled with `set_option linter.unusedSectionVars false`
.astis/BoundedSpectralPrototype.lean:110:8: warning: automatically included section variable(s) unused in theorem `_private.«.astis».BoundedSpectralPrototype.0.BoundedSpectralPrototype.mdir_growth`:
  [FiniteDimensional ℝ E]
  [MeasurableSpace E]
  [BorelSpace E]
consider restructuring your `variable` declarations so that the variables are not in scope or explicitly omit them:
  omit [FiniteDimensional ℝ E] [MeasurableSpace E] [BorelSpace E] in theorem ...

Note: This linter can be disabled with `set_option linter.unusedSectionVars false`
.astis/BoundedSpectralPrototype.lean:112:8: warning: automatically included section variable(s) unused in theorem `_private.«.astis».BoundedSpectralPrototype.0.BoundedSpectralPrototype.mzero_bound`:
  [InnerProductSpace ℝ E]
  [FiniteDimensional ℝ E]
  [MeasurableSpace E]
  [BorelSpace E]
consider restructuring your `variable` declarations so that the variables are not in scope or explicitly omit them:
  omit [InnerProductSpace ℝ E] [FiniteDimensional ℝ E] [MeasurableSpace E] [BorelSpace E] in theorem ...

Note: This linter can be disabled with `set_option linter.unusedSectionVars false`
.astis/BoundedSpectralPrototype.lean:116:8: warning: automatically included section variable(s) unused in theorem `_private.«.astis».BoundedSpectralPrototype.0.BoundedSpectralPrototype.mlap_bound`:
  [InnerProductSpace ℝ E]
  [FiniteDimensional ℝ E]
  [MeasurableSpace E]
  [BorelSpace E]
consider restructuring your `variable` declarations so that the variables are not in scope or explicitly omit them:
  omit [InnerProductSpace ℝ E] [FiniteDimensional ℝ E] [MeasurableSpace E] [BorelSpace E] in theorem ...

Note: This linter can be disabled with `set_option linter.unusedSectionVars false`
.astis/BoundedSpectralPrototype.lean:121:8: warning: automatically included section variable(s) unused in theorem `_private.«.astis».BoundedSpectralPrototype.0.BoundedSpectralPrototype.mdir_bound`:
  [FiniteDimensional ℝ E]
  [MeasurableSpace E]
  [BorelSpace E]
consider restructuring your `variable` declarations so that the variables are not in scope or explicitly omit them:
  omit [FiniteDimensional ℝ E] [MeasurableSpace E] [BorelSpace E] in theorem ...

Note: This linter can be disabled with `set_option linter.unusedSectionVars false`
.astis/BoundedSpectralPrototype.lean:135:31: warning: This simp argument is unused:
  Pi.mul_def

Hint: Omit it from the simp argument list.
  [apply] simp [mzero, mlap, mul_comm]

Note: This linter can be disabled with `set_option linter.unusedSimpArgs false`
.astis/BoundedSpectralPrototype.lean:145:31: warning: This simp argument is unused:
  Pi.mul_def

Hint: Omit it from the simp argument list.
  [apply] simp [mzero, mdir, mul_comm]

Note: This linter can be disabled with `set_option linter.unusedSimpArgs false`
.astis/BoundedSpectralPrototype.lean:175:4: error: 'change' tactic failed, pattern
  (besselPotential E ℂ (-2)) (Lp.toTemperedDistribution w) = ?m.336
is not definitionally equal to target
  (fourierMultiplierCLM ℂ mzero) (Lp.toTemperedDistribution w) = Lp.toTemperedDistribution vc
.astis/BoundedSpectralPrototype.lean:186:46: error: Tactic `rewrite` failed: Did not find an occurrence of the pattern
  Lp.toTemperedDistribution (AL ?f)
in the target expression
  -(2 * Real.pi) ^ 2 • (Lp.toTemperedDistributionCLM ℂ volume 2) (AL w) =
    -(2 * Real.pi) ^ 2 • (fourierMultiplierCLM ℂ mlap) (Lp.toTemperedDistribution w)

E : Type u_1
inst✝⁴ : NormedAddCommGroup E
inst✝³ : InnerProductSpace ℝ E
inst✝² : FiniteDimensional ℝ E
inst✝¹ : MeasurableSpace E
inst✝ : BorelSpace E
vc Fc : ↥(Lp ℂ 2 volume)
hl : Δ (Lp.toTemperedDistribution vc) = Lp.toTemperedDistribution Fc
w : ↥(Lp ℂ 2 volume)
hw : (besselPotential E ℂ 2) (Lp.toTemperedDistribution vc) = Lp.toTemperedDistribution w
A0 : ↥(Lp ℂ 2 volume) →L[ℂ] ↥(Lp ℂ 2 volume)
h0norm : ∀ (f : ↥(Lp ℂ 2 volume)), ‖A0 f‖ ≤ 1 * ‖f‖
h0td :
  ∀ (f : ↥(Lp ℂ 2 volume)),
    Lp.toTemperedDistribution (A0 f) = (fourierMultiplierCLM ℂ mzero) (Lp.toTemperedDistribution f)
h0s : ∀ (φ : 𝓢(E, ℂ)), A0 (φ.toLp 2 volume) = ((SchwartzMap.fourierMultiplierCLM ℂ mzero) φ).toLp 2 volume
hz : Lp.toTemperedDistribution (A0 w) = Lp.toTemperedDistribution vc
hv : A0 w = vc
AL : ↥(Lp ℂ 2 volume) →L[ℂ] ↥(Lp ℂ 2 volume)
hLnorm : ∀ (f : ↥(Lp ℂ 2 volume)), ‖AL f‖ ≤ 1 * ‖f‖
hLtd :
  ∀ (f : ↥(Lp ℂ 2 volume)),
    Lp.toTemperedDistribution (AL f) = (fourierMultiplierCLM ℂ mlap) (Lp.toTemperedDistribution f)
hLs : ∀ (φ : 𝓢(E, ℂ)), AL (φ.toLp 2 volume) = ((SchwartzMap.fourierMultiplierCLM ℂ mlap) φ).toLp 2 volume
⊢ -(2 * Real.pi) ^ 2 • (Lp.toTemperedDistributionCLM ℂ volume 2) (AL w) =
    -(2 * Real.pi) ^ 2 • (fourierMultiplierCLM ℂ mlap) (Lp.toTemperedDistribution w)
.astis/BoundedSpectralPrototype.lean:201:46: error: Tactic `rewrite` failed: Did not find an occurrence of the pattern
  Lp.toTemperedDistribution (AL ?f)
in the target expression
  -(2 * Real.pi) ^ 2 • (fourierMultiplierCLM ℂ mlap) (Lp.toTemperedDistribution ((q n).toLp 2 volume)) =
    -(2 * Real.pi) ^ 2 • (Lp.toTemperedDistributionCLM ℂ volume 2) (AL ((q n).toLp 2 volume))

E : Type u_1
inst✝⁴ : NormedAddCommGroup E
inst✝³ : InnerProductSpace ℝ E
inst✝² : FiniteDimensional ℝ E
inst✝¹ : MeasurableSpace E
inst✝ : BorelSpace E
vc Fc : ↥(Lp ℂ 2 volume)
hl : Δ (Lp.toTemperedDistribution vc) = Lp.toTemperedDistribution Fc
w : ↥(Lp ℂ 2 volume)
hw : (besselPotential E ℂ 2) (Lp.toTemperedDistribution vc) = Lp.toTemperedDistribution w
A0 : ↥(Lp ℂ 2 volume) →L[ℂ] ↥(Lp ℂ 2 volume)
h0norm : ∀ (f : ↥(Lp ℂ 2 volume)), ‖A0 f‖ ≤ 1 * ‖f‖
h0td :
  ∀ (f : ↥(Lp ℂ 2 volume)),
    Lp.toTemperedDistribution (A0 f) = (fourierMultiplierCLM ℂ mzero) (Lp.toTemperedDistribution f)
h0s : ∀ (φ : 𝓢(E, ℂ)), A0 (φ.toLp 2 volume) = ((SchwartzMap.fourierMultiplierCLM ℂ mzero) φ).toLp 2 volume
hz : Lp.toTemperedDistribution (A0 w) = Lp.toTemperedDistribution vc
hv : A0 w = vc
AL : ↥(Lp ℂ 2 volume) →L[ℂ] ↥(Lp ℂ 2 volume)
hLnorm : ∀ (f : ↥(Lp ℂ 2 volume)), ‖AL f‖ ≤ 1 * ‖f‖
hLtd :
  ∀ (f : ↥(Lp ℂ 2 volume)),
    Lp.toTemperedDistribution (AL f) = (fourierMultiplierCLM ℂ mlap) (Lp.toTemperedDistribution f)
hLs : ∀ (φ : 𝓢(E, ℂ)), AL (φ.toLp 2 volume) = ((SchwartzMap.fourierMultiplierCLM ℂ mlap) φ).toLp 2 volume
hLF : -(2 * Real.pi) ^ 2 • AL w = Fc
q : ℕ → 𝓢(E, ℂ)
hq : Filter.Tendsto (fun n => (q n).toLp 2 volume) Filter.atTop (𝓝 w)
s : ℕ → 𝓢(E, ℂ) := fun n => (SchwartzMap.fourierMultiplierCLM ℂ mzero) (q n)
hs0 : ∀ (n : ℕ), (s n).toLp 2 volume = A0 ((q n).toLp 2 volume)
n : ℕ
⊢ -(2 * Real.pi) ^ 2 • (fourierMultiplierCLM ℂ mlap) (Lp.toTemperedDistribution ((q n).toLp 2 volume)) =
    -(2 * Real.pi) ^ 2 • (Lp.toTemperedDistributionCLM ℂ volume 2) (AL ((q n).toLp 2 volume))
.astis/BoundedSpectralPrototype.lean:203:4: error: Type mismatch: After simplification, term
  Filter.Tendsto.comp (ContinuousAt.tendsto (Continuous.continuousAt (ContinuousLinearMap.continuous A0))) hq
 has type
  @Filter.Tendsto ℕ (↥(Lp ℂ 2 volume)) (⇑A0 ∘ fun n => (q n).toLp 2 volume) Filter.atTop (𝓝 vc)
but is expected to have type
  @Filter.Tendsto ℕ (↥(Lp ℂ 2 volume)) (fun n => A0 ((q n).toLp 2 volume)) Filter.atTop (𝓝 vc)
.astis/BoundedSpectralPrototype.lean:204:4: error: Type mismatch: After simplification, term
  Filter.Tendsto.const_smul
    (Filter.Tendsto.comp (ContinuousAt.tendsto (Continuous.continuousAt (ContinuousLinearMap.continuous AL))) hq)
    (-(2 * Real.pi) ^ 2)
 has type
  Filter.Tendsto (fun x => -(2 * Real.pi) ^ 2 • AL ((q x).toLp 2 volume)) Filter.atTop (𝓝 (-(2 * Real.pi) ^ 2 • AL w))
but is expected to have type
  Filter.Tendsto (fun n => -(2 * Real.pi) ^ 2 • AL ((q n).toLp 2 volume)) Filter.atTop (𝓝 Fc)
.astis/BoundedSpectralPrototype.lean:214:19: error: Tactic `rewrite` failed: Did not find an occurrence of the pattern
  Lp.toTemperedDistribution (AD ?f)
in the target expression
  (2 * ↑Real.pi * Complex.I) • (Lp.toTemperedDistributionCLM ℂ volume 2) (AD w) =
    (2 * ↑Real.pi * Complex.I) • (fourierMultiplierCLM ℂ (mdir a)) (Lp.toTemperedDistribution w)

E : Type u_1
inst✝⁴ : NormedAddCommGroup E
inst✝³ : InnerProductSpace ℝ E
inst✝² : FiniteDimensional ℝ E
inst✝¹ : MeasurableSpace E
inst✝ : BorelSpace E
vc Fc : ↥(Lp ℂ 2 volume)
hl : Δ (Lp.toTemperedDistribution vc) = Lp.toTemperedDistribution Fc
w : ↥(Lp ℂ 2 volume)
hw : (besselPotential E ℂ 2) (Lp.toTemperedDistribution vc) = Lp.toTemperedDistribution w
A0 : ↥(Lp ℂ 2 volume) →L[ℂ] ↥(Lp ℂ 2 volume)
h0norm : ∀ (f : ↥(Lp ℂ 2 volume)), ‖A0 f‖ ≤ 1 * ‖f‖
h0td :
  ∀ (f : ↥(Lp ℂ 2 volume)),
    Lp.toTemperedDistribution (A0 f) = (fourierMultiplierCLM ℂ mzero) (Lp.toTemperedDistribution f)
h0s : ∀ (φ : 𝓢(E, ℂ)), A0 (φ.toLp 2 volume) = ((SchwartzMap.fourierMultiplierCLM ℂ mzero) φ).toLp 2 volume
hz : Lp.toTemperedDistribution (A0 w) = Lp.toTemperedDistribution vc
hv : A0 w = vc
AL : ↥(Lp ℂ 2 volume) →L[ℂ] ↥(Lp ℂ 2 volume)
hLnorm : ∀ (f : ↥(Lp ℂ 2 volume)), ‖AL f‖ ≤ 1 * ‖f‖
hLtd :
  ∀ (f : ↥(Lp ℂ 2 volume)),
    Lp.toTemperedDistribution (AL f) = (fourierMultiplierCLM ℂ mlap) (Lp.toTemperedDistribution f)
hLs : ∀ (φ : 𝓢(E, ℂ)), AL (φ.toLp 2 volume) = ((SchwartzMap.fourierMultiplierCLM ℂ mlap) φ).toLp 2 volume
hLF : -(2 * Real.pi) ^ 2 • AL w = Fc
q : ℕ → 𝓢(E, ℂ)
hq : Filter.Tendsto (fun n => (q n).toLp 2 volume) Filter.atTop (𝓝 w)
s : ℕ → 𝓢(E, ℂ) := fun n => (SchwartzMap.fourierMultiplierCLM ℂ mzero) (q n)
hs0 : ∀ (n : ℕ), (s n).toLp 2 volume = A0 ((q n).toLp 2 volume)
hsL : ∀ (n : ℕ), (Δ (s n)).toLp 2 volume = -(2 * Real.pi) ^ 2 • AL ((q n).toLp 2 volume)
a : E
AD : ↥(Lp ℂ 2 volume) →L[ℂ] ↥(Lp ℂ 2 volume)
hDnorm : ∀ (f : ↥(Lp ℂ 2 volume)), ‖AD f‖ ≤ ‖a‖ * ‖f‖
hDtd :
  ∀ (f : ↥(Lp ℂ 2 volume)),
    Lp.toTemperedDistribution (AD f) = (fourierMultiplierCLM ℂ (mdir a)) (Lp.toTemperedDistribution f)
hDs : ∀ (φ : 𝓢(E, ℂ)), AD (φ.toLp 2 volume) = ((SchwartzMap.fourierMultiplierCLM ℂ (mdir a)) φ).toLp 2 volume
ga : ↥(Lp ℂ 2 volume) := (2 * ↑Real.pi * Complex.I) • AD w
⊢ (2 * ↑Real.pi * Complex.I) • (Lp.toTemperedDistributionCLM ℂ volume 2) (AD w) =
    (2 * ↑Real.pi * Complex.I) • (fourierMultiplierCLM ℂ (mdir a)) (Lp.toTemperedDistribution w)
.astis/BoundedSpectralPrototype.lean:225:19: error: Tactic `rewrite` failed: Did not find an occurrence of the pattern
  Lp.toTemperedDistribution (AD ?f)
in the target expression
  (2 * ↑Real.pi * Complex.I) • (fourierMultiplierCLM ℂ (mdir a)) (Lp.toTemperedDistribution ((q n).toLp 2 volume)) =
    (2 * ↑Real.pi * Complex.I) • (Lp.toTemperedDistributionCLM ℂ volume 2) (AD ((q n).toLp 2 volume))

E : Type u_1
inst✝⁴ : NormedAddCommGroup E
inst✝³ : InnerProductSpace ℝ E
inst✝² : FiniteDimensional ℝ E
inst✝¹ : MeasurableSpace E
inst✝ : BorelSpace E
vc Fc : ↥(Lp ℂ 2 volume)
hl : Δ (Lp.toTemperedDistribution vc) = Lp.toTemperedDistribution Fc
w : ↥(Lp ℂ 2 volume)
hw : (besselPotential E ℂ 2) (Lp.toTemperedDistribution vc) = Lp.toTemperedDistribution w
A0 : ↥(Lp ℂ 2 volume) →L[ℂ] ↥(Lp ℂ 2 volume)
h0norm : ∀ (f : ↥(Lp ℂ 2 volume)), ‖A0 f‖ ≤ 1 * ‖f‖
h0td :
  ∀ (f : ↥(Lp ℂ 2 volume)),
    Lp.toTemperedDistribution (A0 f) = (fourierMultiplierCLM ℂ mzero) (Lp.toTemperedDistribution f)
h0s : ∀ (φ : 𝓢(E, ℂ)), A0 (φ.toLp 2 volume) = ((SchwartzMap.fourierMultiplierCLM ℂ mzero) φ).toLp 2 volume
hz : Lp.toTemperedDistribution (A0 w) = Lp.toTemperedDistribution vc
hv : A0 w = vc
AL : ↥(Lp ℂ 2 volume) →L[ℂ] ↥(Lp ℂ 2 volume)
hLnorm : ∀ (f : ↥(Lp ℂ 2 volume)), ‖AL f‖ ≤ 1 * ‖f‖
hLtd :
  ∀ (f : ↥(Lp ℂ 2 volume)),
    Lp.toTemperedDistribution (AL f) = (fourierMultiplierCLM ℂ mlap) (Lp.toTemperedDistribution f)
hLs : ∀ (φ : 𝓢(E, ℂ)), AL (φ.toLp 2 volume) = ((SchwartzMap.fourierMultiplierCLM ℂ mlap) φ).toLp 2 volume
hLF : -(2 * Real.pi) ^ 2 • AL w = Fc
q : ℕ → 𝓢(E, ℂ)
hq : Filter.Tendsto (fun n => (q n).toLp 2 volume) Filter.atTop (𝓝 w)
s : ℕ → 𝓢(E, ℂ) := fun n => (SchwartzMap.fourierMultiplierCLM ℂ mzero) (q n)
hs0 : ∀ (n : ℕ), (s n).toLp 2 volume = A0 ((q n).toLp 2 volume)
hsL : ∀ (n : ℕ), (Δ (s n)).toLp 2 volume = -(2 * Real.pi) ^ 2 • AL ((q n).toLp 2 volume)
a : E
AD : ↥(Lp ℂ 2 volume) →L[ℂ] ↥(Lp ℂ 2 volume)
hDnorm : ∀ (f : ↥(Lp ℂ 2 volume)), ‖AD f‖ ≤ ‖a‖ * ‖f‖
hDtd :
  ∀ (f : ↥(Lp ℂ 2 volume)),
    Lp.toTemperedDistribution (AD f) = (fourierMultiplierCLM ℂ (mdir a)) (Lp.toTemperedDistribution f)
hDs : ∀ (φ : 𝓢(E, ℂ)), AD (φ.toLp 2 volume) = ((SchwartzMap.fourierMultiplierCLM ℂ (mdir a)) φ).toLp 2 volume
ga : ↥(Lp ℂ 2 volume) := (2 * ↑Real.pi * Complex.I) • AD w
hg : Lp.toTemperedDistribution ga = ∂_{a} (Lp.toTemperedDistribution vc)
n : ℕ
⊢ (2 * ↑Real.pi * Complex.I) • (fourierMultiplierCLM ℂ (mdir a)) (Lp.toTemperedDistribution ((q n).toLp 2 volume)) =
    (2 * ↑Real.pi * Complex.I) • (Lp.toTemperedDistributionCLM ℂ volume 2) (AD ((q n).toLp 2 volume))
'_private.«.astis».BoundedSpectralPrototype.0.BoundedSpectralPrototype.spectral_graph' depends on axioms: [propext,
 sorryAx,
 Classical.choice,
 Quot.sound]
'_private.«.astis».BoundedSpectralPrototype.0.BoundedSpectralPrototype.inverse_lap' depends on axioms: [propext,
 Classical.choice,
 Quot.sound]
'_private.«.astis».BoundedSpectralPrototype.0.BoundedSpectralPrototype.inverse_dir' depends on axioms: [propext,
 Classical.choice,
 Quot.sound]
'BoundedSpectralPrototype.actual_bounded_multiplier' depends on axioms: [propext, Classical.choice, Quot.sound]
'BoundedSpectralPrototype.actual_bounded_multiplier_schwartz' depends on axioms: [propext, Classical.choice, Quot.sound]
'BoundedSpectralPrototype.actual_bounded_multiplier_norm' depends on axioms: [propext, Classical.choice, Quot.sound]
