.astis/BoundedSpectralPrototype.lean:11:32: error: expected token
.astis/BoundedSpectralPrototype.lean:15:39: error: expected token
.astis/BoundedSpectralPrototype.lean:28:16: error: expected token
.astis/BoundedSpectralPrototype.lean:28:11: error: type expected, got
  (fun p => Lp ℂ p ?m.109 : (p : ENNReal) → AddSubgroup (?m.106 →ₘ[?m.109] ℂ))
.astis/BoundedSpectralPrototype.lean:28:11: error: could not synthesize default value for parameter 'μ' using tactics
.astis/BoundedSpectralPrototype.lean:28:11: error: unsolved goals
E : Type u_1
inst✝⁴ : NormedAddCommGroup E
inst✝³ : InnerProductSpace ℝ E
inst✝² : FiniteDimensional ℝ E
inst✝¹ : MeasurableSpace E
inst✝ : BorelSpace E
g : E → ℂ
hg : Function.HasTemperateGrowth g
C : ℝ
hC : ∀ (x : E), ‖g x‖ ≤ C
gc : E →ᵇ ℂ := BoundedContinuousFunction.ofNormedAddCommGroup g ⋯ C hC
p✝ : ENNReal
⊢ Measure ?m.114
'BoundedSpectralPrototype.actual_bounded_multiplier' depends on axioms: [propext, sorryAx, Classical.choice, Quot.sound]
