.astis/BoundedSpectralPrototype.lean:106:8: warning: automatically included section variable(s) unused in theorem `_private.«.astis».BoundedSpectralPrototype.0.BoundedSpectralPrototype.mzero_growth`:
  [FiniteDimensional ℝ E]
  [MeasurableSpace E]
  [BorelSpace E]
consider restructuring your `variable` declarations so that the variables are not in scope or explicitly omit them:
  omit [FiniteDimensional ℝ E] [MeasurableSpace E] [BorelSpace E] in theorem ...

Note: This linter can be disabled with `set_option linter.unusedSectionVars false`
.astis/BoundedSpectralPrototype.lean:108:8: warning: automatically included section variable(s) unused in theorem `_private.«.astis».BoundedSpectralPrototype.0.BoundedSpectralPrototype.mlap_growth`:
  [FiniteDimensional ℝ E]
  [MeasurableSpace E]
  [BorelSpace E]
consider restructuring your `variable` declarations so that the variables are not in scope or explicitly omit them:
  omit [FiniteDimensional ℝ E] [MeasurableSpace E] [BorelSpace E] in theorem ...

Note: This linter can be disabled with `set_option linter.unusedSectionVars false`
.astis/BoundedSpectralPrototype.lean:110:8: warning: automatically included section variable(s) unused in theorem `_private.«.astis».BoundedSpectralPrototype.0.BoundedSpectralPrototype.mdir_growth`:
  [FiniteDimensional ℝ E]
  [MeasurableSpace E]
  [BorelSpace E]
consider restructuring your `variable` declarations so that the variables are not in scope or explicitly omit them:
  omit [FiniteDimensional ℝ E] [MeasurableSpace E] [BorelSpace E] in theorem ...

Note: This linter can be disabled with `set_option linter.unusedSectionVars false`
.astis/BoundedSpectralPrototype.lean:112:8: warning: automatically included section variable(s) unused in theorem `_private.«.astis».BoundedSpectralPrototype.0.BoundedSpectralPrototype.mzero_bound`:
  [InnerProductSpace ℝ E]
  [FiniteDimensional ℝ E]
  [MeasurableSpace E]
  [BorelSpace E]
consider restructuring your `variable` declarations so that the variables are not in scope or explicitly omit them:
  omit [InnerProductSpace ℝ E] [FiniteDimensional ℝ E] [MeasurableSpace E] [BorelSpace E] in theorem ...

Note: This linter can be disabled with `set_option linter.unusedSectionVars false`
.astis/BoundedSpectralPrototype.lean:116:8: warning: automatically included section variable(s) unused in theorem `_private.«.astis».BoundedSpectralPrototype.0.BoundedSpectralPrototype.mlap_bound`:
  [InnerProductSpace ℝ E]
  [FiniteDimensional ℝ E]
  [MeasurableSpace E]
  [BorelSpace E]
consider restructuring your `variable` declarations so that the variables are not in scope or explicitly omit them:
  omit [InnerProductSpace ℝ E] [FiniteDimensional ℝ E] [MeasurableSpace E] [BorelSpace E] in theorem ...

Note: This linter can be disabled with `set_option linter.unusedSectionVars false`
.astis/BoundedSpectralPrototype.lean:121:8: warning: automatically included section variable(s) unused in theorem `_private.«.astis».BoundedSpectralPrototype.0.BoundedSpectralPrototype.mdir_bound`:
  [FiniteDimensional ℝ E]
  [MeasurableSpace E]
  [BorelSpace E]
consider restructuring your `variable` declarations so that the variables are not in scope or explicitly omit them:
  omit [FiniteDimensional ℝ E] [MeasurableSpace E] [BorelSpace E] in theorem ...

Note: This linter can be disabled with `set_option linter.unusedSectionVars false`
.astis/BoundedSpectralPrototype.lean:135:31: warning: This simp argument is unused:
  Pi.mul_def

Hint: Omit it from the simp argument list.
  [apply] simp [mzero, mlap, mul_comm]

Note: This linter can be disabled with `set_option linter.unusedSimpArgs false`
.astis/BoundedSpectralPrototype.lean:145:31: warning: This simp argument is unused:
  Pi.mul_def

Hint: Omit it from the simp argument list.
  [apply] simp [mzero, mdir, mul_comm]

Note: This linter can be disabled with `set_option linter.unusedSimpArgs false`
'_private.«.astis».BoundedSpectralPrototype.0.BoundedSpectralPrototype.spectral_graph' depends on axioms: [propext,
 Classical.choice,
 Quot.sound]
'_private.«.astis».BoundedSpectralPrototype.0.BoundedSpectralPrototype.inverse_lap' depends on axioms: [propext,
 Classical.choice,
 Quot.sound]
'_private.«.astis».BoundedSpectralPrototype.0.BoundedSpectralPrototype.inverse_dir' depends on axioms: [propext,
 Classical.choice,
 Quot.sound]
'BoundedSpectralPrototype.actual_bounded_multiplier' depends on axioms: [propext, Classical.choice, Quot.sound]
'BoundedSpectralPrototype.actual_bounded_multiplier_schwartz' depends on axioms: [propext, Classical.choice, Quot.sound]
'BoundedSpectralPrototype.actual_bounded_multiplier_norm' depends on axioms: [propext, Classical.choice, Quot.sound]
