.astis/BoundedSpectralPrototype.lean:106:8: warning: automatically included section variable(s) unused in theorem `_private.«.astis».BoundedSpectralPrototype.0.BoundedSpectralPrototype.mzero_growth`:
  [FiniteDimensional ℝ E]
  [MeasurableSpace E]
  [BorelSpace E]
consider restructuring your `variable` declarations so that the variables are not in scope or explicitly omit them:
  omit [FiniteDimensional ℝ E] [MeasurableSpace E] [BorelSpace E] in theorem ...

Note: This linter can be disabled with `set_option linter.unusedSectionVars false`
.astis/BoundedSpectralPrototype.lean:108:8: warning: automatically included section variable(s) unused in theorem `_private.«.astis».BoundedSpectralPrototype.0.BoundedSpectralPrototype.mlap_growth`:
  [FiniteDimensional ℝ E]
  [MeasurableSpace E]
  [BorelSpace E]
consider restructuring your `variable` declarations so that the variables are not in scope or explicitly omit them:
  omit [FiniteDimensional ℝ E] [MeasurableSpace E] [BorelSpace E] in theorem ...

Note: This linter can be disabled with `set_option linter.unusedSectionVars false`
.astis/BoundedSpectralPrototype.lean:110:8: warning: automatically included section variable(s) unused in theorem `_private.«.astis».BoundedSpectralPrototype.0.BoundedSpectralPrototype.mdir_growth`:
  [FiniteDimensional ℝ E]
  [MeasurableSpace E]
  [BorelSpace E]
consider restructuring your `variable` declarations so that the variables are not in scope or explicitly omit them:
  omit [FiniteDimensional ℝ E] [MeasurableSpace E] [BorelSpace E] in theorem ...

Note: This linter can be disabled with `set_option linter.unusedSectionVars false`
.astis/BoundedSpectralPrototype.lean:115:46: error: not a positivity goal
.astis/BoundedSpectralPrototype.lean:116:8: warning: automatically included section variable(s) unused in theorem `_private.«.astis».BoundedSpectralPrototype.0.BoundedSpectralPrototype.mlap_bound`:
  [InnerProductSpace ℝ E]
  [FiniteDimensional ℝ E]
  [MeasurableSpace E]
  [BorelSpace E]
consider restructuring your `variable` declarations so that the variables are not in scope or explicitly omit them:
  omit [InnerProductSpace ℝ E] [FiniteDimensional ℝ E] [MeasurableSpace E] [BorelSpace E] in theorem ...

Note: This linter can be disabled with `set_option linter.unusedSectionVars false`
.astis/BoundedSpectralPrototype.lean:121:8: warning: automatically included section variable(s) unused in theorem `_private.«.astis».BoundedSpectralPrototype.0.BoundedSpectralPrototype.mdir_bound`:
  [FiniteDimensional ℝ E]
  [MeasurableSpace E]
  [BorelSpace E]
consider restructuring your `variable` declarations so that the variables are not in scope or explicitly omit them:
  omit [FiniteDimensional ℝ E] [MeasurableSpace E] [BorelSpace E] in theorem ...

Note: This linter can be disabled with `set_option linter.unusedSectionVars false`
.astis/BoundedSpectralPrototype.lean:132:4: error: Tactic `rewrite` failed: Did not find an occurrence of the pattern
  (fourierMultiplierCLM ?m.75 mzero) ((fourierMultiplierCLM ?m.75 ?m.83) ?f)
in the target expression
  -(2 * Real.pi) ^ 2 • (fourierMultiplierCLM ℂ fun x => ↑(‖x‖ ^ 2)) ((fourierMultiplierCLM ℂ mzero) t) =
    -(2 * Real.pi) ^ 2 • (fourierMultiplierCLM ℂ mlap) t

E : Type u_1
inst✝⁴ : NormedAddCommGroup E
inst✝³ : InnerProductSpace ℝ E
inst✝² : FiniteDimensional ℝ E
inst✝¹ : MeasurableSpace E
inst✝ : BorelSpace E
t : 𝓢'(E, ℂ)
⊢ -(2 * Real.pi) ^ 2 • (fourierMultiplierCLM ℂ fun x => ↑(‖x‖ ^ 2)) ((fourierMultiplierCLM ℂ mzero) t) =
    -(2 * Real.pi) ^ 2 • (fourierMultiplierCLM ℂ mlap) t
.astis/BoundedSpectralPrototype.lean:142:4: error: Tactic `rewrite` failed: Did not find an occurrence of the pattern
  (fourierMultiplierCLM ?m.69 mzero) ((fourierMultiplierCLM ?m.69 ?m.77) ?f)
in the target expression
  (2 * ↑Real.pi * Complex.I) • (fourierMultiplierCLM ℂ fun x => ↑⟪x, a⟫_ℝ) ((fourierMultiplierCLM ℂ mzero) t) =
    (2 * ↑Real.pi * Complex.I) • (fourierMultiplierCLM ℂ (mdir a)) t

E : Type u_1
inst✝⁴ : NormedAddCommGroup E
inst✝³ : InnerProductSpace ℝ E
inst✝² : FiniteDimensional ℝ E
inst✝¹ : MeasurableSpace E
inst✝ : BorelSpace E
a : E
t : 𝓢'(E, ℂ)
⊢ (2 * ↑Real.pi * Complex.I) • (fourierMultiplierCLM ℂ fun x => ↑⟪x, a⟫_ℝ) ((fourierMultiplierCLM ℂ mzero) t) =
    (2 * ↑Real.pi * Complex.I) • (fourierMultiplierCLM ℂ (mdir a)) t
'_private.«.astis».BoundedSpectralPrototype.0.BoundedSpectralPrototype.inverse_lap' depends on axioms: [propext,
 sorryAx,
 Classical.choice,
 Quot.sound]
'_private.«.astis».BoundedSpectralPrototype.0.BoundedSpectralPrototype.inverse_dir' depends on axioms: [propext,
 sorryAx,
 Classical.choice,
 Quot.sound]
'BoundedSpectralPrototype.actual_bounded_multiplier' depends on axioms: [propext, Classical.choice, Quot.sound]
'BoundedSpectralPrototype.actual_bounded_multiplier_schwartz' depends on axioms: [propext, Classical.choice, Quot.sound]
'BoundedSpectralPrototype.actual_bounded_multiplier_norm' depends on axioms: [propext, Classical.choice, Quot.sound]
