AutoSamplingTheory/TechnicalLemmas/FunctionalInequalities/CompactPoissonSmoothGraph.lean:75:8: warning: automatically included section variable(s) unused in theorem `_private.AutoSamplingTheory.TechnicalLemmas.FunctionalInequalities.CompactPoissonSmoothGraph.0.AutoSamplingTheory.TechnicalLemmas.FunctionalInequalities.CompactPoissonSmoothGraph.mzero_growth`:
  [FiniteDimensional ℝ E]
  [MeasurableSpace E]
  [BorelSpace E]
consider restructuring your `variable` declarations so that the variables are not in scope or explicitly omit them:
  omit [FiniteDimensional ℝ E] [MeasurableSpace E] [BorelSpace E] in theorem ...

Note: This linter can be disabled with `set_option linter.unusedSectionVars false`
AutoSamplingTheory/TechnicalLemmas/FunctionalInequalities/CompactPoissonSmoothGraph.lean:77:8: warning: automatically included section variable(s) unused in theorem `_private.AutoSamplingTheory.TechnicalLemmas.FunctionalInequalities.CompactPoissonSmoothGraph.0.AutoSamplingTheory.TechnicalLemmas.FunctionalInequalities.CompactPoissonSmoothGraph.mlap_growth`:
  [FiniteDimensional ℝ E]
  [MeasurableSpace E]
  [BorelSpace E]
consider restructuring your `variable` declarations so that the variables are not in scope or explicitly omit them:
  omit [FiniteDimensional ℝ E] [MeasurableSpace E] [BorelSpace E] in theorem ...

Note: This linter can be disabled with `set_option linter.unusedSectionVars false`
AutoSamplingTheory/TechnicalLemmas/FunctionalInequalities/CompactPoissonSmoothGraph.lean:79:8: warning: automatically included section variable(s) unused in theorem `_private.AutoSamplingTheory.TechnicalLemmas.FunctionalInequalities.CompactPoissonSmoothGraph.0.AutoSamplingTheory.TechnicalLemmas.FunctionalInequalities.CompactPoissonSmoothGraph.mdir_growth`:
  [FiniteDimensional ℝ E]
  [MeasurableSpace E]
  [BorelSpace E]
consider restructuring your `variable` declarations so that the variables are not in scope or explicitly omit them:
  omit [FiniteDimensional ℝ E] [MeasurableSpace E] [BorelSpace E] in theorem ...

Note: This linter can be disabled with `set_option linter.unusedSectionVars false`
AutoSamplingTheory/TechnicalLemmas/FunctionalInequalities/CompactPoissonSmoothGraph.lean:81:8: warning: automatically included section variable(s) unused in theorem `_private.AutoSamplingTheory.TechnicalLemmas.FunctionalInequalities.CompactPoissonSmoothGraph.0.AutoSamplingTheory.TechnicalLemmas.FunctionalInequalities.CompactPoissonSmoothGraph.mzero_bound`:
  [InnerProductSpace ℝ E]
  [FiniteDimensional ℝ E]
  [MeasurableSpace E]
  [BorelSpace E]
consider restructuring your `variable` declarations so that the variables are not in scope or explicitly omit them:
  omit [InnerProductSpace ℝ E] [FiniteDimensional ℝ E] [MeasurableSpace E] [BorelSpace E] in theorem ...

Note: This linter can be disabled with `set_option linter.unusedSectionVars false`
AutoSamplingTheory/TechnicalLemmas/FunctionalInequalities/CompactPoissonSmoothGraph.lean:85:8: warning: automatically included section variable(s) unused in theorem `_private.AutoSamplingTheory.TechnicalLemmas.FunctionalInequalities.CompactPoissonSmoothGraph.0.AutoSamplingTheory.TechnicalLemmas.FunctionalInequalities.CompactPoissonSmoothGraph.mlap_bound`:
  [InnerProductSpace ℝ E]
  [FiniteDimensional ℝ E]
  [MeasurableSpace E]
  [BorelSpace E]
consider restructuring your `variable` declarations so that the variables are not in scope or explicitly omit them:
  omit [InnerProductSpace ℝ E] [FiniteDimensional ℝ E] [MeasurableSpace E] [BorelSpace E] in theorem ...

Note: This linter can be disabled with `set_option linter.unusedSectionVars false`
AutoSamplingTheory/TechnicalLemmas/FunctionalInequalities/CompactPoissonSmoothGraph.lean:90:8: warning: automatically included section variable(s) unused in theorem `_private.AutoSamplingTheory.TechnicalLemmas.FunctionalInequalities.CompactPoissonSmoothGraph.0.AutoSamplingTheory.TechnicalLemmas.FunctionalInequalities.CompactPoissonSmoothGraph.mdir_bound`:
  [FiniteDimensional ℝ E]
  [MeasurableSpace E]
  [BorelSpace E]
consider restructuring your `variable` declarations so that the variables are not in scope or explicitly omit them:
  omit [FiniteDimensional ℝ E] [MeasurableSpace E] [BorelSpace E] in theorem ...

Note: This linter can be disabled with `set_option linter.unusedSectionVars false`
AutoSamplingTheory/TechnicalLemmas/FunctionalInequalities/CompactPoissonSmoothGraph.lean:203:8: warning: automatically included section variable(s) unused in theorem `_private.AutoSamplingTheory.TechnicalLemmas.FunctionalInequalities.CompactPoissonSmoothGraph.0.AutoSamplingTheory.TechnicalLemmas.FunctionalInequalities.CompactPoissonSmoothGraph.real_postcomp_derivative`:
  [FiniteDimensional ℝ E]
  [MeasurableSpace E]
  [BorelSpace E]
consider restructuring your `variable` declarations so that the variables are not in scope or explicitly omit them:
  omit [FiniteDimensional ℝ E] [MeasurableSpace E] [BorelSpace E] in theorem ...

Note: This linter can be disabled with `set_option linter.unusedSectionVars false`
AutoSamplingTheory/TechnicalLemmas/FunctionalInequalities/CompactPoissonSmoothGraph.lean:279:8: warning: automatically included section variable(s) unused in theorem `_private.AutoSamplingTheory.TechnicalLemmas.FunctionalInequalities.CompactPoissonSmoothGraph.0.AutoSamplingTheory.TechnicalLemmas.FunctionalInequalities.CompactPoissonSmoothGraph.real_projection_line`:
  [FiniteDimensional ℝ E]
  [MeasurableSpace E]
  [BorelSpace E]
consider restructuring your `variable` declarations so that the variables are not in scope or explicitly omit them:
  omit [FiniteDimensional ℝ E] [MeasurableSpace E] [BorelSpace E] in theorem ...

Note: This linter can be disabled with `set_option linter.unusedSectionVars false`
AutoSamplingTheory/TechnicalLemmas/FunctionalInequalities/CompactPoissonSmoothGraph.lean:289:8: warning: automatically included section variable(s) unused in theorem `_private.AutoSamplingTheory.TechnicalLemmas.FunctionalInequalities.CompactPoissonSmoothGraph.0.AutoSamplingTheory.TechnicalLemmas.FunctionalInequalities.CompactPoissonSmoothGraph.real_projection_lap`:
  [MeasurableSpace E]
  [BorelSpace E]
consider restructuring your `variable` declarations so that the variables are not in scope or explicitly omit them:
  omit [MeasurableSpace E] [BorelSpace E] in theorem ...

Note: This linter can be disabled with `set_option linter.unusedSectionVars false`
AutoSamplingTheory/TechnicalLemmas/FunctionalInequalities/CompactPoissonSmoothGraph.lean:301:8: warning: automatically included section variable(s) unused in theorem `_private.AutoSamplingTheory.TechnicalLemmas.FunctionalInequalities.CompactPoissonSmoothGraph.0.AutoSamplingTheory.TechnicalLemmas.FunctionalInequalities.CompactPoissonSmoothGraph.schwartz_gradient_apply`:
  [MeasurableSpace E]
  [BorelSpace E]
consider restructuring your `variable` declarations so that the variables are not in scope or explicitly omit them:
  omit [MeasurableSpace E] [BorelSpace E] in theorem ...

Note: This linter can be disabled with `set_option linter.unusedSectionVars false`
AutoSamplingTheory/TechnicalLemmas/FunctionalInequalities/CompactPoissonSmoothGraph.lean:418:8: warning: automatically included section variable(s) unused in theorem `_private.AutoSamplingTheory.TechnicalLemmas.FunctionalInequalities.CompactPoissonSmoothGraph.0.AutoSamplingTheory.TechnicalLemmas.FunctionalInequalities.CompactPoissonSmoothGraph.directional_second`:
  [FiniteDimensional ℝ E]
  [MeasurableSpace E]
  [BorelSpace E]
consider restructuring your `variable` declarations so that the variables are not in scope or explicitly omit them:
  omit [FiniteDimensional ℝ E] [MeasurableSpace E] [BorelSpace E] in theorem ...

Note: This linter can be disabled with `set_option linter.unusedSectionVars false`
AutoSamplingTheory/TechnicalLemmas/FunctionalInequalities/CompactPoissonSmoothGraph.lean:424:8: warning: automatically included section variable(s) unused in theorem `_private.AutoSamplingTheory.TechnicalLemmas.FunctionalInequalities.CompactPoissonSmoothGraph.0.AutoSamplingTheory.TechnicalLemmas.FunctionalInequalities.CompactPoissonSmoothGraph.first_product`:
  [FiniteDimensional ℝ E]
  [MeasurableSpace E]
  [BorelSpace E]
consider restructuring your `variable` declarations so that the variables are not in scope or explicitly omit them:
  omit [FiniteDimensional ℝ E] [MeasurableSpace E] [BorelSpace E] in theorem ...

Note: This linter can be disabled with `set_option linter.unusedSectionVars false`
AutoSamplingTheory/TechnicalLemmas/FunctionalInequalities/CompactPoissonSmoothGraph.lean:458:8: warning: automatically included section variable(s) unused in theorem `_private.AutoSamplingTheory.TechnicalLemmas.FunctionalInequalities.CompactPoissonSmoothGraph.0.AutoSamplingTheory.TechnicalLemmas.FunctionalInequalities.CompactPoissonSmoothGraph.laplacian_trace`:
  [MeasurableSpace E]
  [BorelSpace E]
consider restructuring your `variable` declarations so that the variables are not in scope or explicitly omit them:
  omit [MeasurableSpace E] [BorelSpace E] in theorem ...

Note: This linter can be disabled with `set_option linter.unusedSectionVars false`
AutoSamplingTheory/TechnicalLemmas/FunctionalInequalities/CompactPoissonSmoothGraph.lean:484:8: warning: automatically included section variable(s) unused in theorem `_private.AutoSamplingTheory.TechnicalLemmas.FunctionalInequalities.CompactPoissonSmoothGraph.0.AutoSamplingTheory.TechnicalLemmas.FunctionalInequalities.CompactPoissonSmoothGraph.outer_plateau`:
  [MeasurableSpace E]
  [BorelSpace E]
consider restructuring your `variable` declarations so that the variables are not in scope or explicitly omit them:
  omit [MeasurableSpace E] [BorelSpace E] in theorem ...

Note: This linter can be disabled with `set_option linter.unusedSectionVars false`
AutoSamplingTheory/TechnicalLemmas/FunctionalInequalities/CompactPoissonSmoothGraph.lean:640:4: error: 'change' tactic failed, pattern
  Δ (⇑(q n)) x = θ x * Δ (⇑(r n)) x + 2 * ⟪gradient (⇑θ) x, gradient (⇑(r n)) x⟫_ℝ + Δ (⇑θ) x * (r n) x
is not definitionally equal to target
  (Δ (q n)) x =
    ((ContinuousLinearMap.lsmul ℝ ℝ) (θ x)) ((Δ (r n)) x) +
        2 • ((innerSL ℝ) ((schwartz_gradient θ) x)) ((schwartz_gradient (r n)) x) +
      ((ContinuousLinearMap.lsmul ℝ ℝ) ((Δ θ) x)) ((r n) x)
AutoSamplingTheory/TechnicalLemmas/FunctionalInequalities/CompactPoissonSmoothGraph.lean:687:4: error: Type mismatch: After simplification, term
  SchwartzMap.memLp (schwartz_gradient (φ n)) 2 volume
 has type
  @MemLp E E measureSpaceOfInnerProductSpace.toMeasurableSpace SeminormedAddGroup.toContinuousENorm.toENorm
    PseudoMetricSpace.toUniformSpace.toTopologicalSpace (⇑(schwartz_gradient (φ n))) 2 volume
but is expected to have type
  @MemLp E E measureSpaceOfInnerProductSpace.toMeasurableSpace SeminormedAddGroup.toContinuousENorm.toENorm
    PseudoMetricSpace.toUniformSpace.toTopologicalSpace (gradient ⇑(φ n)) 2 volume
'AutoSamplingTheory.TechnicalLemmas.FunctionalInequalities.CompactPoissonSmoothGraph.compact_weak_poisson_smooth_graph_approximation' depends on axioms: [propext,
 sorryAx,
 Classical.choice,
 Quot.sound]
