.lake/packages/mathlib/Mathlib/Analysis/InnerProductSpace/Adjoint.lean:132:theorem adjoint_adjoint (A : E →L[𝕜] F) : A†† = A :=
.lake/packages/mathlib/Mathlib/Analysis/InnerProductSpace/Adjoint.lean:138:theorem adjoint_comp (A : F →L[𝕜] G) (B : E →L[𝕜] F) : (A ∘L B)† = B† ∘L A† := by
.lake/packages/mathlib/Mathlib/Analysis/InnerProductSpace/Adjoint.lean:186:  rw [← U.adjoint_subtypeL, adjoint_adjoint]
.lake/packages/mathlib/Mathlib/Analysis/InnerProductSpace/Adjoint.lean:231:theorem ker_adjoint_comp_self (T : E →L[𝕜] F) : (T† ∘L T).ker = T.ker := by
.lake/packages/mathlib/Mathlib/Analysis/InnerProductSpace/Adjoint.lean:237:  simpa using T†.ker_adjoint_comp_self
.lake/packages/mathlib/Mathlib/Analysis/InnerProductSpace/Adjoint.lean:244:lemma adjoint_comp_self_injective_iff (T : E →L[𝕜] F) :
.lake/packages/mathlib/Mathlib/Analysis/InnerProductSpace/Adjoint.lean:247:    ker_adjoint_comp_self]
.lake/packages/mathlib/Mathlib/Analysis/InnerProductSpace/Adjoint.lean:256:  simpa using T†.adjoint_comp_self_injective_iff
.lake/packages/mathlib/Mathlib/Analysis/InnerProductSpace/Adjoint.lean:263:  ⟨adjoint_adjoint⟩
.lake/packages/mathlib/Mathlib/Analysis/InnerProductSpace/Adjoint.lean:266:  ⟨adjoint_comp⟩
.lake/packages/mathlib/Mathlib/Analysis/InnerProductSpace/Adjoint.lean:283:theorem norm_adjoint_comp_self (A : E →L[𝕜] F) :
.lake/packages/mathlib/Mathlib/Analysis/InnerProductSpace/Adjoint.lean:302:@[simp] theorem adjoint_comp_self_eq_zero_iff {A : E →L[𝕜] F} :
.lake/packages/mathlib/Mathlib/Analysis/InnerProductSpace/Adjoint.lean:303:    adjoint A ∘L A = 0 ↔ A = 0 := by rw [← norm_eq_zero]; simp [norm_adjoint_comp_self]
.lake/packages/mathlib/Mathlib/Analysis/InnerProductSpace/Adjoint.lean:308:  norm_mul_self_le x := le_of_eq <| Eq.symm <| norm_adjoint_comp_self x
.lake/packages/mathlib/Mathlib/Analysis/InnerProductSpace/Adjoint.lean:335:  simp [rankOne_def', adjoint_comp, ← adjoint_innerSL_apply]
.lake/packages/mathlib/Mathlib/Analysis/InnerProductSpace/Adjoint.lean:370:  simp only [hT, adjoint_comp, adjoint_adjoint]
.lake/packages/mathlib/Mathlib/Analysis/InnerProductSpace/Adjoint.lean:377:  simp only [hT, adjoint_comp, adjoint_adjoint]
.lake/packages/mathlib/Mathlib/Analysis/InnerProductSpace/Adjoint.lean:596:theorem adjoint_adjoint (A : E →ₗ[𝕜] F) : A.adjoint.adjoint = A := by
.lake/packages/mathlib/Mathlib/Analysis/InnerProductSpace/Adjoint.lean:604:theorem adjoint_comp (A : F →ₗ[𝕜] G) (B : E →ₗ[𝕜] F) :
.lake/packages/mathlib/Mathlib/Analysis/InnerProductSpace/Adjoint.lean:641:lemma ker_adjoint_comp_self (A : E →ₗ[𝕜] F) : (A.adjoint ∘ₗ A).ker = A.ker := by
.lake/packages/mathlib/Mathlib/Analysis/InnerProductSpace/Adjoint.lean:644:  simpa using! A.toContinuousLinearMap.ker_adjoint_comp_self
.lake/packages/mathlib/Mathlib/Analysis/InnerProductSpace/Adjoint.lean:647:  simpa using A.adjoint.ker_adjoint_comp_self
.lake/packages/mathlib/Mathlib/Analysis/InnerProductSpace/Adjoint.lean:654:lemma adjoint_comp_self_injective_iff (A : E →ₗ[𝕜] F) :
.lake/packages/mathlib/Mathlib/Analysis/InnerProductSpace/Adjoint.lean:656:  rw [← coe_comp, ← ker_eq_bot, ← ker_eq_bot, ker_adjoint_comp_self]
.lake/packages/mathlib/Mathlib/Analysis/InnerProductSpace/Adjoint.lean:665:  simpa using A.adjoint.adjoint_comp_self_injective_iff
.lake/packages/mathlib/Mathlib/Analysis/InnerProductSpace/Adjoint.lean:668:lemma range_adjoint_comp_self (A : E →ₗ[𝕜] F) : (A.adjoint ∘ₗ A).range = A.adjoint.range :=
.lake/packages/mathlib/Mathlib/Analysis/InnerProductSpace/Adjoint.lean:671:    _ = A.adjoint.range := by rw [ker_adjoint_comp_self, orthogonal_ker]
.lake/packages/mathlib/Mathlib/Analysis/InnerProductSpace/Adjoint.lean:674:  simpa using A.adjoint.range_adjoint_comp_self
.lake/packages/mathlib/Mathlib/Analysis/InnerProductSpace/Adjoint.lean:682:    orthogonal_ker, adjoint_adjoint]; simp
.lake/packages/mathlib/Mathlib/Analysis/InnerProductSpace/Adjoint.lean:709:  ⟨adjoint_adjoint⟩
.lake/packages/mathlib/Mathlib/Analysis/InnerProductSpace/Adjoint.lean:712:  ⟨adjoint_comp⟩
.lake/packages/mathlib/Mathlib/Analysis/InnerProductSpace/Adjoint.lean:756:theorem isSymmetric_adjoint_comp_self (T : E →ₗ[𝕜] F) : (adjoint T ∘ₗ T).IsSymmetric := by
.lake/packages/mathlib/Mathlib/Analysis/InnerProductSpace/Adjoint.lean:759:/-- The Gram operator T†T is symmetric. See `LinearMap.isSymmetric_adjoint_comp_self` for a version
.lake/packages/mathlib/Mathlib/Analysis/InnerProductSpace/Adjoint.lean:843:theorem inner_map_map_iff_adjoint_comp_self (u : H →L[𝕜] K) :
.lake/packages/mathlib/Mathlib/Analysis/InnerProductSpace/Adjoint.lean:850:theorem norm_map_iff_adjoint_comp_self (u : H →L[𝕜] K) :
.lake/packages/mathlib/Mathlib/Analysis/InnerProductSpace/Adjoint.lean:852:  rw [LinearMap.norm_map_iff_inner_map_map u, u.inner_map_map_iff_adjoint_comp_self]
.lake/packages/mathlib/Mathlib/Analysis/InnerProductSpace/Adjoint.lean:854:theorem isometry_iff_adjoint_comp_self (u : H →L[𝕜] K) :
.lake/packages/mathlib/Mathlib/Analysis/InnerProductSpace/Adjoint.lean:856:  rw [AddMonoidHomClass.isometry_iff_norm, norm_map_iff_adjoint_comp_self]
.lake/packages/mathlib/Mathlib/Analysis/InnerProductSpace/Adjoint.lean:864:      rw [← comp_assoc, norm_map_iff_adjoint_comp_self _ |>.mp e.norm_map, one_def, id_comp]
.lake/packages/mathlib/Mathlib/Analysis/InnerProductSpace/Adjoint.lean:883:  u.norm_map_iff_adjoint_comp_self.mpr this x
.lake/packages/mathlib/Mathlib/Analysis/InnerProductSpace/Adjoint.lean:889:  u.inner_map_map_iff_adjoint_comp_self.mpr this x y
.lake/packages/mathlib/Mathlib/Analysis/InnerProductSpace/Adjoint.lean:982:          (e : H →L[𝕜] H).norm_map_iff_adjoint_comp_self.mp e.norm_map }
.lake/packages/mathlib/Mathlib/Analysis/InnerProductSpace/Adjoint.lean:1062:theorem LinearIsometry.adjoint_comp_self {E E' : Type*}
.lake/packages/mathlib/Mathlib/Analysis/InnerProductSpace/Adjoint.lean:1066:  f.toContinuousLinearMap.isometry_iff_adjoint_comp_self.mp f.isometry
.lake/packages/mathlib/Mathlib/Analysis/InnerProductSpace/Adjoint.lean:1068:/-- A version of `LinearIsometry.adjoint_comp_self` in terms of `LinearMap.adjoint`. -/
.lake/packages/mathlib/Mathlib/Analysis/InnerProductSpace/Adjoint.lean:1070:theorem LinearIsometry.adjoint_comp_self' {E E' : Type*}
.lake/packages/mathlib/Mathlib/Analysis/InnerProductSpace/Adjoint.lean:1077:  exact congr($(f.adjoint_comp_self) x)
AutoSamplingTheory/ExampleCases/ProximalBPS\AmbientAdjointCorrector.lean:202:      _ = ΓP0.adjoint ∘L V0.adjoint := ContinuousLinearMap.adjoint_comp V0 ΓP0
AutoSamplingTheory/ExampleCases/ProximalBPS\ReflectionL2.lean:46:        star B*B=P-A^2 ∧ star B*D= -(A*star B) ∧
AutoSamplingTheory/ExampleCases/ProximalBPS\ReflectionL2.lean:123:  have block_algebra {A : Type u} [Ring A] [StarRing A] (U P : A)
AutoSamplingTheory/ExampleCases/ProximalBPS\ReflectionL2.lean:128:      star B*B=P-A₀^2 ∧ star B*D= -(A₀*star B) := by
AutoSamplingTheory/ExampleCases/ProximalBPS\ReflectionL2.lean:169:  obtain ⟨hBB,hBD⟩ := block_algebra U.toContinuousLinearMap P hUs.star_eq hP.star_eq hUU hPP
AutoSamplingTheory/ExampleCases/ProximalBPS\PolarIsometry.lean:154:    (ContinuousLinearMap.norm_map_iff_adjoint_comp_self V0).mp hVnorm
AutoSamplingTheory/ExampleCases/ProximalBPS\MacroscopicEnergy.lean:54:        star B * B = P - A^2 ∧ star B * D = -(A * star B) ∧
AutoSamplingTheory/ExampleCases/ProximalBPS\MacroscopicDefectRoot.lean:174:        simp only [B,ContinuousLinearMap.adjoint_comp,ContinuousLinearMap.comp_assoc]
AutoSamplingTheory/ExampleCases/ProximalBPS\DefectComplexLift.lean:59:  obtain ⟨hι,hfixed,Dc,hpos,hformula,hintertwine,hconj⟩ :=
AutoSamplingTheory/ExampleCases/ProximalBPS\DefectComplexLift.lean:63:    hformula,hintertwine,hconj⟩
AutoSamplingTheory/TechnicalLemmas\Registry.lean:2219:    note := "Independently exact-science60 verified 0a77416f5ec38702c46ec1358966b9dd4846c8d3. Arbitrary measure real positive bounded D; actual compLpL scalar maps, norm-preserving embedding, full pointwise-conjugation fixed range, actual positive bounded complex lift with literal formula/intertwining/conjugation. Reused by actual PBPS consumer. Complex-root API test only; real-root preservation/descent/Gamma/B11/polar/fullH1/dynamics/main/error/cost/composition remain open."
AutoSamplingTheory/TechnicalLemmas\Measure\L2RealSquareRoot.lean:109:  obtain ⟨hnorm,hfixed,Dc,hDc,hformula,hintertwine,hconj⟩ :=
AutoSamplingTheory/TechnicalLemmas\Measure\L2RealSquareRoot.lean:151:    exact hp.trans (hintertwine u)
