fun {E} [NormedAddCommGroup E] [InnerProductSpace ℝ E] [FiniteDimensional ℝ E] [MeasurableSpace E] [BorelSpace E] {V}
    {α β} {η} hα hαβ hV hH hη hβη =>
  let μ := ℙ.tilted fun x => -V x;
  let J := Measure.map (fun p => (p.1, p.1 + √η • p.2)) (μ.prod (stdGaussian E));
  let F := fun p => (p.1, 2 • p.1 - p.2);
  let P := (lpMeas ℝ ℝ (MeasurableSpace.comap Prod.snd inferInstance) 2 J).subtypeL ∘SL condExpL2 ℝ ℝ ⋯;
  ∃ U,
    (∀ (g : ↥(Lp ℝ 2 J)), ↑↑(U g) =ᵐ[J] ↑↑g ∘ F) ∧
      Function.Involutive ⇑U ∧
        IsSelfAdjoint U.toContinuousLinearMap ∧
          let A := P * U.toContinuousLinearMap * P;
          let B := (1 - P) * U.toContinuousLinearMap * P;
          ∀ f ∈ (↑P).range,
            ∫ (p : E × E), ↑↑f p ∂J = 0 →
              ‖A f‖ ≤ (1 - ↑α * η) / (1 + ↑α * η) * ‖f‖ ∧
                4 * ↑α * η / (1 + ↑α * η) ^ 2 * ‖f‖ ^ 2 ≤
                  ‖B f‖ ^
                    2 : {E : Type u_1} →
  [inst : NormedAddCommGroup E] →
    [inst_1 : InnerProductSpace ℝ E] →
      [FiniteDimensional ℝ E] →
        [inst_3 : MeasurableSpace E] →
          [BorelSpace E] →
            {V : E → ℝ} →
              {α β : ℝ≥0} →
                {η : ℝ} →
                  0 < ↑α →
                    α ≤ β →
                      ContDiff ℝ 2 V →
                        (∀ (x v : E),
                            ↑α * ‖v‖ ^ 2 ≤ ((fderiv ℝ (fderiv ℝ V) x) v) v ∧
                              ((fderiv ℝ (fderiv ℝ V) x) v) v ≤ ↑β * ‖v‖ ^ 2) →
                          0 < η → ↑β * η ≤ 1 → Prop
.astis\pbps-marginal-gradient51\StatementConsumer58.lean:9:5: warning: Variable name `hα` is not explicitly referenced.

Hint: The binding can be removed (if unused) or named `_` (if used implicitly). Alternatively, prefix the name with `_` to silence this warning:
  [apply] _hα

Note: This linter can be disabled with `set_option linter.unusedVariables false`
.astis\pbps-marginal-gradient51\StatementConsumer58.lean:9:24: warning: Variable name `hαβ` is not explicitly referenced.

Hint: The binding can be removed (if unused) or named `_` (if used implicitly). Alternatively, prefix the name with `_` to silence this warning:
  [apply] _hαβ

Note: This linter can be disabled with `set_option linter.unusedVariables false`
.astis\pbps-marginal-gradient51\StatementConsumer58.lean:9:38: warning: Variable name `hV` is not explicitly referenced.

Hint: The binding can be removed (if unused) or named `_` (if used implicitly). Alternatively, prefix the name with `_` to silence this warning:
  [apply] _hV

Note: This linter can be disabled with `set_option linter.unusedVariables false`
.astis\pbps-marginal-gradient51\StatementConsumer58.lean:10:5: warning: Variable name `hH` is not explicitly referenced.

Hint: The binding can be removed (if unused) or named `_` (if used implicitly). Alternatively, prefix the name with `_` to silence this warning:
  [apply] _hH

Note: This linter can be disabled with `set_option linter.unusedVariables false`
.astis\pbps-marginal-gradient51\StatementConsumer58.lean:13:5: warning: Variable name `hη` is not explicitly referenced.

Hint: The binding can be removed (if unused) or named `_` (if used implicitly). Alternatively, prefix the name with `_` to silence this warning:
  [apply] _hη

Note: This linter can be disabled with `set_option linter.unusedVariables false`
.astis\pbps-marginal-gradient51\StatementConsumer58.lean:13:18: warning: Variable name `hβη` is not explicitly referenced.

Hint: The binding can be removed (if unused) or named `_` (if used implicitly). Alternatively, prefix the name with `_` to silence this warning:
  [apply] _hβη

Note: This linter can be disabled with `set_option linter.unusedVariables false`
