 M agent-briefs/mathlib_ready_leaf_packet.md
 M agent-briefs/mathlib_ready_leaf_reviewer_checklist.md
 M docs/assets/log_concave_sampling_foundation.mmd
 M docs/assets/log_concave_sampling_status.mmd
 M docs/assets/sampling_lemma_dag.mmd
 M docs/mathlib_ready_leaf_protocol.md
 M docs/mathlib_ready_leaf_reviewer_checklist.md
 M research-wiki/external-lean-libraries/atlas-v1.md
 M research-wiki/external-lean-libraries/lean-rademacher.md
 M research-wiki/external-lean-libraries/mathlib.md
 M research-wiki/lemma-dags/Pro_assimilated_leaf_targets.md
 M research-wiki/lemma-dags/README.md
 M research-wiki/lemma-dags/SALD_weak_fp_leaf_dag.md
 M research-wiki/lemma-dags/SDE_Sampling_skill_tree.md
 M research-wiki/sampling-sde-library/index.md
 M research-wiki/technical-lemma-memory/README.md
 M research-wiki/technical-lemma-memory/hidden_regularities.md
 M research-wiki/technical-lemma-memory/mathlib_ready_leaf_template.md
 M research-wiki/technical-lemmas/README.md
 M research-wiki/technical-lemmas/hidden_regularities.md
 M research-wiki/technical-lemmas/mathlib_ready_leaf_template.md
 M runs/substantive_advances.jsonl
