⚠ [3033/3043] Replayed AutoSamplingTheory.TechnicalLemmas.FunctionalInequalities.CompactC1GradientDomain
warning: AutoSamplingTheory/TechnicalLemmas/FunctionalInequalities/CompactC1GradientDomain.lean:100:8: automatically included section variable(s) unused in theorem `_private.AutoSamplingTheory.TechnicalLemmas.FunctionalInequalities.CompactC1GradientDomain.0.AutoSamplingTheory.TechnicalLemmas.FunctionalInequalities.CompactC1GradientDomain.l2_convergence`:
  [NormedAddCommGroup E]
  [InnerProductSpace ℝ E]
  [FiniteDimensional ℝ E]
  [BorelSpace E]
consider restructuring your `variable` declarations so that the variables are not in scope or explicitly omit them:
  omit [NormedAddCommGroup E] [InnerProductSpace ℝ E] [FiniteDimensional ℝ E] [BorelSpace E] in theorem ...

Note: This linter can be disabled with `set_option linter.unusedSectionVars false`
⚠ [3042/3043] Replayed AutoSamplingTheory.TechnicalLemmas.FunctionalInequalities.OrdinaryWeakResolvent
warning: AutoSamplingTheory/TechnicalLemmas/FunctionalInequalities/OrdinaryWeakResolvent.lean:16:8: automatically included section variable(s) unused in theorem `_private.AutoSamplingTheory.TechnicalLemmas.FunctionalInequalities.OrdinaryWeakResolvent.0.AutoSamplingTheory.TechnicalLemmas.FunctionalInequalities.OrdinaryWeakResolvent.inverseweight_gradient`:
  [MeasurableSpace E]
  [BorelSpace E]
consider restructuring your `variable` declarations so that the variables are not in scope or explicitly omit them:
  omit [MeasurableSpace E] [BorelSpace E] in theorem ...

Note: This linter can be disabled with `set_option linter.unusedSectionVars false`
✖ [3043/3043] Building AutoSamplingTheory.TechnicalLemmas.FunctionalInequalities.LocalizedWeakResolvent (9.0s)
trace: .> LEAN_PATH=E:\Samplinglib\.lake\packages\Cli\.lake\build\lib\lean;E:\Samplinglib\.lake\packages\batteries\.lake\build\lib\lean;E:\Samplinglib\.lake\packages\Qq\.lake\build\lib\lean;E:\Samplinglib\.lake\packages\aesop\.lake\build\lib\lean;E:\Samplinglib\.lake\packages\proofwidgets\.lake\build\lib\lean;E:\Samplinglib\.lake\packages\importGraph\.lake\build\lib\lean;E:\Samplinglib\.lake\packages\LeanSearchClient\.lake\build\lib\lean;E:\Samplinglib\.lake\packages\plausible\.lake\build\lib\lean;E:\Samplinglib\.lake\packages\mathlib\.lake\build\lib\lean;E:\Samplinglib\.lake\build\lib\lean c:\Users\admin\.elan\toolchains\leanprover--lean4---v4.33.0\bin\lean.exe E:\Samplinglib\AutoSamplingTheory\TechnicalLemmas\FunctionalInequalities\LocalizedWeakResolvent.lean -o E:\Samplinglib\.lake\build\lib\lean\AutoSamplingTheory\TechnicalLemmas\FunctionalInequalities\LocalizedWeakResolvent.olean -i E:\Samplinglib\.lake\build\lib\lean\AutoSamplingTheory\TechnicalLemmas\FunctionalInequalities\LocalizedWeakResolvent.ilean -c E:\Samplinglib\.lake\build\ir\AutoSamplingTheory\TechnicalLemmas\FunctionalInequalities\LocalizedWeakResolvent.c --setup E:\Samplinglib\.lake\build\ir\AutoSamplingTheory\TechnicalLemmas\FunctionalInequalities\LocalizedWeakResolvent.setup.json --json
warning: AutoSamplingTheory/TechnicalLemmas/FunctionalInequalities/LocalizedWeakResolvent.lean:35:8: automatically included section variable(s) unused in theorem `_private.AutoSamplingTheory.TechnicalLemmas.FunctionalInequalities.LocalizedWeakResolvent.0.AutoSamplingTheory.TechnicalLemmas.FunctionalInequalities.LocalizedWeakResolvent.directional_second`:
  [FiniteDimensional ℝ E]
  [MeasurableSpace E]
  [BorelSpace E]
consider restructuring your `variable` declarations so that the variables are not in scope or explicitly omit them:
  omit [FiniteDimensional ℝ E] [MeasurableSpace E] [BorelSpace E] in theorem ...

Note: This linter can be disabled with `set_option linter.unusedSectionVars false`
warning: AutoSamplingTheory/TechnicalLemmas/FunctionalInequalities/LocalizedWeakResolvent.lean:41:8: automatically included section variable(s) unused in theorem `_private.AutoSamplingTheory.TechnicalLemmas.FunctionalInequalities.LocalizedWeakResolvent.0.AutoSamplingTheory.TechnicalLemmas.FunctionalInequalities.LocalizedWeakResolvent.first_product`:
  [FiniteDimensional ℝ E]
  [MeasurableSpace E]
  [BorelSpace E]
consider restructuring your `variable` declarations so that the variables are not in scope or explicitly omit them:
  omit [FiniteDimensional ℝ E] [MeasurableSpace E] [BorelSpace E] in theorem ...

Note: This linter can be disabled with `set_option linter.unusedSectionVars false`
warning: AutoSamplingTheory/TechnicalLemmas/FunctionalInequalities/LocalizedWeakResolvent.lean:75:8: automatically included section variable(s) unused in theorem `_private.AutoSamplingTheory.TechnicalLemmas.FunctionalInequalities.LocalizedWeakResolvent.0.AutoSamplingTheory.TechnicalLemmas.FunctionalInequalities.LocalizedWeakResolvent.laplacian_trace`:
  [MeasurableSpace E]
  [BorelSpace E]
consider restructuring your `variable` declarations so that the variables are not in scope or explicitly omit them:
  omit [MeasurableSpace E] [BorelSpace E] in theorem ...

Note: This linter can be disabled with `set_option linter.unusedSectionVars false`
warning: AutoSamplingTheory/TechnicalLemmas/FunctionalInequalities/LocalizedWeakResolvent.lean:121:8: automatically included section variable(s) unused in theorem `_private.AutoSamplingTheory.TechnicalLemmas.FunctionalInequalities.LocalizedWeakResolvent.0.AutoSamplingTheory.TechnicalLemmas.FunctionalInequalities.LocalizedWeakResolvent.gradient_compact`:
  [MeasurableSpace E]
  [BorelSpace E]
consider restructuring your `variable` declarations so that the variables are not in scope or explicitly omit them:
  omit [MeasurableSpace E] [BorelSpace E] in theorem ...

Note: This linter can be disabled with `set_option linter.unusedSectionVars false`
error: AutoSamplingTheory/TechnicalLemmas/FunctionalInequalities/LocalizedWeakResolvent.lean:321:4: Tactic `apply` failed: could not unify the conclusion of `@funext`
  ?f = ?g
with the goal
  measureSpaceOfInnerProductSpace.toMeasurableSpace = borel E

Note: The full type of `@funext` is
  ∀ {α : Sort ?u.329} {β : α → Sort ?u.328} {f g : (x : α) → β x}, (∀ (x : α), f x = g x) → f = g

case e'_5
E : Type u_1
inst✝³ : NormedAddCommGroup E
inst✝² : InnerProductSpace ℝ E
inst✝¹ : FiniteDimensional ℝ E
u r : E → ℝ
G : E → E
χ φ : E → ℝ
hχ : ContDiff ℝ 2 χ
hc : HasCompactSupport χ
hφ : ContDiff ℝ 2 φ
hφc : HasCompactSupport φ
inst✝ : BorelSpace E
hu : LocallyIntegrable u volume
hr : LocallyIntegrable r volume
hd :
  ∀ (ψ : E → ℝ),
    ContDiff ℝ 1 ψ →
      HasCompactSupport ψ →
        ∀ (a : E),
          Integrable (fun x => ψ x * ⟪G x, a⟫) volume ∧
            Integrable (fun x => u x * (fderiv ℝ ψ x) a) volume ∧
              ∫ (x : E), ψ x * ⟪G x, a⟫ = -∫ (x : E), u x * (fderiv ℝ ψ x) a
hp :
  ∀ (φ : E → ℝ),
    ContDiff ℝ 2 φ →
      HasCompactSupport φ →
        Integrable (fun x => u x * Laplacian.laplacian φ x) volume ∧
          Integrable (fun x => r x * φ x) volume ∧ ∫ (x : E), u x * Laplacian.laplacian φ x = ∫ (x : E), r x * φ x
this✝ : MeasurableSpace E := borel E
hJ : Integrable (fun x => φ x * ⟪gradient χ x, G x⟫) volume
hC : Integrable (fun x => u x * ⟪gradient χ x, gradient φ x⟫) volume
hB : Integrable (fun x => u x * φ x * Laplacian.laplacian χ x) volume
hcross :
  ∫ (x : E), φ x * ⟪gradient χ x, G x⟫ =
    (-∫ (x : E), u x * ⟪gradient χ x, gradient φ x⟫) - ∫ (x : E), u x * φ x * Laplacian.laplacian χ x
A : E → ℝ := fun x => χ x * u x * Laplacian.laplacian φ x
C : E → ℝ := fun x => u x * ⟪gradient χ x, gradient φ x⟫
B : E → ℝ := fun x => u x * φ x * Laplacian.laplacian χ x
J : E → ℝ := fun x => φ x * ⟪gradient χ x, G x⟫
R : E → ℝ := fun x => χ x * r x * φ x
hh : Integrable (fun x => u x • (χ * Laplacian.laplacian φ) x) volume
⊢ measureSpaceOfInnerProductSpace.toMeasurableSpace = borel E
error: AutoSamplingTheory/TechnicalLemmas/FunctionalInequalities/LocalizedWeakResolvent.lean:326:4: Tactic `apply` failed: could not unify the conclusion of `@funext`
  ?f = ?g
with the goal
  measureSpaceOfInnerProductSpace.toMeasurableSpace = borel E

Note: The full type of `@funext` is
  ∀ {α : Sort ?u.354} {β : α → Sort ?u.353} {f g : (x : α) → β x}, (∀ (x : α), f x = g x) → f = g

case e'_5
E : Type u_1
inst✝³ : NormedAddCommGroup E
inst✝² : InnerProductSpace ℝ E
inst✝¹ : FiniteDimensional ℝ E
u r : E → ℝ
G : E → E
χ φ : E → ℝ
hχ : ContDiff ℝ 2 χ
hc : HasCompactSupport χ
hφ : ContDiff ℝ 2 φ
hφc : HasCompactSupport φ
inst✝ : BorelSpace E
hu : LocallyIntegrable u volume
hr : LocallyIntegrable r volume
hd :
  ∀ (ψ : E → ℝ),
    ContDiff ℝ 1 ψ →
      HasCompactSupport ψ →
        ∀ (a : E),
          Integrable (fun x => ψ x * ⟪G x, a⟫) volume ∧
            Integrable (fun x => u x * (fderiv ℝ ψ x) a) volume ∧
              ∫ (x : E), ψ x * ⟪G x, a⟫ = -∫ (x : E), u x * (fderiv ℝ ψ x) a
hp :
  ∀ (φ : E → ℝ),
    ContDiff ℝ 2 φ →
      HasCompactSupport φ →
        Integrable (fun x => u x * Laplacian.laplacian φ x) volume ∧
          Integrable (fun x => r x * φ x) volume ∧ ∫ (x : E), u x * Laplacian.laplacian φ x = ∫ (x : E), r x * φ x
this✝ : MeasurableSpace E := borel E
hJ : Integrable (fun x => φ x * ⟪gradient χ x, G x⟫) volume
hC : Integrable (fun x => u x * ⟪gradient χ x, gradient φ x⟫) volume
hB : Integrable (fun x => u x * φ x * Laplacian.laplacian χ x) volume
hcross :
  ∫ (x : E), φ x * ⟪gradient χ x, G x⟫ =
    (-∫ (x : E), u x * ⟪gradient χ x, gradient φ x⟫) - ∫ (x : E), u x * φ x * Laplacian.laplacian χ x
A : E → ℝ := fun x => χ x * u x * Laplacian.laplacian φ x
C : E → ℝ := fun x => u x * ⟪gradient χ x, gradient φ x⟫
B : E → ℝ := fun x => u x * φ x * Laplacian.laplacian χ x
J : E → ℝ := fun x => φ x * ⟪gradient χ x, G x⟫
R : E → ℝ := fun x => χ x * r x * φ x
hAi : Integrable A volume
hh : Integrable (fun x => r x • (χ * φ) x) volume
⊢ measureSpaceOfInnerProductSpace.toMeasurableSpace = borel E
warning: AutoSamplingTheory/TechnicalLemmas/FunctionalInequalities/LocalizedWeakResolvent.lean:436:30: Used `tac1 <;> tac2` where `(tac1; tac2)` would suffice

Note: This linter can be disabled with `set_option linter.unnecessarySeqFocus false`
error: Lean exited with code 1
Some required targets logged failures:
- AutoSamplingTheory.TechnicalLemmas.FunctionalInequalities.LocalizedWeakResolvent
error: build failed
