AutoSamplingTheory/TechnicalLemmas/FunctionalInequalities/LocalizedWeakResolvent.lean:35:8: warning: automatically included section variable(s) unused in theorem `_private.AutoSamplingTheory.TechnicalLemmas.FunctionalInequalities.LocalizedWeakResolvent.0.AutoSamplingTheory.TechnicalLemmas.FunctionalInequalities.LocalizedWeakResolvent.directional_second`:
  [FiniteDimensional ℝ E]
  [MeasurableSpace E]
  [BorelSpace E]
consider restructuring your `variable` declarations so that the variables are not in scope or explicitly omit them:
  omit [FiniteDimensional ℝ E] [MeasurableSpace E] [BorelSpace E] in theorem ...

Note: This linter can be disabled with `set_option linter.unusedSectionVars false`
AutoSamplingTheory/TechnicalLemmas/FunctionalInequalities/LocalizedWeakResolvent.lean:41:8: warning: automatically included section variable(s) unused in theorem `_private.AutoSamplingTheory.TechnicalLemmas.FunctionalInequalities.LocalizedWeakResolvent.0.AutoSamplingTheory.TechnicalLemmas.FunctionalInequalities.LocalizedWeakResolvent.first_product`:
  [FiniteDimensional ℝ E]
  [MeasurableSpace E]
  [BorelSpace E]
consider restructuring your `variable` declarations so that the variables are not in scope or explicitly omit them:
  omit [FiniteDimensional ℝ E] [MeasurableSpace E] [BorelSpace E] in theorem ...

Note: This linter can be disabled with `set_option linter.unusedSectionVars false`
AutoSamplingTheory/TechnicalLemmas/FunctionalInequalities/LocalizedWeakResolvent.lean:75:8: warning: automatically included section variable(s) unused in theorem `_private.AutoSamplingTheory.TechnicalLemmas.FunctionalInequalities.LocalizedWeakResolvent.0.AutoSamplingTheory.TechnicalLemmas.FunctionalInequalities.LocalizedWeakResolvent.laplacian_trace`:
  [MeasurableSpace E]
  [BorelSpace E]
consider restructuring your `variable` declarations so that the variables are not in scope or explicitly omit them:
  omit [MeasurableSpace E] [BorelSpace E] in theorem ...

Note: This linter can be disabled with `set_option linter.unusedSectionVars false`
AutoSamplingTheory/TechnicalLemmas/FunctionalInequalities/LocalizedWeakResolvent.lean:121:8: warning: automatically included section variable(s) unused in theorem `_private.AutoSamplingTheory.TechnicalLemmas.FunctionalInequalities.LocalizedWeakResolvent.0.AutoSamplingTheory.TechnicalLemmas.FunctionalInequalities.LocalizedWeakResolvent.gradient_compact`:
  [MeasurableSpace E]
  [BorelSpace E]
consider restructuring your `variable` declarations so that the variables are not in scope or explicitly omit them:
  omit [MeasurableSpace E] [BorelSpace E] in theorem ...

Note: This linter can be disabled with `set_option linter.unusedSectionVars false`
AutoSamplingTheory/TechnicalLemmas/FunctionalInequalities/LocalizedWeakResolvent.lean:434:30: warning: Used `tac1 <;> tac2` where `(tac1; tac2)` would suffice

Note: This linter can be disabled with `set_option linter.unnecessarySeqFocus false`
