AutoSamplingTheory/TechnicalLemmas/Probability/BalancedRademacherCLT.lean:37:29: error(lean.synthInstanceFailed): failed to synthesize instance of type class
  CompleteSpace E

Hint: Type class instance resolution failures can be inspected with the `set_option trace.Meta.synthInstance true` command.
AutoSamplingTheory/TechnicalLemmas/Probability/BalancedRademacherCLT.lean:35:70: error: unsolved goals
α : Type u_1
inst✝⁴ : Fintype α
inst✝³ : MeasurableSpace α
inst✝² : MeasurableSingletonClass α
E : Type u_2
inst✝¹ : NormedAddCommGroup E
inst✝ : NormedSpace ℝ E
f : α → E
⊢ (↑(Fintype.card α))⁻¹.toReal • ∫ (x : α), f x ∂Measure.count = (↑(Fintype.card α))⁻¹ • ∑ a, f a
AutoSamplingTheory/TechnicalLemmas/Probability/BalancedRademacherCLT.lean:58:80: error: unsolved goals
⊢ Measure.map (normalizedSum 0) (countLaw (Fin 0 → Bool)) = Measure.dirac 0
AutoSamplingTheory/TechnicalLemmas/Probability/BalancedRademacherCLT.lean:59:19: warning: This simp argument is unused:
  normalizedSum

Hint: Omit it from the simp argument list.
  [apply] simp [actualLaw, Measure.map_const]

Note: This linter can be disabled with `set_option linter.unusedSimpArgs false`
AutoSamplingTheory/TechnicalLemmas/Probability/BalancedRademacherCLT.lean:59:34: warning: This simp argument is unused:
  Measure.map_const

Hint: Omit it from the simp argument list.
  [apply] simp [actualLaw, normalizedSum]

Note: This linter can be disabled with `set_option linter.unusedSimpArgs false`
