{
  "cell": "ASTIS-SW-PBPS-macroscopic-energy",
  "targets": [
    {
      "declaration": "AutoSamplingTheory.ExampleCases.ProximalBPS.MacroscopicEnergy.actual_macroscopic_gradient_energy_blocks",
      "source_item": "pbps-macroscopic-energy",
      "lesson": "authored",
      "audit_id": "ASTIS-RT-20261007-PBPSMacroscopicEnergy",
      "audit_state": "accepted",
      "publication_binding_sha256": "d0d031bac17a3227e9e61d4e63a5d6656812addffd147263c314c5f9c828d12d",
      "remaining_boundary": "Actual joint L2 block and smooth compact energy integration, SAME law/kernels/operators and classical integral representative; actual variance equals microscopic block norm-square. Full rough L2-H1/outer closed-gradient/Gamma/half-turn/main/implementation error/expected costs/composition remain separate. Focused build passed3891; independent wholeproof/blind/source/exactcommit/shared admission pending."
    }
  ],
  "graph_check": "python3 tools/astis_publication.py graph-check --cell ASTIS-SW-PBPS-macroscopic-energy",
  "missing": [],
  "next": [
    "Run the smallest focused Lean test.",
    "Reuse unchanged source/lesson/audit records; never reuse a stale binding.",
    "For a new/changed theorem, use astis-semantic-roundtrip: anonymous decoder → independent anti-anchored source review → separate repair review if needed.",
    "Run tools/astis_publication.py check --base <base commit> before stabilization."
  ],
  "boundary": "This coordinator packet is NOT decoder input. It deliberately contains source identity."
}
