runs/20261007-companion-priority/pbps-bounce-rate-preproof74/header74.typecheck.lean:20:5: warning: Variable name `hα` is not explicitly referenced.

Hint: The binding can be removed (if unused) or named `_` (if used implicitly). Alternatively, prefix the name with `_` to silence this warning:
  [apply] _hα

Note: This linter can be disabled with `set_option linter.unusedVariables false`
runs/20261007-companion-priority/pbps-bounce-rate-preproof74/header74.typecheck.lean:20:24: warning: Variable name `hαβ` is not explicitly referenced.

Hint: The binding can be removed (if unused) or named `_` (if used implicitly). Alternatively, prefix the name with `_` to silence this warning:
  [apply] _hαβ

Note: This linter can be disabled with `set_option linter.unusedVariables false`
runs/20261007-companion-priority/pbps-bounce-rate-preproof74/header74.typecheck.lean:20:38: warning: Variable name `hV` is not explicitly referenced.

Hint: The binding can be removed (if unused) or named `_` (if used implicitly). Alternatively, prefix the name with `_` to silence this warning:
  [apply] _hV

Note: This linter can be disabled with `set_option linter.unusedVariables false`
runs/20261007-companion-priority/pbps-bounce-rate-preproof74/header74.typecheck.lean:21:5: warning: Variable name `hH` is not explicitly referenced.

Hint: The binding can be removed (if unused) or named `_` (if used implicitly). Alternatively, prefix the name with `_` to silence this warning:
  [apply] _hH

Note: This linter can be disabled with `set_option linter.unusedVariables false`
runs/20261007-companion-priority/pbps-bounce-rate-preproof74/header74.typecheck.lean:24:5: warning: Variable name `hη` is not explicitly referenced.

Hint: The binding can be removed (if unused) or named `_` (if used implicitly). Alternatively, prefix the name with `_` to silence this warning:
  [apply] _hη

Note: This linter can be disabled with `set_option linter.unusedVariables false`
runs/20261007-companion-priority/pbps-bounce-rate-preproof74/header74.typecheck.lean:24:18: warning: Variable name `hβη` is not explicitly referenced.

Hint: The binding can be removed (if unused) or named `_` (if used implicitly). Alternatively, prefix the name with `_` to silence this warning:
  [apply] _hβη

Note: This linter can be disabled with `set_option linter.unusedVariables false`
AutoSamplingTheory.ExampleCases.ProximalBPS.ActualBounceRate.actual_bounce_rate_energy_statement.{u_1} {E : Type u_1}
  [NormedAddCommGroup E] [InnerProductSpace ℝ E] [FiniteDimensional ℝ E] [MeasurableSpace E] [BorelSpace E] {V : E → ℝ}
  {α β : ℝ≥0} {η : ℝ} (hα : 0 < ↑α) (hαβ : α ≤ β) (hV : ContDiff ℝ 2 V)
  (hH : ∀ (x v : E), ↑α * ‖v‖ ^ 2 ≤ ((fderiv ℝ (fderiv ℝ V) x) v) v ∧ ((fderiv ℝ (fderiv ℝ V) x) v) v ≤ ↑β * ‖v‖ ^ 2)
  (hη : 0 < η) (hβη : ↑β * η ≤ 1) : Prop
runs/20261007-companion-priority/pbps-bounce-rate-preproof74/header74.typecheck.lean:62:0: error: Unexpected name `AutoSamplingTheory.ExampleCases.ProximalBPS.ActualBounceRate` after `end`: The current section is unnamed

Hint: Delete the name `AutoSamplingTheory.ExampleCases.ProximalBPS.ActualBounceRate` to end the current unnamed scope; outer named scopes can then be closed using additional `end` command(s):
  end ̵A̵u̵t̵o̵S̵a̵m̵p̵l̵i̵n̵g̵T̵h̵e̵o̵r̵y̵.̵E̵x̵a̵m̵p̵l̵e̵C̵a̵s̵e̵s̵.̵P̵r̵o̵x̵i̵m̵a̵l̵B̵P̵S̵.̵A̵c̵t̵u̵a̵l̵B̵o̵u̵n̵c̵e̵R̵a̵t̵e̵
