⚠ [2522/2924] Replayed AutoSamplingTheory.ExampleCases.ProximalBPS.ActualHarmonicFlow
warning: AutoSamplingTheory/ExampleCases/ProximalBPS/ActualHarmonicFlow.lean:24:5: Variable name `hα` is not explicitly referenced.

Hint: The binding can be removed (if unused) or named `_` (if used implicitly). Alternatively, prefix the name with `_` to silence this warning:
  [apply] _hα

Note: This linter can be disabled with `set_option linter.unusedVariables false`
warning: AutoSamplingTheory/ExampleCases/ProximalBPS/ActualHarmonicFlow.lean:24:24: Variable name `hαβ` is not explicitly referenced.

Hint: The binding can be removed (if unused) or named `_` (if used implicitly). Alternatively, prefix the name with `_` to silence this warning:
  [apply] _hαβ

Note: This linter can be disabled with `set_option linter.unusedVariables false`
warning: AutoSamplingTheory/ExampleCases/ProximalBPS/ActualHarmonicFlow.lean:24:38: Variable name `hV` is not explicitly referenced.

Hint: The binding can be removed (if unused) or named `_` (if used implicitly). Alternatively, prefix the name with `_` to silence this warning:
  [apply] _hV

Note: This linter can be disabled with `set_option linter.unusedVariables false`
warning: AutoSamplingTheory/ExampleCases/ProximalBPS/ActualHarmonicFlow.lean:25:5: Variable name `hH` is not explicitly referenced.

Hint: The binding can be removed (if unused) or named `_` (if used implicitly). Alternatively, prefix the name with `_` to silence this warning:
  [apply] _hH

Note: This linter can be disabled with `set_option linter.unusedVariables false`
warning: AutoSamplingTheory/ExampleCases/ProximalBPS/ActualHarmonicFlow.lean:28:5: Variable name `hη` is not explicitly referenced.

Hint: The binding can be removed (if unused) or named `_` (if used implicitly). Alternatively, prefix the name with `_` to silence this warning:
  [apply] _hη

Note: This linter can be disabled with `set_option linter.unusedVariables false`
warning: AutoSamplingTheory/ExampleCases/ProximalBPS/ActualHarmonicFlow.lean:28:18: Variable name `hβη` is not explicitly referenced.

Hint: The binding can be removed (if unused) or named `_` (if used implicitly). Alternatively, prefix the name with `_` to silence this warning:
  [apply] _hβη

Note: This linter can be disabled with `set_option linter.unusedVariables false`
warning: AutoSamplingTheory/ExampleCases/ProximalBPS/ActualHarmonicFlow.lean:140:51: this tactic is never executed

Note: This linter can be disabled with `set_option linter.unreachableTactic false`
warning: AutoSamplingTheory/ExampleCases/ProximalBPS/ActualHarmonicFlow.lean:140:51: Unused tactic linter: `ring` does nothing

Note: This linter can be disabled with `set_option linter.unusedTactic false`
info: AutoSamplingTheory/ExampleCases/ProximalBPS/ActualHarmonicFlow.lean:178:0: 'AutoSamplingTheory.ExampleCases.ProximalBPS.ActualHarmonicFlow.actual_harmonic_flow_laws' depends on axioms: [propext,
 Classical.choice,
 Quot.sound]
⚠ [2696/2924] Replayed AutoSamplingTheory.ExampleCases.ProximalBPS.ActualBounceRate
warning: AutoSamplingTheory/ExampleCases/ProximalBPS/ActualBounceRate.lean:20:5: Variable name `hα` is not explicitly referenced.

Hint: The binding can be removed (if unused) or named `_` (if used implicitly). Alternatively, prefix the name with `_` to silence this warning:
  [apply] _hα

Note: This linter can be disabled with `set_option linter.unusedVariables false`
warning: AutoSamplingTheory/ExampleCases/ProximalBPS/ActualBounceRate.lean:20:24: Variable name `hαβ` is not explicitly referenced.

Hint: The binding can be removed (if unused) or named `_` (if used implicitly). Alternatively, prefix the name with `_` to silence this warning:
  [apply] _hαβ

Note: This linter can be disabled with `set_option linter.unusedVariables false`
warning: AutoSamplingTheory/ExampleCases/ProximalBPS/ActualBounceRate.lean:20:38: Variable name `hV` is not explicitly referenced.

Hint: The binding can be removed (if unused) or named `_` (if used implicitly). Alternatively, prefix the name with `_` to silence this warning:
  [apply] _hV

Note: This linter can be disabled with `set_option linter.unusedVariables false`
warning: AutoSamplingTheory/ExampleCases/ProximalBPS/ActualBounceRate.lean:21:5: Variable name `hH` is not explicitly referenced.

Hint: The binding can be removed (if unused) or named `_` (if used implicitly). Alternatively, prefix the name with `_` to silence this warning:
  [apply] _hH

Note: This linter can be disabled with `set_option linter.unusedVariables false`
warning: AutoSamplingTheory/ExampleCases/ProximalBPS/ActualBounceRate.lean:24:5: Variable name `hη` is not explicitly referenced.

Hint: The binding can be removed (if unused) or named `_` (if used implicitly). Alternatively, prefix the name with `_` to silence this warning:
  [apply] _hη

Note: This linter can be disabled with `set_option linter.unusedVariables false`
warning: AutoSamplingTheory/ExampleCases/ProximalBPS/ActualBounceRate.lean:24:18: Variable name `hβη` is not explicitly referenced.

Hint: The binding can be removed (if unused) or named `_` (if used implicitly). Alternatively, prefix the name with `_` to silence this warning:
  [apply] _hβη

Note: This linter can be disabled with `set_option linter.unusedVariables false`
warning: AutoSamplingTheory/ExampleCases/ProximalBPS/ActualBounceRate.lean:106:2: Try this: 
  letI̵

The goal is a proposition, so `let` is preferred over `letI`.
The difference between `let` and `letI` is that `letI` inlines the value.
But this is not relevant for proofs because of proof irrelevance.

Note: This linter can be disabled with `set_option linter.style.haveILetI false`
warning: AutoSamplingTheory/ExampleCases/ProximalBPS/ActualBounceRate.lean:130:25: Used `tac1 <;> tac2` where `(tac1; tac2)` would suffice

Note: This linter can be disabled with `set_option linter.unnecessarySeqFocus false`
⚠ [3053/3054] Replayed AutoSamplingTheory.ExampleCases.ProximalBPS.ActualHazardClock
warning: AutoSamplingTheory/ExampleCases/ProximalBPS/ActualHazardClock.lean:20:5: Variable name `hα` is not explicitly referenced.

Hint: The binding can be removed (if unused) or named `_` (if used implicitly). Alternatively, prefix the name with `_` to silence this warning:
  [apply] _hα

Note: This linter can be disabled with `set_option linter.unusedVariables false`
warning: AutoSamplingTheory/ExampleCases/ProximalBPS/ActualHazardClock.lean:20:24: Variable name `hαβ` is not explicitly referenced.

Hint: The binding can be removed (if unused) or named `_` (if used implicitly). Alternatively, prefix the name with `_` to silence this warning:
  [apply] _hαβ

Note: This linter can be disabled with `set_option linter.unusedVariables false`
warning: AutoSamplingTheory/ExampleCases/ProximalBPS/ActualHazardClock.lean:20:38: Variable name `hV` is not explicitly referenced.

Hint: The binding can be removed (if unused) or named `_` (if used implicitly). Alternatively, prefix the name with `_` to silence this warning:
  [apply] _hV

Note: This linter can be disabled with `set_option linter.unusedVariables false`
warning: AutoSamplingTheory/ExampleCases/ProximalBPS/ActualHazardClock.lean:21:5: Variable name `hH` is not explicitly referenced.

Hint: The binding can be removed (if unused) or named `_` (if used implicitly). Alternatively, prefix the name with `_` to silence this warning:
  [apply] _hH

Note: This linter can be disabled with `set_option linter.unusedVariables false`
warning: AutoSamplingTheory/ExampleCases/ProximalBPS/ActualHazardClock.lean:24:5: Variable name `hη` is not explicitly referenced.

Hint: The binding can be removed (if unused) or named `_` (if used implicitly). Alternatively, prefix the name with `_` to silence this warning:
  [apply] _hη

Note: This linter can be disabled with `set_option linter.unusedVariables false`
warning: AutoSamplingTheory/ExampleCases/ProximalBPS/ActualHazardClock.lean:24:18: Variable name `hβη` is not explicitly referenced.

Hint: The binding can be removed (if unused) or named `_` (if used implicitly). Alternatively, prefix the name with `_` to silence this warning:
  [apply] _hβη

Note: This linter can be disabled with `set_option linter.unusedVariables false`
warning: AutoSamplingTheory/ExampleCases/ProximalBPS/ActualHazardClock.lean:332:13: try 'simp' instead of 'simpa'

Note: This linter can be disabled with `set_option linter.unnecessarySimpa false`
warning: AutoSamplingTheory/ExampleCases/ProximalBPS/ActualHazardClock.lean:345:4: Try this: 
  letI̵

The goal is a proposition, so `let` is preferred over `letI`.
The difference between `let` and `letI` is that `letI` inlines the value.
But this is not relevant for proofs because of proof irrelevance.

Note: This linter can be disabled with `set_option linter.style.haveILetI false`
✖ [3054/3054] Building AutoSamplingTheory.ExampleCases.ProximalBPS.ActualFiniteJumpRecursion (8.6s)
trace: .> LEAN_PATH=E:\Samplinglib\.lake\packages\Cli\.lake\build\lib\lean;E:\Samplinglib\.lake\packages\batteries\.lake\build\lib\lean;E:\Samplinglib\.lake\packages\Qq\.lake\build\lib\lean;E:\Samplinglib\.lake\packages\aesop\.lake\build\lib\lean;E:\Samplinglib\.lake\packages\proofwidgets\.lake\build\lib\lean;E:\Samplinglib\.lake\packages\importGraph\.lake\build\lib\lean;E:\Samplinglib\.lake\packages\LeanSearchClient\.lake\build\lib\lean;E:\Samplinglib\.lake\packages\plausible\.lake\build\lib\lean;E:\Samplinglib\.lake\packages\mathlib\.lake\build\lib\lean;E:\Samplinglib\.lake\build\lib\lean c:\Users\admin\.elan\toolchains\leanprover--lean4---v4.33.0\bin\lean.exe E:\Samplinglib\AutoSamplingTheory\ExampleCases\ProximalBPS\ActualFiniteJumpRecursion.lean -o E:\Samplinglib\.lake\build\lib\lean\AutoSamplingTheory\ExampleCases\ProximalBPS\ActualFiniteJumpRecursion.olean -i E:\Samplinglib\.lake\build\lib\lean\AutoSamplingTheory\ExampleCases\ProximalBPS\ActualFiniteJumpRecursion.ilean -c E:\Samplinglib\.lake\build\ir\AutoSamplingTheory\ExampleCases\ProximalBPS\ActualFiniteJumpRecursion.c --setup E:\Samplinglib\.lake\build\ir\AutoSamplingTheory\ExampleCases\ProximalBPS\ActualFiniteJumpRecursion.setup.json --json
warning: AutoSamplingTheory/ExampleCases/ProximalBPS/ActualFiniteJumpRecursion.lean:20:5: Variable name `hα` is not explicitly referenced.

Hint: The binding can be removed (if unused) or named `_` (if used implicitly). Alternatively, prefix the name with `_` to silence this warning:
  [apply] _hα

Note: This linter can be disabled with `set_option linter.unusedVariables false`
warning: AutoSamplingTheory/ExampleCases/ProximalBPS/ActualFiniteJumpRecursion.lean:20:24: Variable name `hαβ` is not explicitly referenced.

Hint: The binding can be removed (if unused) or named `_` (if used implicitly). Alternatively, prefix the name with `_` to silence this warning:
  [apply] _hαβ

Note: This linter can be disabled with `set_option linter.unusedVariables false`
warning: AutoSamplingTheory/ExampleCases/ProximalBPS/ActualFiniteJumpRecursion.lean:20:38: Variable name `hV` is not explicitly referenced.

Hint: The binding can be removed (if unused) or named `_` (if used implicitly). Alternatively, prefix the name with `_` to silence this warning:
  [apply] _hV

Note: This linter can be disabled with `set_option linter.unusedVariables false`
warning: AutoSamplingTheory/ExampleCases/ProximalBPS/ActualFiniteJumpRecursion.lean:21:5: Variable name `hH` is not explicitly referenced.

Hint: The binding can be removed (if unused) or named `_` (if used implicitly). Alternatively, prefix the name with `_` to silence this warning:
  [apply] _hH

Note: This linter can be disabled with `set_option linter.unusedVariables false`
warning: AutoSamplingTheory/ExampleCases/ProximalBPS/ActualFiniteJumpRecursion.lean:24:5: Variable name `hη` is not explicitly referenced.

Hint: The binding can be removed (if unused) or named `_` (if used implicitly). Alternatively, prefix the name with `_` to silence this warning:
  [apply] _hη

Note: This linter can be disabled with `set_option linter.unusedVariables false`
warning: AutoSamplingTheory/ExampleCases/ProximalBPS/ActualFiniteJumpRecursion.lean:24:18: Variable name `hβη` is not explicitly referenced.

Hint: The binding can be removed (if unused) or named `_` (if used implicitly). Alternatively, prefix the name with `_` to silence this warning:
  [apply] _hβη

Note: This linter can be disabled with `set_option linter.unusedVariables false`
error: AutoSamplingTheory/ExampleCases/ProximalBPS/ActualFiniteJumpRecursion.lean:267:20: Tactic `rfl` failed: The left-hand side
  next a.1.1 a.1.2 a.2.1 (Sum.inl val✝)
is not definitionally equal to the right-hand side
  ((Sum.elim g fun x => Sum.inr ()) ∘
      ⇑(MeasurableEquiv.prodSumDistrib ((E × E) × ℝ≥0) (ℝ≥0 × E × E) Unit) ∘ fun a => ((a.1, a.2.1), a.2.2))
    a

case inl
E : Type u_1
inst✝⁴ : NormedAddCommGroup E
inst✝³ : InnerProductSpace ℝ E
inst✝² : FiniteDimensional ℝ E
inst✝¹ : MeasurableSpace E
inst✝ : BorelSpace E
V : E → ℝ
α β : ℝ≥0
η : ℝ
hα : 0 < ↑α
hαβ : α ≤ β
hV : ContDiff ℝ 2 V
hH : ∀ (x v : E), ↑α * ‖v‖ ^ 2 ≤ ((fderiv ℝ (fderiv ℝ V) x) v) v ∧ ((fderiv ℝ (fderiv ℝ V) x) v) v ≤ ↑β * ‖v‖ ^ 2
hη : 0 < η
hβη : ↑β * η ≤ 1
c : E → E → E := fun y xRef => y - η • gradient V xRef
Φ : E → E → ℝ → E × E → E × E :=
  fun y xRef t z =>
    (c y xRef + Real.cos t • (z.1 - c y xRef) + (√η * Real.sin t) • z.2,
      (-Real.sin t / √η) • (z.1 - c y xRef) + Real.cos t • z.2)
S : E → E × E → E × E :=
  fun xRef z =>
    (z.1,
      z.2 -
        (2 * ⟪z.2, gradient V z.1 - gradient V xRef⟫_ℝ / ‖gradient V z.1 - gradient V xRef‖ ^ 2) •
          (gradient V z.1 - gradient V xRef))
rate : E → E × E → ℝ := fun xRef z => √η * max 0 ⟪z.2, gradient V z.1 - gradient V xRef⟫_ℝ
H : E → E → E × E → ℝ := fun y xRef z => (η⁻¹ * ‖z.1 - c y xRef‖ ^ 2 + ‖z.2‖ ^ 2) / 2
C : E → E → E × E → ℝ := fun y xRef z => √η * ↑β * √(2 * H y xRef z) * (√(2 * η * H y xRef z) + ‖c y xRef - xRef‖)
Λ : E → E → E × E → ℝ≥0 → ℝ := fun y xRef z t => ∫ (s : ℝ) in 0..↑t, rate xRef (Φ y xRef s z)
τ : E → E → E × E → ℝ≥0 → WithTop ℝ≥0 :=
  fun y xRef z e => hittingAfter (fun t a => Λ a.1.1 a.1.2 a.2.1 t - ↑a.2.2) (Set.Ici 0) 0 ((y, xRef), z, e)
next : E → E → ℝ≥0 → ℝ≥0 × E × E ⊕ Unit → ℝ≥0 × E × E ⊕ Unit :=
  fun y xRef e r =>
    match r with
    | Sum.inr val => Sum.inr ()
    | Sum.inl a =>
      if τ y xRef a.2 e = ⊤ then Sum.inr ()
      else
        Sum.inl (a.1 + WithTop.untopD 0 (τ y xRef a.2 e), S xRef (Φ y xRef (↑(WithTop.untopD 0 (τ y xRef a.2 e))) a.2))
record : E → E → E × E → (ℕ → ℝ≥0) → ℕ → ℝ≥0 × E × E ⊕ Unit :=
  fun y xRef z₀ e n => Nat.rec (Sum.inl (0, z₀)) (fun k r => next y xRef (e k) r) n
eventTime : E → E → E × E → (ℕ → ℝ≥0) → ℕ → WithTop ℝ≥0 :=
  fun y xRef z₀ e n => Sum.elim (fun a => ↑a.1) (fun x => ⊤) (record y xRef z₀ e n)
hf : AutoSamplingTheory.ExampleCases.ProximalBPS.ActualHarmonicFlow.actual_harmonic_flow_statement✝ hα hαβ hV hH hη hβη
hb :
  AutoSamplingTheory.ExampleCases.ProximalBPS.ActualBounceRate.actual_bounce_rate_energy_statement✝ hα hαβ hV hH hη hβη
hk :
  AutoSamplingTheory.ExampleCases.ProximalBPS.ActualHazardClock.actual_integrated_hazard_clock_statement✝ hα hαβ hV hH
    hη hβη
hΦmeas : Measurable fun a => Φ a.1.1 a.1.2 a.2.1 a.2.2
hΦzero : ∀ (y xRef : E) (z : E × E), Φ y xRef 0 z = z
hΦH : ∀ (y xRef : E) (t : ℝ) (z : E × E), H y xRef (Φ y xRef t z) = H y xRef z
hSmeas : Measurable fun a => S a.1 a.2
hSH : ∀ (y xRef : E) (z : E × E), H y xRef (S xRef z) = H y xRef z
hrate0 : ∀ (xRef : E) (z : E × E), 0 ≤ rate xRef z
hratecap : ∀ (y xRef : E) (z₀ z : E × E), H y xRef z = H y xRef z₀ → rate xRef z ≤ C y xRef z₀
hτpositive : ∀ (y xRef : E) (z : E × E) (e : ℝ≥0), 0 < e → 0 < τ y xRef z e
hτzero : ∀ (y xRef : E) (z : E × E), τ y xRef z 0 = 0
hτmeas : Measurable fun a => τ a.1.1 a.1.2 a.2.1 a.2.2
hC0 : ∀ (y xRef : E) (z : E × E), 0 ≤ C y xRef z
hwait :
  ∀ (y xRef : E) (z : E × E) (e : ℝ≥0),
    (0 < C y xRef z → ↑(↑e / C y xRef z).toNNReal ≤ τ y xRef z e) ∧ (C y xRef z = 0 → 0 < e → τ y xRef z e = ⊤)
hrec0 : ∀ (y xRef : E) (z₀ : E × E) (e : ℕ → ℝ≥0), record y xRef z₀ e 0 = Sum.inl (0, z₀)
hrecstep :
  ∀ (y xRef : E) (z₀ : E × E) (e : ℕ → ℝ≥0) (n : ℕ),
    record y xRef z₀ e (n + 1) = next y xRef (e n) (record y xRef z₀ e n)
hbranches :
  ∀ (y xRef : E) (z₀ : E × E) (e : ℕ → ℝ≥0) (n : ℕ) (a : ℝ≥0 × E × E),
    record y xRef z₀ e n = Sum.inl a →
      (record y xRef z₀ e (n + 1) = Sum.inr () ↔ τ y xRef a.2 (e n) = ⊤) ∧
        (τ y xRef a.2 (e n) ≠ ⊤ →
          record y xRef z₀ e (n + 1) =
            Sum.inl
              (a.1 + WithTop.untopD 0 (τ y xRef a.2 (e n)),
                S xRef (Φ y xRef (↑(WithTop.untopD 0 (τ y xRef a.2 (e n)))) a.2)))
g : ((E × E) × ℝ≥0) × ℝ≥0 × E × E → ℝ≥0 × E × E ⊕ Unit :=
  fun a =>
    if τ a.1.1.1 a.1.1.2 a.2.2 a.1.2 = ⊤ then Sum.inr ()
    else
      Sum.inl
        (a.2.1 + WithTop.untopD 0 (τ a.1.1.1 a.1.1.2 a.2.2 a.1.2),
          S a.1.1.2 (Φ a.1.1.1 a.1.1.2 (↑(WithTop.untopD 0 (τ a.1.1.1 a.1.1.2 a.2.2 a.1.2))) a.2.2))
hparams : Measurable fun a => (a.1.1, a.2.2, a.1.2)
ht0 : Measurable ((fun a => τ a.1.1 a.1.2 a.2.1 a.2.2) ∘ fun a => (a.1.1, a.2.2, a.1.2))
ht : Measurable fun a => τ a.1.1.1 a.1.1.2 a.2.2 a.1.2
hq : Measurable fun x => WithTop.untopD 0 (τ x.1.1.1 x.1.1.2 x.2.2 x.1.2)
hp :
  Measurable
    ((fun a => Φ a.1.1 a.1.2 a.2.1 a.2.2) ∘ fun a =>
      (a.1.1, (NNReal.toReal ∘ fun x => WithTop.untopD 0 (τ x.1.1.1 x.1.1.2 x.2.2 x.1.2)) a, a.2.2))
hs :
  Measurable
    ((fun a => S a.1 a.2) ∘ fun a =>
      (a.1.1.2,
        ((fun a => Φ a.1.1 a.1.2 a.2.1 a.2.2) ∘ fun a =>
            (a.1.1, (NNReal.toReal ∘ fun x => WithTop.untopD 0 (τ x.1.1.1 x.1.1.2 x.2.2 x.1.2)) a, a.2.2))
          a))
hg : Measurable g
hsum : Measurable (Sum.elim g fun x => Sum.inr ())
hm :
  Measurable
    ((Sum.elim g fun x => Sum.inr ()) ∘
      ⇑(MeasurableEquiv.prodSumDistrib ((E × E) × ℝ≥0) (ℝ≥0 × E × E) Unit) ∘ fun a => ((a.1, a.2.1), a.2.2))
a : (E × E) × ℝ≥0 × (ℝ≥0 × E × E ⊕ Unit)
val✝ : ℝ≥0 × E × E
⊢ next a.1.1 a.1.2 a.2.1 (Sum.inl val✝) =
    ((Sum.elim g fun x => Sum.inr ()) ∘
        ⇑(MeasurableEquiv.prodSumDistrib ((E × E) × ℝ≥0) (ℝ≥0 × E × E) Unit) ∘ fun a => ((a.1, a.2.1), a.2.2))
      a
error: AutoSamplingTheory/ExampleCases/ProximalBPS/ActualFiniteJumpRecursion.lean:267:20: Tactic `rfl` failed: The left-hand side
  next a.1.1 a.1.2 a.2.1 (Sum.inr val✝)
is not definitionally equal to the right-hand side
  ((Sum.elim g fun x => Sum.inr ()) ∘
      ⇑(MeasurableEquiv.prodSumDistrib ((E × E) × ℝ≥0) (ℝ≥0 × E × E) Unit) ∘ fun a => ((a.1, a.2.1), a.2.2))
    a

case inr
E : Type u_1
inst✝⁴ : NormedAddCommGroup E
inst✝³ : InnerProductSpace ℝ E
inst✝² : FiniteDimensional ℝ E
inst✝¹ : MeasurableSpace E
inst✝ : BorelSpace E
V : E → ℝ
α β : ℝ≥0
η : ℝ
hα : 0 < ↑α
hαβ : α ≤ β
hV : ContDiff ℝ 2 V
hH : ∀ (x v : E), ↑α * ‖v‖ ^ 2 ≤ ((fderiv ℝ (fderiv ℝ V) x) v) v ∧ ((fderiv ℝ (fderiv ℝ V) x) v) v ≤ ↑β * ‖v‖ ^ 2
hη : 0 < η
hβη : ↑β * η ≤ 1
c : E → E → E := fun y xRef => y - η • gradient V xRef
Φ : E → E → ℝ → E × E → E × E :=
  fun y xRef t z =>
    (c y xRef + Real.cos t • (z.1 - c y xRef) + (√η * Real.sin t) • z.2,
      (-Real.sin t / √η) • (z.1 - c y xRef) + Real.cos t • z.2)
S : E → E × E → E × E :=
  fun xRef z =>
    (z.1,
      z.2 -
        (2 * ⟪z.2, gradient V z.1 - gradient V xRef⟫_ℝ / ‖gradient V z.1 - gradient V xRef‖ ^ 2) •
          (gradient V z.1 - gradient V xRef))
rate : E → E × E → ℝ := fun xRef z => √η * max 0 ⟪z.2, gradient V z.1 - gradient V xRef⟫_ℝ
H : E → E → E × E → ℝ := fun y xRef z => (η⁻¹ * ‖z.1 - c y xRef‖ ^ 2 + ‖z.2‖ ^ 2) / 2
C : E → E → E × E → ℝ := fun y xRef z => √η * ↑β * √(2 * H y xRef z) * (√(2 * η * H y xRef z) + ‖c y xRef - xRef‖)
Λ : E → E → E × E → ℝ≥0 → ℝ := fun y xRef z t => ∫ (s : ℝ) in 0..↑t, rate xRef (Φ y xRef s z)
τ : E → E → E × E → ℝ≥0 → WithTop ℝ≥0 :=
  fun y xRef z e => hittingAfter (fun t a => Λ a.1.1 a.1.2 a.2.1 t - ↑a.2.2) (Set.Ici 0) 0 ((y, xRef), z, e)
next : E → E → ℝ≥0 → ℝ≥0 × E × E ⊕ Unit → ℝ≥0 × E × E ⊕ Unit :=
  fun y xRef e r =>
    match r with
    | Sum.inr val => Sum.inr ()
    | Sum.inl a =>
      if τ y xRef a.2 e = ⊤ then Sum.inr ()
      else
        Sum.inl (a.1 + WithTop.untopD 0 (τ y xRef a.2 e), S xRef (Φ y xRef (↑(WithTop.untopD 0 (τ y xRef a.2 e))) a.2))
record : E → E → E × E → (ℕ → ℝ≥0) → ℕ → ℝ≥0 × E × E ⊕ Unit :=
  fun y xRef z₀ e n => Nat.rec (Sum.inl (0, z₀)) (fun k r => next y xRef (e k) r) n
eventTime : E → E → E × E → (ℕ → ℝ≥0) → ℕ → WithTop ℝ≥0 :=
  fun y xRef z₀ e n => Sum.elim (fun a => ↑a.1) (fun x => ⊤) (record y xRef z₀ e n)
hf : AutoSamplingTheory.ExampleCases.ProximalBPS.ActualHarmonicFlow.actual_harmonic_flow_statement✝ hα hαβ hV hH hη hβη
hb :
  AutoSamplingTheory.ExampleCases.ProximalBPS.ActualBounceRate.actual_bounce_rate_energy_statement✝ hα hαβ hV hH hη hβη
hk :
  AutoSamplingTheory.ExampleCases.ProximalBPS.ActualHazardClock.actual_integrated_hazard_clock_statement✝ hα hαβ hV hH
    hη hβη
hΦmeas : Measurable fun a => Φ a.1.1 a.1.2 a.2.1 a.2.2
hΦzero : ∀ (y xRef : E) (z : E × E), Φ y xRef 0 z = z
hΦH : ∀ (y xRef : E) (t : ℝ) (z : E × E), H y xRef (Φ y xRef t z) = H y xRef z
hSmeas : Measurable fun a => S a.1 a.2
hSH : ∀ (y xRef : E) (z : E × E), H y xRef (S xRef z) = H y xRef z
hrate0 : ∀ (xRef : E) (z : E × E), 0 ≤ rate xRef z
hratecap : ∀ (y xRef : E) (z₀ z : E × E), H y xRef z = H y xRef z₀ → rate xRef z ≤ C y xRef z₀
hτpositive : ∀ (y xRef : E) (z : E × E) (e : ℝ≥0), 0 < e → 0 < τ y xRef z e
hτzero : ∀ (y xRef : E) (z : E × E), τ y xRef z 0 = 0
hτmeas : Measurable fun a => τ a.1.1 a.1.2 a.2.1 a.2.2
hC0 : ∀ (y xRef : E) (z : E × E), 0 ≤ C y xRef z
hwait :
  ∀ (y xRef : E) (z : E × E) (e : ℝ≥0),
    (0 < C y xRef z → ↑(↑e / C y xRef z).toNNReal ≤ τ y xRef z e) ∧ (C y xRef z = 0 → 0 < e → τ y xRef z e = ⊤)
hrec0 : ∀ (y xRef : E) (z₀ : E × E) (e : ℕ → ℝ≥0), record y xRef z₀ e 0 = Sum.inl (0, z₀)
hrecstep :
  ∀ (y xRef : E) (z₀ : E × E) (e : ℕ → ℝ≥0) (n : ℕ),
    record y xRef z₀ e (n + 1) = next y xRef (e n) (record y xRef z₀ e n)
hbranches :
  ∀ (y xRef : E) (z₀ : E × E) (e : ℕ → ℝ≥0) (n : ℕ) (a : ℝ≥0 × E × E),
    record y xRef z₀ e n = Sum.inl a →
      (record y xRef z₀ e (n + 1) = Sum.inr () ↔ τ y xRef a.2 (e n) = ⊤) ∧
        (τ y xRef a.2 (e n) ≠ ⊤ →
          record y xRef z₀ e (n + 1) =
            Sum.inl
              (a.1 + WithTop.untopD 0 (τ y xRef a.2 (e n)),
                S xRef (Φ y xRef (↑(WithTop.untopD 0 (τ y xRef a.2 (e n)))) a.2)))
g : ((E × E) × ℝ≥0) × ℝ≥0 × E × E → ℝ≥0 × E × E ⊕ Unit :=
  fun a =>
    if τ a.1.1.1 a.1.1.2 a.2.2 a.1.2 = ⊤ then Sum.inr ()
    else
      Sum.inl
        (a.2.1 + WithTop.untopD 0 (τ a.1.1.1 a.1.1.2 a.2.2 a.1.2),
          S a.1.1.2 (Φ a.1.1.1 a.1.1.2 (↑(WithTop.untopD 0 (τ a.1.1.1 a.1.1.2 a.2.2 a.1.2))) a.2.2))
hparams : Measurable fun a => (a.1.1, a.2.2, a.1.2)
ht0 : Measurable ((fun a => τ a.1.1 a.1.2 a.2.1 a.2.2) ∘ fun a => (a.1.1, a.2.2, a.1.2))
ht : Measurable fun a => τ a.1.1.1 a.1.1.2 a.2.2 a.1.2
hq : Measurable fun x => WithTop.untopD 0 (τ x.1.1.1 x.1.1.2 x.2.2 x.1.2)
hp :
  Measurable
    ((fun a => Φ a.1.1 a.1.2 a.2.1 a.2.2) ∘ fun a =>
      (a.1.1, (NNReal.toReal ∘ fun x => WithTop.untopD 0 (τ x.1.1.1 x.1.1.2 x.2.2 x.1.2)) a, a.2.2))
hs :
  Measurable
    ((fun a => S a.1 a.2) ∘ fun a =>
      (a.1.1.2,
        ((fun a => Φ a.1.1 a.1.2 a.2.1 a.2.2) ∘ fun a =>
            (a.1.1, (NNReal.toReal ∘ fun x => WithTop.untopD 0 (τ x.1.1.1 x.1.1.2 x.2.2 x.1.2)) a, a.2.2))
          a))
hg : Measurable g
hsum : Measurable (Sum.elim g fun x => Sum.inr ())
hm :
  Measurable
    ((Sum.elim g fun x => Sum.inr ()) ∘
      ⇑(MeasurableEquiv.prodSumDistrib ((E × E) × ℝ≥0) (ℝ≥0 × E × E) Unit) ∘ fun a => ((a.1, a.2.1), a.2.2))
a : (E × E) × ℝ≥0 × (ℝ≥0 × E × E ⊕ Unit)
val✝ : Unit
⊢ next a.1.1 a.1.2 a.2.1 (Sum.inr val✝) =
    ((Sum.elim g fun x => Sum.inr ()) ∘
        ⇑(MeasurableEquiv.prodSumDistrib ((E × E) × ℝ≥0) (ℝ≥0 × E × E) Unit) ∘ fun a => ((a.1, a.2.1), a.2.2))
      a
error: AutoSamplingTheory/ExampleCases/ProximalBPS/ActualFiniteJumpRecursion.lean:297:8: unsolved goals
case neg.refl
E : Type u_1
inst✝⁴ : NormedAddCommGroup E
inst✝³ : InnerProductSpace ℝ E
inst✝² : FiniteDimensional ℝ E
inst✝¹ : MeasurableSpace E
inst✝ : BorelSpace E
V : E → ℝ
α β : ℝ≥0
η : ℝ
hα : 0 < ↑α
hαβ : α ≤ β
hV : ContDiff ℝ 2 V
hH : ∀ (x v : E), ↑α * ‖v‖ ^ 2 ≤ ((fderiv ℝ (fderiv ℝ V) x) v) v ∧ ((fderiv ℝ (fderiv ℝ V) x) v) v ≤ ↑β * ‖v‖ ^ 2
hη : 0 < η
hβη : ↑β * η ≤ 1
c : E → E → E := fun y xRef => y - η • gradient V xRef
Φ : E → E → ℝ → E × E → E × E :=
  fun y xRef t z =>
    (c y xRef + Real.cos t • (z.1 - c y xRef) + (√η * Real.sin t) • z.2,
      (-Real.sin t / √η) • (z.1 - c y xRef) + Real.cos t • z.2)
S : E → E × E → E × E :=
  fun xRef z =>
    (z.1,
      z.2 -
        (2 * ⟪z.2, gradient V z.1 - gradient V xRef⟫_ℝ / ‖gradient V z.1 - gradient V xRef‖ ^ 2) •
          (gradient V z.1 - gradient V xRef))
rate : E → E × E → ℝ := fun xRef z => √η * max 0 ⟪z.2, gradient V z.1 - gradient V xRef⟫_ℝ
H : E → E → E × E → ℝ := fun y xRef z => (η⁻¹ * ‖z.1 - c y xRef‖ ^ 2 + ‖z.2‖ ^ 2) / 2
C : E → E → E × E → ℝ := fun y xRef z => √η * ↑β * √(2 * H y xRef z) * (√(2 * η * H y xRef z) + ‖c y xRef - xRef‖)
Λ : E → E → E × E → ℝ≥0 → ℝ := fun y xRef z t => ∫ (s : ℝ) in 0..↑t, rate xRef (Φ y xRef s z)
τ : E → E → E × E → ℝ≥0 → WithTop ℝ≥0 :=
  fun y xRef z e => hittingAfter (fun t a => Λ a.1.1 a.1.2 a.2.1 t - ↑a.2.2) (Set.Ici 0) 0 ((y, xRef), z, e)
next : E → E → ℝ≥0 → ℝ≥0 × E × E ⊕ Unit → ℝ≥0 × E × E ⊕ Unit :=
  fun y xRef e r =>
    match r with
    | Sum.inr val => Sum.inr ()
    | Sum.inl a =>
      if τ y xRef a.2 e = ⊤ then Sum.inr ()
      else
        Sum.inl (a.1 + WithTop.untopD 0 (τ y xRef a.2 e), S xRef (Φ y xRef (↑(WithTop.untopD 0 (τ y xRef a.2 e))) a.2))
record : E → E → E × E → (ℕ → ℝ≥0) → ℕ → ℝ≥0 × E × E ⊕ Unit :=
  fun y xRef z₀ e n => Nat.rec (Sum.inl (0, z₀)) (fun k r => next y xRef (e k) r) n
eventTime : E → E → E × E → (ℕ → ℝ≥0) → ℕ → WithTop ℝ≥0 :=
  fun y xRef z₀ e n => Sum.elim (fun a => ↑a.1) (fun x => ⊤) (record y xRef z₀ e n)
hf : AutoSamplingTheory.ExampleCases.ProximalBPS.ActualHarmonicFlow.actual_harmonic_flow_statement✝ hα hαβ hV hH hη hβη
hb :
  AutoSamplingTheory.ExampleCases.ProximalBPS.ActualBounceRate.actual_bounce_rate_energy_statement✝ hα hαβ hV hH hη hβη
hk :
  AutoSamplingTheory.ExampleCases.ProximalBPS.ActualHazardClock.actual_integrated_hazard_clock_statement✝ hα hαβ hV hH
    hη hβη
hΦmeas : Measurable fun a => Φ a.1.1 a.1.2 a.2.1 a.2.2
hΦzero : ∀ (y xRef : E) (z : E × E), Φ y xRef 0 z = z
hΦH : ∀ (y xRef : E) (t : ℝ) (z : E × E), H y xRef (Φ y xRef t z) = H y xRef z
hSmeas : Measurable fun a => S a.1 a.2
hSH : ∀ (y xRef : E) (z : E × E), H y xRef (S xRef z) = H y xRef z
hrate0 : ∀ (xRef : E) (z : E × E), 0 ≤ rate xRef z
hratecap : ∀ (y xRef : E) (z₀ z : E × E), H y xRef z = H y xRef z₀ → rate xRef z ≤ C y xRef z₀
hτpositive : ∀ (y xRef : E) (z : E × E) (e : ℝ≥0), 0 < e → 0 < τ y xRef z e
hτzero : ∀ (y xRef : E) (z : E × E), τ y xRef z 0 = 0
hτmeas : Measurable fun a => τ a.1.1 a.1.2 a.2.1 a.2.2
hC0 : ∀ (y xRef : E) (z : E × E), 0 ≤ C y xRef z
hwait :
  ∀ (y xRef : E) (z : E × E) (e : ℝ≥0),
    (0 < C y xRef z → ↑(↑e / C y xRef z).toNNReal ≤ τ y xRef z e) ∧ (C y xRef z = 0 → 0 < e → τ y xRef z e = ⊤)
hrec0 : ∀ (y xRef : E) (z₀ : E × E) (e : ℕ → ℝ≥0), record y xRef z₀ e 0 = Sum.inl (0, z₀)
hrecstep :
  ∀ (y xRef : E) (z₀ : E × E) (e : ℕ → ℝ≥0) (n : ℕ),
    record y xRef z₀ e (n + 1) = next y xRef (e n) (record y xRef z₀ e n)
hbranches :
  ∀ (y xRef : E) (z₀ : E × E) (e : ℕ → ℝ≥0) (n : ℕ) (a : ℝ≥0 × E × E),
    record y xRef z₀ e n = Sum.inl a →
      (record y xRef z₀ e (n + 1) = Sum.inr () ↔ τ y xRef a.2 (e n) = ⊤) ∧
        (τ y xRef a.2 (e n) ≠ ⊤ →
          record y xRef z₀ e (n + 1) =
            Sum.inl
              (a.1 + WithTop.untopD 0 (τ y xRef a.2 (e n)),
                S xRef (Φ y xRef (↑(WithTop.untopD 0 (τ y xRef a.2 (e n)))) a.2)))
hnextmeas : Measurable fun a => next a.1.1 a.1.2 a.2.1 a.2.2
hrecordmeas : ∀ (n : ℕ), Measurable fun a => record a.1.1 a.1.2 a.2.1 a.2.2 n
htimemeas : ∀ (n : ℕ), Measurable fun a => eventTime a.1.1 a.1.2 a.2.1 a.2.2 n
y xRef : E
z₀ : E × E
e : ℕ → ℝ≥0
n : ℕ
ih : ∀ (a : ℝ≥0 × E × E), record y xRef z₀ e n = Sum.inl a → H y xRef a.2 = H y xRef z₀
b : ℝ≥0 × E × E
hr : record y xRef z₀ e n = Sum.inl b
ht : ¬τ y xRef b.2 (e n) = ⊤
⊢ H y xRef
      (b.1 + WithTop.untopD 0 (τ y xRef b.2 (e n)),
          S xRef (Φ y xRef (↑(WithTop.untopD 0 (τ y xRef b.2 (e n)))) b.2)).2 =
    H y xRef z₀
error: AutoSamplingTheory/ExampleCases/ProximalBPS/ActualFiniteJumpRecursion.lean:298:8: No goals to be solved
error: AutoSamplingTheory/ExampleCases/ProximalBPS/ActualFiniteJumpRecursion.lean:313:62: Function expected at
  zero_le
but this term has type
  0 ≤ ?m.2365

Note: Expected a function because this term is being applied to the argument
  _
warning: AutoSamplingTheory/ExampleCases/ProximalBPS/ActualFiniteJumpRecursion.lean:319:19: try 'simp' instead of 'simpa'

Note: This linter can be disabled with `set_option linter.unnecessarySimpa false`
error: AutoSamplingTheory/ExampleCases/ProximalBPS/ActualFiniteJumpRecursion.lean:339:12: unsolved goals
case inr
E : Type u_1
inst✝⁴ : NormedAddCommGroup E
inst✝³ : InnerProductSpace ℝ E
inst✝² : FiniteDimensional ℝ E
inst✝¹ : MeasurableSpace E
inst✝ : BorelSpace E
V : E → ℝ
α β : ℝ≥0
η : ℝ
hα : 0 < ↑α
hαβ : α ≤ β
hV : ContDiff ℝ 2 V
hH : ∀ (x v : E), ↑α * ‖v‖ ^ 2 ≤ ((fderiv ℝ (fderiv ℝ V) x) v) v ∧ ((fderiv ℝ (fderiv ℝ V) x) v) v ≤ ↑β * ‖v‖ ^ 2
hη : 0 < η
hβη : ↑β * η ≤ 1
c : E → E → E := fun y xRef => y - η • gradient V xRef
Φ : E → E → ℝ → E × E → E × E :=
  fun y xRef t z =>
    (c y xRef + Real.cos t • (z.1 - c y xRef) + (√η * Real.sin t) • z.2,
      (-Real.sin t / √η) • (z.1 - c y xRef) + Real.cos t • z.2)
S : E → E × E → E × E :=
  fun xRef z =>
    (z.1,
      z.2 -
        (2 * ⟪z.2, gradient V z.1 - gradient V xRef⟫_ℝ / ‖gradient V z.1 - gradient V xRef‖ ^ 2) •
          (gradient V z.1 - gradient V xRef))
rate : E → E × E → ℝ := fun xRef z => √η * max 0 ⟪z.2, gradient V z.1 - gradient V xRef⟫_ℝ
H : E → E → E × E → ℝ := fun y xRef z => (η⁻¹ * ‖z.1 - c y xRef‖ ^ 2 + ‖z.2‖ ^ 2) / 2
C : E → E → E × E → ℝ := fun y xRef z => √η * ↑β * √(2 * H y xRef z) * (√(2 * η * H y xRef z) + ‖c y xRef - xRef‖)
Λ : E → E → E × E → ℝ≥0 → ℝ := fun y xRef z t => ∫ (s : ℝ) in 0..↑t, rate xRef (Φ y xRef s z)
τ : E → E → E × E → ℝ≥0 → WithTop ℝ≥0 :=
  fun y xRef z e => hittingAfter (fun t a => Λ a.1.1 a.1.2 a.2.1 t - ↑a.2.2) (Set.Ici 0) 0 ((y, xRef), z, e)
next : E → E → ℝ≥0 → ℝ≥0 × E × E ⊕ Unit → ℝ≥0 × E × E ⊕ Unit :=
  fun y xRef e r =>
    match r with
    | Sum.inr val => Sum.inr ()
    | Sum.inl a =>
      if τ y xRef a.2 e = ⊤ then Sum.inr ()
      else
        Sum.inl (a.1 + WithTop.untopD 0 (τ y xRef a.2 e), S xRef (Φ y xRef (↑(WithTop.untopD 0 (τ y xRef a.2 e))) a.2))
record : E → E → E × E → (ℕ → ℝ≥0) → ℕ → ℝ≥0 × E × E ⊕ Unit :=
  fun y xRef z₀ e n => Nat.rec (Sum.inl (0, z₀)) (fun k r => next y xRef (e k) r) n
eventTime : E → E → E × E → (ℕ → ℝ≥0) → ℕ → WithTop ℝ≥0 :=
  fun y xRef z₀ e n => Sum.elim (fun a => ↑a.1) (fun x => ⊤) (record y xRef z₀ e n)
hf : AutoSamplingTheory.ExampleCases.ProximalBPS.ActualHarmonicFlow.actual_harmonic_flow_statement✝ hα hαβ hV hH hη hβη
hb :
  AutoSamplingTheory.ExampleCases.ProximalBPS.ActualBounceRate.actual_bounce_rate_energy_statement✝ hα hαβ hV hH hη hβη
hk :
  AutoSamplingTheory.ExampleCases.ProximalBPS.ActualHazardClock.actual_integrated_hazard_clock_statement✝ hα hαβ hV hH
    hη hβη
hΦmeas : Measurable fun a => Φ a.1.1 a.1.2 a.2.1 a.2.2
hΦzero : ∀ (y xRef : E) (z : E × E), Φ y xRef 0 z = z
hΦH : ∀ (y xRef : E) (t : ℝ) (z : E × E), H y xRef (Φ y xRef t z) = H y xRef z
hSmeas : Measurable fun a => S a.1 a.2
hSH : ∀ (y xRef : E) (z : E × E), H y xRef (S xRef z) = H y xRef z
hrate0 : ∀ (xRef : E) (z : E × E), 0 ≤ rate xRef z
hratecap : ∀ (y xRef : E) (z₀ z : E × E), H y xRef z = H y xRef z₀ → rate xRef z ≤ C y xRef z₀
hτpositive : ∀ (y xRef : E) (z : E × E) (e : ℝ≥0), 0 < e → 0 < τ y xRef z e
hτzero : ∀ (y xRef : E) (z : E × E), τ y xRef z 0 = 0
hτmeas : Measurable fun a => τ a.1.1 a.1.2 a.2.1 a.2.2
hC0 : ∀ (y xRef : E) (z : E × E), 0 ≤ C y xRef z
hwait :
  ∀ (y xRef : E) (z : E × E) (e : ℝ≥0),
    (0 < C y xRef z → ↑(↑e / C y xRef z).toNNReal ≤ τ y xRef z e) ∧ (C y xRef z = 0 → 0 < e → τ y xRef z e = ⊤)
hrec0 : ∀ (y xRef : E) (z₀ : E × E) (e : ℕ → ℝ≥0), record y xRef z₀ e 0 = Sum.inl (0, z₀)
hrecstep :
  ∀ (y xRef : E) (z₀ : E × E) (e : ℕ → ℝ≥0) (n : ℕ),
    record y xRef z₀ e (n + 1) = next y xRef (e n) (record y xRef z₀ e n)
hbranches :
  ∀ (y xRef : E) (z₀ : E × E) (e : ℕ → ℝ≥0) (n : ℕ) (a : ℝ≥0 × E × E),
    record y xRef z₀ e n = Sum.inl a →
      (record y xRef z₀ e (n + 1) = Sum.inr () ↔ τ y xRef a.2 (e n) = ⊤) ∧
        (τ y xRef a.2 (e n) ≠ ⊤ →
          record y xRef z₀ e (n + 1) =
            Sum.inl
              (a.1 + WithTop.untopD 0 (τ y xRef a.2 (e n)),
                S xRef (Φ y xRef (↑(WithTop.untopD 0 (τ y xRef a.2 (e n)))) a.2)))
hnextmeas : Measurable fun a => next a.1.1 a.1.2 a.2.1 a.2.2
hrecordmeas : ∀ (n : ℕ), Measurable fun a => record a.1.1 a.1.2 a.2.1 a.2.2 n
htimemeas : ∀ (n : ℕ), Measurable fun a => eventTime a.1.1 a.1.2 a.2.1 a.2.2 n
henergy :
  ∀ (y xRef : E) (z₀ : E × E) (e : ℕ → ℝ≥0) (n : ℕ) (a : ℝ≥0 × E × E),
    record y xRef z₀ e n = Sum.inl a → H y xRef a.2 = H y xRef z₀
hmono : ∀ (y xRef : E) (z₀ : E × E) (e : ℕ → ℝ≥0), Monotone (eventTime y xRef z₀ e)
hstopped :
  ∀ (y xRef : E) (z₀ : E × E) (e : ℕ → ℝ≥0) (n k : ℕ),
    record y xRef z₀ e n = Sum.inr () → record y xRef z₀ e (n + k) = Sum.inr ()
harcs :
  ∀ (y xRef : E) (z₀ : E × E) (e : ℕ → ℝ≥0) (n : ℕ) (a : ℝ≥0 × E × E),
    record y xRef z₀ e n = Sum.inl a →
      H y xRef a.2 = H y xRef z₀ ∧
        ∀ (t : ℝ≥0),
          ↑t < τ y xRef a.2 (e n) →
            H y xRef (Φ y xRef (↑t) a.2) = H y xRef z₀ ∧
              0 ≤ rate xRef (Φ y xRef (↑t) a.2) ∧ rate xRef (Φ y xRef (↑t) a.2) ≤ C y xRef z₀
hcap_eq : ∀ (y xRef : E) (z₀ z : E × E), H y xRef z = H y xRef z₀ → C y xRef z = C y xRef z₀
y xRef : E
z₀ : E × E
e : ℕ → ℝ≥0
hC : 0 < C y xRef z₀
n : ℕ
u : Unit
hr : record y xRef z₀ e n = Sum.inr u
⊢ Sum.elim (fun a => ↑a.1) (fun x => ⊤) (Sum.inr u) + ↑(↑(e n) / C y xRef z₀).toNNReal ≤
    Sum.elim (fun a => ↑a.1) (fun x => ⊤) (Sum.inr ())
error: AutoSamplingTheory/ExampleCases/ProximalBPS/ActualFiniteJumpRecursion.lean:353:18: unsolved goals
case coe
E : Type u_1
inst✝⁴ : NormedAddCommGroup E
inst✝³ : InnerProductSpace ℝ E
inst✝² : FiniteDimensional ℝ E
inst✝¹ : MeasurableSpace E
inst✝ : BorelSpace E
V : E → ℝ
α β : ℝ≥0
η : ℝ
hα : 0 < ↑α
hαβ : α ≤ β
hV : ContDiff ℝ 2 V
hH : ∀ (x v : E), ↑α * ‖v‖ ^ 2 ≤ ((fderiv ℝ (fderiv ℝ V) x) v) v ∧ ((fderiv ℝ (fderiv ℝ V) x) v) v ≤ ↑β * ‖v‖ ^ 2
hη : 0 < η
hβη : ↑β * η ≤ 1
c : E → E → E := fun y xRef => y - η • gradient V xRef
Φ : E → E → ℝ → E × E → E × E :=
  fun y xRef t z =>
    (c y xRef + Real.cos t • (z.1 - c y xRef) + (√η * Real.sin t) • z.2,
      (-Real.sin t / √η) • (z.1 - c y xRef) + Real.cos t • z.2)
S : E → E × E → E × E :=
  fun xRef z =>
    (z.1,
      z.2 -
        (2 * ⟪z.2, gradient V z.1 - gradient V xRef⟫_ℝ / ‖gradient V z.1 - gradient V xRef‖ ^ 2) •
          (gradient V z.1 - gradient V xRef))
rate : E → E × E → ℝ := fun xRef z => √η * max 0 ⟪z.2, gradient V z.1 - gradient V xRef⟫_ℝ
H : E → E → E × E → ℝ := fun y xRef z => (η⁻¹ * ‖z.1 - c y xRef‖ ^ 2 + ‖z.2‖ ^ 2) / 2
C : E → E → E × E → ℝ := fun y xRef z => √η * ↑β * √(2 * H y xRef z) * (√(2 * η * H y xRef z) + ‖c y xRef - xRef‖)
Λ : E → E → E × E → ℝ≥0 → ℝ := fun y xRef z t => ∫ (s : ℝ) in 0..↑t, rate xRef (Φ y xRef s z)
τ : E → E → E × E → ℝ≥0 → WithTop ℝ≥0 :=
  fun y xRef z e => hittingAfter (fun t a => Λ a.1.1 a.1.2 a.2.1 t - ↑a.2.2) (Set.Ici 0) 0 ((y, xRef), z, e)
next : E → E → ℝ≥0 → ℝ≥0 × E × E ⊕ Unit → ℝ≥0 × E × E ⊕ Unit :=
  fun y xRef e r =>
    match r with
    | Sum.inr val => Sum.inr ()
    | Sum.inl a =>
      if τ y xRef a.2 e = ⊤ then Sum.inr ()
      else
        Sum.inl (a.1 + WithTop.untopD 0 (τ y xRef a.2 e), S xRef (Φ y xRef (↑(WithTop.untopD 0 (τ y xRef a.2 e))) a.2))
record : E → E → E × E → (ℕ → ℝ≥0) → ℕ → ℝ≥0 × E × E ⊕ Unit :=
  fun y xRef z₀ e n => Nat.rec (Sum.inl (0, z₀)) (fun k r => next y xRef (e k) r) n
eventTime : E → E → E × E → (ℕ → ℝ≥0) → ℕ → WithTop ℝ≥0 :=
  fun y xRef z₀ e n => Sum.elim (fun a => ↑a.1) (fun x => ⊤) (record y xRef z₀ e n)
hf : AutoSamplingTheory.ExampleCases.ProximalBPS.ActualHarmonicFlow.actual_harmonic_flow_statement✝ hα hαβ hV hH hη hβη
hb :
  AutoSamplingTheory.ExampleCases.ProximalBPS.ActualBounceRate.actual_bounce_rate_energy_statement✝ hα hαβ hV hH hη hβη
hk :
  AutoSamplingTheory.ExampleCases.ProximalBPS.ActualHazardClock.actual_integrated_hazard_clock_statement✝ hα hαβ hV hH
    hη hβη
hΦmeas : Measurable fun a => Φ a.1.1 a.1.2 a.2.1 a.2.2
hΦzero : ∀ (y xRef : E) (z : E × E), Φ y xRef 0 z = z
hΦH : ∀ (y xRef : E) (t : ℝ) (z : E × E), H y xRef (Φ y xRef t z) = H y xRef z
hSmeas : Measurable fun a => S a.1 a.2
hSH : ∀ (y xRef : E) (z : E × E), H y xRef (S xRef z) = H y xRef z
hrate0 : ∀ (xRef : E) (z : E × E), 0 ≤ rate xRef z
hratecap : ∀ (y xRef : E) (z₀ z : E × E), H y xRef z = H y xRef z₀ → rate xRef z ≤ C y xRef z₀
hτpositive : ∀ (y xRef : E) (z : E × E) (e : ℝ≥0), 0 < e → 0 < τ y xRef z e
hτzero : ∀ (y xRef : E) (z : E × E), τ y xRef z 0 = 0
hτmeas : Measurable fun a => τ a.1.1 a.1.2 a.2.1 a.2.2
hC0 : ∀ (y xRef : E) (z : E × E), 0 ≤ C y xRef z
hwait :
  ∀ (y xRef : E) (z : E × E) (e : ℝ≥0),
    (0 < C y xRef z → ↑(↑e / C y xRef z).toNNReal ≤ τ y xRef z e) ∧ (C y xRef z = 0 → 0 < e → τ y xRef z e = ⊤)
hrec0 : ∀ (y xRef : E) (z₀ : E × E) (e : ℕ → ℝ≥0), record y xRef z₀ e 0 = Sum.inl (0, z₀)
hrecstep :
  ∀ (y xRef : E) (z₀ : E × E) (e : ℕ → ℝ≥0) (n : ℕ),
    record y xRef z₀ e (n + 1) = next y xRef (e n) (record y xRef z₀ e n)
hbranches :
  ∀ (y xRef : E) (z₀ : E × E) (e : ℕ → ℝ≥0) (n : ℕ) (a : ℝ≥0 × E × E),
    record y xRef z₀ e n = Sum.inl a →
      (record y xRef z₀ e (n + 1) = Sum.inr () ↔ τ y xRef a.2 (e n) = ⊤) ∧
        (τ y xRef a.2 (e n) ≠ ⊤ →
          record y xRef z₀ e (n + 1) =
            Sum.inl
              (a.1 + WithTop.untopD 0 (τ y xRef a.2 (e n)),
                S xRef (Φ y xRef (↑(WithTop.untopD 0 (τ y xRef a.2 (e n)))) a.2)))
hnextmeas : Measurable fun a => next a.1.1 a.1.2 a.2.1 a.2.2
hrecordmeas : ∀ (n : ℕ), Measurable fun a => record a.1.1 a.1.2 a.2.1 a.2.2 n
htimemeas : ∀ (n : ℕ), Measurable fun a => eventTime a.1.1 a.1.2 a.2.1 a.2.2 n
henergy :
  ∀ (y xRef : E) (z₀ : E × E) (e : ℕ → ℝ≥0) (n : ℕ) (a : ℝ≥0 × E × E),
    record y xRef z₀ e n = Sum.inl a → H y xRef a.2 = H y xRef z₀
hmono : ∀ (y xRef : E) (z₀ : E × E) (e : ℕ → ℝ≥0), Monotone (eventTime y xRef z₀ e)
hstopped :
  ∀ (y xRef : E) (z₀ : E × E) (e : ℕ → ℝ≥0) (n k : ℕ),
    record y xRef z₀ e n = Sum.inr () → record y xRef z₀ e (n + k) = Sum.inr ()
harcs :
  ∀ (y xRef : E) (z₀ : E × E) (e : ℕ → ℝ≥0) (n : ℕ) (a : ℝ≥0 × E × E),
    record y xRef z₀ e n = Sum.inl a →
      H y xRef a.2 = H y xRef z₀ ∧
        ∀ (t : ℝ≥0),
          ↑t < τ y xRef a.2 (e n) →
            H y xRef (Φ y xRef (↑t) a.2) = H y xRef z₀ ∧
              0 ≤ rate xRef (Φ y xRef (↑t) a.2) ∧ rate xRef (Φ y xRef (↑t) a.2) ≤ C y xRef z₀
hcap_eq : ∀ (y xRef : E) (z₀ z : E × E), H y xRef z = H y xRef z₀ → C y xRef z = C y xRef z₀
y xRef : E
z₀ : E × E
e : ℕ → ℝ≥0
hC : 0 < C y xRef z₀
n : ℕ
a : ℝ≥0 × E × E
hr : record y xRef z₀ e n = Sum.inl a
hCa : C y xRef a.2 = C y xRef z₀
hw : ↑(↑(e n) / C y xRef z₀).toNNReal ≤ τ y xRef a.2 (e n)
ht : ¬τ y xRef a.2 (e n) = ⊤
q : ℝ≥0
hτ : τ y xRef a.2 (e n) = ↑q
⊢ ↑(WithTop.untopD 0 ↑q) = ↑q
error: AutoSamplingTheory/ExampleCases/ProximalBPS/ActualFiniteJumpRecursion.lean:357:8: Type mismatch
  add_le_add_left hw ?m.2636
has type
  ↑(↑(e n) / C y xRef z₀).toNNReal + ?m.2636 ≤ τ y xRef a.2 (e n) + ?m.2636
but is expected to have type
  ↑a.1 + ↑(↑(e n) / C y xRef z₀).toNNReal ≤ ↑a.1 + τ y xRef a.2 (e n)
error: AutoSamplingTheory/ExampleCases/ProximalBPS/ActualFiniteJumpRecursion.lean:368:64: unsolved goals
E : Type u_1
inst✝⁴ : NormedAddCommGroup E
inst✝³ : InnerProductSpace ℝ E
inst✝² : FiniteDimensional ℝ E
inst✝¹ : MeasurableSpace E
inst✝ : BorelSpace E
V : E → ℝ
α β : ℝ≥0
η : ℝ
hα : 0 < ↑α
hαβ : α ≤ β
hV : ContDiff ℝ 2 V
hH : ∀ (x v : E), ↑α * ‖v‖ ^ 2 ≤ ((fderiv ℝ (fderiv ℝ V) x) v) v ∧ ((fderiv ℝ (fderiv ℝ V) x) v) v ≤ ↑β * ‖v‖ ^ 2
hη : 0 < η
hβη : ↑β * η ≤ 1
c : E → E → E := fun y xRef => y - η • gradient V xRef
Φ : E → E → ℝ → E × E → E × E :=
  fun y xRef t z =>
    (c y xRef + Real.cos t • (z.1 - c y xRef) + (√η * Real.sin t) • z.2,
      (-Real.sin t / √η) • (z.1 - c y xRef) + Real.cos t • z.2)
S : E → E × E → E × E :=
  fun xRef z =>
    (z.1,
      z.2 -
        (2 * ⟪z.2, gradient V z.1 - gradient V xRef⟫_ℝ / ‖gradient V z.1 - gradient V xRef‖ ^ 2) •
          (gradient V z.1 - gradient V xRef))
rate : E → E × E → ℝ := fun xRef z => √η * max 0 ⟪z.2, gradient V z.1 - gradient V xRef⟫_ℝ
H : E → E → E × E → ℝ := fun y xRef z => (η⁻¹ * ‖z.1 - c y xRef‖ ^ 2 + ‖z.2‖ ^ 2) / 2
C : E → E → E × E → ℝ := fun y xRef z => √η * ↑β * √(2 * H y xRef z) * (√(2 * η * H y xRef z) + ‖c y xRef - xRef‖)
Λ : E → E → E × E → ℝ≥0 → ℝ := fun y xRef z t => ∫ (s : ℝ) in 0..↑t, rate xRef (Φ y xRef s z)
τ : E → E → E × E → ℝ≥0 → WithTop ℝ≥0 :=
  fun y xRef z e => hittingAfter (fun t a => Λ a.1.1 a.1.2 a.2.1 t - ↑a.2.2) (Set.Ici 0) 0 ((y, xRef), z, e)
next : E → E → ℝ≥0 → ℝ≥0 × E × E ⊕ Unit → ℝ≥0 × E × E ⊕ Unit :=
  fun y xRef e r =>
    match r with
    | Sum.inr val => Sum.inr ()
    | Sum.inl a =>
      if τ y xRef a.2 e = ⊤ then Sum.inr ()
      else
        Sum.inl (a.1 + WithTop.untopD 0 (τ y xRef a.2 e), S xRef (Φ y xRef (↑(WithTop.untopD 0 (τ y xRef a.2 e))) a.2))
record : E → E → E × E → (ℕ → ℝ≥0) → ℕ → ℝ≥0 × E × E ⊕ Unit :=
  fun y xRef z₀ e n => Nat.rec (Sum.inl (0, z₀)) (fun k r => next y xRef (e k) r) n
eventTime : E → E → E × E → (ℕ → ℝ≥0) → ℕ → WithTop ℝ≥0 :=
  fun y xRef z₀ e n => Sum.elim (fun a => ↑a.1) (fun x => ⊤) (record y xRef z₀ e n)
hf : AutoSamplingTheory.ExampleCases.ProximalBPS.ActualHarmonicFlow.actual_harmonic_flow_statement✝ hα hαβ hV hH hη hβη
hb :
  AutoSamplingTheory.ExampleCases.ProximalBPS.ActualBounceRate.actual_bounce_rate_energy_statement✝ hα hαβ hV hH hη hβη
hk :
  AutoSamplingTheory.ExampleCases.ProximalBPS.ActualHazardClock.actual_integrated_hazard_clock_statement✝ hα hαβ hV hH
    hη hβη
hΦmeas : Measurable fun a => Φ a.1.1 a.1.2 a.2.1 a.2.2
hΦzero : ∀ (y xRef : E) (z : E × E), Φ y xRef 0 z = z
hΦH : ∀ (y xRef : E) (t : ℝ) (z : E × E), H y xRef (Φ y xRef t z) = H y xRef z
hSmeas : Measurable fun a => S a.1 a.2
hSH : ∀ (y xRef : E) (z : E × E), H y xRef (S xRef z) = H y xRef z
hrate0 : ∀ (xRef : E) (z : E × E), 0 ≤ rate xRef z
hratecap : ∀ (y xRef : E) (z₀ z : E × E), H y xRef z = H y xRef z₀ → rate xRef z ≤ C y xRef z₀
hτpositive : ∀ (y xRef : E) (z : E × E) (e : ℝ≥0), 0 < e → 0 < τ y xRef z e
hτzero : ∀ (y xRef : E) (z : E × E), τ y xRef z 0 = 0
hτmeas : Measurable fun a => τ a.1.1 a.1.2 a.2.1 a.2.2
hC0 : ∀ (y xRef : E) (z : E × E), 0 ≤ C y xRef z
hwait :
  ∀ (y xRef : E) (z : E × E) (e : ℝ≥0),
    (0 < C y xRef z → ↑(↑e / C y xRef z).toNNReal ≤ τ y xRef z e) ∧ (C y xRef z = 0 → 0 < e → τ y xRef z e = ⊤)
hrec0 : ∀ (y xRef : E) (z₀ : E × E) (e : ℕ → ℝ≥0), record y xRef z₀ e 0 = Sum.inl (0, z₀)
hrecstep :
  ∀ (y xRef : E) (z₀ : E × E) (e : ℕ → ℝ≥0) (n : ℕ),
    record y xRef z₀ e (n + 1) = next y xRef (e n) (record y xRef z₀ e n)
hbranches :
  ∀ (y xRef : E) (z₀ : E × E) (e : ℕ → ℝ≥0) (n : ℕ) (a : ℝ≥0 × E × E),
    record y xRef z₀ e n = Sum.inl a →
      (record y xRef z₀ e (n + 1) = Sum.inr () ↔ τ y xRef a.2 (e n) = ⊤) ∧
        (τ y xRef a.2 (e n) ≠ ⊤ →
          record y xRef z₀ e (n + 1) =
            Sum.inl
              (a.1 + WithTop.untopD 0 (τ y xRef a.2 (e n)),
                S xRef (Φ y xRef (↑(WithTop.untopD 0 (τ y xRef a.2 (e n)))) a.2)))
hnextmeas : Measurable fun a => next a.1.1 a.1.2 a.2.1 a.2.2
hrecordmeas : ∀ (n : ℕ), Measurable fun a => record a.1.1 a.1.2 a.2.1 a.2.2 n
htimemeas : ∀ (n : ℕ), Measurable fun a => eventTime a.1.1 a.1.2 a.2.1 a.2.2 n
henergy :
  ∀ (y xRef : E) (z₀ : E × E) (e : ℕ → ℝ≥0) (n : ℕ) (a : ℝ≥0 × E × E),
    record y xRef z₀ e n = Sum.inl a → H y xRef a.2 = H y xRef z₀
hmono : ∀ (y xRef : E) (z₀ : E × E) (e : ℕ → ℝ≥0), Monotone (eventTime y xRef z₀ e)
hstopped :
  ∀ (y xRef : E) (z₀ : E × E) (e : ℕ → ℝ≥0) (n k : ℕ),
    record y xRef z₀ e n = Sum.inr () → record y xRef z₀ e (n + k) = Sum.inr ()
harcs :
  ∀ (y xRef : E) (z₀ : E × E) (e : ℕ → ℝ≥0) (n : ℕ) (a : ℝ≥0 × E × E),
    record y xRef z₀ e n = Sum.inl a →
      H y xRef a.2 = H y xRef z₀ ∧
        ∀ (t : ℝ≥0),
          ↑t < τ y xRef a.2 (e n) →
            H y xRef (Φ y xRef (↑t) a.2) = H y xRef z₀ ∧
              0 ≤ rate xRef (Φ y xRef (↑t) a.2) ∧ rate xRef (Φ y xRef (↑t) a.2) ≤ C y xRef z₀
hcap_eq : ∀ (y xRef : E) (z₀ z : E × E), H y xRef z = H y xRef z₀ → C y xRef z = C y xRef z₀
hincrement :
  ∀ (y xRef : E) (z₀ : E × E) (e : ℕ → ℝ≥0),
    0 < C y xRef z₀ →
      ∀ (n : ℕ), eventTime y xRef z₀ e n + ↑(↑(e n) / C y xRef z₀).toNNReal ≤ eventTime y xRef z₀ e (n + 1)
hzerocap :
  ∀ (y xRef : E) (z₀ : E × E) (e : ℕ → ℝ≥0),
    C y xRef z₀ = 0 →
      ∀ (n : ℕ) (a : ℝ≥0 × E × E), record y xRef z₀ e n = Sum.inl a → 0 < e n → record y xRef z₀ e (n + 1) = Sum.inr ()
y xRef : E
z₀ : E × E
e : ℕ → ℝ≥0
n : ℕ
a : ℝ≥0 × E × E
ha : record y xRef z₀ e n = Sum.inl a
he : e n = 0
⊢ Sum.inl (a.1 + WithTop.untopD 0 0, S xRef (Φ y xRef (↑(WithTop.untopD 0 0)) a.2)) = Sum.inl (a.1, S xRef a.2)
warning: AutoSamplingTheory/ExampleCases/ProximalBPS/ActualFiniteJumpRecursion.lean:371:6: This simp argument is unused:
  WithTop.untopD_coe

Hint: Omit it from the simp argument list.
  [apply] simp only [next, he, hτzero, WithTop.zero_ne_top, ↓reduceIte, add_zero, NNReal.coe_zero, hΦzero]

Note: This linter can be disabled with `set_option linter.unusedSimpArgs false`
warning: AutoSamplingTheory/ExampleCases/ProximalBPS/ActualFiniteJumpRecursion.lean:371:26: This simp argument is unused:
  add_zero

Hint: Omit it from the simp argument list.
  [apply] simp only [next, he, hτzero, WithTop.zero_ne_top, ↓reduceIte, WithTop.untopD_coe, NNReal.coe_zero, hΦzero]

Note: This linter can be disabled with `set_option linter.unusedSimpArgs false`
warning: AutoSamplingTheory/ExampleCases/ProximalBPS/ActualFiniteJumpRecursion.lean:371:36: This simp argument is unused:
  NNReal.coe_zero

Hint: Omit it from the simp argument list.
  [apply] simp only [next, he, hτzero, WithTop.zero_ne_top, ↓reduceIte, WithTop.untopD_coe, add_zero, hΦzero]

Note: This linter can be disabled with `set_option linter.unusedSimpArgs false`
warning: AutoSamplingTheory/ExampleCases/ProximalBPS/ActualFiniteJumpRecursion.lean:371:53: This simp argument is unused:
  hΦzero

Hint: Omit it from the simp argument list.
  [apply] simp only [next, he, hτzero, WithTop.zero_ne_top, ↓reduceIte, WithTop.untopD_coe, add_zero, NNReal.coe_zero]

Note: This linter can be disabled with `set_option linter.unusedSimpArgs false`
error: Lean exited with code 1
Some required targets logged failures:
- AutoSamplingTheory.ExampleCases.ProximalBPS.ActualFiniteJumpRecursion
