AutoSamplingTheory\ExampleCases\ProximalBPS\MacroscopicEnergy.lean:81:2: warning: Try this: 
  letI̵

The goal is a proposition, so `let` is preferred over `letI`.
The difference between `let` and `letI` is that `letI` inlines the value.
But this is not relevant for proofs because of proof irrelevance.

Note: This linter can be disabled with `set_option linter.style.haveILetI false`
AutoSamplingTheory\ExampleCases\ProximalBPS\MacroscopicEnergy.lean:82:2: warning: Try this: 
  letI̵

The goal is a proposition, so `let` is preferred over `letI`.
The difference between `let` and `letI` is that `letI` inlines the value.
But this is not relevant for proofs because of proof irrelevance.

Note: This linter can be disabled with `set_option linter.style.haveILetI false`
AutoSamplingTheory\ExampleCases\ProximalBPS\MacroscopicEnergy.lean:83:2: warning: Try this: 
  letI̵

The goal is a proposition, so `let` is preferred over `letI`.
The difference between `let` and `letI` is that `letI` inlines the value.
But this is not relevant for proofs because of proof irrelevance.

Note: This linter can be disabled with `set_option linter.style.haveILetI false`
AutoSamplingTheory\ExampleCases\ProximalBPS\MacroscopicEnergy.lean:84:2: warning: Try this: 
  letI̵

The goal is a proposition, so `let` is preferred over `letI`.
The difference between `let` and `letI` is that `letI` inlines the value.
But this is not relevant for proofs because of proof irrelevance.

Note: This linter can be disabled with `set_option linter.style.haveILetI false`
AutoSamplingTheory\ExampleCases\ProximalBPS\MacroscopicEnergy.lean:85:2: warning: Try this: 
  letI̵

The goal is a proposition, so `let` is preferred over `letI`.
The difference between `let` and `letI` is that `letI` inlines the value.
But this is not relevant for proofs because of proof irrelevance.

Note: This linter can be disabled with `set_option linter.style.haveILetI false`
AutoSamplingTheory\ExampleCases\ProximalBPS\MacroscopicEnergy.lean:86:2: warning: Try this: 
  letI̵

The goal is a proposition, so `let` is preferred over `letI`.
The difference between `let` and `letI` is that `letI` inlines the value.
But this is not relevant for proofs because of proof irrelevance.

Note: This linter can be disabled with `set_option linter.style.haveILetI false`
AutoSamplingTheory\ExampleCases\ProximalBPS\MacroscopicEnergy.lean:104:55: error: Tactic `rewrite` failed: Did not find an occurrence of the pattern
  (Measure.map Prod.swap ?m.2372).fst
in the target expression
  Measure.map Prod.fst (Measure.map Prod.swap J) = ν

E : Type u_1
inst✝⁴ : NormedAddCommGroup E
inst✝³ : InnerProductSpace ℝ E
inst✝² : FiniteDimensional ℝ E
inst✝¹ : MeasurableSpace E
inst✝ : BorelSpace E
V : E → ℝ
α β : ℝ≥0
η : ℝ
hα : 0 < ↑α
hαβ : α ≤ β
hV : ContDiff ℝ 2 V
hH : ∀ (x a : E), ↑α * ‖a‖ ^ 2 ≤ ((fderiv ℝ (fderiv ℝ V) x) a) a ∧ ((fderiv ℝ (fderiv ℝ V) x) a) a ≤ ↑β * ‖a‖ ^ 2
hη : 0 < η
hβη : ↑β * η ≤ 1
μ : Measure E := ℙ.tilted fun x => -V x
J : Measure (E × E) := Measure.map (fun p => (p.1, p.1 + √η • p.2)) (μ.prod (stdGaussian E))
ν : Measure E := J.snd
Λ : Measure (E × E) := Measure.map (fun p => (p.2, 2 • p.1 - p.2)) J
P : ↥(Lp ℝ 2 J) →L[ℝ] ↥(Lp ℝ 2 J) :=
  (lpMeas ℝ ℝ (MeasurableSpace.comap Prod.snd inferInstance) 2 J).subtypeL ∘SL condExpL2 ℝ ℝ ⋯
hμ : IsProbabilityMeasure (ℙ.tilted fun x => -V x)
hJ : IsProbabilityMeasure (Measure.map (fun p => (p.1, p.1 + √η • p.2)) ((ℙ.tilted fun x => -V x).prod (stdGaussian E)))
hν :
  IsProbabilityMeasure
    (Measure.map (fun p => (p.1, p.1 + √η • p.2)) ((ℙ.tilted fun x => -V x).prod (stdGaussian E))).snd
R S : Kernel E E
hR : IsMarkovKernel R
hS : IsMarkovKernel S
hcond :
  (Measure.map Prod.swap
        (Measure.map (fun p => (p.1, p.1 + √η • p.2)) ((ℙ.tilted fun x => -V x).prod (stdGaussian E)))).IsCondKernel
    R
hSR : ∀ (y : E), S y = Measure.map (fun x => 2 • x - y) (R y)
hSd : ∀ (y : E), S y = ℙ.tilted fun u => -V ((1 / 2) • (y + u)) - ‖y - u‖ ^ 2 / (8 * η)
henergy :
  ∀ (f : E → ℝ),
    ContDiff ℝ ∞ f →
      HasCompactSupport f →
        have Tf := fun y => ∫ (u : E), f u ∂S y;
        Differentiable ℝ Tf ∧
          MemLp f 2 (Measure.map (fun p => (p.1, p.1 + √η • p.2)) ((ℙ.tilted fun x => -V x).prod (stdGaussian E))).snd ∧
            MemLp Tf 2
                (Measure.map (fun p => (p.1, p.1 + √η • p.2)) ((ℙ.tilted fun x => -V x).prod (stdGaussian E))).snd ∧
              MemLp (gradient Tf) 2
                  (Measure.map (fun p => (p.1, p.1 + √η • p.2)) ((ℙ.tilted fun x => -V x).prod (stdGaussian E))).snd ∧
                Integrable (fun y => TechnicalLemmas.FunctionalInequalities.Poincare.variance (S y) f)
                    (Measure.map (fun p => (p.1, p.1 + √η • p.2)) ((ℙ.tilted fun x => -V x).prod (stdGaussian E))).snd ∧
                  ∫ (y : E),
                        TechnicalLemmas.FunctionalInequalities.Poincare.variance (S y)
                          f ∂(Measure.map (fun p => (p.1, p.1 + √η • p.2))
                            ((ℙ.tilted fun x => -V x).prod (stdGaussian E))).snd =
                      ∫ (y : E),
                          f y ^
                            2 ∂(Measure.map (fun p => (p.1, p.1 + √η • p.2))
                              ((ℙ.tilted fun x => -V x).prod (stdGaussian E))).snd -
                        ∫ (y : E),
                          Tf y ^
                            2 ∂(Measure.map (fun p => (p.1, p.1 + √η • p.2))
                              ((ℙ.tilted fun x => -V x).prod (stdGaussian E))).snd ∧
                    η *
                        ∫ (y : E),
                          ‖gradient Tf y‖ ^
                            2 ∂(Measure.map (fun p => (p.1, p.1 + √η • p.2))
                              ((ℙ.tilted fun x => -V x).prod (stdGaussian E))).snd ≤
                      (1 - ↑α * η) ^ 2 / (4 * (1 + ↑α * η)) *
                        (∫ (y : E),
                            f y ^
                              2 ∂(Measure.map (fun p => (p.1, p.1 + √η • p.2))
                                ((ℙ.tilted fun x => -V x).prod (stdGaussian E))).snd -
                          ∫ (y : E),
                            Tf y ^
                              2 ∂(Measure.map (fun p => (p.1, p.1 + √η • p.2))
                                ((ℙ.tilted fun x => -V x).prod (stdGaussian E))).snd)
this✝⁴ : IsProbabilityMeasure μ := hμ
this✝³ : IsProbabilityMeasure J := hJ
this✝² : IsProbabilityMeasure ν := hν
this✝¹ : IsMarkovKernel R := hR
this✝ : IsMarkovKernel S := hS
this : (Measure.map Prod.swap J).IsCondKernel R := hcond
G : E × E → E × E := fun p => (p.1, 2 • p.2 - p.1)
hG : Measurable G
hmap : (Measure.map Prod.swap J).fst ⊗ₘ S = Measure.map G ((Measure.map Prod.swap J).fst ⊗ₘ R)
hΛmap : Measure.map G (Measure.map Prod.swap J) = Λ
⊢ Measure.map Prod.fst (Measure.map Prod.swap J) = ν
AutoSamplingTheory\ExampleCases\ProximalBPS\MacroscopicEnergy.lean:107:51: error: Function expected at
  Measure.fst_map_swap
but this term has type
  (Measure.map Prod.swap ?m.2405).fst = Measure.snd ?m.2405

Note: Expected a function because this term is being applied to the argument
  J
AutoSamplingTheory\ExampleCases\ProximalBPS\MacroscopicEnergy.lean:109:2: warning: Try this: 
  letI̵

The goal is a proposition, so `let` is preferred over `letI`.
The difference between `let` and `letI` is that `letI` inlines the value.
But this is not relevant for proofs because of proof irrelevance.

Note: This linter can be disabled with `set_option linter.style.haveILetI false`
AutoSamplingTheory\ExampleCases\ProximalBPS\MacroscopicEnergy.lean:113:2: warning: Try this: 
  letI̵

The goal is a proposition, so `let` is preferred over `letI`.
The difference between `let` and `letI` is that `letI` inlines the value.
But this is not relevant for proofs because of proof irrelevance.

Note: This linter can be disabled with `set_option linter.style.haveILetI false`
AutoSamplingTheory\ExampleCases\ProximalBPS\MacroscopicEnergy.lean:114:2: warning: Try this: 
  letI̵

The goal is a proposition, so `let` is preferred over `letI`.
The difference between `let` and `letI` is that `letI` inlines the value.
But this is not relevant for proofs because of proof irrelevance.

Note: This linter can be disabled with `set_option linter.style.haveILetI false`
AutoSamplingTheory\ExampleCases\ProximalBPS\MacroscopicEnergy.lean:119:4: error: Type mismatch
  Eq.trans h₁ (Eq.symm h₀)
has type
  ν {x | (fun x => S x = Λ.condKernel x) x}ᶜ = ν {x | (fun x => S₀ x = Λ.condKernel x) x}ᶜ
but is expected to have type
  ⇑S =ᵐ[ν] ⇑S₀
AutoSamplingTheory\ExampleCases\ProximalBPS\MacroscopicEnergy.lean:19:0: error: (deterministic) timeout at `whnf`, maximum number of heartbeats (200000) has been reached

Note: Use `set_option maxHeartbeats <num>` to set the limit.

Hint: Additional diagnostic information may be available using the `set_option diagnostics true` command.
