E:\Samplinglib\.astis\pbps-centered-defect59\independent-elab-review\phase3\positive-all-identities-typed.lean:46:2: warning: Try this: 
  letI̵

The goal is a proposition, so `let` is preferred over `letI`.
The difference between `let` and `letI` is that `letI` inlines the value.
But this is not relevant for proofs because of proof irrelevance.

Note: This linter can be disabled with `set_option linter.style.haveILetI false`
E:\Samplinglib\.astis\pbps-centered-defect59\independent-elab-review\phase3\positive-all-identities-typed.lean:47:2: warning: Try this: 
  letI̵

The goal is a proposition, so `let` is preferred over `letI`.
The difference between `let` and `letI` is that `letI` inlines the value.
But this is not relevant for proofs because of proof irrelevance.

Note: This linter can be disabled with `set_option linter.style.haveILetI false`
E:\Samplinglib\.astis\pbps-centered-defect59\independent-elab-review\phase3\positive-all-identities-typed.lean:48:2: warning: Try this: 
  letI̵

The goal is a proposition, so `let` is preferred over `letI`.
The difference between `let` and `letI` is that `letI` inlines the value.
But this is not relevant for proofs because of proof irrelevance.

Note: This linter can be disabled with `set_option linter.style.haveILetI false`
E:\Samplinglib\.astis\pbps-centered-defect59\independent-elab-review\phase3\positive-all-identities-typed.lean:49:2: warning: Try this: 
  letI̵

The goal is a proposition, so `let` is preferred over `letI`.
The difference between `let` and `letI` is that `letI` inlines the value.
But this is not relevant for proofs because of proof irrelevance.

Note: This linter can be disabled with `set_option linter.style.haveILetI false`
E:\Samplinglib\.astis\pbps-centered-defect59\independent-elab-review\phase3\positive-all-identities-typed.lean:50:2: warning: Try this: 
  letI̵

The goal is a proposition, so `let` is preferred over `letI`.
The difference between `let` and `letI` is that `letI` inlines the value.
But this is not relevant for proofs because of proof irrelevance.

Note: This linter can be disabled with `set_option linter.style.haveILetI false`
59 begin symmetry
59 symmetry constructed
59 mean constructed
E:\Samplinglib\.astis\pbps-centered-defect59\independent-elab-review\phase3\positive-all-identities-typed.lean:112:15: warning: `ContinuousLinearMap.sub_apply` has been deprecated: Use `sub_apply` instead

Note: The updated constant is in a different namespace. Dot notation may need to be changed (e.g., from `x.sub_apply` to `sub_apply x`).
E:\Samplinglib\.astis\pbps-centered-defect59\independent-elab-review\phase3\positive-all-identities-typed.lean:112:46: warning: `ContinuousLinearMap.one_apply` has been deprecated: Use `one_apply_eq_self` instead

Note: The updated constant is in a different namespace. Dot notation may need to be changed (e.g., from `x.one_apply` to `one_apply_eq_self x`).
E:\Samplinglib\.astis\pbps-centered-defect59\independent-elab-review\phase3\positive-all-identities-typed.lean:113:6: warning: `ContinuousLinearMap.mul_apply` has been deprecated: Use `mul_apply_eq_comp` instead

Note: The updated constant is in a different namespace. Dot notation may need to be changed (e.g., from `x.mul_apply` to `mul_apply_eq_comp x`).
59 full defect identity constructed
E:\Samplinglib\.astis\pbps-centered-defect59\independent-elab-review\phase3\positive-all-identities-typed.lean:119:13: error: Type mismatch
  IsSelfAdjoint.one
has type
  ∀ (R : Type ?u.902) [inst : MulOneClass R] [inst_1 : StarMul R], IsSelfAdjoint 1
but is expected to have type
  IsSelfAdjoint 1
E:\Samplinglib\.astis\pbps-centered-defect59\independent-elab-review\phase3\positive-all-identities-typed.lean:124:15: warning: `ContinuousLinearMap.sub_apply` has been deprecated: Use `sub_apply` instead

Note: The updated constant is in a different namespace. Dot notation may need to be changed (e.g., from `x.sub_apply` to `sub_apply x`).
E:\Samplinglib\.astis\pbps-centered-defect59\independent-elab-review\phase3\positive-all-identities-typed.lean:124:46: warning: `ContinuousLinearMap.one_apply` has been deprecated: Use `one_apply_eq_self` instead

Note: The updated constant is in a different namespace. Dot notation may need to be changed (e.g., from `x.one_apply` to `one_apply_eq_self x`).
E:\Samplinglib\.astis\pbps-centered-defect59\independent-elab-review\phase3\positive-all-identities-typed.lean:125:6: warning: `ContinuousLinearMap.mul_apply` has been deprecated: Use `mul_apply_eq_comp` instead

Note: The updated constant is in a different namespace. Dot notation may need to be changed (e.g., from `x.mul_apply` to `mul_apply_eq_comp x`).
E:\Samplinglib\.astis\pbps-centered-defect59\independent-elab-review\phase3\positive-all-identities-typed.lean:130:12: error: Type mismatch
  IsSelfAdjoint.one
has type
  ∀ (R : Type ?u.1011) [inst : MulOneClass R] [inst_1 : StarMul R], IsSelfAdjoint 1
but is expected to have type
  IsSelfAdjoint 1
'AutoSamplingTheory.ExampleCases.ProximalBPS.CenteredDefectOperator.diagnostic_positive_fragment59' depends on axioms: [propext,
 sorryAx,
 Classical.choice,
 Quot.sound]
