E:\Samplinglib\.astis\pbps-centered-defect59\independent-elab-review\phase3\sealed-successor-definitional-equality.lean:16:5: warning: Variable name `hα` is not explicitly referenced.

Hint: The binding can be removed (if unused) or named `_` (if used implicitly). Alternatively, prefix the name with `_` to silence this warning:
  [apply] _hα

Note: This linter can be disabled with `set_option linter.unusedVariables false`
E:\Samplinglib\.astis\pbps-centered-defect59\independent-elab-review\phase3\sealed-successor-definitional-equality.lean:16:24: warning: Variable name `hαβ` is not explicitly referenced.

Hint: The binding can be removed (if unused) or named `_` (if used implicitly). Alternatively, prefix the name with `_` to silence this warning:
  [apply] _hαβ

Note: This linter can be disabled with `set_option linter.unusedVariables false`
E:\Samplinglib\.astis\pbps-centered-defect59\independent-elab-review\phase3\sealed-successor-definitional-equality.lean:16:38: warning: Variable name `hV` is not explicitly referenced.

Hint: The binding can be removed (if unused) or named `_` (if used implicitly). Alternatively, prefix the name with `_` to silence this warning:
  [apply] _hV

Note: This linter can be disabled with `set_option linter.unusedVariables false`
E:\Samplinglib\.astis\pbps-centered-defect59\independent-elab-review\phase3\sealed-successor-definitional-equality.lean:17:5: warning: Variable name `hH` is not explicitly referenced.

Hint: The binding can be removed (if unused) or named `_` (if used implicitly). Alternatively, prefix the name with `_` to silence this warning:
  [apply] _hH

Note: This linter can be disabled with `set_option linter.unusedVariables false`
E:\Samplinglib\.astis\pbps-centered-defect59\independent-elab-review\phase3\sealed-successor-definitional-equality.lean:20:5: warning: Variable name `hη` is not explicitly referenced.

Hint: The binding can be removed (if unused) or named `_` (if used implicitly). Alternatively, prefix the name with `_` to silence this warning:
  [apply] _hη

Note: This linter can be disabled with `set_option linter.unusedVariables false`
E:\Samplinglib\.astis\pbps-centered-defect59\independent-elab-review\phase3\sealed-successor-definitional-equality.lean:20:18: warning: Variable name `hβη` is not explicitly referenced.

Hint: The binding can be removed (if unused) or named `_` (if used implicitly). Alternatively, prefix the name with `_` to silence this warning:
  [apply] _hβη

Note: This linter can be disabled with `set_option linter.unusedVariables false`
E:\Samplinglib\.astis\pbps-centered-defect59\independent-elab-review\phase3\sealed-successor-definitional-equality.lean:68:5: warning: Variable name `hα` is not explicitly referenced.

Hint: The binding can be removed (if unused) or named `_` (if used implicitly). Alternatively, prefix the name with `_` to silence this warning:
  [apply] _hα

Note: This linter can be disabled with `set_option linter.unusedVariables false`
E:\Samplinglib\.astis\pbps-centered-defect59\independent-elab-review\phase3\sealed-successor-definitional-equality.lean:68:24: warning: Variable name `hαβ` is not explicitly referenced.

Hint: The binding can be removed (if unused) or named `_` (if used implicitly). Alternatively, prefix the name with `_` to silence this warning:
  [apply] _hαβ

Note: This linter can be disabled with `set_option linter.unusedVariables false`
E:\Samplinglib\.astis\pbps-centered-defect59\independent-elab-review\phase3\sealed-successor-definitional-equality.lean:68:38: warning: Variable name `hV` is not explicitly referenced.

Hint: The binding can be removed (if unused) or named `_` (if used implicitly). Alternatively, prefix the name with `_` to silence this warning:
  [apply] _hV

Note: This linter can be disabled with `set_option linter.unusedVariables false`
E:\Samplinglib\.astis\pbps-centered-defect59\independent-elab-review\phase3\sealed-successor-definitional-equality.lean:69:5: warning: Variable name `hH` is not explicitly referenced.

Hint: The binding can be removed (if unused) or named `_` (if used implicitly). Alternatively, prefix the name with `_` to silence this warning:
  [apply] _hH

Note: This linter can be disabled with `set_option linter.unusedVariables false`
E:\Samplinglib\.astis\pbps-centered-defect59\independent-elab-review\phase3\sealed-successor-definitional-equality.lean:72:5: warning: Variable name `hη` is not explicitly referenced.

Hint: The binding can be removed (if unused) or named `_` (if used implicitly). Alternatively, prefix the name with `_` to silence this warning:
  [apply] _hη

Note: This linter can be disabled with `set_option linter.unusedVariables false`
E:\Samplinglib\.astis\pbps-centered-defect59\independent-elab-review\phase3\sealed-successor-definitional-equality.lean:72:18: warning: Variable name `hβη` is not explicitly referenced.

Hint: The binding can be removed (if unused) or named `_` (if used implicitly). Alternatively, prefix the name with `_` to silence this warning:
  [apply] _hβη

Note: This linter can be disabled with `set_option linter.unusedVariables false`
'AutoSamplingTheory.ExampleCases.ProximalBPS.CenteredDefectOperator.signatures0_definitionally_equal' depends on axioms: [propext,
 Classical.choice,
 Quot.sound]
E:\Samplinglib\.astis\pbps-centered-defect59\independent-elab-review\phase3\sealed-successor-definitional-equality.lean:130:5: warning: Variable name `hα` is not explicitly referenced.

Hint: The binding can be removed (if unused) or named `_` (if used implicitly). Alternatively, prefix the name with `_` to silence this warning:
  [apply] _hα

Note: This linter can be disabled with `set_option linter.unusedVariables false`
E:\Samplinglib\.astis\pbps-centered-defect59\independent-elab-review\phase3\sealed-successor-definitional-equality.lean:130:24: warning: Variable name `hαβ` is not explicitly referenced.

Hint: The binding can be removed (if unused) or named `_` (if used implicitly). Alternatively, prefix the name with `_` to silence this warning:
  [apply] _hαβ

Note: This linter can be disabled with `set_option linter.unusedVariables false`
E:\Samplinglib\.astis\pbps-centered-defect59\independent-elab-review\phase3\sealed-successor-definitional-equality.lean:130:38: warning: Variable name `hV` is not explicitly referenced.

Hint: The binding can be removed (if unused) or named `_` (if used implicitly). Alternatively, prefix the name with `_` to silence this warning:
  [apply] _hV

Note: This linter can be disabled with `set_option linter.unusedVariables false`
E:\Samplinglib\.astis\pbps-centered-defect59\independent-elab-review\phase3\sealed-successor-definitional-equality.lean:131:5: warning: Variable name `hH` is not explicitly referenced.

Hint: The binding can be removed (if unused) or named `_` (if used implicitly). Alternatively, prefix the name with `_` to silence this warning:
  [apply] _hH

Note: This linter can be disabled with `set_option linter.unusedVariables false`
E:\Samplinglib\.astis\pbps-centered-defect59\independent-elab-review\phase3\sealed-successor-definitional-equality.lean:134:5: warning: Variable name `hη` is not explicitly referenced.

Hint: The binding can be removed (if unused) or named `_` (if used implicitly). Alternatively, prefix the name with `_` to silence this warning:
  [apply] _hη

Note: This linter can be disabled with `set_option linter.unusedVariables false`
E:\Samplinglib\.astis\pbps-centered-defect59\independent-elab-review\phase3\sealed-successor-definitional-equality.lean:134:18: warning: Variable name `hβη` is not explicitly referenced.

Hint: The binding can be removed (if unused) or named `_` (if used implicitly). Alternatively, prefix the name with `_` to silence this warning:
  [apply] _hβη

Note: This linter can be disabled with `set_option linter.unusedVariables false`
E:\Samplinglib\.astis\pbps-centered-defect59\independent-elab-review\phase3\sealed-successor-definitional-equality.lean:162:5: warning: Variable name `hα` is not explicitly referenced.

Hint: The binding can be removed (if unused) or named `_` (if used implicitly). Alternatively, prefix the name with `_` to silence this warning:
  [apply] _hα

Note: This linter can be disabled with `set_option linter.unusedVariables false`
E:\Samplinglib\.astis\pbps-centered-defect59\independent-elab-review\phase3\sealed-successor-definitional-equality.lean:162:24: warning: Variable name `hαβ` is not explicitly referenced.

Hint: The binding can be removed (if unused) or named `_` (if used implicitly). Alternatively, prefix the name with `_` to silence this warning:
  [apply] _hαβ

Note: This linter can be disabled with `set_option linter.unusedVariables false`
E:\Samplinglib\.astis\pbps-centered-defect59\independent-elab-review\phase3\sealed-successor-definitional-equality.lean:162:38: warning: Variable name `hV` is not explicitly referenced.

Hint: The binding can be removed (if unused) or named `_` (if used implicitly). Alternatively, prefix the name with `_` to silence this warning:
  [apply] _hV

Note: This linter can be disabled with `set_option linter.unusedVariables false`
E:\Samplinglib\.astis\pbps-centered-defect59\independent-elab-review\phase3\sealed-successor-definitional-equality.lean:163:5: warning: Variable name `hH` is not explicitly referenced.

Hint: The binding can be removed (if unused) or named `_` (if used implicitly). Alternatively, prefix the name with `_` to silence this warning:
  [apply] _hH

Note: This linter can be disabled with `set_option linter.unusedVariables false`
E:\Samplinglib\.astis\pbps-centered-defect59\independent-elab-review\phase3\sealed-successor-definitional-equality.lean:166:5: warning: Variable name `hη` is not explicitly referenced.

Hint: The binding can be removed (if unused) or named `_` (if used implicitly). Alternatively, prefix the name with `_` to silence this warning:
  [apply] _hη

Note: This linter can be disabled with `set_option linter.unusedVariables false`
E:\Samplinglib\.astis\pbps-centered-defect59\independent-elab-review\phase3\sealed-successor-definitional-equality.lean:166:18: warning: Variable name `hβη` is not explicitly referenced.

Hint: The binding can be removed (if unused) or named `_` (if used implicitly). Alternatively, prefix the name with `_` to silence this warning:
  [apply] _hβη

Note: This linter can be disabled with `set_option linter.unusedVariables false`
'AutoSamplingTheory.ExampleCases.ProximalBPS.CenteredDefectOperator.signatures1_definitionally_equal' depends on axioms: [propext,
 Classical.choice,
 Quot.sound]
