{
  "status": "passed-scoped",
  "base": "23a6918c5f2a25abf7a7fddf83fcb0a4095ae2d0",
  "frozen_inputs": 36,
  "separately_scoped_metadata": 4,
  "parents": 8,
  "new_named_private_helpers": [
    "normalizerDerivatives",
    "rawFirst",
    "rawSecond",
    "posteriorIntegral",
    "normalizedFirst",
    "normalizedSecond",
    "posteriorMoment"
  ],
  "old_statement_exact": true,
  "old_module_reverse_delta_exact": true,
  "old_anonymous_packet": "8eca34d3f623ab97307f14e7a6b77d8e4f57f952707f0e2c871bf6936ece8db6",
  "binding_context_checks": [
    {
      "declaration": "AutoSamplingTheory.TechnicalLemmas.Measure.GaussianConvolutionRegularity.gaussian_convolution_derivatives",
      "audit_id": "ASTIS-RT-20261006-GaussianConvolutionDerivatives",
      "observed_author_audit_state": "draft",
      "publication_binding_sha256": "7a808d35912b218e20eedc9c33465de0c88b86b74f87a63adeba5099167007e2",
      "current_context_matches": true,
      "semantic_verdict_not_adopted": true
    },
    {
      "declaration": "AutoSamplingTheory.TechnicalLemmas.Measure.GaussianConvolutionRegularity.gaussian_convolution_potential_c2",
      "audit_id": "ASTIS-RT-20261006-GaussianConvolutionRegularity",
      "observed_author_audit_state": "blind-reconstructed",
      "publication_binding_sha256": "80337303ef74581c0d53c14513cd61d0d5bd57aedc1e4bc8bf84b87ede4e857c",
      "current_context_matches": true,
      "semantic_verdict_not_adopted": true
    }
  ],
  "fake_scan_file_count": 10,
  "axioms": [
    "propext",
    "Classical.choice",
    "Quot.sound"
  ],
  "focused_jobs": 3707
}
