⚠ [3705/3707] Built AutoSamplingTheory.TechnicalLemmas.Measure.GaussianConvolutionRegularity (11s)
warning: AutoSamplingTheory/TechnicalLemmas/Measure/GaussianConvolutionRegularity.lean:68:8: automatically included section variable(s) unused in theorem `_private.AutoSamplingTheory.TechnicalLemmas.Measure.GaussianConvolutionRegularity.0.AutoSamplingTheory.TechnicalLemmas.Measure.GaussianConvolutionRegularity.weight_bounds`:
  [InnerProductSpace ℝ E]
consider restructuring your `variable` declarations so that the variables are not in scope or explicitly omit them:
  omit [InnerProductSpace ℝ E] in theorem ...

Note: This linter can be disabled with `set_option linter.unusedSectionVars false`
warning: AutoSamplingTheory/TechnicalLemmas/Measure/GaussianConvolutionRegularity.lean:319:8: automatically included section variable(s) unused in theorem `_private.AutoSamplingTheory.TechnicalLemmas.Measure.GaussianConvolutionRegularity.0.AutoSamplingTheory.TechnicalLemmas.Measure.GaussianConvolutionRegularity.posteriorIntegral`:
  [InnerProductSpace ℝ E]
  [BorelSpace E]
  [FiniteDimensional ℝ E]
consider restructuring your `variable` declarations so that the variables are not in scope or explicitly omit them:
  omit [InnerProductSpace ℝ E] [BorelSpace E] [FiniteDimensional ℝ E] in theorem ...

Note: This linter can be disabled with `set_option linter.unusedSectionVars false`
warning: AutoSamplingTheory/TechnicalLemmas/Measure/GaussianConvolutionRegularity.lean:405:58: Used `tac1 <;> tac2` where `(tac1; tac2)` would suffice

Note: This linter can be disabled with `set_option linter.unnecessarySeqFocus false`
warning: AutoSamplingTheory/TechnicalLemmas/Measure/GaussianConvolutionRegularity.lean:463:4: Try this: 
  haveI̵

The goal is a proposition, so `have` is preferred over `haveI`.
The difference between `have` and `haveI` is that `haveI` inlines the value.
But this is not relevant for proofs because of proof irrelevance.

Note: This linter can be disabled with `set_option linter.style.haveILetI false`
warning: AutoSamplingTheory/TechnicalLemmas/Measure/GaussianConvolutionRegularity.lean:488:4: Try this: 
  haveI̵

The goal is a proposition, so `have` is preferred over `haveI`.
The difference between `have` and `haveI` is that `haveI` inlines the value.
But this is not relevant for proofs because of proof irrelevance.

Note: This linter can be disabled with `set_option linter.style.haveILetI false`
✔ [3706/3707] Built AutoSamplingTheory.ExampleCases.SmoothedPicardHMC.SmoothedGibbsPotential (8.8s)
⚠ [3707/3707] Built Tests.GaussianConvolutionDerivatives (9.1s)
warning: Tests/GaussianConvolutionDerivatives.lean:39:2: Try this: 
  haveI̵

The goal is a proposition, so `have` is preferred over `haveI`.
The difference between `have` and `haveI` is that `haveI` inlines the value.
But this is not relevant for proofs because of proof irrelevance.

Note: This linter can be disabled with `set_option linter.style.haveILetI false`
info: Tests/GaussianConvolutionDerivatives.lean:56:0: 'Tests.GaussianConvolutionDerivatives.actual_source_score_covariance' depends on axioms: [propext,
 Classical.choice,
 Quot.sound]
info: Tests/GaussianConvolutionDerivatives.lean:57:0: 'AutoSamplingTheory.TechnicalLemmas.Measure.GaussianConvolutionRegularity.gaussian_convolution_derivatives' depends on axioms: [propext,
 Classical.choice,
 Quot.sound]
Build completed successfully (3707 jobs).
