runs/20261007-companion-priority/pbps-centered-root64/combined-draft-v1.lean:25:2: warning: Try this: 
  letI̵

The goal is a proposition, so `let` is preferred over `letI`.
The difference between `let` and `letI` is that `letI` inlines the value.
But this is not relevant for proofs because of proof irrelevance.

Note: This linter can be disabled with `set_option linter.style.haveILetI false`
runs/20261007-companion-priority/pbps-centered-root64/combined-draft-v1.lean:27:2: warning: Try this: 
  letI̵

The goal is a proposition, so `let` is preferred over `letI`.
The difference between `let` and `letI` is that `letI` inlines the value.
But this is not relevant for proofs because of proof irrelevance.

Note: This linter can be disabled with `set_option linter.style.haveILetI false`
runs/20261007-companion-priority/pbps-centered-root64/combined-draft-v1.lean:29:2: warning: Try this: 
  letI̵

The goal is a proposition, so `let` is preferred over `letI`.
The difference between `let` and `letI` is that `letI` inlines the value.
But this is not relevant for proofs because of proof irrelevance.

Note: This linter can be disabled with `set_option linter.style.haveILetI false`
runs/20261007-companion-priority/pbps-centered-root64/combined-draft-v1.lean:32:2: warning: Try this: 
  letI̵

The goal is a proposition, so `let` is preferred over `letI`.
The difference between `let` and `letI` is that `letI` inlines the value.
But this is not relevant for proofs because of proof irrelevance.

Note: This linter can be disabled with `set_option linter.style.haveILetI false`
runs/20261007-companion-priority/pbps-centered-root64/combined-draft-v1.lean:52:15: warning: `ContinuousLinearMap.sub_apply` has been deprecated: Use `sub_apply` instead

Note: The updated constant is in a different namespace. Dot notation may need to be changed (e.g., from `x.sub_apply` to `sub_apply x`).
runs/20261007-companion-priority/pbps-centered-root64/combined-draft-v1.lean:52:45: warning: `ContinuousLinearMap.mul_apply` has been deprecated: Use `mul_apply_eq_comp` instead

Note: The updated constant is in a different namespace. Dot notation may need to be changed (e.g., from `x.mul_apply` to `mul_apply_eq_comp x`).
runs/20261007-companion-priority/pbps-centered-root64/combined-draft-v1.lean:62:4: error: Type mismatch: After simplification, term
  h
 has type
  CFC.sqrt (Ac * Ac) ≤ CFC.sqrt (Bc * Bc)
but is expected to have type
  Ac ≤ Bc
runs/20261007-companion-priority/pbps-centered-root64/combined-draft-v1.lean:64:2: warning: Try this: 
  letI̵

The goal is a proposition, so `let` is preferred over `letI`.
The difference between `let` and `letI` is that `letI` inlines the value.
But this is not relevant for proofs because of proof irrelevance.

Note: This linter can be disabled with `set_option linter.style.haveILetI false`
runs/20261007-companion-priority/pbps-centered-root64/combined-draft-v1.lean:74:15: warning: `ContinuousLinearMap.sub_apply` has been deprecated: Use `sub_apply` instead

Note: The updated constant is in a different namespace. Dot notation may need to be changed (e.g., from `x.sub_apply` to `sub_apply x`).
'AutoSamplingTheory.TechnicalLemmas.Measure.L2RealSquareOrder.positive_square_order' depends on axioms: [propext,
 sorryAx,
 Classical.choice,
 Quot.sound]
runs/20261007-companion-priority/pbps-centered-root64/combined-draft-v1.lean:169:2: warning: Try this: 
  letI̵

The goal is a proposition, so `let` is preferred over `letI`.
The difference between `let` and `letI` is that `letI` inlines the value.
But this is not relevant for proofs because of proof irrelevance.

Note: This linter can be disabled with `set_option linter.style.haveILetI false`
runs/20261007-companion-priority/pbps-centered-root64/combined-draft-v1.lean:170:2: warning: Try this: 
  letI̵

The goal is a proposition, so `let` is preferred over `letI`.
The difference between `let` and `letI` is that `letI` inlines the value.
But this is not relevant for proofs because of proof irrelevance.

Note: This linter can be disabled with `set_option linter.style.haveILetI false`
runs/20261007-companion-priority/pbps-centered-root64/combined-draft-v1.lean:172:2: warning: Try this: 
  letI̵

The goal is a proposition, so `let` is preferred over `letI`.
The difference between `let` and `letI` is that `letI` inlines the value.
But this is not relevant for proofs because of proof irrelevance.

Note: This linter can be disabled with `set_option linter.style.haveILetI false`
runs/20261007-companion-priority/pbps-centered-root64/combined-draft-v1.lean:173:2: warning: Try this: 
  letI̵

The goal is a proposition, so `let` is preferred over `letI`.
The difference between `let` and `letI` is that `letI` inlines the value.
But this is not relevant for proofs because of proof irrelevance.

Note: This linter can be disabled with `set_option linter.style.haveILetI false`
runs/20261007-companion-priority/pbps-centered-root64/combined-draft-v1.lean:176:2: error: (deterministic) timeout at `whnf`, maximum number of heartbeats (2000000) has been reached

Note: Use `set_option maxHeartbeats <num>` to set the limit.

Hint: Additional diagnostic information may be available using the `set_option diagnostics true` command.
runs/20261007-companion-priority/pbps-centered-root64/combined-draft-v1.lean:91:0: error: (deterministic) timeout at `isDefEq`, maximum number of heartbeats (2000000) has been reached

Note: Use `set_option maxHeartbeats <num>` to set the limit.

Hint: Additional diagnostic information may be available using the `set_option diagnostics true` command.
'AutoSamplingTheory.ExampleCases.ProximalBPS.CenteredRootOrderInverse.actual_centered_root_order_inverse' does not depend on any axioms
