runs/20261006-companion-priority/centered-poincare/math-review.stress.lean:16:4: error: Tactic `rfl` failed: The left-hand side
  1 • x
is not definitionally equal to the right-hand side
  (x • ContinuousLinearMap.id ℝ ℝ) 1

hd : ∀ (x : ℝ), HasDerivAt V x x
x : ℝ
⊢ 1 • x = (x • ContinuousLinearMap.id ℝ ℝ) 1
runs/20261006-companion-priority/centered-poincare/math-review.stress.lean:21:4: error: Type mismatch: After simplification, term
  HasDerivAt.smul_const (hasDerivAt_id x) (ContinuousLinearMap.id ℝ ℝ)
 has type
  HasDerivAt (fun y => y • ContinuousLinearMap.id ℝ ℝ) ((1 : ℝ) • ContinuousLinearMap.id ℝ ℝ) x
but is expected to have type
  HasDerivAt (fun z => z • ContinuousLinearMap.id ℝ ℝ) ((1 : ℕ) • ContinuousLinearMap.id ℝ ℝ) x
runs/20261006-companion-priority/centered-poincare/math-review.stress.lean:11:83: warning: This simp argument is unused:
  V

Hint: Omit it from the simp argument list.
  [apply] simp

Note: This linter can be disabled with `set_option linter.unusedSimpArgs false`
'IndependentCenteredPoincareStress.actual_endpoint_constant_score' depends on axioms: [propext,
 sorryAx,
 Classical.choice,
 Quot.sound]
