runs/20261006-companion-priority/centered-poincare/math-review.stress.lean:11:87: error: No goals to be solved
runs/20261006-companion-priority/centered-poincare/math-review.stress.lean:14:8: error: Tactic `rewrite` failed: Did not find an occurrence of the pattern
  (fderiv ?m.436 ?m.441 ?m.442) ?y
in the target expression
  fderiv ℝ V x = x • ContinuousLinearMap.id ℝ ℝ

hd : ∀ (x : ℝ), HasDerivAt V x x
x : ℝ
⊢ fderiv ℝ V x = x • ContinuousLinearMap.id ℝ ℝ
runs/20261006-companion-priority/centered-poincare/math-review.stress.lean:19:4: error: Tactic `rewrite` failed: Did not find an occurrence of the pattern
  deriv (fun y => id y • ContinuousLinearMap.id ℝ ℝ) x
in the target expression
  (a • deriv (fun x => x • ContinuousLinearMap.id ℝ ℝ) x) a = a ^ 2

hd : ∀ (x : ℝ), HasDerivAt V x x
hD : fderiv ℝ V = fun x => x • ContinuousLinearMap.id ℝ ℝ
x a : ℝ
⊢ (a • deriv (fun x => x • ContinuousLinearMap.id ℝ ℝ) x) a = a ^ 2
runs/20261006-companion-priority/centered-poincare/math-review.stress.lean:11:83: warning: This simp argument is unused:
  V

Hint: Omit it from the simp argument list.
  [apply] simp

Note: This linter can be disabled with `set_option linter.unusedSimpArgs false`
runs/20261006-companion-priority/centered-poincare/math-review.stress.lean:49:25: error(lean.unknownIdentifier): Unknown identifier `innerSL_apply`
'IndependentCenteredPoincareStress.actual_endpoint_constant_score' depends on axioms: [propext,
 sorryAx,
 Classical.choice,
 Quot.sound]
