Tests/CenteredPoincare.lean:15:81: warning: This simp argument is unused:
  potential

Hint: Omit it from the simp argument list.
  [apply] simp [Pi.add_apply, mul_comm]

Note: This linter can be disabled with `set_option linter.unusedSimpArgs false`
Tests/CenteredPoincare.lean:15:92: warning: This simp argument is unused:
  Pi.add_apply

Hint: Omit it from the simp argument list.
  [apply] simp [potential, mul_comm]

Note: This linter can be disabled with `set_option linter.unusedSimpArgs false`
'AutoSamplingTheory.TechnicalLemmas.FunctionalInequalities.CenteredDomainPoincare.gibbs_centered_domain_poincare' depends on axioms: [propext,
 Classical.choice,
 Quot.sound]
'AutoSamplingTheory.TechnicalLemmas.FunctionalInequalities.GibbsC1Poincare.gibbs_c1_variance_poincare' depends on axioms: [propext,
 Classical.choice,
 Quot.sound]
'AutoSamplingTheory.ExampleCases.ProximalBPS.ConditionalScoreVariance.conditional_centered_domain_and_score_variance' depends on axioms: [propext,
 Classical.choice,
 Quot.sound]
'Tests.CenteredPoincare.actual_nonquadratic_poincare_and_score_variance' depends on axioms: [propext,
 Classical.choice,
 Quot.sound]
'Tests.CenteredPoincare.actual_zero_dim_poincare_and_noncentered_failure' depends on axioms: [propext,
 Classical.choice,
 Quot.sound]
