'CenteredPoincarePrototype.gibbs_centered_domain_poincare' depends on axioms: [propext, Classical.choice, Quot.sound]
.astis/CenteredPoincarePrototype.lean:150:4: error: linarith failed to find a contradiction
E : Type u_1
inst✝⁴ : NormedAddCommGroup E
inst✝³ : InnerProductSpace ℝ E
inst✝² : FiniteDimensional ℝ E
inst✝¹ : MeasurableSpace E
inst✝ : BorelSpace E
V : E → ℝ
α β : ℝ≥0
η : ℝ
hα : 0 < ↑α
hαβ : α ≤ β
hV : ContDiff ℝ 2 V
hH : ∀ (x a : E), ↑α * ‖a‖ ^ 2 ≤ ((fderiv ℝ (fderiv ℝ V) x) a) a ∧ ((fderiv ℝ (fderiv ℝ V) x) a) a ≤ ↑β * ‖a‖ ^ 2
hη : 0 < η
hβη : ↑β * η ≤ 1
R S : Kernel E E
hR : IsMarkovKernel R
hS : IsMarkovKernel S
hcond :
  (Measure.map Prod.swap
        (Measure.map (fun p => (p.1, p.1 + √η • p.2)) ((ℙ.tilted fun x => -V x).prod (stdGaussian E)))).IsCondKernel
    R
hSR : ∀ (y : E), S y = Measure.map (fun x => 2 • x - y) (R y)
hfiber :
  ∀ (y : E),
    (S y = ℙ.tilted fun u => -(fun y u => V ((1 / 2) • (y + u)) + ‖u - y‖ ^ 2 / (8 * η)) y u) ∧
      ContDiff ℝ 2 ((fun y u => V ((1 / 2) • (y + u)) + ‖u - y‖ ^ 2 / (8 * η)) y) ∧
        Integrable (fun u => Real.exp (-(fun y u => V ((1 / 2) • (y + u)) + ‖u - y‖ ^ 2 / (8 * η)) y u)) ℙ ∧
          0 < ∫ (u : E), Real.exp (-(fun y u => V ((1 / 2) • (y + u)) + ‖u - y‖ ^ 2 / (8 * η)) y u) ∧
            ∃ D,
              Dense ↑D.domain ∧
                D.IsClosable ∧
                  D.closure.IsClosed ∧
                    (∀ (u : ↥(Lp ℝ 2 (S y))) (v : ↥(Lp E 2 (S y))),
                        (u, v) ∈ D.graph ↔
                          ∃ f, ContDiff ℝ ∞ f ∧ HasCompactSupport f ∧ ↑↑u =ᵐ[S y] f ∧ ↑↑v =ᵐ[S y] gradient f) ∧
                      (∀ (c : ℝ), ∃ u, (↑↑↑u =ᵐ[S y] fun x => c) ∧ ↑D.closure u = 0) ∧
                        (∀ (u : ↥D.closure.domain), ↑D.closure u = 0 ↔ ∃ c, ↑↑↑u =ᵐ[S y] fun x => c) ∧
                          ∀ (a : E),
                            (ContDiff ℝ 1 fun u =>
                                ((fun y u =>
                                      -(1 / 2) • fderiv ℝ V ((1 / 2) • (y + u)) - (1 / (4 * η)) • (innerSL ℝ) (y - u))
                                    y u)
                                  a) ∧
                              (∀ (u : E),
                                  ‖gradient
                                        (fun z =>
                                          ((fun y u =>
                                                -(1 / 2) • fderiv ℝ V ((1 / 2) • (y + u)) -
                                                  (1 / (4 * η)) • (innerSL ℝ) (y - u))
                                              y z)
                                            a)
                                        u‖ ≤
                                    (1 / η - ↑α) / 4 * ‖a‖) ∧
                                ∃ (hp :
                                  MemLp
                                    (fun u =>
                                      ((fun y u =>
                                            -(1 / 2) • fderiv ℝ V ((1 / 2) • (y + u)) -
                                              (1 / (4 * η)) • (innerSL ℝ) (y - u))
                                          y u)
                                        a)
                                    2 (S y))
                                  (hq :
                                  MemLp
                                    (gradient fun u =>
                                      ((fun y u =>
                                            -(1 / 2) • fderiv ℝ V ((1 / 2) • (y + u)) -
                                              (1 / (4 * η)) • (innerSL ℝ) (y - u))
                                          y u)
                                        a)
                                    2 (S y)),
                                  (MemLp.toLp
                                        (fun u =>
                                          ((fun y u =>
                                                -(1 / 2) • fderiv ℝ V ((1 / 2) • (y + u)) -
                                                  (1 / (4 * η)) • (innerSL ℝ) (y - u))
                                              y u)
                                            a)
                                        hp,
                                      MemLp.toLp
                                        (gradient fun u =>
                                          ((fun y u =>
                                                -(1 / 2) • fderiv ℝ V ((1 / 2) • (y + u)) -
                                                  (1 / (4 * η)) • (innerSL ℝ) (y - u))
                                              y u)
                                            a)
                                        hq) ∈
                                    D.closure.graph
R2 S2 : Kernel E E
left✝⁹ : IsMarkovKernel R2
left✝⁸ : IsMarkovKernel S2
left✝⁷ :
  (Measure.map Prod.swap
        (Measure.map (fun p => (p.1, p.1 + √η • p.2)) ((ℙ.tilted fun x => -V x).prod (stdGaussian E)))).IsCondKernel
    R2
left✝⁶ : ∀ (y : E), S2 y = Measure.map (fun x => 2 • x - y) (R2 y)
hfiber2 :
  ∀ (y : E),
    (S2 y = ℙ.tilted fun u => -(fun y u => V ((1 / 2) • (y + u)) + ‖u - y‖ ^ 2 / (8 * η)) y u) ∧
      ContDiff ℝ 2 ((fun y u => V ((1 / 2) • (y + u)) + ‖u - y‖ ^ 2 / (8 * η)) y) ∧
        ContDiff ℝ 1 ((fun y u => -(1 / 2) • fderiv ℝ V ((1 / 2) • (y + u)) - (1 / (4 * η)) • (innerSL ℝ) (y - u)) y) ∧
          (∀ (u v w : E),
              ((fderiv ℝ (fderiv ℝ ((fun y u => V ((1 / 2) • (y + u)) + ‖u - y‖ ^ 2 / (8 * η)) y)) u) v) w =
                  1 / 4 * ((fderiv ℝ (fderiv ℝ V) ((1 / 2) • (y + u))) v) w + 1 / (4 * η) * ⟪v, w⟫ ∧
                ((fderiv ℝ
                        ((fun y u => -(1 / 2) • fderiv ℝ V ((1 / 2) • (y + u)) - (1 / (4 * η)) • (innerSL ℝ) (y - u)) y)
                        u)
                      v)
                    w =
                  1 / (4 * η) * ⟪v, w⟫ - 1 / 4 * ((fderiv ℝ (fderiv ℝ V) ((1 / 2) • (y + u))) v) w) ∧
            (∀ (u v : E),
                (↑α + 1 / η) / 4 * ‖v‖ ^ 2 ≤
                  ((fderiv ℝ (fderiv ℝ ((fun y u => V ((1 / 2) • (y + u)) + ‖u - y‖ ^ 2 / (8 * η)) y)) u) v) v) ∧
              (∀ (u : E),
                  ‖fderiv ℝ
                        ((fun y u => -(1 / 2) • fderiv ℝ V ((1 / 2) • (y + u)) - (1 / (4 * η)) • (innerSL ℝ) (y - u)) y)
                        u‖ ≤
                    (1 / η - ↑α) / 4) ∧
                ∀ (a : E),
                  (ContDiff ℝ 1 fun u =>
                      ((fun y u => -(1 / 2) • fderiv ℝ V ((1 / 2) • (y + u)) - (1 / (4 * η)) • (innerSL ℝ) (y - u)) y u)
                        a) ∧
                    MemLp
                        (fun u =>
                          ((fun y u => -(1 / 2) • fderiv ℝ V ((1 / 2) • (y + u)) - (1 / (4 * η)) • (innerSL ℝ) (y - u))
                              y u)
                            a)
                        2 (S2 y) ∧
                      (AutoSamplingTheory.TechnicalLemmas.FunctionalInequalities.Poincare.Admissible (S2 y) fun u =>
                          ((fun y u => -(1 / 2) • fderiv ℝ V ((1 / 2) • (y + u)) - (1 / (4 * η)) • (innerSL ℝ) (y - u))
                              y u)
                            a) ∧
                        ∀ (u : E),
                          ‖gradient
                                (fun z =>
                                  ((fun y u =>
                                        -(1 / 2) • fderiv ℝ V ((1 / 2) • (y + u)) - (1 / (4 * η)) • (innerSL ℝ) (y - u))
                                      y z)
                                    a)
                                u‖ ≤
                            (1 / η - ↑α) / 4 * ‖a‖
y : E
hSy : S y = ℙ.tilted fun u => -(fun y u => V ((1 / 2) • (y + u)) + ‖u - y‖ ^ 2 / (8 * η)) y u
hW : ContDiff ℝ 2 ((fun y u => V ((1 / 2) • (y + u)) + ‖u - y‖ ^ 2 / (8 * η)) y)
hI : Integrable (fun u => Real.exp (-(fun y u => V ((1 / 2) • (y + u)) + ‖u - y‖ ^ 2 / (8 * η)) y u)) ℙ
hZ : 0 < ∫ (u : E), Real.exp (-(fun y u => V ((1 / 2) • (y + u)) + ‖u - y‖ ^ 2 / (8 * η)) y u)
D : ↥(Lp ℝ 2 (S y)) →ₗ.[ℝ] ↥(Lp E 2 (S y))
hd : Dense ↑D.domain
hD : D.IsClosable
hDc : D.closure.IsClosed
hgraph :
  ∀ (u : ↥(Lp ℝ 2 (S y))) (v : ↥(Lp E 2 (S y))),
    (u, v) ∈ D.graph ↔ ∃ f, ContDiff ℝ ∞ f ∧ HasCompactSupport f ∧ ↑↑u =ᵐ[S y] f ∧ ↑↑v =ᵐ[S y] gradient f
left✝⁵ : ∀ (c : ℝ), ∃ u, (↑↑↑u =ᵐ[S y] fun x => c) ∧ ↑D.closure u = 0
left✝⁴ : ∀ (u : ↥D.closure.domain), ↑D.closure u = 0 ↔ ∃ c, ↑↑↑u =ᵐ[S y] fun x => c
right✝¹ :
  ∀ (a : E),
    (ContDiff ℝ 1 fun u =>
        ((fun y u => -(1 / 2) • fderiv ℝ V ((1 / 2) • (y + u)) - (1 / (4 * η)) • (innerSL ℝ) (y - u)) y u) a) ∧
      (∀ (u : E),
          ‖gradient
                (fun z =>
                  ((fun y u => -(1 / 2) • fderiv ℝ V ((1 / 2) • (y + u)) - (1 / (4 * η)) • (innerSL ℝ) (y - u)) y z) a)
                u‖ ≤
            (1 / η - ↑α) / 4 * ‖a‖) ∧
        ∃ (hp :
          MemLp
            (fun u =>
              ((fun y u => -(1 / 2) • fderiv ℝ V ((1 / 2) • (y + u)) - (1 / (4 * η)) • (innerSL ℝ) (y - u)) y u) a)
            2 (S y))
          (hq :
          MemLp
            (gradient fun u =>
              ((fun y u => -(1 / 2) • fderiv ℝ V ((1 / 2) • (y + u)) - (1 / (4 * η)) • (innerSL ℝ) (y - u)) y u) a)
            2 (S y)),
          (MemLp.toLp
                (fun u =>
                  ((fun y u => -(1 / 2) • fderiv ℝ V ((1 / 2) • (y + u)) - (1 / (4 * η)) • (innerSL ℝ) (y - u)) y u) a)
                hp,
              MemLp.toLp
                (gradient fun u =>
                  ((fun y u => -(1 / 2) • fderiv ℝ V ((1 / 2) • (y + u)) - (1 / (4 * η)) • (innerSL ℝ) (y - u)) y u) a)
                hq) ∈
            D.closure.graph
left✝³ : S2 y = ℙ.tilted fun u => -(fun y u => V ((1 / 2) • (y + u)) + ‖u - y‖ ^ 2 / (8 * η)) y u
left✝² : ContDiff ℝ 2 ((fun y u => V ((1 / 2) • (y + u)) + ‖u - y‖ ^ 2 / (8 * η)) y)
left✝¹ : ContDiff ℝ 1 ((fun y u => -(1 / 2) • fderiv ℝ V ((1 / 2) • (y + u)) - (1 / (4 * η)) • (innerSL ℝ) (y - u)) y)
hderiv :
  ∀ (u v w : E),
    ((fderiv ℝ (fderiv ℝ ((fun y u => V ((1 / 2) • (y + u)) + ‖u - y‖ ^ 2 / (8 * η)) y)) u) v) w =
        1 / 4 * ((fderiv ℝ (fderiv ℝ V) ((1 / 2) • (y + u))) v) w + 1 / (4 * η) * ⟪v, w⟫ ∧
      ((fderiv ℝ ((fun y u => -(1 / 2) • fderiv ℝ V ((1 / 2) • (y + u)) - (1 / (4 * η)) • (innerSL ℝ) (y - u)) y) u) v)
          w =
        1 / (4 * η) * ⟪v, w⟫ - 1 / 4 * ((fderiv ℝ (fderiv ℝ V) ((1 / 2) • (y + u))) v) w
hlower :
  ∀ (u v : E),
    (↑α + 1 / η) / 4 * ‖v‖ ^ 2 ≤
      ((fderiv ℝ (fderiv ℝ ((fun y u => V ((1 / 2) • (y + u)) + ‖u - y‖ ^ 2 / (8 * η)) y)) u) v) v
left✝ :
  ∀ (u : E),
    ‖fderiv ℝ ((fun y u => -(1 / 2) • fderiv ℝ V ((1 / 2) • (y + u)) - (1 / (4 * η)) • (innerSL ℝ) (y - u)) y) u‖ ≤
      (1 / η - ↑α) / 4
right✝ :
  ∀ (a : E),
    (ContDiff ℝ 1 fun u =>
        ((fun y u => -(1 / 2) • fderiv ℝ V ((1 / 2) • (y + u)) - (1 / (4 * η)) • (innerSL ℝ) (y - u)) y u) a) ∧
      MemLp
          (fun u =>
            ((fun y u => -(1 / 2) • fderiv ℝ V ((1 / 2) • (y + u)) - (1 / (4 * η)) • (innerSL ℝ) (y - u)) y u) a)
          2 (S2 y) ∧
        (AutoSamplingTheory.TechnicalLemmas.FunctionalInequalities.Poincare.Admissible (S2 y) fun u =>
            ((fun y u => -(1 / 2) • fderiv ℝ V ((1 / 2) • (y + u)) - (1 / (4 * η)) • (innerSL ℝ) (y - u)) y u) a) ∧
          ∀ (u : E),
            ‖gradient
                  (fun z =>
                    ((fun y u => -(1 / 2) • fderiv ℝ V ((1 / 2) • (y + u)) - (1 / (4 * η)) • (innerSL ℝ) (y - u)) y z)
                      a)
                  u‖ ≤
              (1 / η - ↑α) / 4 * ‖a‖
x a : E
hv : ((fderiv ℝ (fderiv ℝ V) ((1 / 2) • (y + x))) a) a ≤ ↑β * ‖a‖ ^ 2
a✝ : (↑β + 1 / η) / 4 * ‖a‖ ^ 2 < 1 / 4 * ((fderiv ℝ (fderiv ℝ V) ((1 / 2) • (y + x))) a) a + 1 / (4 * η) * ‖a‖ ^ 2
⊢ False
failed
'CenteredPoincarePrototype.conditional_centered_domain_poincare' depends on axioms: [propext,
 sorryAx,
 Classical.choice,
 Quot.sound]
