.astis/CenteredPoincarePrototype.lean:37:66: error: typeclass instance problem is stuck
  SeminormedAddGroup ?m.440

Note: Lean will not try to resolve this typeclass instance problem because the type argument to `SeminormedAddGroup` is a metavariable. This argument must be fully determined before Lean will try to resolve the typeclass.

Hint: Adding type annotations and supplying implicit arguments to functions can give Lean more information for typeclass resolution. For example, if you have a variable `x` that you intend to be a `Nat`, but Lean reports it as having an unresolved type like `?m`, replacing `x` with `(x : Nat)` can get typeclass resolution un-stuck.
.astis/CenteredPoincarePrototype.lean:34:8: error: Type mismatch
  add_le_add_left (mul_le_mul_of_nonneg_left (real_inner_le_norm ?m.401 ?m.402) (LT.lt.le hs)) ?m.407
has type
  √m * ⟪?m.401, ?m.402⟫ + ?m.407 ≤ √m * (‖?m.401‖ * ‖?m.402‖) + ?m.407
but is expected to have type
  √m * ⟪ε n • ↑(u n), ↑z⟫ + √m * ⟪↑D (u n), ↑D z⟫ ≤ √m * ⟪ε n • ↑(u n), ↑z⟫ + √m * (‖↑D (u n)‖ * ‖↑D z‖)
.astis/CenteredPoincarePrototype.lean:77:34: error: Application type mismatch: The argument
  Tendsto.add_const 1 ?m.481
has type
  Tendsto (fun x => ?m.476 x + 1) ?m.477 (𝓝 (?m.478 + 1))
but is expected to have type
  Tendsto (fun n => ↑n + 1) atTop atTop
in the application
  Tendsto.comp tendsto_inv_atTop_zero (Tendsto.add_const 1 ?m.481)
'CenteredPoincarePrototype.gibbs_centered_domain_poincare' depends on axioms: [propext,
 sorryAx,
 Classical.choice,
 Quot.sound]
