'CenteredPoincarePrototype.gibbs_centered_domain_poincare' depends on axioms: [propext, Classical.choice, Quot.sound]
'CenteredPoincarePrototype.conditional_centered_domain_poincare' depends on axioms: [propext,
 Classical.choice,
 Quot.sound]
.astis/CenteredPoincarePrototype.lean:209:12: warning: This simp argument is unused:
  measure_univ

Hint: Omit it from the simp argument list.
  [apply] simp [c]

Note: This linter can be disabled with `set_option linter.unusedSimpArgs false`
'CenteredPoincarePrototype.gibbs_c1_variance_poincare' depends on axioms: [propext, Classical.choice, Quot.sound]
.astis/CenteredPoincarePrototype.lean:312:33: error(lean.unknownIdentifier): Unknown identifier `measureReal_univ`
.astis/CenteredPoincarePrototype.lean:312:6: error: Type mismatch: After simplification, term
  hint
 has type
  ∫ (x : E),
      ‖gradient (fun u => (-(1 / 2) • fderiv ℝ V ((1 / 2) • (y + u)) - (1 / (4 * η)) • (innerSL ℝ) (y - u)) a) x‖ ^
        2 ∂S y ≤
    (S y).real Set.univ • ((1 / η - ↑α) / 4 * ‖a‖) ^ 2
but is expected to have type
  ∫ (x : E),
      ‖gradient (fun u => (-(1 / 2) • fderiv ℝ V ((1 / 2) • (y + u)) - (1 / (4 * η)) • (innerSL ℝ) (y - u)) a) x‖ ^
        2 ∂S y ≤
    ((1 / η - ↑α) / 4 * ‖a‖) ^ 2
.astis/CenteredPoincarePrototype.lean:314:6: error: Type mismatch: After simplification, term
  LE.le.trans hvar hener
 has type
  ((↑α + 1 / η) / 4 *
      AutoSamplingTheory.TechnicalLemmas.FunctionalInequalities.Poincare.variance (S y) fun u =>
        (-(1 / 2) • fderiv ℝ V ((1 / 2) • (y + u)) - (1 / (η * 4)) • (innerSL ℝ) (y - u)) a) ≤
    (‖a‖ * ((1 / η - ↑α) / 4)) ^ 2
but is expected to have type
  ?m.2048 * ((↑α + 1 / η) / 4) ≤ ?m.2049
'CenteredPoincarePrototype.conditional_centered_domain_and_score_variance' depends on axioms: [propext,
 sorryAx,
 Classical.choice,
 Quot.sound]
