'CenteredPoincarePrototype.gibbs_centered_domain_poincare' depends on axioms: [propext, Classical.choice, Quot.sound]
'CenteredPoincarePrototype.conditional_centered_domain_poincare' depends on axioms: [propext,
 Classical.choice,
 Quot.sound]
.astis/CenteredPoincarePrototype.lean:204:11: error: Application type mismatch: The argument
  fun hq1 => MemLp.integrable hq1 hp
has type
  1 ≤ 2 → Integrable f (ℙ.tilted fun x => -W x)
but is expected to have type
  Integrable f (ℙ.tilted fun x => -W x)
in the application
  And.intro fun hq1 => MemLp.integrable hq1 hp
.astis/CenteredPoincarePrototype.lean:207:21: error: Application type mismatch: The argument
  fun hq1 => MemLp.integrable hq1 hp
has type
  1 ≤ 2 → Integrable f (ℙ.tilted fun x => -W x)
but is expected to have type
  Integrable ?m.449 ?m.448
in the application
  integral_sub fun hq1 => MemLp.integrable hq1 hp
.astis/CenteredPoincarePrototype.lean:212:23: error(lean.unknownIdentifier): Unknown constant `LinearPMap.mem_graph_iff.mp`
.astis/CenteredPoincarePrototype.lean:212:9: error: Tactic `rcases` failed: `x✝ : ?m.486` is not an inductive datatype
'CenteredPoincarePrototype.gibbs_c1_variance_poincare' depends on axioms: [propext,
 sorryAx,
 Classical.choice,
 Quot.sound]
