{
  "cell": "ASTIS-SHARED-l2-real-positive-square-order",
  "status": "graph coverage checked",
  "contributions": [
    {
      "node": "decl:AutoSamplingTheory.TechnicalLemmas.Measure.L2RealSquareOrder.positive_square_order",
      "focus": "lean-foundations.html?view=lean&focus=decl%3AAutoSamplingTheory.TechnicalLemmas.Measure.L2RealSquareOrder.positive_square_order&q=AutoSamplingTheory.TechnicalLemmas.Measure.L2RealSquareOrder.positive_square_order",
      "connections": [
        {
          "source": "decl:AutoSamplingTheory.TechnicalLemmas.Measure.L2RealSquareOrder.positive_square_order",
          "target": "semantic-audit:ASTIS-RT-20261009-RealL2PositiveSquareOrder",
          "relation": "Lean target under audit"
        },
        {
          "source": "module:AutoSamplingTheory.TechnicalLemmas.Measure.L2RealSquareOrder",
          "target": "decl:AutoSamplingTheory.TechnicalLemmas.Measure.L2RealSquareOrder.positive_square_order",
          "relation": "declares"
        },
        {
          "source": "decl:AutoSamplingTheory.TechnicalLemmas.Measure.L2RealSquareOrder.positive_square_order",
          "target": "case:ASTIS-SW-PBPS-2026",
          "relation": "source correspondence; not a Lean dependency"
        },
        {
          "source": "decl:AutoSamplingTheory.TechnicalLemmas.Measure.L2RealComplexOperator.exists_positive_complex_lift",
          "target": "decl:AutoSamplingTheory.TechnicalLemmas.Measure.L2RealSquareOrder.positive_square_order",
          "relation": "source reference (scanner)"
        },
        {
          "source": "decl:AutoSamplingTheory.TechnicalLemmas.Measure.L2RealSquareOrder.positive_square_order",
          "target": "decl:AutoSamplingTheory.ExampleCases.ProximalBPS.CenteredRootOrderInverse.actual_centered_root_order_inverse",
          "relation": "source reference (scanner)"
        }
      ],
      "omitted_connections": 0
    }
  ],
  "boundary": "Reference scans are incomplete. Inspect the affected view; this report is not visual QA or a proof certificate."
}
