⚠ [2522/2876] Replayed AutoSamplingTheory.ExampleCases.ProximalBPS.ActualHarmonicFlow
warning: AutoSamplingTheory/ExampleCases/ProximalBPS/ActualHarmonicFlow.lean:24:5: Variable name `hα` is not explicitly referenced.

Hint: The binding can be removed (if unused) or named `_` (if used implicitly). Alternatively, prefix the name with `_` to silence this warning:
  [apply] _hα

Note: This linter can be disabled with `set_option linter.unusedVariables false`
warning: AutoSamplingTheory/ExampleCases/ProximalBPS/ActualHarmonicFlow.lean:24:24: Variable name `hαβ` is not explicitly referenced.

Hint: The binding can be removed (if unused) or named `_` (if used implicitly). Alternatively, prefix the name with `_` to silence this warning:
  [apply] _hαβ

Note: This linter can be disabled with `set_option linter.unusedVariables false`
warning: AutoSamplingTheory/ExampleCases/ProximalBPS/ActualHarmonicFlow.lean:24:38: Variable name `hV` is not explicitly referenced.

Hint: The binding can be removed (if unused) or named `_` (if used implicitly). Alternatively, prefix the name with `_` to silence this warning:
  [apply] _hV

Note: This linter can be disabled with `set_option linter.unusedVariables false`
warning: AutoSamplingTheory/ExampleCases/ProximalBPS/ActualHarmonicFlow.lean:25:5: Variable name `hH` is not explicitly referenced.

Hint: The binding can be removed (if unused) or named `_` (if used implicitly). Alternatively, prefix the name with `_` to silence this warning:
  [apply] _hH

Note: This linter can be disabled with `set_option linter.unusedVariables false`
warning: AutoSamplingTheory/ExampleCases/ProximalBPS/ActualHarmonicFlow.lean:28:5: Variable name `hη` is not explicitly referenced.

Hint: The binding can be removed (if unused) or named `_` (if used implicitly). Alternatively, prefix the name with `_` to silence this warning:
  [apply] _hη

Note: This linter can be disabled with `set_option linter.unusedVariables false`
warning: AutoSamplingTheory/ExampleCases/ProximalBPS/ActualHarmonicFlow.lean:28:18: Variable name `hβη` is not explicitly referenced.

Hint: The binding can be removed (if unused) or named `_` (if used implicitly). Alternatively, prefix the name with `_` to silence this warning:
  [apply] _hβη

Note: This linter can be disabled with `set_option linter.unusedVariables false`
warning: AutoSamplingTheory/ExampleCases/ProximalBPS/ActualHarmonicFlow.lean:140:51: this tactic is never executed

Note: This linter can be disabled with `set_option linter.unreachableTactic false`
warning: AutoSamplingTheory/ExampleCases/ProximalBPS/ActualHarmonicFlow.lean:140:51: Unused tactic linter: `ring` does nothing

Note: This linter can be disabled with `set_option linter.unusedTactic false`
info: AutoSamplingTheory/ExampleCases/ProximalBPS/ActualHarmonicFlow.lean:178:0: 'AutoSamplingTheory.ExampleCases.ProximalBPS.ActualHarmonicFlow.actual_harmonic_flow_laws' depends on axioms: [propext,
 Classical.choice,
 Quot.sound]
⚠ [2696/2876] Replayed AutoSamplingTheory.ExampleCases.ProximalBPS.ActualBounceRate
warning: AutoSamplingTheory/ExampleCases/ProximalBPS/ActualBounceRate.lean:20:5: Variable name `hα` is not explicitly referenced.

Hint: The binding can be removed (if unused) or named `_` (if used implicitly). Alternatively, prefix the name with `_` to silence this warning:
  [apply] _hα

Note: This linter can be disabled with `set_option linter.unusedVariables false`
warning: AutoSamplingTheory/ExampleCases/ProximalBPS/ActualBounceRate.lean:20:24: Variable name `hαβ` is not explicitly referenced.

Hint: The binding can be removed (if unused) or named `_` (if used implicitly). Alternatively, prefix the name with `_` to silence this warning:
  [apply] _hαβ

Note: This linter can be disabled with `set_option linter.unusedVariables false`
warning: AutoSamplingTheory/ExampleCases/ProximalBPS/ActualBounceRate.lean:20:38: Variable name `hV` is not explicitly referenced.

Hint: The binding can be removed (if unused) or named `_` (if used implicitly). Alternatively, prefix the name with `_` to silence this warning:
  [apply] _hV

Note: This linter can be disabled with `set_option linter.unusedVariables false`
warning: AutoSamplingTheory/ExampleCases/ProximalBPS/ActualBounceRate.lean:21:5: Variable name `hH` is not explicitly referenced.

Hint: The binding can be removed (if unused) or named `_` (if used implicitly). Alternatively, prefix the name with `_` to silence this warning:
  [apply] _hH

Note: This linter can be disabled with `set_option linter.unusedVariables false`
warning: AutoSamplingTheory/ExampleCases/ProximalBPS/ActualBounceRate.lean:24:5: Variable name `hη` is not explicitly referenced.

Hint: The binding can be removed (if unused) or named `_` (if used implicitly). Alternatively, prefix the name with `_` to silence this warning:
  [apply] _hη

Note: This linter can be disabled with `set_option linter.unusedVariables false`
warning: AutoSamplingTheory/ExampleCases/ProximalBPS/ActualBounceRate.lean:24:18: Variable name `hβη` is not explicitly referenced.

Hint: The binding can be removed (if unused) or named `_` (if used implicitly). Alternatively, prefix the name with `_` to silence this warning:
  [apply] _hβη

Note: This linter can be disabled with `set_option linter.unusedVariables false`
warning: AutoSamplingTheory/ExampleCases/ProximalBPS/ActualBounceRate.lean:106:2: Try this: 
  letI̵

The goal is a proposition, so `let` is preferred over `letI`.
The difference between `let` and `letI` is that `letI` inlines the value.
But this is not relevant for proofs because of proof irrelevance.

Note: This linter can be disabled with `set_option linter.style.haveILetI false`
warning: AutoSamplingTheory/ExampleCases/ProximalBPS/ActualBounceRate.lean:130:25: Used `tac1 <;> tac2` where `(tac1; tac2)` would suffice

Note: This linter can be disabled with `set_option linter.unnecessarySeqFocus false`
✖ [3053/3053] Building AutoSamplingTheory.ExampleCases.ProximalBPS.ActualHazardClock (54s)
trace: .> LEAN_PATH=E:\Samplinglib\.lake\packages\Cli\.lake\build\lib\lean;E:\Samplinglib\.lake\packages\batteries\.lake\build\lib\lean;E:\Samplinglib\.lake\packages\Qq\.lake\build\lib\lean;E:\Samplinglib\.lake\packages\aesop\.lake\build\lib\lean;E:\Samplinglib\.lake\packages\proofwidgets\.lake\build\lib\lean;E:\Samplinglib\.lake\packages\importGraph\.lake\build\lib\lean;E:\Samplinglib\.lake\packages\LeanSearchClient\.lake\build\lib\lean;E:\Samplinglib\.lake\packages\plausible\.lake\build\lib\lean;E:\Samplinglib\.lake\packages\mathlib\.lake\build\lib\lean;E:\Samplinglib\.lake\build\lib\lean c:\Users\admin\.elan\toolchains\leanprover--lean4---v4.33.0\bin\lean.exe E:\Samplinglib\AutoSamplingTheory\ExampleCases\ProximalBPS\ActualHazardClock.lean -o E:\Samplinglib\.lake\build\lib\lean\AutoSamplingTheory\ExampleCases\ProximalBPS\ActualHazardClock.olean -i E:\Samplinglib\.lake\build\lib\lean\AutoSamplingTheory\ExampleCases\ProximalBPS\ActualHazardClock.ilean -c E:\Samplinglib\.lake\build\ir\AutoSamplingTheory\ExampleCases\ProximalBPS\ActualHazardClock.c --setup E:\Samplinglib\.lake\build\ir\AutoSamplingTheory\ExampleCases\ProximalBPS\ActualHazardClock.setup.json --json
warning: AutoSamplingTheory/ExampleCases/ProximalBPS/ActualHazardClock.lean:20:5: Variable name `hα` is not explicitly referenced.

Hint: The binding can be removed (if unused) or named `_` (if used implicitly). Alternatively, prefix the name with `_` to silence this warning:
  [apply] _hα

Note: This linter can be disabled with `set_option linter.unusedVariables false`
warning: AutoSamplingTheory/ExampleCases/ProximalBPS/ActualHazardClock.lean:20:24: Variable name `hαβ` is not explicitly referenced.

Hint: The binding can be removed (if unused) or named `_` (if used implicitly). Alternatively, prefix the name with `_` to silence this warning:
  [apply] _hαβ

Note: This linter can be disabled with `set_option linter.unusedVariables false`
warning: AutoSamplingTheory/ExampleCases/ProximalBPS/ActualHazardClock.lean:20:38: Variable name `hV` is not explicitly referenced.

Hint: The binding can be removed (if unused) or named `_` (if used implicitly). Alternatively, prefix the name with `_` to silence this warning:
  [apply] _hV

Note: This linter can be disabled with `set_option linter.unusedVariables false`
warning: AutoSamplingTheory/ExampleCases/ProximalBPS/ActualHazardClock.lean:21:5: Variable name `hH` is not explicitly referenced.

Hint: The binding can be removed (if unused) or named `_` (if used implicitly). Alternatively, prefix the name with `_` to silence this warning:
  [apply] _hH

Note: This linter can be disabled with `set_option linter.unusedVariables false`
warning: AutoSamplingTheory/ExampleCases/ProximalBPS/ActualHazardClock.lean:24:5: Variable name `hη` is not explicitly referenced.

Hint: The binding can be removed (if unused) or named `_` (if used implicitly). Alternatively, prefix the name with `_` to silence this warning:
  [apply] _hη

Note: This linter can be disabled with `set_option linter.unusedVariables false`
warning: AutoSamplingTheory/ExampleCases/ProximalBPS/ActualHazardClock.lean:24:18: Variable name `hβη` is not explicitly referenced.

Hint: The binding can be removed (if unused) or named `_` (if used implicitly). Alternatively, prefix the name with `_` to silence this warning:
  [apply] _hβη

Note: This linter can be disabled with `set_option linter.unusedVariables false`
error: AutoSamplingTheory/ExampleCases/ProximalBPS/ActualHazardClock.lean:325:33: unsolved goals
E : Type u_1
inst✝⁴ : NormedAddCommGroup E
inst✝³ : InnerProductSpace ℝ E
inst✝² : FiniteDimensional ℝ E
inst✝¹ : MeasurableSpace E
inst✝ : BorelSpace E
V : E → ℝ
α β : ℝ≥0
η : ℝ
hα : 0 < ↑α
hαβ : α ≤ β
hV : ContDiff ℝ 2 V
hH : ∀ (x v : E), ↑α * ‖v‖ ^ 2 ≤ ((fderiv ℝ (fderiv ℝ V) x) v) v ∧ ((fderiv ℝ (fderiv ℝ V) x) v) v ≤ ↑β * ‖v‖ ^ 2
hη : 0 < η
hβη : ↑β * η ≤ 1
c : E → E → E := fun y xRef => y - η • gradient V xRef
Φ : E → E → ℝ → E × E → E × E :=
  fun y xRef t z =>
    (c y xRef + Real.cos t • (z.1 - c y xRef) + (√η * Real.sin t) • z.2,
      (-Real.sin t / √η) • (z.1 - c y xRef) + Real.cos t • z.2)
rate : E → E × E → ℝ := fun xRef z => √η * max 0 ⟪z.2, gradient V z.1 - gradient V xRef⟫_ℝ
H : E → E → E × E → ℝ := fun y xRef z => (η⁻¹ * ‖z.1 - c y xRef‖ ^ 2 + ‖z.2‖ ^ 2) / 2
C : E → E → E × E → ℝ := fun y xRef z => √η * ↑β * √(2 * H y xRef z) * (√(2 * η * H y xRef z) + ‖c y xRef - xRef‖)
Λ : E → E → E × E → ℝ≥0 → ℝ := fun y xRef z t => ∫ (s : ℝ) in 0..↑t, rate xRef (Φ y xRef s z)
τ : E → E → E × E → ℝ≥0 → WithTop ℝ≥0 :=
  fun y xRef z e => hittingAfter (fun t a => Λ a.1.1 a.1.2 a.2.1 t - ↑a.2.2) (Set.Ici 0) 0 ((y, xRef), z, e)
W : E → E → E × E → Measure (WithTop ℝ≥0) :=
  fun y xRef z => Measure.map (fun e => τ y xRef z e.toNNReal) (ProbabilityTheory.expMeasure 1)
hΛ : Continuous[instTopologicalSpaceProd, _] fun a => Λ a.1.1.1 a.1.1.2 a.1.2 a.2
hΛmeas : Measurable fun a => Λ a.1.1.1 a.1.1.2 a.1.2 a.2
hInt : ∀ (y xRef : E) (z : E × E) (t : ℝ≥0), IntervalIntegrable (fun s => rate xRef (Φ y xRef s z)) volume 0 ↑t
hbasic : ∀ (y xRef : E) (z : E × E), Λ y xRef z 0 = 0 ∧ (∀ (t : ℝ≥0), 0 ≤ Λ y xRef z t) ∧ Monotone (Λ y xRef z)
hcaps : ∀ (y xRef : E) (z : E × E), 0 ≤ C y xRef z ∧ ∀ (t : ℝ≥0), Λ y xRef z t ≤ C y xRef z * ↑t
hcont : ∀ (y xRef : E) (z : E × E), Continuous (Λ y xRef z)
hτle : ∀ (y xRef : E) (z : E × E) (e t : ℝ≥0), τ y xRef z e ≤ ↑t ↔ ↑e ≤ Λ y xRef z t
hτtop : ∀ (y xRef : E) (z : E × E) (e : ℝ≥0), τ y xRef z e = ⊤ ↔ ∀ (t : ℝ≥0), Λ y xRef z t < ↑e
hfinite : ∀ (y xRef : E) (z : E × E) (e : ℝ≥0), τ y xRef z e ≠ ⊤ → Λ y xRef z (τ y xRef z e).untopA = ↑e
hpositive : ∀ (y xRef : E) (z : E × E) (e : ℝ≥0), 0 < e → 0 < τ y xRef z e
y xRef : E
z : E × E
⊢ 0 ≤ 0
warning: AutoSamplingTheory/ExampleCases/ProximalBPS/ActualHazardClock.lean:331:13: try 'simp' instead of 'simpa'

Note: This linter can be disabled with `set_option linter.unnecessarySimpa false`
warning: AutoSamplingTheory/ExampleCases/ProximalBPS/ActualHazardClock.lean:344:4: Try this: 
  letI̵

The goal is a proposition, so `let` is preferred over `letI`.
The difference between `let` and `letI` is that `letI` inlines the value.
But this is not relevant for proofs because of proof irrelevance.

Note: This linter can be disabled with `set_option linter.style.haveILetI false`
error: AutoSamplingTheory/ExampleCases/ProximalBPS/ActualHazardClock.lean:347:6: (deterministic) timeout at `isDefEq`, maximum number of heartbeats (1200000) has been reached

Note: Use `set_option maxHeartbeats <num>` to set the limit.

Hint: Additional diagnostic information may be available using the `set_option diagnostics true` command.
error: AutoSamplingTheory/ExampleCases/ProximalBPS/ActualHazardClock.lean:192:0: (deterministic) timeout at `whnf`, maximum number of heartbeats (1200000) has been reached

Note: Use `set_option maxHeartbeats <num>` to set the limit.

Hint: Additional diagnostic information may be available using the `set_option diagnostics true` command.
error: Lean exited with code 1
Some required targets logged failures:
- AutoSamplingTheory.ExampleCases.ProximalBPS.ActualHazardClock
