E:\Samplinglib\runs\20261007-companion-priority\pbps-ambient-adjoint-preproof66\independent-type-diagnosis66\named-goal0.lean:14:5: warning: Variable name `hα` is not explicitly referenced.

Hint: The binding can be removed (if unused) or named `_` (if used implicitly). Alternatively, prefix the name with `_` to silence this warning:
  [apply] _hα

Note: This linter can be disabled with `set_option linter.unusedVariables false`
E:\Samplinglib\runs\20261007-companion-priority\pbps-ambient-adjoint-preproof66\independent-type-diagnosis66\named-goal0.lean:14:24: warning: Variable name `hαβ` is not explicitly referenced.

Hint: The binding can be removed (if unused) or named `_` (if used implicitly). Alternatively, prefix the name with `_` to silence this warning:
  [apply] _hαβ

Note: This linter can be disabled with `set_option linter.unusedVariables false`
E:\Samplinglib\runs\20261007-companion-priority\pbps-ambient-adjoint-preproof66\independent-type-diagnosis66\named-goal0.lean:14:38: warning: Variable name `hV` is not explicitly referenced.

Hint: The binding can be removed (if unused) or named `_` (if used implicitly). Alternatively, prefix the name with `_` to silence this warning:
  [apply] _hV

Note: This linter can be disabled with `set_option linter.unusedVariables false`
E:\Samplinglib\runs\20261007-companion-priority\pbps-ambient-adjoint-preproof66\independent-type-diagnosis66\named-goal0.lean:15:5: warning: Variable name `hH` is not explicitly referenced.

Hint: The binding can be removed (if unused) or named `_` (if used implicitly). Alternatively, prefix the name with `_` to silence this warning:
  [apply] _hH

Note: This linter can be disabled with `set_option linter.unusedVariables false`
E:\Samplinglib\runs\20261007-companion-priority\pbps-ambient-adjoint-preproof66\independent-type-diagnosis66\named-goal0.lean:18:5: warning: Variable name `hη` is not explicitly referenced.

Hint: The binding can be removed (if unused) or named `_` (if used implicitly). Alternatively, prefix the name with `_` to silence this warning:
  [apply] _hη

Note: This linter can be disabled with `set_option linter.unusedVariables false`
E:\Samplinglib\runs\20261007-companion-priority\pbps-ambient-adjoint-preproof66\independent-type-diagnosis66\named-goal0.lean:18:18: warning: Variable name `hβη` is not explicitly referenced.

Hint: The binding can be removed (if unused) or named `_` (if used implicitly). Alternatively, prefix the name with `_` to silence this warning:
  [apply] _hβη

Note: This linter can be disabled with `set_option linter.unusedVariables false`
IndependentTypeDiagnosis66.exact_Prop_expression0.{u_1} {E : Type u_1} [NormedAddCommGroup E] [InnerProductSpace ℝ E]
  [FiniteDimensional ℝ E] [MeasurableSpace E] [BorelSpace E] {V : E → ℝ} {α β : ℝ≥0} {η : ℝ} (hα : 0 < ↑α) (hαβ : α ≤ β)
  (hV : ContDiff ℝ 2 V)
  (hH : ∀ (x v : E), ↑α * ‖v‖ ^ 2 ≤ ((fderiv ℝ (fderiv ℝ V) x) v) v ∧ ((fderiv ℝ (fderiv ℝ V) x) v) v ≤ ↑β * ‖v‖ ^ 2)
  (hη : 0 < η) (hβη : ↑β * η ≤ 1) : Prop
E:\Samplinglib\runs\20261007-companion-priority\pbps-ambient-adjoint-preproof66\independent-type-diagnosis66\named-goal0.lean:117:2: error: INTENTIONAL_NAMED_PROP_BODY_REACHED66
E : Type u_1
inst✝⁴ : NormedAddCommGroup E
inst✝³ : InnerProductSpace ℝ E
inst✝² : FiniteDimensional ℝ E
inst✝¹ : MeasurableSpace E
inst✝ : BorelSpace E
V : E → ℝ
α β : ℝ≥0
η : ℝ
hα : 0 < ↑α
hαβ : α ≤ β
hV : ContDiff ℝ 2 V
hH : ∀ (x v : E), ↑α * ‖v‖ ^ 2 ≤ ((fderiv ℝ (fderiv ℝ V) x) v) v ∧ ((fderiv ℝ (fderiv ℝ V) x) v) v ≤ ↑β * ‖v‖ ^ 2
hη : 0 < η
hβη : ↑β * η ≤ 1
⊢ exact_Prop_expression0 hα hαβ hV hH hη hβη
