.astis/gaussian-sharp-signature-probe.lean:13:27: warning: Variable name `hf` is not explicitly referenced.

Hint: The binding can be removed (if unused) or named `_` (if used implicitly). Alternatively, prefix the name with `_` to silence this warning:
  [apply] _hf

Note: This linter can be disabled with `set_option linter.unusedVariables false`
@anonymous_statement_type0 : {E : Type u_1} →
  [inst : NormedAddCommGroup E] →
    [inst_1 : InnerProductSpace ℝ E] →
      [CompleteSpace E] →
        [FiniteDimensional ℝ E] →
          [inst_4 : MeasurableSpace E] → [BorelSpace E] → {L : ℝ≥0} → {f : E → ℝ} → LipschitzWith L f → ℝ → Prop
.astis/gaussian-sharp-signature-probe.lean:22:5: warning: Variable name `hκ` is not explicitly referenced.

Hint: The binding can be removed (if unused) or named `_` (if used implicitly). Alternatively, prefix the name with `_` to silence this warning:
  [apply] _hκ

Note: This linter can be disabled with `set_option linter.unusedVariables false`
.astis/gaussian-sharp-signature-probe.lean:22:18: warning: Variable name `hV` is not explicitly referenced.

Hint: The binding can be removed (if unused) or named `_` (if used implicitly). Alternatively, prefix the name with `_` to silence this warning:
  [apply] _hV

Note: This linter can be disabled with `set_option linter.unusedVariables false`
.astis/gaussian-sharp-signature-probe.lean:23:5: warning: Variable name `hH` is not explicitly referenced.

Hint: The binding can be removed (if unused) or named `_` (if used implicitly). Alternatively, prefix the name with `_` to silence this warning:
  [apply] _hH

Note: This linter can be disabled with `set_option linter.unusedVariables false`
.astis/gaussian-sharp-signature-probe.lean:25:31: warning: Variable name `heta` is not explicitly referenced.

Hint: The binding can be removed (if unused) or named `_` (if used implicitly). Alternatively, prefix the name with `_` to silence this warning:
  [apply] _heta

Note: This linter can be disabled with `set_option linter.unusedVariables false`
.astis/gaussian-sharp-signature-probe.lean:25:55: warning: Variable name `hy` is not explicitly referenced.

Hint: The binding can be removed (if unused) or named `_` (if used implicitly). Alternatively, prefix the name with `_` to silence this warning:
  [apply] _hy

Note: This linter can be disabled with `set_option linter.unusedVariables false`
.astis/gaussian-sharp-signature-probe.lean:26:5: warning: Variable name `hpos` is not explicitly referenced.

Hint: The binding can be removed (if unused) or named `_` (if used implicitly). Alternatively, prefix the name with `_` to silence this warning:
  [apply] _hpos

Note: This linter can be disabled with `set_option linter.unusedVariables false`
@anonymous_statement_type1 : {E : Type u_1} →
  {S : Type u_2} →
    [inst : NormedAddCommGroup E] →
      [inst_1 : InnerProductSpace ℝ E] →
        [CompleteSpace E] →
          [FiniteDimensional ℝ E] →
            [inst_4 : MeasurableSpace E] →
              [BorelSpace E] →
                [inst_6 : MeasurableSpace S] →
                  {V : E → ℝ} →
                    {κ : ℝ} →
                      1 ≤ κ →
                        ContDiff ℝ 2 V →
                          (∀ (x v : E),
                              κ⁻¹ * ‖v‖ ^ 2 ≤ ((fderiv ℝ (fderiv ℝ V) x) v) v ∧
                                ((fderiv ℝ (fderiv ℝ V) x) v) v ≤ ‖v‖ ^ 2) →
                            {eta : S → ℝ} → {y : S → E} → Measurable eta → Measurable y → (∀ (s : S), 0 < eta s) → Prop
