AutoSamplingTheory/ExampleCases/ProximalBPS/SharpCorrectorEnergy.lean:22:5: warning: Variable name `hα` is not explicitly referenced.

Hint: The binding can be removed (if unused) or named `_` (if used implicitly). Alternatively, prefix the name with `_` to silence this warning:
  [apply] _hα

Note: This linter can be disabled with `set_option linter.unusedVariables false`
AutoSamplingTheory/ExampleCases/ProximalBPS/SharpCorrectorEnergy.lean:22:24: warning: Variable name `hαβ` is not explicitly referenced.

Hint: The binding can be removed (if unused) or named `_` (if used implicitly). Alternatively, prefix the name with `_` to silence this warning:
  [apply] _hαβ

Note: This linter can be disabled with `set_option linter.unusedVariables false`
AutoSamplingTheory/ExampleCases/ProximalBPS/SharpCorrectorEnergy.lean:22:38: warning: Variable name `hV` is not explicitly referenced.

Hint: The binding can be removed (if unused) or named `_` (if used implicitly). Alternatively, prefix the name with `_` to silence this warning:
  [apply] _hV

Note: This linter can be disabled with `set_option linter.unusedVariables false`
AutoSamplingTheory/ExampleCases/ProximalBPS/SharpCorrectorEnergy.lean:23:5: warning: Variable name `hH` is not explicitly referenced.

Hint: The binding can be removed (if unused) or named `_` (if used implicitly). Alternatively, prefix the name with `_` to silence this warning:
  [apply] _hH

Note: This linter can be disabled with `set_option linter.unusedVariables false`
AutoSamplingTheory/ExampleCases/ProximalBPS/SharpCorrectorEnergy.lean:26:5: warning: Variable name `hη` is not explicitly referenced.

Hint: The binding can be removed (if unused) or named `_` (if used implicitly). Alternatively, prefix the name with `_` to silence this warning:
  [apply] _hη

Note: This linter can be disabled with `set_option linter.unusedVariables false`
AutoSamplingTheory/ExampleCases/ProximalBPS/SharpCorrectorEnergy.lean:26:18: warning: Variable name `hβη` is not explicitly referenced.

Hint: The binding can be removed (if unused) or named `_` (if used implicitly). Alternatively, prefix the name with `_` to silence this warning:
  [apply] _hβη

Note: This linter can be disabled with `set_option linter.unusedVariables false`
AutoSamplingTheory/ExampleCases/ProximalBPS/SharpCorrectorEnergy.lean:139:13: error(lean.unknownIdentifier): Unknown identifier `liftIO`
'AutoSamplingTheory.ExampleCases.ProximalBPS.SharpCorrectorEnergy.actual_sharp_corrector_bound' depends on axioms: [propext,
 sorryAx,
 Classical.choice,
 Quot.sound]
