Task-local Playwright1.57.0 with installed Chrome, isolated owned headless profile; online MathJax; no global environment change.
actual browser-check Python PID 24804
{
  "mode": "HTTP, MathJax and graph interaction",
  "pages": [
    {
      "page": "index.html",
      "libraries": 7,
      "routes": 7,
      "horizontal_overflow": false
    },
    {
      "page": "libraries/statistical-optimal-transport/index.html",
      "libraries": 7,
      "routes": 7,
      "horizontal_overflow": false
    },
    {
      "page": "libraries/discrete-sampling/index.html",
      "libraries": 7,
      "routes": 7,
      "horizontal_overflow": false
    },
    {
      "page": "libraries/mcmc/index.html",
      "libraries": 7,
      "routes": 7,
      "horizontal_overflow": false
    },
    {
      "page": "progress/index.html#optimal-transport",
      "libraries": 7,
      "routes": 7,
      "horizontal_overflow": false
    },
    {
      "page": "lean-foundations.html?view=functor",
      "libraries": 7,
      "routes": 7,
      "horizontal_overflow": false
    }
  ],
  "runtime_errors": [],
  "graph_mathjax_rendered": true,
  "graph_formulas_checked": 26,
  "scope_colour_preserves_evidence": true,
  "contribution_graph": {
    "node": "decl:AutoSamplingTheory.TechnicalLemmas.Measure.AffineGibbs.map_affine_gibbs",
    "local_view": true,
    "scanned_edges_not_formal": true
  },
  "query_preserving_alias": true,
  "mathjax_rendered": true,
  "mobile_ot_overflow": false,
  "discrete_chapters_checked": 12,
  "discrete_mobile_overflow": false,
  "mcmc_pages_checked": 16,
  "optimisation_publication": {
    "partial": true,
    "source_complete": false,
    "adjacent_lean": true,
    "mobile_overflow": false
  },
  "companion_publications": [
    {
      "path": "example-cases/samplewiki/companions/gaussian-cloud-picard-hmc.html",
      "declarations": 3,
      "proof_panels": 3,
      "adjacent_lean": true,
      "mobile_overflow": false
    },
    {
      "path": "example-cases/samplewiki/companions/proximal-bouncy-particle.html",
      "declarations": 80,
      "proof_panels": 83,
      "adjacent_lean": true,
      "mobile_overflow": false
    },
    {
      "path": "example-cases/samplewiki/companions/smoothed-picard-hmc.html",
      "declarations": 130,
      "proof_panels": 130,
      "adjacent_lean": true,
      "mobile_overflow": false
    }
  ]
}
browser-check EXIT 0
