⚠ [3056/3254] Replayed AutoSamplingTheory.TechnicalLemmas.Measure.TransportGluing
warning: AutoSamplingTheory/TechnicalLemmas/Measure/TransportGluing.lean:91:2: Try this: 
  letI̵

The goal is a proposition, so `let` is preferred over `letI`.
The difference between `let` and `letI` is that `letI` inlines the value.
But this is not relevant for proofs because of proof irrelevance.

Note: This linter can be disabled with `set_option linter.style.haveILetI false`
warning: AutoSamplingTheory/TechnicalLemmas/Measure/TransportGluing.lean:93:2: Try this: 
  letI̵

The goal is a proposition, so `let` is preferred over `letI`.
The difference between `let` and `letI` is that `letI` inlines the value.
But this is not relevant for proofs because of proof irrelevance.

Note: This linter can be disabled with `set_option linter.style.haveILetI false`
⚠ [3588/3711] Replayed AutoSamplingTheory.TechnicalLemmas.Measure.WassersteinTriangleMarginals
warning: AutoSamplingTheory/TechnicalLemmas/Measure/WassersteinTriangleMarginals.lean:46:0: automatically included section variable(s) unused in theorem `AutoSamplingTheory.TechnicalLemmas.Measure.WassersteinTriangleMarginals.measurable_pair12`:
  [NormedAddCommGroup E]
  [BorelSpace E]
  [SecondCountableTopology E]
consider restructuring your `variable` declarations so that the variables are not in scope or explicitly omit them:
  omit [NormedAddCommGroup E] [BorelSpace E] [SecondCountableTopology E] in theorem ...

Note: This linter can be disabled with `set_option linter.unusedSectionVars false`
warning: AutoSamplingTheory/TechnicalLemmas/Measure/WassersteinTriangleMarginals.lean:50:0: automatically included section variable(s) unused in theorem `AutoSamplingTheory.TechnicalLemmas.Measure.WassersteinTriangleMarginals.measurable_pair23`:
  [NormedAddCommGroup E]
  [BorelSpace E]
  [SecondCountableTopology E]
consider restructuring your `variable` declarations so that the variables are not in scope or explicitly omit them:
  omit [NormedAddCommGroup E] [BorelSpace E] [SecondCountableTopology E] in theorem ...

Note: This linter can be disabled with `set_option linter.unusedSectionVars false`
warning: AutoSamplingTheory/TechnicalLemmas/Measure/WassersteinTriangleMarginals.lean:54:0: automatically included section variable(s) unused in theorem `AutoSamplingTheory.TechnicalLemmas.Measure.WassersteinTriangleMarginals.measurable_pair13`:
  [NormedAddCommGroup E]
  [BorelSpace E]
  [SecondCountableTopology E]
consider restructuring your `variable` declarations so that the variables are not in scope or explicitly omit them:
  omit [NormedAddCommGroup E] [BorelSpace E] [SecondCountableTopology E] in theorem ...

Note: This linter can be disabled with `set_option linter.unusedSectionVars false`
warning: AutoSamplingTheory/TechnicalLemmas/Measure/WassersteinTriangleMarginals.lean:65:0: automatically included section variable(s) unused in theorem `AutoSamplingTheory.TechnicalLemmas.Measure.WassersteinTriangleMarginals.edgeLength12_rpow_two_eq_quadraticCost_pair12`:
  [MeasurableSpace E]
  [BorelSpace E]
  [SecondCountableTopology E]
consider restructuring your `variable` declarations so that the variables are not in scope or explicitly omit them:
  omit [MeasurableSpace E] [BorelSpace E] [SecondCountableTopology E] in theorem ...

Note: This linter can be disabled with `set_option linter.unusedSectionVars false`
warning: AutoSamplingTheory/TechnicalLemmas/Measure/WassersteinTriangleMarginals.lean:74:0: automatically included section variable(s) unused in theorem `AutoSamplingTheory.TechnicalLemmas.Measure.WassersteinTriangleMarginals.edgeLength23_rpow_two_eq_quadraticCost_pair23`:
  [MeasurableSpace E]
  [BorelSpace E]
  [SecondCountableTopology E]
consider restructuring your `variable` declarations so that the variables are not in scope or explicitly omit them:
  omit [MeasurableSpace E] [BorelSpace E] [SecondCountableTopology E] in theorem ...

Note: This linter can be disabled with `set_option linter.unusedSectionVars false`
warning: AutoSamplingTheory/TechnicalLemmas/Measure/WassersteinTriangleMarginals.lean:83:0: automatically included section variable(s) unused in theorem `AutoSamplingTheory.TechnicalLemmas.Measure.WassersteinTriangleMarginals.edgeLength13_rpow_two_eq_quadraticCost_pair13`:
  [MeasurableSpace E]
  [BorelSpace E]
  [SecondCountableTopology E]
consider restructuring your `variable` declarations so that the variables are not in scope or explicitly omit them:
  omit [MeasurableSpace E] [BorelSpace E] [SecondCountableTopology E] in theorem ...

Note: This linter can be disabled with `set_option linter.unusedSectionVars false`
⚠ [3589/3711] Replayed AutoSamplingTheory.TechnicalLemmas.Measure.CommonNoiseContraction
warning: AutoSamplingTheory/TechnicalLemmas/Measure/CommonNoiseContraction.lean:62:8: automatically included section variable(s) unused in theorem `_private.AutoSamplingTheory.TechnicalLemmas.Measure.CommonNoiseContraction.0.AutoSamplingTheory.TechnicalLemmas.Measure.CommonNoiseContraction.measurable_pairLeft`:
  [NormedAddCommGroup E]
  [BorelSpace E]
  [SecondCountableTopology E]
consider restructuring your `variable` declarations so that the variables are not in scope or explicitly omit them:
  omit [NormedAddCommGroup E] [BorelSpace E] [SecondCountableTopology E] in theorem ...

Note: This linter can be disabled with `set_option linter.unusedSectionVars false`
warning: AutoSamplingTheory/TechnicalLemmas/Measure/CommonNoiseContraction.lean:66:8: automatically included section variable(s) unused in theorem `_private.AutoSamplingTheory.TechnicalLemmas.Measure.CommonNoiseContraction.0.AutoSamplingTheory.TechnicalLemmas.Measure.CommonNoiseContraction.measurable_pairRight`:
  [NormedAddCommGroup E]
  [BorelSpace E]
  [SecondCountableTopology E]
consider restructuring your `variable` declarations so that the variables are not in scope or explicitly omit them:
  omit [NormedAddCommGroup E] [BorelSpace E] [SecondCountableTopology E] in theorem ...

Note: This linter can be disabled with `set_option linter.unusedSectionVars false`
warning: AutoSamplingTheory/TechnicalLemmas/Measure/CommonNoiseContraction.lean:77:2: Try this: 
  letI̵

The goal is a proposition, so `let` is preferred over `letI`.
The difference between `let` and `letI` is that `letI` inlines the value.
But this is not relevant for proofs because of proof irrelevance.

Note: This linter can be disabled with `set_option linter.style.haveILetI false`
warning: AutoSamplingTheory/TechnicalLemmas/Measure/CommonNoiseContraction.lean:72:0: automatically included section variable(s) unused in theorem `AutoSamplingTheory.TechnicalLemmas.Measure.CommonNoiseContraction.map_pairLeft_prod_eq`:
  [BorelSpace E]
consider restructuring your `variable` declarations so that the variables are not in scope or explicitly omit them:
  omit [BorelSpace E] in theorem ...

Note: This linter can be disabled with `set_option linter.unusedSectionVars false`
warning: AutoSamplingTheory/TechnicalLemmas/Measure/CommonNoiseContraction.lean:97:2: Try this: 
  letI̵

The goal is a proposition, so `let` is preferred over `letI`.
The difference between `let` and `letI` is that `letI` inlines the value.
But this is not relevant for proofs because of proof irrelevance.

Note: This linter can be disabled with `set_option linter.style.haveILetI false`
warning: AutoSamplingTheory/TechnicalLemmas/Measure/CommonNoiseContraction.lean:92:0: automatically included section variable(s) unused in theorem `AutoSamplingTheory.TechnicalLemmas.Measure.CommonNoiseContraction.map_pairRight_prod_eq`:
  [BorelSpace E]
consider restructuring your `variable` declarations so that the variables are not in scope or explicitly omit them:
  omit [BorelSpace E] in theorem ...

Note: This linter can be disabled with `set_option linter.unusedSectionVars false`
warning: AutoSamplingTheory/TechnicalLemmas/Measure/CommonNoiseContraction.lean:119:2: Try this: 
  letI̵

The goal is a proposition, so `let` is preferred over `letI`.
The difference between `let` and `letI` is that `letI` inlines the value.
But this is not relevant for proofs because of proof irrelevance.

Note: This linter can be disabled with `set_option linter.style.haveILetI false`
warning: AutoSamplingTheory/TechnicalLemmas/Measure/CommonNoiseContraction.lean:148:0: automatically included section variable(s) unused in theorem `AutoSamplingTheory.TechnicalLemmas.Measure.CommonNoiseContraction.quadraticCost_synchronousNoiseMap`:
  [MeasurableSpace E]
  [BorelSpace E]
  [SecondCountableTopology E]
consider restructuring your `variable` declarations so that the variables are not in scope or explicitly omit them:
  omit [MeasurableSpace E] [BorelSpace E] [SecondCountableTopology E] in theorem ...

Note: This linter can be disabled with `set_option linter.unusedSectionVars false`
warning: AutoSamplingTheory/TechnicalLemmas/Measure/CommonNoiseContraction.lean:200:2: Try this: 
  letI̵

The goal is a proposition, so `let` is preferred over `letI`.
The difference between `let` and `letI` is that `letI` inlines the value.
But this is not relevant for proofs because of proof irrelevance.

Note: This linter can be disabled with `set_option linter.style.haveILetI false`
⚠ [3710/3711] Replayed AutoSamplingTheory.TechnicalLemmas.Measure.GaussianSmoothing
warning: AutoSamplingTheory/TechnicalLemmas/Measure/GaussianSmoothing.lean:75:0: automatically included section variable(s) unused in theorem `AutoSamplingTheory.TechnicalLemmas.Measure.GaussianSmoothing.heatSmoothing_eq_gaussianSmoothing_sqrt`:
  [BorelSpace E]
  [SecondCountableTopology E]
consider restructuring your `variable` declarations so that the variables are not in scope or explicitly omit them:
  omit [BorelSpace E] [SecondCountableTopology E] in theorem ...

Note: This linter can be disabled with `set_option linter.unusedSectionVars false`
✖ [3711/3711] Building AutoSamplingTheory.ExampleCases.SmoothedPicardHMC.FullRangeProximalGaussianOracle (9.2s)
trace: .> LEAN_PATH=E:\Samplinglib\.lake\packages\Cli\.lake\build\lib\lean;E:\Samplinglib\.lake\packages\batteries\.lake\build\lib\lean;E:\Samplinglib\.lake\packages\Qq\.lake\build\lib\lean;E:\Samplinglib\.lake\packages\aesop\.lake\build\lib\lean;E:\Samplinglib\.lake\packages\proofwidgets\.lake\build\lib\lean;E:\Samplinglib\.lake\packages\importGraph\.lake\build\lib\lean;E:\Samplinglib\.lake\packages\LeanSearchClient\.lake\build\lib\lean;E:\Samplinglib\.lake\packages\plausible\.lake\build\lib\lean;E:\Samplinglib\.lake\packages\mathlib\.lake\build\lib\lean;E:\Samplinglib\.lake\build\lib\lean c:\Users\admin\.elan\toolchains\leanprover--lean4---v4.33.0\bin\lean.exe E:\Samplinglib\AutoSamplingTheory\ExampleCases\SmoothedPicardHMC\FullRangeProximalGaussianOracle.lean -o E:\Samplinglib\.lake\build\lib\lean\AutoSamplingTheory\ExampleCases\SmoothedPicardHMC\FullRangeProximalGaussianOracle.olean -i E:\Samplinglib\.lake\build\lib\lean\AutoSamplingTheory\ExampleCases\SmoothedPicardHMC\FullRangeProximalGaussianOracle.ilean -c E:\Samplinglib\.lake\build\ir\AutoSamplingTheory\ExampleCases\SmoothedPicardHMC\FullRangeProximalGaussianOracle.c --setup E:\Samplinglib\.lake\build\ir\AutoSamplingTheory\ExampleCases\SmoothedPicardHMC\FullRangeProximalGaussianOracle.setup.json --json
error: AutoSamplingTheory/ExampleCases/SmoothedPicardHMC/FullRangeProximalGaussianOracle.lean:143:47: Application type mismatch: The argument
  s
has type
  S → E → ℝ
of sort `Type (max u_1 u_2)` but is expected to have type
  S
of sort `Type u_2` in the application
  eta s
error: AutoSamplingTheory/ExampleCases/SmoothedPicardHMC/FullRangeProximalGaussianOracle.lean:143:59: Application type mismatch: The argument
  s
has type
  S → E → ℝ
of sort `Type (max u_1 u_2)` but is expected to have type
  S
of sort `Type u_2` in the application
  y s
error: AutoSamplingTheory/ExampleCases/SmoothedPicardHMC/FullRangeProximalGaussianOracle.lean:144:12: Application type mismatch: The argument
  s
has type
  S → E → ℝ
of sort `Type (max u_1 u_2)` but is expected to have type
  S
of sort `Type u_2` in the application
  eta s
error: AutoSamplingTheory/ExampleCases/SmoothedPicardHMC/FullRangeProximalGaussianOracle.lean:144:34: Application type mismatch: The argument
  s
has type
  S → E → ℝ
of sort `Type (max u_1 u_2)` but is expected to have type
  S
of sort `Type u_2` in the application
  y s
error: AutoSamplingTheory/ExampleCases/SmoothedPicardHMC/FullRangeProximalGaussianOracle.lean:145:46: Application type mismatch: The argument
  s
has type
  S → E → ℝ
of sort `Type (max u_1 u_2)` but is expected to have type
  S
of sort `Type u_2` in the application
  y s
error: AutoSamplingTheory/ExampleCases/SmoothedPicardHMC/FullRangeProximalGaussianOracle.lean:145:75: Application type mismatch: The argument
  s
has type
  S → E → ℝ
of sort `Type (max u_1 u_2)` but is expected to have type
  S
of sort `Type u_2` in the application
  eta s
error: AutoSamplingTheory/ExampleCases/SmoothedPicardHMC/FullRangeProximalGaussianOracle.lean:147:43: Application type mismatch: The argument
  s
has type
  S → E → ℝ
of sort `Type (max u_1 u_2)` but is expected to have type
  S
of sort `Type u_2` in the application
  F s
error: AutoSamplingTheory/ExampleCases/SmoothedPicardHMC/FullRangeProximalGaussianOracle.lean:149:32: Application type mismatch: The argument
  s
has type
  S → E → ℝ
of sort `Type (max u_1 u_2)` but is expected to have type
  S
of sort `Type u_2` in the application
  F s
error: AutoSamplingTheory/ExampleCases/SmoothedPicardHMC/FullRangeProximalGaussianOracle.lean:149:57: Application type mismatch: The argument
  s
has type
  S → E → ℝ
of sort `Type (max u_1 u_2)` but is expected to have type
  S
of sort `Type u_2` in the application
  eta s
error: AutoSamplingTheory/ExampleCases/SmoothedPicardHMC/FullRangeProximalGaussianOracle.lean:149:69: Application type mismatch: The argument
  s
has type
  S → E → ℝ
of sort `Type (max u_1 u_2)` but is expected to have type
  S
of sort `Type u_2` in the application
  y s
error: AutoSamplingTheory/ExampleCases/SmoothedPicardHMC/FullRangeProximalGaussianOracle.lean:152:42: Application type mismatch: The argument
  s
has type
  S → E → ℝ
of sort `Type (max u_1 u_2)` but is expected to have type
  S
of sort `Type u_2` in the application
  eta s
error: AutoSamplingTheory/ExampleCases/SmoothedPicardHMC/FullRangeProximalGaussianOracle.lean:152:54: Application type mismatch: The argument
  s
has type
  S → E → ℝ
of sort `Type (max u_1 u_2)` but is expected to have type
  S
of sort `Type u_2` in the application
  y s
error: AutoSamplingTheory/ExampleCases/SmoothedPicardHMC/FullRangeProximalGaussianOracle.lean:153:39: Application type mismatch: The argument
  s
has type
  S → E → ℝ
of sort `Type (max u_1 u_2)` but is expected to have type
  S
of sort `Type u_2` in the application
  eta s
error: AutoSamplingTheory/ExampleCases/SmoothedPicardHMC/FullRangeProximalGaussianOracle.lean:153:51: Application type mismatch: The argument
  s
has type
  S → E → ℝ
of sort `Type (max u_1 u_2)` but is expected to have type
  S
of sort `Type u_2` in the application
  y s
error: AutoSamplingTheory/ExampleCases/SmoothedPicardHMC/FullRangeProximalGaussianOracle.lean:157:24: Application type mismatch: The argument
  s
has type
  S → E → ℝ
of sort `Type (max u_1 u_2)` but is expected to have type
  S
of sort `Type u_2` in the application
  F s
error: AutoSamplingTheory/ExampleCases/SmoothedPicardHMC/FullRangeProximalGaussianOracle.lean:157:30: Application type mismatch: The argument
  s
has type
  S → E → ℝ
of sort `Type (max u_1 u_2)` but is expected to have type
  S
of sort `Type u_2` in the application
  p s
error: AutoSamplingTheory/ExampleCases/SmoothedPicardHMC/FullRangeProximalGaussianOracle.lean:159:16: Application type mismatch: The argument
  s
has type
  S → E → ℝ
of sort `Type (max u_1 u_2)` but is expected to have type
  S
of sort `Type u_2` in the application
  p s
error: AutoSamplingTheory/ExampleCases/SmoothedPicardHMC/FullRangeProximalGaussianOracle.lean:159:20: Application type mismatch: The argument
  s
has type
  S → E → ℝ
of sort `Type (max u_1 u_2)` but is expected to have type
  S
of sort `Type u_2` in the application
  y s
error: AutoSamplingTheory/ExampleCases/SmoothedPicardHMC/FullRangeProximalGaussianOracle.lean:159:28: Application type mismatch: The argument
  s
has type
  S → E → ℝ
of sort `Type (max u_1 u_2)` but is expected to have type
  S
of sort `Type u_2` in the application
  eta s
error: AutoSamplingTheory/ExampleCases/SmoothedPicardHMC/FullRangeProximalGaussianOracle.lean:159:46: Application type mismatch: The argument
  s
has type
  S → E → ℝ
of sort `Type (max u_1 u_2)` but is expected to have type
  S
of sort `Type u_2` in the application
  p s
error: AutoSamplingTheory/ExampleCases/SmoothedPicardHMC/FullRangeProximalGaussianOracle.lean:159:66: Application type mismatch: The argument
  s
has type
  S → E → ℝ
of sort `Type (max u_1 u_2)` but is expected to have type
  S
of sort `Type u_2` in the application
  heq s
error: AutoSamplingTheory/ExampleCases/SmoothedPicardHMC/FullRangeProximalGaussianOracle.lean:160:62: Application type mismatch: The argument
  s
has type
  S → E → ℝ
of sort `Type (max u_1 u_2)` but is expected to have type
  S
of sort `Type u_2` in the application
  hpos s
error: AutoSamplingTheory/ExampleCases/SmoothedPicardHMC/FullRangeProximalGaussianOracle.lean:161:47: Application type mismatch: The argument
  s
has type
  S → E → ℝ
of sort `Type (max u_1 u_2)` but is expected to have type
  S
of sort `Type u_2` in the application
  eta s
error: AutoSamplingTheory/ExampleCases/SmoothedPicardHMC/FullRangeProximalGaussianOracle.lean:161:56: Application type mismatch: The argument
  s
has type
  S → E → ℝ
of sort `Type (max u_1 u_2)` but is expected to have type
  S
of sort `Type u_2` in the application
  F s
error: AutoSamplingTheory/ExampleCases/SmoothedPicardHMC/FullRangeProximalGaussianOracle.lean:163:32: Application type mismatch: The argument
  s
has type
  S → E → ℝ
of sort `Type (max u_1 u_2)` but is expected to have type
  S
of sort `Type u_2` in the application
  eta s
error: AutoSamplingTheory/ExampleCases/SmoothedPicardHMC/FullRangeProximalGaussianOracle.lean:163:49: Application type mismatch: The argument
  s
has type
  S → E → ℝ
of sort `Type (max u_1 u_2)` but is expected to have type
  S
of sort `Type u_2` in the application
  y s
error: AutoSamplingTheory/ExampleCases/SmoothedPicardHMC/FullRangeProximalGaussianOracle.lean:164:78: Application type mismatch: The argument
  s
has type
  S → E → ℝ
of sort `Type (max u_1 u_2)` but is expected to have type
  S
of sort `Type u_2` in the application
  hpos s
error: AutoSamplingTheory/ExampleCases/SmoothedPicardHMC/FullRangeProximalGaussianOracle.lean:166:47: Application type mismatch: The argument
  s
has type
  S → E → ℝ
of sort `Type (max u_1 u_2)` but is expected to have type
  S
of sort `Type u_2` in the application
  p s
error: AutoSamplingTheory/ExampleCases/SmoothedPicardHMC/FullRangeProximalGaussianOracle.lean:169:9: Invalid `⟨...⟩` notation: The expected type
  ∀ (z_1 : E), s z (p z) + (κ⁻¹ + (eta z)⁻¹) / 2 * ‖z_1 - p z‖ ^ 2 ≤ s z z_1 ∧ (s z z_1 ≤ s z (p z) ↔ z_1 = p z)
is not an inductive type

Note: This notation can only be used when the expected type is an inductive type with a single constructor
error: AutoSamplingTheory/ExampleCases/SmoothedPicardHMC/FullRangeProximalGaussianOracle.lean:170:2: No goals to be solved
error: Lean exited with code 1
Some required targets logged failures:
- AutoSamplingTheory.ExampleCases.SmoothedPicardHMC.FullRangeProximalGaussianOracle
error: build failed
