<stdin>:14:25: warning: This simp argument is unused:
  V

Hint: Omit it from the simp argument list.
  [apply] simp [Pi.add_apply, mul_comm]

Note: This linter can be disabled with `set_option linter.unusedSimpArgs false`
<stdin>:14:27: warning: This simp argument is unused:
  Pi.add_apply

Hint: Omit it from the simp argument list.
  [apply] simp [V, mul_comm]

Note: This linter can be disabled with `set_option linter.unusedSimpArgs false`
<stdin>:33:13: warning: `ContinuousLinearMap.smul_apply` has been deprecated: Use `smul_apply` instead

Note: The updated constant is in a different namespace. Dot notation may need to be changed (e.g., from `x.smul_apply` to `smul_apply x`).
<stdin>:74:4: error: Type mismatch: After simplification, term
  h
 has type
  V (p 0) + 1 / 2 * p 0 ^ 2 + 3 / 4 * (z - p 0) ^ 2 ≤ V z + 1 / 2 * z ^ 2
but is expected to have type
  V (p 0) + 1 / 2 * ‖p 0‖ ^ 2 + 3 / 4 * ‖z - p 0‖ ^ 2 ≤ V z + 1 / 2 * ‖z‖ ^ 2
<stdin>:94:23: error: Application type mismatch: The argument
  h0.right.left
has type
  ∫ (w : ℝ), (w - 1 / 2) ^ 2 ∂K 0 = 1
but is expected to have type
  ∫ (w : ℝ), ‖w - 1 / 2‖ ^ 2 ∂K 0 = 1
in the application
  And.intro h0.right.left
<stdin>:95:43: error: Tactic `apply` failed: could not unify the conclusion of `@funext`
  ?f = ?g
with the goal
  Measure.map (fun z => 2 / 3 + √(1 / 2) * z) (stdGaussian ℝ) =
    Measure.map (fun z => 2 / 3 + (√2)⁻¹ * z) (stdGaussian ℝ)

Note: The full type of `@funext` is
  ∀ {α : Sort ?u.158} {β : α → Sort ?u.157} {f g : (x : α) → β x}, (∀ (x : α), f x = g x) → f = g

K : Kernel ℝ ℝ
hK : IsMarkovKernel K
h :
  ∀ (s : ℝ),
    K s = Measure.map (fun z => 1 / (1 + eta s) + √(eta s) * z) (stdGaussian ℝ) ∧
      ∫ (w : ℝ), ‖w - 1 / (1 + eta s)‖ ^ 2 ∂K s = eta s ∧
        ∀ (z : ℝ),
          Tests.FullRangeProximalGaussianOracle.quadratic✝ z + (eta s)⁻¹ / 2 * ‖z - 1‖ ^ 2 ≤
              Tests.FullRangeProximalGaussianOracle.quadratic✝ (1 / (1 + eta s)) +
                (eta s)⁻¹ / 2 * ‖1 / (1 + eta s) - 1‖ ^ 2 ↔
            z = 1 / (1 + eta s)
h0 :
  K 0 = Measure.map (fun z => 1 / 2 + z) (stdGaussian ℝ) ∧
    ∫ (w : ℝ), (w - 1 / 2) ^ 2 ∂K 0 = 1 ∧
      ∀ (z : ℝ),
        Tests.FullRangeProximalGaussianOracle.quadratic✝ z + 1 / 2 * (z - 1) ^ 2 ≤
            Tests.FullRangeProximalGaussianOracle.quadratic✝ (1 / 2) + 1 / 8 ↔
          z = 1 / 2
h1 :
  K 1 = Measure.map (fun z => 2 / 3 + (√2)⁻¹ * z) (stdGaussian ℝ) ∧
    ∫ (w : ℝ), (w - 2 / 3) ^ 2 ∂K 1 = 1 / 2 ∧
      ∀ (z : ℝ),
        Tests.FullRangeProximalGaussianOracle.quadratic✝ z + (z - 1) ^ 2 ≤
            Tests.FullRangeProximalGaussianOracle.quadratic✝ (2 / 3) + 1 / 9 ↔
          z = 2 / 3
⊢ Measure.map (fun z => 2 / 3 + √(1 / 2) * z) (stdGaussian ℝ) =
    Measure.map (fun z => 2 / 3 + (√2)⁻¹ * z) (stdGaussian ℝ)
<stdin>:96:2: error: unsolved goals
K : Kernel ℝ ℝ
hK : IsMarkovKernel K
h :
  ∀ (s : ℝ),
    K s = Measure.map (fun z => 1 / (1 + eta s) + √(eta s) * z) (stdGaussian ℝ) ∧
      ∫ (w : ℝ), ‖w - 1 / (1 + eta s)‖ ^ 2 ∂K s = eta s ∧
        ∀ (z : ℝ),
          Tests.FullRangeProximalGaussianOracle.quadratic✝ z + (eta s)⁻¹ / 2 * ‖z - 1‖ ^ 2 ≤
              Tests.FullRangeProximalGaussianOracle.quadratic✝ (1 / (1 + eta s)) +
                (eta s)⁻¹ / 2 * ‖1 / (1 + eta s) - 1‖ ^ 2 ↔
            z = 1 / (1 + eta s)
h0 :
  K 0 = Measure.map (fun z => 1 / 2 + z) (stdGaussian ℝ) ∧
    ∫ (w : ℝ), (w - 1 / 2) ^ 2 ∂K 0 = 1 ∧
      ∀ (z : ℝ),
        Tests.FullRangeProximalGaussianOracle.quadratic✝ z + 1 / 2 * (z - 1) ^ 2 ≤
            Tests.FullRangeProximalGaussianOracle.quadratic✝ (1 / 2) + 1 / 8 ↔
          z = 1 / 2
h1 :
  K 1 = Measure.map (fun z => 2 / 3 + (√2)⁻¹ * z) (stdGaussian ℝ) ∧
    ∫ (w : ℝ), (w - 2 / 3) ^ 2 ∂K 1 = 1 / 2 ∧
      ∀ (z : ℝ),
        Tests.FullRangeProximalGaussianOracle.quadratic✝ z + (z - 1) ^ 2 ≤
            Tests.FullRangeProximalGaussianOracle.quadratic✝ (2 / 3) + 1 / 9 ↔
          z = 2 / 3
⊢ ∫ (w : ℝ), ‖w - 2 / 3‖ ^ 2 ∂K 1 = ∫ (w : ℝ), (w - 2 / 3) ^ 2 ∂K 1
'IndependentFullRangeStress.nonquadratic_actual_variable_eta' depends on axioms: [propext,
 sorryAx,
 Classical.choice,
 Quot.sound]
'IndependentFullRangeStress.different_eta_guard_is_needed' depends on axioms: [propext,
 sorryAx,
 Classical.choice,
 Quot.sound]
