⚠ [3056/3068] Replayed AutoSamplingTheory.TechnicalLemmas.Measure.TransportGluing
warning: AutoSamplingTheory/TechnicalLemmas/Measure/TransportGluing.lean:91:2: Try this: 
  letI̵

The goal is a proposition, so `let` is preferred over `letI`.
The difference between `let` and `letI` is that `letI` inlines the value.
But this is not relevant for proofs because of proof irrelevance.

Note: This linter can be disabled with `set_option linter.style.haveILetI false`
warning: AutoSamplingTheory/TechnicalLemmas/Measure/TransportGluing.lean:93:2: Try this: 
  letI̵

The goal is a proposition, so `let` is preferred over `letI`.
The difference between `let` and `letI` is that `letI` inlines the value.
But this is not relevant for proofs because of proof irrelevance.

Note: This linter can be disabled with `set_option linter.style.haveILetI false`
⚠ [3587/3607] Replayed AutoSamplingTheory.TechnicalLemmas.Measure.WassersteinTriangleMarginals
warning: AutoSamplingTheory/TechnicalLemmas/Measure/WassersteinTriangleMarginals.lean:46:0: automatically included section variable(s) unused in theorem `AutoSamplingTheory.TechnicalLemmas.Measure.WassersteinTriangleMarginals.measurable_pair12`:
  [NormedAddCommGroup E]
  [BorelSpace E]
  [SecondCountableTopology E]
consider restructuring your `variable` declarations so that the variables are not in scope or explicitly omit them:
  omit [NormedAddCommGroup E] [BorelSpace E] [SecondCountableTopology E] in theorem ...

Note: This linter can be disabled with `set_option linter.unusedSectionVars false`
warning: AutoSamplingTheory/TechnicalLemmas/Measure/WassersteinTriangleMarginals.lean:50:0: automatically included section variable(s) unused in theorem `AutoSamplingTheory.TechnicalLemmas.Measure.WassersteinTriangleMarginals.measurable_pair23`:
  [NormedAddCommGroup E]
  [BorelSpace E]
  [SecondCountableTopology E]
consider restructuring your `variable` declarations so that the variables are not in scope or explicitly omit them:
  omit [NormedAddCommGroup E] [BorelSpace E] [SecondCountableTopology E] in theorem ...

Note: This linter can be disabled with `set_option linter.unusedSectionVars false`
warning: AutoSamplingTheory/TechnicalLemmas/Measure/WassersteinTriangleMarginals.lean:54:0: automatically included section variable(s) unused in theorem `AutoSamplingTheory.TechnicalLemmas.Measure.WassersteinTriangleMarginals.measurable_pair13`:
  [NormedAddCommGroup E]
  [BorelSpace E]
  [SecondCountableTopology E]
consider restructuring your `variable` declarations so that the variables are not in scope or explicitly omit them:
  omit [NormedAddCommGroup E] [BorelSpace E] [SecondCountableTopology E] in theorem ...

Note: This linter can be disabled with `set_option linter.unusedSectionVars false`
warning: AutoSamplingTheory/TechnicalLemmas/Measure/WassersteinTriangleMarginals.lean:65:0: automatically included section variable(s) unused in theorem `AutoSamplingTheory.TechnicalLemmas.Measure.WassersteinTriangleMarginals.edgeLength12_rpow_two_eq_quadraticCost_pair12`:
  [MeasurableSpace E]
  [BorelSpace E]
  [SecondCountableTopology E]
consider restructuring your `variable` declarations so that the variables are not in scope or explicitly omit them:
  omit [MeasurableSpace E] [BorelSpace E] [SecondCountableTopology E] in theorem ...

Note: This linter can be disabled with `set_option linter.unusedSectionVars false`
warning: AutoSamplingTheory/TechnicalLemmas/Measure/WassersteinTriangleMarginals.lean:74:0: automatically included section variable(s) unused in theorem `AutoSamplingTheory.TechnicalLemmas.Measure.WassersteinTriangleMarginals.edgeLength23_rpow_two_eq_quadraticCost_pair23`:
  [MeasurableSpace E]
  [BorelSpace E]
  [SecondCountableTopology E]
consider restructuring your `variable` declarations so that the variables are not in scope or explicitly omit them:
  omit [MeasurableSpace E] [BorelSpace E] [SecondCountableTopology E] in theorem ...

Note: This linter can be disabled with `set_option linter.unusedSectionVars false`
warning: AutoSamplingTheory/TechnicalLemmas/Measure/WassersteinTriangleMarginals.lean:83:0: automatically included section variable(s) unused in theorem `AutoSamplingTheory.TechnicalLemmas.Measure.WassersteinTriangleMarginals.edgeLength13_rpow_two_eq_quadraticCost_pair13`:
  [MeasurableSpace E]
  [BorelSpace E]
  [SecondCountableTopology E]
consider restructuring your `variable` declarations so that the variables are not in scope or explicitly omit them:
  omit [MeasurableSpace E] [BorelSpace E] [SecondCountableTopology E] in theorem ...

Note: This linter can be disabled with `set_option linter.unusedSectionVars false`
⚠ [3588/3607] Replayed AutoSamplingTheory.TechnicalLemmas.Measure.CommonNoiseContraction
warning: AutoSamplingTheory/TechnicalLemmas/Measure/CommonNoiseContraction.lean:62:8: automatically included section variable(s) unused in theorem `_private.AutoSamplingTheory.TechnicalLemmas.Measure.CommonNoiseContraction.0.AutoSamplingTheory.TechnicalLemmas.Measure.CommonNoiseContraction.measurable_pairLeft`:
  [NormedAddCommGroup E]
  [BorelSpace E]
  [SecondCountableTopology E]
consider restructuring your `variable` declarations so that the variables are not in scope or explicitly omit them:
  omit [NormedAddCommGroup E] [BorelSpace E] [SecondCountableTopology E] in theorem ...

Note: This linter can be disabled with `set_option linter.unusedSectionVars false`
warning: AutoSamplingTheory/TechnicalLemmas/Measure/CommonNoiseContraction.lean:66:8: automatically included section variable(s) unused in theorem `_private.AutoSamplingTheory.TechnicalLemmas.Measure.CommonNoiseContraction.0.AutoSamplingTheory.TechnicalLemmas.Measure.CommonNoiseContraction.measurable_pairRight`:
  [NormedAddCommGroup E]
  [BorelSpace E]
  [SecondCountableTopology E]
consider restructuring your `variable` declarations so that the variables are not in scope or explicitly omit them:
  omit [NormedAddCommGroup E] [BorelSpace E] [SecondCountableTopology E] in theorem ...

Note: This linter can be disabled with `set_option linter.unusedSectionVars false`
warning: AutoSamplingTheory/TechnicalLemmas/Measure/CommonNoiseContraction.lean:77:2: Try this: 
  letI̵

The goal is a proposition, so `let` is preferred over `letI`.
The difference between `let` and `letI` is that `letI` inlines the value.
But this is not relevant for proofs because of proof irrelevance.

Note: This linter can be disabled with `set_option linter.style.haveILetI false`
warning: AutoSamplingTheory/TechnicalLemmas/Measure/CommonNoiseContraction.lean:72:0: automatically included section variable(s) unused in theorem `AutoSamplingTheory.TechnicalLemmas.Measure.CommonNoiseContraction.map_pairLeft_prod_eq`:
  [BorelSpace E]
consider restructuring your `variable` declarations so that the variables are not in scope or explicitly omit them:
  omit [BorelSpace E] in theorem ...

Note: This linter can be disabled with `set_option linter.unusedSectionVars false`
warning: AutoSamplingTheory/TechnicalLemmas/Measure/CommonNoiseContraction.lean:97:2: Try this: 
  letI̵

The goal is a proposition, so `let` is preferred over `letI`.
The difference between `let` and `letI` is that `letI` inlines the value.
But this is not relevant for proofs because of proof irrelevance.

Note: This linter can be disabled with `set_option linter.style.haveILetI false`
warning: AutoSamplingTheory/TechnicalLemmas/Measure/CommonNoiseContraction.lean:92:0: automatically included section variable(s) unused in theorem `AutoSamplingTheory.TechnicalLemmas.Measure.CommonNoiseContraction.map_pairRight_prod_eq`:
  [BorelSpace E]
consider restructuring your `variable` declarations so that the variables are not in scope or explicitly omit them:
  omit [BorelSpace E] in theorem ...

Note: This linter can be disabled with `set_option linter.unusedSectionVars false`
warning: AutoSamplingTheory/TechnicalLemmas/Measure/CommonNoiseContraction.lean:119:2: Try this: 
  letI̵

The goal is a proposition, so `let` is preferred over `letI`.
The difference between `let` and `letI` is that `letI` inlines the value.
But this is not relevant for proofs because of proof irrelevance.

Note: This linter can be disabled with `set_option linter.style.haveILetI false`
warning: AutoSamplingTheory/TechnicalLemmas/Measure/CommonNoiseContraction.lean:148:0: automatically included section variable(s) unused in theorem `AutoSamplingTheory.TechnicalLemmas.Measure.CommonNoiseContraction.quadraticCost_synchronousNoiseMap`:
  [MeasurableSpace E]
  [BorelSpace E]
  [SecondCountableTopology E]
consider restructuring your `variable` declarations so that the variables are not in scope or explicitly omit them:
  omit [MeasurableSpace E] [BorelSpace E] [SecondCountableTopology E] in theorem ...

Note: This linter can be disabled with `set_option linter.unusedSectionVars false`
warning: AutoSamplingTheory/TechnicalLemmas/Measure/CommonNoiseContraction.lean:200:2: Try this: 
  letI̵

The goal is a proposition, so `let` is preferred over `letI`.
The difference between `let` and `letI` is that `letI` inlines the value.
But this is not relevant for proofs because of proof irrelevance.

Note: This linter can be disabled with `set_option linter.style.haveILetI false`
⚠ [3710/3711] Replayed AutoSamplingTheory.TechnicalLemmas.Measure.GaussianSmoothing
warning: AutoSamplingTheory/TechnicalLemmas/Measure/GaussianSmoothing.lean:75:0: automatically included section variable(s) unused in theorem `AutoSamplingTheory.TechnicalLemmas.Measure.GaussianSmoothing.heatSmoothing_eq_gaussianSmoothing_sqrt`:
  [BorelSpace E]
  [SecondCountableTopology E]
consider restructuring your `variable` declarations so that the variables are not in scope or explicitly omit them:
  omit [BorelSpace E] [SecondCountableTopology E] in theorem ...

Note: This linter can be disabled with `set_option linter.unusedSectionVars false`
✖ [3711/3711] Building AutoSamplingTheory.ExampleCases.SmoothedPicardHMC.FullRangeProximalGaussianOracle (9.0s)
trace: .> LEAN_PATH=E:\Samplinglib\.lake\packages\Cli\.lake\build\lib\lean;E:\Samplinglib\.lake\packages\batteries\.lake\build\lib\lean;E:\Samplinglib\.lake\packages\Qq\.lake\build\lib\lean;E:\Samplinglib\.lake\packages\aesop\.lake\build\lib\lean;E:\Samplinglib\.lake\packages\proofwidgets\.lake\build\lib\lean;E:\Samplinglib\.lake\packages\importGraph\.lake\build\lib\lean;E:\Samplinglib\.lake\packages\LeanSearchClient\.lake\build\lib\lean;E:\Samplinglib\.lake\packages\plausible\.lake\build\lib\lean;E:\Samplinglib\.lake\packages\mathlib\.lake\build\lib\lean;E:\Samplinglib\.lake\build\lib\lean c:\Users\admin\.elan\toolchains\leanprover--lean4---v4.33.0\bin\lean.exe E:\Samplinglib\AutoSamplingTheory\ExampleCases\SmoothedPicardHMC\FullRangeProximalGaussianOracle.lean -o E:\Samplinglib\.lake\build\lib\lean\AutoSamplingTheory\ExampleCases\SmoothedPicardHMC\FullRangeProximalGaussianOracle.olean -i E:\Samplinglib\.lake\build\lib\lean\AutoSamplingTheory\ExampleCases\SmoothedPicardHMC\FullRangeProximalGaussianOracle.ilean -c E:\Samplinglib\.lake\build\ir\AutoSamplingTheory\ExampleCases\SmoothedPicardHMC\FullRangeProximalGaussianOracle.c --setup E:\Samplinglib\.lake\build\ir\AutoSamplingTheory\ExampleCases\SmoothedPicardHMC\FullRangeProximalGaussianOracle.setup.json --json
error: AutoSamplingTheory/ExampleCases/SmoothedPicardHMC/FullRangeProximalGaussianOracle.lean:83:51: unsolved goals
case calc.step
E : Type u_1
S : Type u_2
inst✝⁶ : NormedAddCommGroup E
inst✝⁵ : InnerProductSpace ℝ E
inst✝⁴ : CompleteSpace E
inst✝³ : FiniteDimensional ℝ E
inst✝² : MeasurableSpace E
inst✝¹ : BorelSpace E
inst✝ : MeasurableSpace S
g : E → E
hg : LipschitzWith 1 fun x => x - g x
eta : S → ℝ
y : S → E
heta : Measurable eta
hy : Measurable y
hpos : ∀ (s : S), 0 < eta s
hsmall : ∀ (s : S), eta s ≤ 1
f : S → E → E := fun s x => (1 + eta s)⁻¹ • (y s + eta s • (x - g x))
hsum : ∀ (s : S), 0 < 1 + eta s
s : S
x z : E
h : ‖x - g x - (z - g z)‖ ≤ ‖x - z‖
hid : f s x - f s z = (1 + eta s)⁻¹ • eta s • (x - g x - (z - g z))
hfactor : (1 + eta s)⁻¹ * eta s ≤ 1 / 2
⊢ 1 / 2 * ‖x - z‖ ≤ 1 / 2 * dist x z
error: Lean exited with code 1
Some required targets logged failures:
- AutoSamplingTheory.ExampleCases.SmoothedPicardHMC.FullRangeProximalGaussianOracle
error: build failed
