{
  "cell": "ASTIS-SW-PBPS-actual-harmonic-flow",
  "status": "graph coverage checked",
  "contributions": [
    {
      "node": "decl:AutoSamplingTheory.ExampleCases.ProximalBPS.ActualHarmonicFlow.actual_harmonic_flow_laws",
      "focus": "lean-foundations.html?view=lean&focus=decl%3AAutoSamplingTheory.ExampleCases.ProximalBPS.ActualHarmonicFlow.actual_harmonic_flow_laws&q=AutoSamplingTheory.ExampleCases.ProximalBPS.ActualHarmonicFlow.actual_harmonic_flow_laws",
      "connections": [
        {
          "source": "decl:AutoSamplingTheory.ExampleCases.ProximalBPS.ActualHarmonicFlow.actual_harmonic_flow_laws",
          "target": "semantic-audit:ASTIS-RT-20261010-PBPSActualHarmonicFlow",
          "relation": "Lean target under audit"
        },
        {
          "source": "module:AutoSamplingTheory.ExampleCases.ProximalBPS.ActualHarmonicFlow",
          "target": "decl:AutoSamplingTheory.ExampleCases.ProximalBPS.ActualHarmonicFlow.actual_harmonic_flow_laws",
          "relation": "declares"
        },
        {
          "source": "decl:AutoSamplingTheory.ExampleCases.ProximalBPS.ActualHarmonicFlow.actual_harmonic_flow_laws",
          "target": "case:ASTIS-SW-PBPS-2026",
          "relation": "source correspondence; not a Lean dependency"
        },
        {
          "source": "decl:AutoSamplingTheory.TechnicalLemmas.Analysis.Calculus.Gradient.continuous_gradient_of_contDiff_one",
          "target": "decl:AutoSamplingTheory.ExampleCases.ProximalBPS.ActualHarmonicFlow.actual_harmonic_flow_laws",
          "relation": "source reference (scanner)"
        }
      ],
      "omitted_connections": 0
    }
  ],
  "boundary": "Reference scans are incomplete. Inspect the affected view; this report is not visual QA or a proof certificate."
}
