runs/20261007-companion-priority/pbps-macro-root63/macro-root-draft.lean:79:12: error: don't know how to synthesize implicit argument `α`
  @MeasurableSpace.comap (?m.1607 × E) E Prod.snd inferInstance
context:
E : Type u_1
inst✝⁴ : NormedAddCommGroup E
inst✝³ : InnerProductSpace ℝ E
inst✝² : FiniteDimensional ℝ E
inst✝¹ : MeasurableSpace E
inst✝ : BorelSpace E
V : E → ℝ
α β : ℝ≥0
η : ℝ
hα : 0 < ↑α
hαβ : α ≤ β
hV : ContDiff ℝ 2 V
hH : ∀ (x v : E), ↑α * ‖v‖ ^ 2 ≤ ((fderiv ℝ (fderiv ℝ V) x) v) v ∧ ((fderiv ℝ (fderiv ℝ V) x) v) v ≤ ↑β * ‖v‖ ^ 2
hη : 0 < η
hβη : ↑β * η ≤ 1
μ : Measure E := ⋯
J : Measure (E × E) := ⋯
ν : Measure E := ⋯
⊢ Type (max u_1 ?u.769)
runs/20261007-companion-priority/pbps-macro-root63/macro-root-draft.lean:79:34: error: don't know how to synthesize implicit argument `α`
  @Prod.snd ?m.1607 E
context:
E : Type u_1
inst✝⁴ : NormedAddCommGroup E
inst✝³ : InnerProductSpace ℝ E
inst✝² : FiniteDimensional ℝ E
inst✝¹ : MeasurableSpace E
inst✝ : BorelSpace E
V : E → ℝ
α β : ℝ≥0
η : ℝ
hα : 0 < ↑α
hαβ : α ≤ β
hV : ContDiff ℝ 2 V
hH : ∀ (x v : E), ↑α * ‖v‖ ^ 2 ≤ ((fderiv ℝ (fderiv ℝ V) x) v) v ∧ ((fderiv ℝ (fderiv ℝ V) x) v) v ≤ ↑β * ‖v‖ ^ 2
hη : 0 < η
hβη : ↑β * η ≤ 1
μ : Measure E := ⋯
J : Measure (E × E) := ⋯
ν : Measure E := ⋯
⊢ Type ?u.769
runs/20261007-companion-priority/pbps-macro-root63/macro-root-draft.lean:79:6: error: failed to infer `let` declaration type
runs/20261007-companion-priority/pbps-macro-root63/macro-root-draft.lean:72:3: error: unsolved goals
E : Type u_1
inst✝⁴ : NormedAddCommGroup E
inst✝³ : InnerProductSpace ℝ E
inst✝² : FiniteDimensional ℝ E
inst✝¹ : MeasurableSpace E
inst✝ : BorelSpace E
V : E → ℝ
α β : ℝ≥0
η : ℝ
hα : 0 < ↑α
hαβ : α ≤ β
hV : ContDiff ℝ 2 V
hH : ∀ (x v : E), ↑α * ‖v‖ ^ 2 ≤ ((fderiv ℝ (fderiv ℝ V) x) v) v ∧ ((fderiv ℝ (fderiv ℝ V) x) v) v ≤ ↑β * ‖v‖ ^ 2
hη : 0 < η
hβη : ↑β * η ≤ 1
μ : Measure E := ℙ.tilted fun x => -V x
J : Measure (E × E) := Measure.map (fun p => (p.1, p.1 + √η • p.2)) (μ.prod (stdGaussian E))
ν : Measure E := J.snd
⊢ IsProbabilityMeasure (ℙ.tilted fun x => -V x) ∧
    IsProbabilityMeasure
        (Measure.map (fun p => (p.1, p.1 + √η • p.2)) ((ℙ.tilted fun x => -V x).prod (stdGaussian E))) ∧
      IsProbabilityMeasure
          (Measure.map (fun p => (p.1, p.1 + √η • p.2)) ((ℙ.tilted fun x => -V x).prod (stdGaussian E))).snd ∧
        lpMeas ℝ ℝ (MeasurableSpace.comap Prod.snd inferInstance) 2
              (Measure.map (fun p => (p.1, p.1 + √η • p.2)) ((ℙ.tilted fun x => -V x).prod (stdGaussian E))) =
            (↑((lpMeas ℝ ℝ (MeasurableSpace.comap Prod.snd inferInstance) 2
                      (Measure.map (fun p => (p.1, p.1 + √η • p.2))
                        ((ℙ.tilted fun x => -V x).prod (stdGaussian E)))).subtypeL ∘SL
                  condExpL2 ℝ ℝ ⋯)).range ∧
          (∀
              (f :
                ↥(lpMeas ℝ ℝ (MeasurableSpace.comap Prod.snd inferInstance) 2
                    (Measure.map (fun p => (p.1, p.1 + √η • p.2)) ((ℙ.tilted fun x => -V x).prod (stdGaussian E))))),
              ((lpMeas ℝ ℝ (MeasurableSpace.comap Prod.snd inferInstance) 2
                        (Measure.map (fun p => (p.1, p.1 + √η • p.2))
                          ((ℙ.tilted fun x => -V x).prod (stdGaussian E)))).subtypeL ∘SL
                    condExpL2 ℝ ℝ ⋯)
                  ↑f =
                ↑f) ∧
            ∃ S,
              IsMarkovKernel S ∧
                (∀ (y : E), S y = ℙ.tilted fun x => -V ((1 / 2) • (y + x)) - ‖y - x‖ ^ 2 / (8 * η)) ∧
                  (Measure.map (fun p => (p.2, 2 • p.1 - p.2))
                          (Measure.map (fun p => (p.1, p.1 + √η • p.2))
                            ((ℙ.tilted fun x => -V x).prod (stdGaussian E)))).IsCondKernel
                      S ∧
                    (Measure.map (fun p => (p.2, 2 • p.1 - p.2))
                            (Measure.map (fun p => (p.1, p.1 + √η • p.2))
                              ((ℙ.tilted fun x => -V x).prod (stdGaussian E)))).fst =
                        (Measure.map (fun p => (p.1, p.1 + √η • p.2))
                            ((ℙ.tilted fun x => -V x).prod (stdGaussian E))).snd ∧
                      (Measure.map (fun p => (p.2, 2 • p.1 - p.2))
                              (Measure.map (fun p => (p.1, p.1 + √η • p.2))
                                ((ℙ.tilted fun x => -V x).prod (stdGaussian E)))).snd =
                          (Measure.map (fun p => (p.1, p.1 + √η • p.2))
                              ((ℙ.tilted fun x => -V x).prod (stdGaussian E))).snd ∧
                        ∃ e,
                          (∀
                              (u :
                                ↥(Lp ℝ 2
                                    (Measure.map (fun p => (p.1, p.1 + √η • p.2))
                                        ((ℙ.tilted fun x => -V x).prod (stdGaussian E))).snd)),
                              ↑(e u) = (Lp.compMeasurePreservingₗᵢ ℝ Prod.snd ⋯) u) ∧
                            ∃ U,
                              (∀
                                  (g :
                                    ↥(Lp ℝ 2
                                        (Measure.map (fun p => (p.1, p.1 + √η • p.2))
                                          ((ℙ.tilted fun x => -V x).prod (stdGaussian E))))),
                                  ↑↑(U
                                          g) =ᵐ[Measure.map (fun p => (p.1, p.1 + √η • p.2))
                                      ((ℙ.tilted fun x => -V x).prod (stdGaussian E))]
                                    ↑↑g ∘ fun p => (p.1, 2 • p.1 - p.2)) ∧
                                Function.Involutive ⇑U ∧
                                  IsSelfAdjoint U.toContinuousLinearMap ∧
                                    ∃ T,
                                      IsSelfAdjoint T ∧
                                        (∀
                                            (u :
                                              ↥(Lp ℝ 2
                                                  (Measure.map (fun p => (p.1, p.1 + √η • p.2))
                                                      ((ℙ.tilted fun x => -V x).prod (stdGaussian E))).snd)),
                                            ‖T u‖ ≤ ‖u‖ ∧
                                              (↑↑(T
                                                        u) =ᵐ[(Measure.map (fun p => (p.1, p.1 + √η • p.2))
                                                      ((ℙ.tilted fun x => -V x).prod (stdGaussian E))).snd]
                                                  fun y => ∫ (x : E), ↑↑u x ∂S y) ∧
                                                ∫ (y : E),
                                                    ↑↑(T u)
                                                      y ∂(Measure.map (fun p => (p.1, p.1 + √η • p.2))
                                                        ((ℙ.tilted fun x => -V x).prod (stdGaussian E))).snd =
                                                  ∫ (y : E),
                                                    ↑↑u
                                                      y ∂(Measure.map (fun p => (p.1, p.1 + √η • p.2))
                                                        ((ℙ.tilted fun x => -V x).prod (stdGaussian E))).snd) ∧
                                          (lpMeas ℝ ℝ (MeasurableSpace.comap Prod.snd inferInstance) 2
                                                    (Measure.map (fun p => (p.1, p.1 + √η • p.2))
                                                      ((ℙ.tilted fun x => -V x).prod
                                                        (stdGaussian E)))).orthogonalProjectionOnto ∘SL
                                                U.toContinuousLinearMap ∘SL
                                                  (lpMeas ℝ ℝ (MeasurableSpace.comap Prod.snd inferInstance) 2
                                                      (Measure.map (fun p => (p.1, p.1 + √η • p.2))
                                                        ((ℙ.tilted fun x => -V x).prod (stdGaussian E)))).subtypeL =
                                              e.conjStarAlgEquiv T ∧
                                            IsSelfAdjoint
                                                ((lpMeas ℝ ℝ (MeasurableSpace.comap Prod.snd inferInstance) 2
                                                      (Measure.map (fun p => (p.1, p.1 + √η • p.2))
                                                        ((ℙ.tilted fun x => -V x).prod
                                                          (stdGaussian E)))).orthogonalProjectionOnto ∘SL
                                                  U.toContinuousLinearMap ∘SL
                                                    (lpMeas ℝ ℝ (MeasurableSpace.comap Prod.snd inferInstance) 2
                                                        (Measure.map (fun p => (p.1, p.1 + √η • p.2))
                                                          ((ℙ.tilted fun x => -V x).prod (stdGaussian E)))).subtypeL) ∧
                                              (∀
                                                  (f :
                                                    ↥(lpMeas ℝ ℝ (MeasurableSpace.comap Prod.snd inferInstance) 2
                                                        (Measure.map (fun p => (p.1, p.1 + √η • p.2))
                                                          ((ℙ.tilted fun x => -V x).prod (stdGaussian E))))),
                                                  ‖((lpMeas ℝ ℝ (MeasurableSpace.comap Prod.snd inferInstance) 2
                                                              (Measure.map (fun p => (p.1, p.1 + √η • p.2))
                                                                ((ℙ.tilted fun x => -V x).prod
                                                                  (stdGaussian E)))).orthogonalProjectionOnto ∘SL
                                                          U.toContinuousLinearMap ∘SL
                                                            (lpMeas ℝ ℝ (MeasurableSpace.comap Prod.snd inferInstance) 2
                                                                (Measure.map (fun p => (p.1, p.1 + √η • p.2))
                                                                  ((ℙ.tilted fun x => -V x).prod
                                                                    (stdGaussian E)))).subtypeL)
                                                        f‖ ≤
                                                    ‖f‖) ∧
                                                (∀
                                                    (f :
                                                      ↥(lpMeas ℝ ℝ (MeasurableSpace.comap Prod.snd inferInstance) 2
                                                          (Measure.map (fun p => (p.1, p.1 + √η • p.2))
                                                            ((ℙ.tilted fun x => -V x).prod (stdGaussian E))))),
                                                    ((lpMeas ℝ ℝ (MeasurableSpace.comap Prod.snd inferInstance) 2
                                                              (Measure.map (fun p => (p.1, p.1 + √η • p.2))
                                                                ((ℙ.tilted fun x => -V x).prod
                                                                  (stdGaussian E)))).subtypeL ∘SL
                                                          condExpL2 ℝ ℝ ⋯)
                                                        ((((1 -
                                                                  (lpMeas ℝ ℝ
                                                                        (MeasurableSpace.comap Prod.snd inferInstance) 2
                                                                        (Measure.map (fun p => (p.1, p.1 + √η • p.2))
                                                                          ((ℙ.tilted fun x => -V x).prod
                                                                            (stdGaussian E)))).subtypeL ∘SL
                                                                    condExpL2 ℝ ℝ ⋯) *
                                                                U.toContinuousLinearMap *
                                                              (lpMeas ℝ ℝ (MeasurableSpace.comap Prod.snd inferInstance)
                                                                    2
                                                                    (Measure.map (fun p => (p.1, p.1 + √η • p.2))
                                                                      ((ℙ.tilted fun x => -V x).prod
                                                                        (stdGaussian E)))).subtypeL ∘SL
                                                                condExpL2 ℝ ℝ ⋯) ∘SL
                                                            (lpMeas ℝ ℝ (MeasurableSpace.comap Prod.snd inferInstance) 2
                                                                (Measure.map (fun p => (p.1, p.1 + √η • p.2))
                                                                  ((ℙ.tilted fun x => -V x).prod
                                                                    (stdGaussian E)))).subtypeL)
                                                          f) =
                                                      0) ∧
                                                  ∃ Γ,
                                                    Γ.IsPositive ∧
                                                      Γ * Γ = 1 - T * T ∧
                                                        (e.conjStarAlgEquiv Γ).IsPositive ∧
                                                          e.conjStarAlgEquiv Γ * e.conjStarAlgEquiv Γ =
                                                              1 -
                                                                (lpMeas ℝ ℝ
                                                                        (MeasurableSpace.comap Prod.snd inferInstance) 2
                                                                        (Measure.map (fun p => (p.1, p.1 + √η • p.2))
                                                                          ((ℙ.tilted fun x => -V x).prod
                                                                            (stdGaussian
                                                                              E)))).orthogonalProjectionOnto ∘SL
                                                                    U.toContinuousLinearMap ∘SL
                                                                      (lpMeas ℝ ℝ
                                                                          (MeasurableSpace.comap Prod.snd inferInstance)
                                                                          2
                                                                          (Measure.map (fun p => (p.1, p.1 + √η • p.2))
                                                                            ((ℙ.tilted fun x => -V x).prod
                                                                              (stdGaussian E)))).subtypeL *
                                                                  (lpMeas ℝ ℝ
                                                                        (MeasurableSpace.comap Prod.snd inferInstance) 2
                                                                        (Measure.map (fun p => (p.1, p.1 + √η • p.2))
                                                                          ((ℙ.tilted fun x => -V x).prod
                                                                            (stdGaussian
                                                                              E)))).orthogonalProjectionOnto ∘SL
                                                                    U.toContinuousLinearMap ∘SL
                                                                      (lpMeas ℝ ℝ
                                                                          (MeasurableSpace.comap Prod.snd inferInstance)
                                                                          2
                                                                          (Measure.map (fun p => (p.1, p.1 + √η • p.2))
                                                                            ((ℙ.tilted fun x => -V x).prod
                                                                              (stdGaussian E)))).subtypeL ∧
                                                            ContinuousLinearMap.adjoint
                                                                    (((1 -
                                                                            (lpMeas ℝ ℝ
                                                                                  (MeasurableSpace.comap Prod.snd
                                                                                    inferInstance)
                                                                                  2
                                                                                  (Measure.map
                                                                                    (fun p => (p.1, p.1 + √η • p.2))
                                                                                    ((ℙ.tilted fun x => -V x).prod
                                                                                      (stdGaussian E)))).subtypeL ∘SL
                                                                              condExpL2 ℝ ℝ ⋯) *
                                                                          U.toContinuousLinearMap *
                                                                        (lpMeas ℝ ℝ
                                                                              (MeasurableSpace.comap Prod.snd
                                                                                inferInstance)
                                                                              2
                                                                              (Measure.map
                                                                                (fun p => (p.1, p.1 + √η • p.2))
                                                                                ((ℙ.tilted fun x => -V x).prod
                                                                                  (stdGaussian E)))).subtypeL ∘SL
                                                                          condExpL2 ℝ ℝ ⋯) ∘SL
                                                                      (lpMeas ℝ ℝ
                                                                          (MeasurableSpace.comap Prod.snd inferInstance)
                                                                          2
                                                                          (Measure.map (fun p => (p.1, p.1 + √η • p.2))
                                                                            ((ℙ.tilted fun x => -V x).prod
                                                                              (stdGaussian E)))).subtypeL) ∘SL
                                                                  ((1 -
                                                                          (lpMeas ℝ ℝ
                                                                                (MeasurableSpace.comap Prod.snd
                                                                                  inferInstance)
                                                                                2
                                                                                (Measure.map
                                                                                  (fun p => (p.1, p.1 + √η • p.2))
                                                                                  ((ℙ.tilted fun x => -V x).prod
                                                                                    (stdGaussian E)))).subtypeL ∘SL
                                                                            condExpL2 ℝ ℝ ⋯) *
                                                                        U.toContinuousLinearMap *
                                                                      (lpMeas ℝ ℝ
                                                                            (MeasurableSpace.comap Prod.snd
                                                                              inferInstance)
                                                                            2
                                                                            (Measure.map
                                                                              (fun p => (p.1, p.1 + √η • p.2))
                                                                              ((ℙ.tilted fun x => -V x).prod
                                                                                (stdGaussian E)))).subtypeL ∘SL
                                                                        condExpL2 ℝ ℝ ⋯) ∘SL
                                                                    (lpMeas ℝ ℝ
                                                                        (MeasurableSpace.comap Prod.snd inferInstance) 2
                                                                        (Measure.map (fun p => (p.1, p.1 + √η • p.2))
                                                                          ((ℙ.tilted fun x => -V x).prod
                                                                            (stdGaussian E)))).subtypeL =
                                                                e.conjStarAlgEquiv Γ * e.conjStarAlgEquiv Γ ∧
                                                              (∀
                                                                  (f :
                                                                    ↥(lpMeas ℝ ℝ
                                                                        (MeasurableSpace.comap Prod.snd inferInstance) 2
                                                                        (Measure.map (fun p => (p.1, p.1 + √η • p.2))
                                                                          ((ℙ.tilted fun x => -V x).prod
                                                                            (stdGaussian E))))),
                                                                  ‖(((1 -
                                                                                  (lpMeas ℝ ℝ
                                                                                        (MeasurableSpace.comap Prod.snd
                                                                                          inferInstance)
                                                                                        2
                                                                                        (Measure.map
                                                                                          (fun p =>
                                                                                            (p.1, p.1 + √η • p.2))
                                                                                          ((ℙ.tilted fun x => -V x).prod
                                                                                            (stdGaussian
                                                                                              E)))).subtypeL ∘SL
                                                                                    condExpL2 ℝ ℝ ⋯) *
                                                                                U.toContinuousLinearMap *
                                                                              (lpMeas ℝ ℝ
                                                                                    (MeasurableSpace.comap Prod.snd
                                                                                      inferInstance)
                                                                                    2
                                                                                    (Measure.map
                                                                                      (fun p => (p.1, p.1 + √η • p.2))
                                                                                      ((ℙ.tilted fun x => -V x).prod
                                                                                        (stdGaussian E)))).subtypeL ∘SL
                                                                                condExpL2 ℝ ℝ ⋯) ∘SL
                                                                            (lpMeas ℝ ℝ
                                                                                (MeasurableSpace.comap Prod.snd
                                                                                  inferInstance)
                                                                                2
                                                                                (Measure.map
                                                                                  (fun p => (p.1, p.1 + √η • p.2))
                                                                                  ((ℙ.tilted fun x => -V x).prod
                                                                                    (stdGaussian E)))).subtypeL)
                                                                          f‖ =
                                                                      ‖(e.conjStarAlgEquiv Γ) f‖ ∧
                                                                    ‖(e.conjStarAlgEquiv Γ) f‖ ^ 2 =
                                                                      ‖f‖ ^ 2 -
                                                                        ‖((lpMeas ℝ ℝ
                                                                                    (MeasurableSpace.comap Prod.snd
                                                                                      inferInstance)
                                                                                    2
                                                                                    (Measure.map
                                                                                      (fun p => (p.1, p.1 + √η • p.2))
                                                                                      ((ℙ.tilted fun x => -V x).prod
                                                                                        (stdGaussian
                                                                                          E)))).orthogonalProjectionOnto ∘SL
                                                                                U.toContinuousLinearMap ∘SL
                                                                                  (lpMeas ℝ ℝ
                                                                                      (MeasurableSpace.comap Prod.snd
                                                                                        inferInstance)
                                                                                      2
                                                                                      (Measure.map
                                                                                        (fun p => (p.1, p.1 + √η • p.2))
                                                                                        ((ℙ.tilted fun x => -V x).prod
                                                                                          (stdGaussian E)))).subtypeL)
                                                                              f‖ ^
                                                                          2) ∧
                                                                ∀
                                                                  (G :
                                                                    ↥(lpMeas ℝ ℝ
                                                                          (MeasurableSpace.comap Prod.snd inferInstance)
                                                                          2
                                                                          (Measure.map (fun p => (p.1, p.1 + √η • p.2))
                                                                            ((ℙ.tilted fun x => -V x).prod
                                                                              (stdGaussian E)))) →L[ℝ]
                                                                      ↥(lpMeas ℝ ℝ
                                                                          (MeasurableSpace.comap Prod.snd inferInstance)
                                                                          2
                                                                          (Measure.map (fun p => (p.1, p.1 + √η • p.2))
                                                                            ((ℙ.tilted fun x => -V x).prod
                                                                              (stdGaussian E))))),
                                                                  G.IsPositive →
                                                                    G * G =
                                                                        1 -
                                                                          (lpMeas ℝ ℝ
                                                                                  (MeasurableSpace.comap Prod.snd
                                                                                    inferInstance)
                                                                                  2
                                                                                  (Measure.map
                                                                                    (fun p => (p.1, p.1 + √η • p.2))
                                                                                    ((ℙ.tilted fun x => -V x).prod
                                                                                      (stdGaussian
                                                                                        E)))).orthogonalProjectionOnto ∘SL
                                                                              U.toContinuousLinearMap ∘SL
                                                                                (lpMeas ℝ ℝ
                                                                                    (MeasurableSpace.comap Prod.snd
                                                                                      inferInstance)
                                                                                    2
                                                                                    (Measure.map
                                                                                      (fun p => (p.1, p.1 + √η • p.2))
                                                                                      ((ℙ.tilted fun x => -V x).prod
                                                                                        (stdGaussian E)))).subtypeL *
                                                                            (lpMeas ℝ ℝ
                                                                                  (MeasurableSpace.comap Prod.snd
                                                                                    inferInstance)
                                                                                  2
                                                                                  (Measure.map
                                                                                    (fun p => (p.1, p.1 + √η • p.2))
                                                                                    ((ℙ.tilted fun x => -V x).prod
                                                                                      (stdGaussian
                                                                                        E)))).orthogonalProjectionOnto ∘SL
                                                                              U.toContinuousLinearMap ∘SL
                                                                                (lpMeas ℝ ℝ
                                                                                    (MeasurableSpace.comap Prod.snd
                                                                                      inferInstance)
                                                                                    2
                                                                                    (Measure.map
                                                                                      (fun p => (p.1, p.1 + √η • p.2))
                                                                                      ((ℙ.tilted fun x => -V x).prod
                                                                                        (stdGaussian E)))).subtypeL →
                                                                      G = e.conjStarAlgEquiv Γ
'AutoSamplingTheory.ExampleCases.ProximalBPS.MacroscopicDefectRoot.actual_unique_positive_macroscopic_defect_root' depends on axioms: [propext,
 sorryAx,
 Classical.choice,
 Quot.sound]
