{
  "cell": "ASTIS-SHARED-gaussian-marginal-gradient",
  "status": "graph coverage checked",
  "contributions": [
    {
      "node": "decl:AutoSamplingTheory.TechnicalLemmas.FunctionalInequalities.GaussianMarginalGradient.gaussian_marginal_gradient_closable",
      "focus": "lean-foundations.html?view=lean&focus=decl%3AAutoSamplingTheory.TechnicalLemmas.FunctionalInequalities.GaussianMarginalGradient.gaussian_marginal_gradient_closable&q=AutoSamplingTheory.TechnicalLemmas.FunctionalInequalities.GaussianMarginalGradient.gaussian_marginal_gradient_closable",
      "connections": [
        {
          "source": "decl:AutoSamplingTheory.TechnicalLemmas.FunctionalInequalities.GaussianMarginalGradient.gaussian_marginal_gradient_closable",
          "target": "semantic-audit:ASTIS-RT-20261007-GaussianMarginalGradient",
          "relation": "Lean target under audit"
        },
        {
          "source": "module:AutoSamplingTheory.TechnicalLemmas.FunctionalInequalities.GaussianMarginalGradient",
          "target": "decl:AutoSamplingTheory.TechnicalLemmas.FunctionalInequalities.GaussianMarginalGradient.gaussian_marginal_gradient_closable",
          "relation": "declares"
        },
        {
          "source": "decl:AutoSamplingTheory.TechnicalLemmas.FunctionalInequalities.GaussianMarginalGradient.gaussian_marginal_gradient_closable",
          "target": "case:ASTIS-SW-PBPS-2026",
          "relation": "source correspondence; not a Lean dependency"
        }
      ],
      "omitted_connections": 0
    }
  ],
  "boundary": "Reference scans are incomplete. Inspect the affected view; this report is not visual QA or a proof certificate."
}
