{
  "cell": "ASTIS-SW-PBPS-positive-defect-complex-lift",
  "targets": [
    {
      "declaration": "AutoSamplingTheory.ExampleCases.ProximalBPS.DefectComplexLift.actual_positive_defect_complex_lift",
      "source_item": "pbps-positive-defect-complex-lift",
      "lesson": "authored",
      "audit_id": "ASTIS-RT-20261008-PBPSPositiveDefectComplexLift",
      "audit_state": "draft",
      "publication_binding_sha256": "92c9a4af22df1d3aaccaf366796301be83c39e8188a52ce0f4d2440cbce87228",
      "remaining_boundary": "No root, real descent of complex CFC root, uniqueness, Gamma0/B15/B16, weakH1/dynamics/main/error/querycost/composition, paper or Goal closure."
    }
  ],
  "graph_check": "python3 tools/astis_publication.py graph-check --cell ASTIS-SW-PBPS-positive-defect-complex-lift",
  "missing": [],
  "next": [
    "Run the smallest focused Lean test.",
    "Reuse unchanged source/lesson/audit records; never reuse a stale binding.",
    "For a new/changed theorem, use astis-semantic-roundtrip: anonymous decoder → independent anti-anchored source review → separate repair review if needed.",
    "Run tools/astis_publication.py check --base <base commit> before stabilization."
  ],
  "boundary": "This coordinator packet is NOT decoder input. It deliberately contains source identity."
}
