AutoSamplingTheory/ExampleCases/ProximalBPS/ActualRootCommutation.lean:15:5: warning: Variable name `hα` is not explicitly referenced.

Hint: The binding can be removed (if unused) or named `_` (if used implicitly). Alternatively, prefix the name with `_` to silence this warning:
  [apply] _hα

Note: This linter can be disabled with `set_option linter.unusedVariables false`
AutoSamplingTheory/ExampleCases/ProximalBPS/ActualRootCommutation.lean:15:24: warning: Variable name `hαβ` is not explicitly referenced.

Hint: The binding can be removed (if unused) or named `_` (if used implicitly). Alternatively, prefix the name with `_` to silence this warning:
  [apply] _hαβ

Note: This linter can be disabled with `set_option linter.unusedVariables false`
AutoSamplingTheory/ExampleCases/ProximalBPS/ActualRootCommutation.lean:15:38: warning: Variable name `hV` is not explicitly referenced.

Hint: The binding can be removed (if unused) or named `_` (if used implicitly). Alternatively, prefix the name with `_` to silence this warning:
  [apply] _hV

Note: This linter can be disabled with `set_option linter.unusedVariables false`
AutoSamplingTheory/ExampleCases/ProximalBPS/ActualRootCommutation.lean:16:5: warning: Variable name `hH` is not explicitly referenced.

Hint: The binding can be removed (if unused) or named `_` (if used implicitly). Alternatively, prefix the name with `_` to silence this warning:
  [apply] _hH

Note: This linter can be disabled with `set_option linter.unusedVariables false`
AutoSamplingTheory/ExampleCases/ProximalBPS/ActualRootCommutation.lean:19:5: warning: Variable name `hη` is not explicitly referenced.

Hint: The binding can be removed (if unused) or named `_` (if used implicitly). Alternatively, prefix the name with `_` to silence this warning:
  [apply] _hη

Note: This linter can be disabled with `set_option linter.unusedVariables false`
AutoSamplingTheory/ExampleCases/ProximalBPS/ActualRootCommutation.lean:19:18: warning: Variable name `hβη` is not explicitly referenced.

Hint: The binding can be removed (if unused) or named `_` (if used implicitly). Alternatively, prefix the name with `_` to silence this warning:
  [apply] _hβη

Note: This linter can be disabled with `set_option linter.unusedVariables false`
AutoSamplingTheory/ExampleCases/ProximalBPS/ActualRootCommutation.lean:132:2: warning: Try this: 
  letI̵

The goal is a proposition, so `let` is preferred over `letI`.
The difference between `let` and `letI` is that `letI` inlines the value.
But this is not relevant for proofs because of proof irrelevance.

Note: This linter can be disabled with `set_option linter.style.haveILetI false`
AutoSamplingTheory/ExampleCases/ProximalBPS/ActualRootCommutation.lean:133:2: warning: Try this: 
  letI̵

The goal is a proposition, so `let` is preferred over `letI`.
The difference between `let` and `letI` is that `letI` inlines the value.
But this is not relevant for proofs because of proof irrelevance.

Note: This linter can be disabled with `set_option linter.style.haveILetI false`
AutoSamplingTheory/ExampleCases/ProximalBPS/ActualRootCommutation.lean:135:2: warning: Try this: 
  letI̵

The goal is a proposition, so `let` is preferred over `letI`.
The difference between `let` and `letI` is that `letI` inlines the value.
But this is not relevant for proofs because of proof irrelevance.

Note: This linter can be disabled with `set_option linter.style.haveILetI false`
AutoSamplingTheory/ExampleCases/ProximalBPS/ActualRootCommutation.lean:136:2: warning: Try this: 
  letI̵

The goal is a proposition, so `let` is preferred over `letI`.
The difference between `let` and `letI` is that `letI` inlines the value.
But this is not relevant for proofs because of proof irrelevance.

Note: This linter can be disabled with `set_option linter.style.haveILetI false`
AutoSamplingTheory/ExampleCases/ProximalBPS/ActualRootCommutation.lean:152:2: warning: Try this: 
  letI̵

The goal is a proposition, so `let` is preferred over `letI`.
The difference between `let` and `letI` is that `letI` inlines the value.
But this is not relevant for proofs because of proof irrelevance.

Note: This linter can be disabled with `set_option linter.style.haveILetI false`
AutoSamplingTheory/ExampleCases/ProximalBPS/ActualRootCommutation.lean:153:2: warning: Try this: 
  letI̵

The goal is a proposition, so `let` is preferred over `letI`.
The difference between `let` and `letI` is that `letI` inlines the value.
But this is not relevant for proofs because of proof irrelevance.

Note: This linter can be disabled with `set_option linter.style.haveILetI false`
AutoSamplingTheory/ExampleCases/ProximalBPS/ActualRootCommutation.lean:154:2: warning: Try this: 
  letI̵

The goal is a proposition, so `let` is preferred over `letI`.
The difference between `let` and `letI` is that `letI` inlines the value.
But this is not relevant for proofs because of proof irrelevance.

Note: This linter can be disabled with `set_option linter.style.haveILetI false`
AutoSamplingTheory/ExampleCases/ProximalBPS/ActualRootCommutation.lean:156:2: warning: Try this: 
  letI̵

The goal is a proposition, so `let` is preferred over `letI`.
The difference between `let` and `letI` is that `letI` inlines the value.
But this is not relevant for proofs because of proof irrelevance.

Note: This linter can be disabled with `set_option linter.style.haveILetI false`
AutoSamplingTheory/ExampleCases/ProximalBPS/ActualRootCommutation.lean:157:2: warning: Try this: 
  letI̵

The goal is a proposition, so `let` is preferred over `letI`.
The difference between `let` and `letI` is that `letI` inlines the value.
But this is not relevant for proofs because of proof irrelevance.

Note: This linter can be disabled with `set_option linter.style.haveILetI false`
AutoSamplingTheory/ExampleCases/ProximalBPS/ActualRootCommutation.lean:158:2: warning: Try this: 
  letI̵

The goal is a proposition, so `let` is preferred over `letI`.
The difference between `let` and `letI` is that `letI` inlines the value.
But this is not relevant for proofs because of proof irrelevance.

Note: This linter can be disabled with `set_option linter.style.haveILetI false`
AutoSamplingTheory/ExampleCases/ProximalBPS/ActualRootCommutation.lean:174:14: error(lean.unknownIdentifier): Unknown identifier `isSelfAdjoint_one`
AutoSamplingTheory/ExampleCases/ProximalBPS/ActualRootCommutation.lean:176:15: warning: `ContinuousLinearMap.add_apply` has been deprecated: Use `add_apply` instead

Note: The updated constant is in a different namespace. Dot notation may need to be changed (e.g., from `x.add_apply` to `add_apply x`).
AutoSamplingTheory/ExampleCases/ProximalBPS/ActualRootCommutation.lean:176:45: warning: `ContinuousLinearMap.one_apply` has been deprecated: Use `one_apply_eq_self` instead

Note: The updated constant is in a different namespace. Dot notation may need to be changed (e.g., from `x.one_apply` to `one_apply_eq_self x`).
AutoSamplingTheory/ExampleCases/ProximalBPS/ActualRootCommutation.lean:176:4: error: `simp` made no progress
AutoSamplingTheory/ExampleCases/ProximalBPS/ActualRootCommutation.lean:194:8: error: Tactic `rewrite` failed: Did not find an occurrence of the pattern
  (lpMeas ℝ ℝ (MeasurableSpace.comap Prod.snd inferInstance) 2
        (Measure.map (fun p => (p.1, p.1 + √η • p.2))
          ((ℙ.tilted fun x => -V x).prod (stdGaussian E)))).orthogonalProjectionOnto ∘SL
    U.toContinuousLinearMap ∘SL
      (lpMeas ℝ ℝ (MeasurableSpace.comap Prod.snd inferInstance) 2
          (Measure.map (fun p => (p.1, p.1 + √η • p.2)) ((ℙ.tilted fun x => -V x).prod (stdGaussian E)))).subtypeL
in the target expression
  e.conjStarAlgEquiv Γ * A = A * e.conjStarAlgEquiv Γ

E : Type u_1
inst✝⁴ : NormedAddCommGroup E
inst✝³ : InnerProductSpace ℝ E
inst✝² : FiniteDimensional ℝ E
inst✝¹ : MeasurableSpace E
inst✝ : BorelSpace E
V : E → ℝ
α β : ℝ≥0
η : ℝ
hα : 0 < ↑α
hαβ : α ≤ β
hV : ContDiff ℝ 2 V
hH : ∀ (x v : E), ↑α * ‖v‖ ^ 2 ≤ ((fderiv ℝ (fderiv ℝ V) x) v) v ∧ ((fderiv ℝ (fderiv ℝ V) x) v) v ≤ ↑β * ‖v‖ ^ 2
hη : 0 < η
hβη : ↑β * η ≤ 1
μ : Measure E := ℙ.tilted fun x => -V x
J : Measure (E × E) := Measure.map (fun p => (p.1, p.1 + √η • p.2)) (μ.prod (stdGaussian E))
ν : Measure E := J.snd
mY : MeasurableSpace (E × E) := MeasurableSpace.comap Prod.snd inferInstance
this✝⁸ : MeasurableSpace (E × E) := Prod.instMeasurableSpace
this✝⁷ : Fact (mY ≤ inferInstance) := { out := Measurable.comap_le measurable_snd }
HP : Submodule ℝ ↥(Lp ℝ 2 J) := lpMeas ℝ ℝ mY 2 J
this✝⁶ : NormedAddCommGroup ↥HP := HP.normedAddCommGroup
this✝⁵ : InnerProductSpace ℝ ↥HP := HP.innerProductSpace
P : ↥(Lp ℝ 2 J) →L[ℝ] ↥(Lp ℝ 2 J) := HP.subtypeL ∘SL condExpL2 ℝ ℝ ⋯
hμ : IsProbabilityMeasure (ℙ.tilted fun x => -V x)
hJ : IsProbabilityMeasure (Measure.map (fun p => (p.1, p.1 + √η • p.2)) ((ℙ.tilted fun x => -V x).prod (stdGaussian E)))
hν :
  IsProbabilityMeasure
    (Measure.map (fun p => (p.1, p.1 + √η • p.2)) ((ℙ.tilted fun x => -V x).prod (stdGaussian E))).snd
hRange :
  lpMeas ℝ ℝ (MeasurableSpace.comap Prod.snd inferInstance) 2
      (Measure.map (fun p => (p.1, p.1 + √η • p.2)) ((ℙ.tilted fun x => -V x).prod (stdGaussian E))) =
    (↑((lpMeas ℝ ℝ (MeasurableSpace.comap Prod.snd inferInstance) 2
              (Measure.map (fun p => (p.1, p.1 + √η • p.2))
                ((ℙ.tilted fun x => -V x).prod (stdGaussian E)))).subtypeL ∘SL
          condExpL2 ℝ ℝ ⋯)).range
hPf :
  ∀
    (f :
      ↥(lpMeas ℝ ℝ (MeasurableSpace.comap Prod.snd inferInstance) 2
          (Measure.map (fun p => (p.1, p.1 + √η • p.2)) ((ℙ.tilted fun x => -V x).prod (stdGaussian E))))),
    ((lpMeas ℝ ℝ (MeasurableSpace.comap Prod.snd inferInstance) 2
              (Measure.map (fun p => (p.1, p.1 + √η • p.2))
                ((ℙ.tilted fun x => -V x).prod (stdGaussian E)))).subtypeL ∘SL
          condExpL2 ℝ ℝ ⋯)
        ↑f =
      ↑f
S : Kernel E E
hS : IsMarkovKernel S
hSd : ∀ (y : E), S y = ℙ.tilted fun x => -V ((1 / 2) • (y + x)) - ‖y - x‖ ^ 2 / (8 * η)
hSc :
  (Measure.map (fun p => (p.2, 2 • p.1 - p.2))
        (Measure.map (fun p => (p.1, p.1 + √η • p.2)) ((ℙ.tilted fun x => -V x).prod (stdGaussian E)))).IsCondKernel
    S
hSf :
  (Measure.map (fun p => (p.2, 2 • p.1 - p.2))
        (Measure.map (fun p => (p.1, p.1 + √η • p.2)) ((ℙ.tilted fun x => -V x).prod (stdGaussian E)))).fst =
    (Measure.map (fun p => (p.1, p.1 + √η • p.2)) ((ℙ.tilted fun x => -V x).prod (stdGaussian E))).snd
hSs :
  (Measure.map (fun p => (p.2, 2 • p.1 - p.2))
        (Measure.map (fun p => (p.1, p.1 + √η • p.2)) ((ℙ.tilted fun x => -V x).prod (stdGaussian E)))).snd =
    (Measure.map (fun p => (p.1, p.1 + √η • p.2)) ((ℙ.tilted fun x => -V x).prod (stdGaussian E))).snd
e :
  ↥(Lp ℝ 2 (Measure.map (fun p => (p.1, p.1 + √η • p.2)) ((ℙ.tilted fun x => -V x).prod (stdGaussian E))).snd) ≃ₗᵢ[ℝ]
    ↥(lpMeas ℝ ℝ (MeasurableSpace.comap Prod.snd inferInstance) 2
        (Measure.map (fun p => (p.1, p.1 + √η • p.2)) ((ℙ.tilted fun x => -V x).prod (stdGaussian E))))
he :
  ∀ (u : ↥(Lp ℝ 2 (Measure.map (fun p => (p.1, p.1 + √η • p.2)) ((ℙ.tilted fun x => -V x).prod (stdGaussian E))).snd)),
    ↑(e u) = (Lp.compMeasurePreservingₗᵢ ℝ Prod.snd ⋯) u
U :
  ↥(Lp ℝ 2 (Measure.map (fun p => (p.1, p.1 + √η • p.2)) ((ℙ.tilted fun x => -V x).prod (stdGaussian E)))) →ₗᵢ[ℝ]
    ↥(Lp ℝ 2 (Measure.map (fun p => (p.1, p.1 + √η • p.2)) ((ℙ.tilted fun x => -V x).prod (stdGaussian E))))
hU :
  ∀ (g : ↥(Lp ℝ 2 (Measure.map (fun p => (p.1, p.1 + √η • p.2)) ((ℙ.tilted fun x => -V x).prod (stdGaussian E))))),
    ↑↑(U g) =ᵐ[Measure.map (fun p => (p.1, p.1 + √η • p.2)) ((ℙ.tilted fun x => -V x).prod (stdGaussian E))]
      ↑↑g ∘ fun p => (p.1, 2 • p.1 - p.2)
hUi : Function.Involutive ⇑U
hUs : IsSelfAdjoint U.toContinuousLinearMap
T :
  ↥(Lp ℝ 2 (Measure.map (fun p => (p.1, p.1 + √η • p.2)) ((ℙ.tilted fun x => -V x).prod (stdGaussian E))).snd) →L[ℝ]
    ↥(Lp ℝ 2 (Measure.map (fun p => (p.1, p.1 + √η • p.2)) ((ℙ.tilted fun x => -V x).prod (stdGaussian E))).snd)
hTs : IsSelfAdjoint T
hAll :
  ∀ (u : ↥(Lp ℝ 2 (Measure.map (fun p => (p.1, p.1 + √η • p.2)) ((ℙ.tilted fun x => -V x).prod (stdGaussian E))).snd)),
    ‖T u‖ ≤ ‖u‖ ∧
      (↑↑(T u) =ᵐ[(Measure.map (fun p => (p.1, p.1 + √η • p.2)) ((ℙ.tilted fun x => -V x).prod (stdGaussian E))).snd]
          fun y => ∫ (x : E), ↑↑u x ∂S y) ∧
        ∫ (y : E),
            ↑↑(T u)
              y ∂(Measure.map (fun p => (p.1, p.1 + √η • p.2)) ((ℙ.tilted fun x => -V x).prod (stdGaussian E))).snd =
          ∫ (y : E),
            ↑↑u y ∂(Measure.map (fun p => (p.1, p.1 + √η • p.2)) ((ℙ.tilted fun x => -V x).prod (stdGaussian E))).snd
hAeq :
  (lpMeas ℝ ℝ (MeasurableSpace.comap Prod.snd inferInstance) 2
          (Measure.map (fun p => (p.1, p.1 + √η • p.2))
            ((ℙ.tilted fun x => -V x).prod (stdGaussian E)))).orthogonalProjectionOnto ∘SL
      U.toContinuousLinearMap ∘SL
        (lpMeas ℝ ℝ (MeasurableSpace.comap Prod.snd inferInstance) 2
            (Measure.map (fun p => (p.1, p.1 + √η • p.2)) ((ℙ.tilted fun x => -V x).prod (stdGaussian E)))).subtypeL =
    e.conjStarAlgEquiv T
hAs :
  IsSelfAdjoint
    ((lpMeas ℝ ℝ (MeasurableSpace.comap Prod.snd inferInstance) 2
          (Measure.map (fun p => (p.1, p.1 + √η • p.2))
            ((ℙ.tilted fun x => -V x).prod (stdGaussian E)))).orthogonalProjectionOnto ∘SL
      U.toContinuousLinearMap ∘SL
        (lpMeas ℝ ℝ (MeasurableSpace.comap Prod.snd inferInstance) 2
            (Measure.map (fun p => (p.1, p.1 + √η • p.2)) ((ℙ.tilted fun x => -V x).prod (stdGaussian E)))).subtypeL)
hAn :
  ∀
    (f :
      ↥(lpMeas ℝ ℝ (MeasurableSpace.comap Prod.snd inferInstance) 2
          (Measure.map (fun p => (p.1, p.1 + √η • p.2)) ((ℙ.tilted fun x => -V x).prod (stdGaussian E))))),
    ‖((lpMeas ℝ ℝ (MeasurableSpace.comap Prod.snd inferInstance) 2
                (Measure.map (fun p => (p.1, p.1 + √η • p.2))
                  ((ℙ.tilted fun x => -V x).prod (stdGaussian E)))).orthogonalProjectionOnto ∘SL
            U.toContinuousLinearMap ∘SL
              (lpMeas ℝ ℝ (MeasurableSpace.comap Prod.snd inferInstance) 2
                  (Measure.map (fun p => (p.1, p.1 + √η • p.2))
                    ((ℙ.tilted fun x => -V x).prod (stdGaussian E)))).subtypeL)
          f‖ ≤
      ‖f‖
hPB :
  ∀
    (f :
      ↥(lpMeas ℝ ℝ (MeasurableSpace.comap Prod.snd inferInstance) 2
          (Measure.map (fun p => (p.1, p.1 + √η • p.2)) ((ℙ.tilted fun x => -V x).prod (stdGaussian E))))),
    ((lpMeas ℝ ℝ (MeasurableSpace.comap Prod.snd inferInstance) 2
              (Measure.map (fun p => (p.1, p.1 + √η • p.2))
                ((ℙ.tilted fun x => -V x).prod (stdGaussian E)))).subtypeL ∘SL
          condExpL2 ℝ ℝ ⋯)
        ((((1 -
                  (lpMeas ℝ ℝ (MeasurableSpace.comap Prod.snd inferInstance) 2
                        (Measure.map (fun p => (p.1, p.1 + √η • p.2))
                          ((ℙ.tilted fun x => -V x).prod (stdGaussian E)))).subtypeL ∘SL
                    condExpL2 ℝ ℝ ⋯) *
                U.toContinuousLinearMap *
              (lpMeas ℝ ℝ (MeasurableSpace.comap Prod.snd inferInstance) 2
                    (Measure.map (fun p => (p.1, p.1 + √η • p.2))
                      ((ℙ.tilted fun x => -V x).prod (stdGaussian E)))).subtypeL ∘SL
                condExpL2 ℝ ℝ ⋯) ∘SL
            (lpMeas ℝ ℝ (MeasurableSpace.comap Prod.snd inferInstance) 2
                (Measure.map (fun p => (p.1, p.1 + √η • p.2))
                  ((ℙ.tilted fun x => -V x).prod (stdGaussian E)))).subtypeL)
          f) =
      0
Γ :
  ↥(Lp ℝ 2 (Measure.map (fun p => (p.1, p.1 + √η • p.2)) ((ℙ.tilted fun x => -V x).prod (stdGaussian E))).snd) →L[ℝ]
    ↥(Lp ℝ 2 (Measure.map (fun p => (p.1, p.1 + √η • p.2)) ((ℙ.tilted fun x => -V x).prod (stdGaussian E))).snd)
hΓ : Γ.IsPositive
hΓSq : Γ * Γ = 1 - T * T
hΓP : (e.conjStarAlgEquiv Γ).IsPositive
hΓPSq :
  e.conjStarAlgEquiv Γ * e.conjStarAlgEquiv Γ =
    1 -
      (lpMeas ℝ ℝ (MeasurableSpace.comap Prod.snd inferInstance) 2
              (Measure.map (fun p => (p.1, p.1 + √η • p.2))
                ((ℙ.tilted fun x => -V x).prod (stdGaussian E)))).orthogonalProjectionOnto ∘SL
          U.toContinuousLinearMap ∘SL
            (lpMeas ℝ ℝ (MeasurableSpace.comap Prod.snd inferInstance) 2
                (Measure.map (fun p => (p.1, p.1 + √η • p.2))
                  ((ℙ.tilted fun x => -V x).prod (stdGaussian E)))).subtypeL *
        (lpMeas ℝ ℝ (MeasurableSpace.comap Prod.snd inferInstance) 2
              (Measure.map (fun p => (p.1, p.1 + √η • p.2))
                ((ℙ.tilted fun x => -V x).prod (stdGaussian E)))).orthogonalProjectionOnto ∘SL
          U.toContinuousLinearMap ∘SL
            (lpMeas ℝ ℝ (MeasurableSpace.comap Prod.snd inferInstance) 2
                (Measure.map (fun p => (p.1, p.1 + √η • p.2)) ((ℙ.tilted fun x => -V x).prod (stdGaussian E)))).subtypeL
hGram :
  ContinuousLinearMap.adjoint
        (((1 -
                (lpMeas ℝ ℝ (MeasurableSpace.comap Prod.snd inferInstance) 2
                      (Measure.map (fun p => (p.1, p.1 + √η • p.2))
                        ((ℙ.tilted fun x => -V x).prod (stdGaussian E)))).subtypeL ∘SL
                  condExpL2 ℝ ℝ ⋯) *
              U.toContinuousLinearMap *
            (lpMeas ℝ ℝ (MeasurableSpace.comap Prod.snd inferInstance) 2
                  (Measure.map (fun p => (p.1, p.1 + √η • p.2))
                    ((ℙ.tilted fun x => -V x).prod (stdGaussian E)))).subtypeL ∘SL
              condExpL2 ℝ ℝ ⋯) ∘SL
          (lpMeas ℝ ℝ (MeasurableSpace.comap Prod.snd inferInstance) 2
              (Measure.map (fun p => (p.1, p.1 + √η • p.2))
                ((ℙ.tilted fun x => -V x).prod (stdGaussian E)))).subtypeL) ∘SL
      ((1 -
              (lpMeas ℝ ℝ (MeasurableSpace.comap Prod.snd inferInstance) 2
                    (Measure.map (fun p => (p.1, p.1 + √η • p.2))
                      ((ℙ.tilted fun x => -V x).prod (stdGaussian E)))).subtypeL ∘SL
                condExpL2 ℝ ℝ ⋯) *
            U.toContinuousLinearMap *
          (lpMeas ℝ ℝ (MeasurableSpace.comap Prod.snd inferInstance) 2
                (Measure.map (fun p => (p.1, p.1 + √η • p.2))
                  ((ℙ.tilted fun x => -V x).prod (stdGaussian E)))).subtypeL ∘SL
            condExpL2 ℝ ℝ ⋯) ∘SL
        (lpMeas ℝ ℝ (MeasurableSpace.comap Prod.snd inferInstance) 2
            (Measure.map (fun p => (p.1, p.1 + √η • p.2)) ((ℙ.tilted fun x => -V x).prod (stdGaussian E)))).subtypeL =
    e.conjStarAlgEquiv Γ * e.conjStarAlgEquiv Γ
q : ↥(Lp ℝ 2 (Measure.map (fun p => (p.1, p.1 + √η • p.2)) ((ℙ.tilted fun x => -V x).prod (stdGaussian E))).snd)
hqa :
  ↑↑q =ᵐ[(Measure.map (fun p => (p.1, p.1 + √η • p.2)) ((ℙ.tilted fun x => -V x).prod (stdGaussian E))).snd] fun x => 1
hTq : T q = q
hq :
  ∀ (u : ↥(Lp ℝ 2 (Measure.map (fun p => (p.1, p.1 + √η • p.2)) ((ℙ.tilted fun x => -V x).prod (stdGaussian E))).snd)),
    ⟪q, u⟫ =
      ∫ (y : E),
        ↑↑u y ∂(Measure.map (fun p => (p.1, p.1 + √η • p.2)) ((ℙ.tilted fun x => -V x).prod (stdGaussian E))).snd
hCenter :
  ∀
    (f :
      ↥(lpMeas ℝ ℝ (MeasurableSpace.comap Prod.snd inferInstance) 2
          (Measure.map (fun p => (p.1, p.1 + √η • p.2)) ((ℙ.tilted fun x => -V x).prod (stdGaussian E))))),
    f ∈ (↑((innerSL ℝ) (e q))).ker ↔
      ∫ (y : E),
          ↑↑(e.symm f)
            y ∂(Measure.map (fun p => (p.1, p.1 + √η • p.2)) ((ℙ.tilted fun x => -V x).prod (stdGaussian E))).snd =
        0
hΓPq : (e.conjStarAlgEquiv Γ) (e q) = 0
hγ : 0 < 2 * √(↑α * η) / (1 + ↑α * η)
A : ↥HP →L[ℝ] ↥HP := HP.orthogonalProjectionOnto ∘SL U.toContinuousLinearMap ∘SL HP.subtypeL
B : ↥HP →L[ℝ] ↥(Lp ℝ 2 J) := ((1 - P) * U.toContinuousLinearMap * P) ∘SL HP.subtypeL
ΓP : ↥HP →L[ℝ] ↥HP := e.conjStarAlgEquiv Γ
qP : ↥HP := e q
HP0 : Submodule ℝ ↥HP := (↑((innerSL ℝ) qP)).ker
this✝⁴ : NormedAddCommGroup ↥HP0 := HP0.normedAddCommGroup
this✝³ : InnerProductSpace ℝ ↥HP0 := HP0.innerProductSpace
this✝² : CompleteSpace ↥HP0 := IsClosed.completeSpace_coe
Hperp : Submodule ℝ ↥(Lp ℝ 2 J) := (↑P).ker
this✝¹ : NormedAddCommGroup ↥Hperp := Hperp.normedAddCommGroup
this✝ : InnerProductSpace ℝ ↥Hperp := Hperp.innerProductSpace
this : CompleteSpace ↥Hperp := IsClosed.completeSpace_coe
B0 : ↥HP0 →L[ℝ] ↥Hperp
hB0 :
  ∀ (f : ↥(↑((innerSL ℝ) (e q))).ker),
    ↑(B0 f) =
      (((1 -
                (lpMeas ℝ ℝ (MeasurableSpace.comap Prod.snd inferInstance) 2
                      (Measure.map (fun p => (p.1, p.1 + √η • p.2))
                        ((ℙ.tilted fun x => -V x).prod (stdGaussian E)))).subtypeL ∘SL
                  condExpL2 ℝ ℝ ⋯) *
              U.toContinuousLinearMap *
            (lpMeas ℝ ℝ (MeasurableSpace.comap Prod.snd inferInstance) 2
                  (Measure.map (fun p => (p.1, p.1 + √η • p.2))
                    ((ℙ.tilted fun x => -V x).prod (stdGaussian E)))).subtypeL ∘SL
              condExpL2 ℝ ℝ ⋯) ∘SL
          (lpMeas ℝ ℝ (MeasurableSpace.comap Prod.snd inferInstance) 2
              (Measure.map (fun p => (p.1, p.1 + √η • p.2)) ((ℙ.tilted fun x => -V x).prod (stdGaussian E)))).subtypeL)
        ↑f
V0 : ↥HP0 →L[ℝ] ↥Hperp
hVadj : ContinuousLinearMap.adjoint V0 ∘SL V0 = 1
hVnorm : ∀ (f : ↥(↑((innerSL ℝ) (e q))).ker), ‖V0 f‖ = ‖f‖
ΓP0 : ↥HP0 →L[ℝ] ↥HP0
hΓP0 : ∀ (f : ↥(↑((innerSL ℝ) (e q))).ker), ↑(ΓP0 f) = (e.conjStarAlgEquiv Γ) ↑f
hPos0 : ΓP0.IsPositive
hOrder0 : (ΓP0 - (2 * √(↑α * η) / (1 + ↑α * η)) • 1).IsPositive
hUnit : IsUnit ΓP0
hFactor : B0 = V0 ∘SL ΓP0
Inv : ↥HP0 →L[ℝ] ↥HP0
hNormInv : ‖Inv‖ ≤ 1 / (2 * √(↑α * η) / (1 + ↑α * η))
hVdef : V0 = B0 ∘SL Inv
hLeft : Inv * ΓP0 = 1
hRight : ΓP0 * Inv = 1
R : ↥(Lp ℝ 2 J) →L[ℝ] ↥Hperp
hR : ∀ (g : ↥(Lp ℝ 2 J)), ↑(R g) = g - P g
hAmbient :
  ∀ (g : ↥(Lp ℝ 2 J)), (ContinuousLinearMap.adjoint B) g = HP0.subtypeL ((ContinuousLinearMap.adjoint B0) (R g))
hGlobal :
  ∀ (f : ↥(Lp ℝ 2 J)),
    ∫ (z : E × E), ↑↑f z ∂J = 0 →
      ∃ fP,
        HP0.subtypeL fP = (condExpL2 ℝ ℝ ⋯) f ∧
          let fperp := R f;
          let fV := (ContinuousLinearMap.adjoint V0) fperp;
          (ContinuousLinearMap.adjoint B) ↑fperp = HP0.subtypeL (ΓP0 fV) ∧
            HP0.subtypeL (ΓP0 fV) = ΓP (HP0.subtypeL fV) ∧ ‖f‖ ^ 2 = ‖fP‖ ^ 2 + ‖fperp‖ ^ 2 ∧ ‖fV‖ ≤ ‖fperp‖
hDpos : (1 + T).IsPositive
hCommSquare : Commute (Γ * Γ) (1 + T)
hCommRootPlus : Commute Γ (1 + T)
hCommRoot : Commute Γ T
⊢ e.conjStarAlgEquiv Γ * A = A * e.conjStarAlgEquiv Γ
AutoSamplingTheory/ExampleCases/ProximalBPS/ActualRootCommutation.lean:196:8: error: Tactic `rewrite` failed: Did not find an occurrence of the pattern
  (lpMeas ℝ ℝ (MeasurableSpace.comap Prod.snd inferInstance) 2
        (Measure.map (fun p => (p.1, p.1 + √η • p.2))
          ((ℙ.tilted fun x => -V x).prod (stdGaussian E)))).orthogonalProjectionOnto ∘SL
    U.toContinuousLinearMap ∘SL
      (lpMeas ℝ ℝ (MeasurableSpace.comap Prod.snd inferInstance) 2
          (Measure.map (fun p => (p.1, p.1 + √η • p.2)) ((ℙ.tilted fun x => -V x).prod (stdGaussian E)))).subtypeL
in the target expression
  A qP = qP

E : Type u_1
inst✝⁴ : NormedAddCommGroup E
inst✝³ : InnerProductSpace ℝ E
inst✝² : FiniteDimensional ℝ E
inst✝¹ : MeasurableSpace E
inst✝ : BorelSpace E
V : E → ℝ
α β : ℝ≥0
η : ℝ
hα : 0 < ↑α
hαβ : α ≤ β
hV : ContDiff ℝ 2 V
hH : ∀ (x v : E), ↑α * ‖v‖ ^ 2 ≤ ((fderiv ℝ (fderiv ℝ V) x) v) v ∧ ((fderiv ℝ (fderiv ℝ V) x) v) v ≤ ↑β * ‖v‖ ^ 2
hη : 0 < η
hβη : ↑β * η ≤ 1
μ : Measure E := ℙ.tilted fun x => -V x
J : Measure (E × E) := Measure.map (fun p => (p.1, p.1 + √η • p.2)) (μ.prod (stdGaussian E))
ν : Measure E := J.snd
mY : MeasurableSpace (E × E) := MeasurableSpace.comap Prod.snd inferInstance
this✝⁸ : MeasurableSpace (E × E) := Prod.instMeasurableSpace
this✝⁷ : Fact (mY ≤ inferInstance) := { out := Measurable.comap_le measurable_snd }
HP : Submodule ℝ ↥(Lp ℝ 2 J) := lpMeas ℝ ℝ mY 2 J
this✝⁶ : NormedAddCommGroup ↥HP := HP.normedAddCommGroup
this✝⁵ : InnerProductSpace ℝ ↥HP := HP.innerProductSpace
P : ↥(Lp ℝ 2 J) →L[ℝ] ↥(Lp ℝ 2 J) := HP.subtypeL ∘SL condExpL2 ℝ ℝ ⋯
hμ : IsProbabilityMeasure (ℙ.tilted fun x => -V x)
hJ : IsProbabilityMeasure (Measure.map (fun p => (p.1, p.1 + √η • p.2)) ((ℙ.tilted fun x => -V x).prod (stdGaussian E)))
hν :
  IsProbabilityMeasure
    (Measure.map (fun p => (p.1, p.1 + √η • p.2)) ((ℙ.tilted fun x => -V x).prod (stdGaussian E))).snd
hRange :
  lpMeas ℝ ℝ (MeasurableSpace.comap Prod.snd inferInstance) 2
      (Measure.map (fun p => (p.1, p.1 + √η • p.2)) ((ℙ.tilted fun x => -V x).prod (stdGaussian E))) =
    (↑((lpMeas ℝ ℝ (MeasurableSpace.comap Prod.snd inferInstance) 2
              (Measure.map (fun p => (p.1, p.1 + √η • p.2))
                ((ℙ.tilted fun x => -V x).prod (stdGaussian E)))).subtypeL ∘SL
          condExpL2 ℝ ℝ ⋯)).range
hPf :
  ∀
    (f :
      ↥(lpMeas ℝ ℝ (MeasurableSpace.comap Prod.snd inferInstance) 2
          (Measure.map (fun p => (p.1, p.1 + √η • p.2)) ((ℙ.tilted fun x => -V x).prod (stdGaussian E))))),
    ((lpMeas ℝ ℝ (MeasurableSpace.comap Prod.snd inferInstance) 2
              (Measure.map (fun p => (p.1, p.1 + √η • p.2))
                ((ℙ.tilted fun x => -V x).prod (stdGaussian E)))).subtypeL ∘SL
          condExpL2 ℝ ℝ ⋯)
        ↑f =
      ↑f
S : Kernel E E
hS : IsMarkovKernel S
hSd : ∀ (y : E), S y = ℙ.tilted fun x => -V ((1 / 2) • (y + x)) - ‖y - x‖ ^ 2 / (8 * η)
hSc :
  (Measure.map (fun p => (p.2, 2 • p.1 - p.2))
        (Measure.map (fun p => (p.1, p.1 + √η • p.2)) ((ℙ.tilted fun x => -V x).prod (stdGaussian E)))).IsCondKernel
    S
hSf :
  (Measure.map (fun p => (p.2, 2 • p.1 - p.2))
        (Measure.map (fun p => (p.1, p.1 + √η • p.2)) ((ℙ.tilted fun x => -V x).prod (stdGaussian E)))).fst =
    (Measure.map (fun p => (p.1, p.1 + √η • p.2)) ((ℙ.tilted fun x => -V x).prod (stdGaussian E))).snd
hSs :
  (Measure.map (fun p => (p.2, 2 • p.1 - p.2))
        (Measure.map (fun p => (p.1, p.1 + √η • p.2)) ((ℙ.tilted fun x => -V x).prod (stdGaussian E)))).snd =
    (Measure.map (fun p => (p.1, p.1 + √η • p.2)) ((ℙ.tilted fun x => -V x).prod (stdGaussian E))).snd
e :
  ↥(Lp ℝ 2 (Measure.map (fun p => (p.1, p.1 + √η • p.2)) ((ℙ.tilted fun x => -V x).prod (stdGaussian E))).snd) ≃ₗᵢ[ℝ]
    ↥(lpMeas ℝ ℝ (MeasurableSpace.comap Prod.snd inferInstance) 2
        (Measure.map (fun p => (p.1, p.1 + √η • p.2)) ((ℙ.tilted fun x => -V x).prod (stdGaussian E))))
he :
  ∀ (u : ↥(Lp ℝ 2 (Measure.map (fun p => (p.1, p.1 + √η • p.2)) ((ℙ.tilted fun x => -V x).prod (stdGaussian E))).snd)),
    ↑(e u) = (Lp.compMeasurePreservingₗᵢ ℝ Prod.snd ⋯) u
U :
  ↥(Lp ℝ 2 (Measure.map (fun p => (p.1, p.1 + √η • p.2)) ((ℙ.tilted fun x => -V x).prod (stdGaussian E)))) →ₗᵢ[ℝ]
    ↥(Lp ℝ 2 (Measure.map (fun p => (p.1, p.1 + √η • p.2)) ((ℙ.tilted fun x => -V x).prod (stdGaussian E))))
hU :
  ∀ (g : ↥(Lp ℝ 2 (Measure.map (fun p => (p.1, p.1 + √η • p.2)) ((ℙ.tilted fun x => -V x).prod (stdGaussian E))))),
    ↑↑(U g) =ᵐ[Measure.map (fun p => (p.1, p.1 + √η • p.2)) ((ℙ.tilted fun x => -V x).prod (stdGaussian E))]
      ↑↑g ∘ fun p => (p.1, 2 • p.1 - p.2)
hUi : Function.Involutive ⇑U
hUs : IsSelfAdjoint U.toContinuousLinearMap
T :
  ↥(Lp ℝ 2 (Measure.map (fun p => (p.1, p.1 + √η • p.2)) ((ℙ.tilted fun x => -V x).prod (stdGaussian E))).snd) →L[ℝ]
    ↥(Lp ℝ 2 (Measure.map (fun p => (p.1, p.1 + √η • p.2)) ((ℙ.tilted fun x => -V x).prod (stdGaussian E))).snd)
hTs : IsSelfAdjoint T
hAll :
  ∀ (u : ↥(Lp ℝ 2 (Measure.map (fun p => (p.1, p.1 + √η • p.2)) ((ℙ.tilted fun x => -V x).prod (stdGaussian E))).snd)),
    ‖T u‖ ≤ ‖u‖ ∧
      (↑↑(T u) =ᵐ[(Measure.map (fun p => (p.1, p.1 + √η • p.2)) ((ℙ.tilted fun x => -V x).prod (stdGaussian E))).snd]
          fun y => ∫ (x : E), ↑↑u x ∂S y) ∧
        ∫ (y : E),
            ↑↑(T u)
              y ∂(Measure.map (fun p => (p.1, p.1 + √η • p.2)) ((ℙ.tilted fun x => -V x).prod (stdGaussian E))).snd =
          ∫ (y : E),
            ↑↑u y ∂(Measure.map (fun p => (p.1, p.1 + √η • p.2)) ((ℙ.tilted fun x => -V x).prod (stdGaussian E))).snd
hAeq :
  (lpMeas ℝ ℝ (MeasurableSpace.comap Prod.snd inferInstance) 2
          (Measure.map (fun p => (p.1, p.1 + √η • p.2))
            ((ℙ.tilted fun x => -V x).prod (stdGaussian E)))).orthogonalProjectionOnto ∘SL
      U.toContinuousLinearMap ∘SL
        (lpMeas ℝ ℝ (MeasurableSpace.comap Prod.snd inferInstance) 2
            (Measure.map (fun p => (p.1, p.1 + √η • p.2)) ((ℙ.tilted fun x => -V x).prod (stdGaussian E)))).subtypeL =
    e.conjStarAlgEquiv T
hAs :
  IsSelfAdjoint
    ((lpMeas ℝ ℝ (MeasurableSpace.comap Prod.snd inferInstance) 2
          (Measure.map (fun p => (p.1, p.1 + √η • p.2))
            ((ℙ.tilted fun x => -V x).prod (stdGaussian E)))).orthogonalProjectionOnto ∘SL
      U.toContinuousLinearMap ∘SL
        (lpMeas ℝ ℝ (MeasurableSpace.comap Prod.snd inferInstance) 2
            (Measure.map (fun p => (p.1, p.1 + √η • p.2)) ((ℙ.tilted fun x => -V x).prod (stdGaussian E)))).subtypeL)
hAn :
  ∀
    (f :
      ↥(lpMeas ℝ ℝ (MeasurableSpace.comap Prod.snd inferInstance) 2
          (Measure.map (fun p => (p.1, p.1 + √η • p.2)) ((ℙ.tilted fun x => -V x).prod (stdGaussian E))))),
    ‖((lpMeas ℝ ℝ (MeasurableSpace.comap Prod.snd inferInstance) 2
                (Measure.map (fun p => (p.1, p.1 + √η • p.2))
                  ((ℙ.tilted fun x => -V x).prod (stdGaussian E)))).orthogonalProjectionOnto ∘SL
            U.toContinuousLinearMap ∘SL
              (lpMeas ℝ ℝ (MeasurableSpace.comap Prod.snd inferInstance) 2
                  (Measure.map (fun p => (p.1, p.1 + √η • p.2))
                    ((ℙ.tilted fun x => -V x).prod (stdGaussian E)))).subtypeL)
          f‖ ≤
      ‖f‖
hPB :
  ∀
    (f :
      ↥(lpMeas ℝ ℝ (MeasurableSpace.comap Prod.snd inferInstance) 2
          (Measure.map (fun p => (p.1, p.1 + √η • p.2)) ((ℙ.tilted fun x => -V x).prod (stdGaussian E))))),
    ((lpMeas ℝ ℝ (MeasurableSpace.comap Prod.snd inferInstance) 2
              (Measure.map (fun p => (p.1, p.1 + √η • p.2))
                ((ℙ.tilted fun x => -V x).prod (stdGaussian E)))).subtypeL ∘SL
          condExpL2 ℝ ℝ ⋯)
        ((((1 -
                  (lpMeas ℝ ℝ (MeasurableSpace.comap Prod.snd inferInstance) 2
                        (Measure.map (fun p => (p.1, p.1 + √η • p.2))
                          ((ℙ.tilted fun x => -V x).prod (stdGaussian E)))).subtypeL ∘SL
                    condExpL2 ℝ ℝ ⋯) *
                U.toContinuousLinearMap *
              (lpMeas ℝ ℝ (MeasurableSpace.comap Prod.snd inferInstance) 2
                    (Measure.map (fun p => (p.1, p.1 + √η • p.2))
                      ((ℙ.tilted fun x => -V x).prod (stdGaussian E)))).subtypeL ∘SL
                condExpL2 ℝ ℝ ⋯) ∘SL
            (lpMeas ℝ ℝ (MeasurableSpace.comap Prod.snd inferInstance) 2
                (Measure.map (fun p => (p.1, p.1 + √η • p.2))
                  ((ℙ.tilted fun x => -V x).prod (stdGaussian E)))).subtypeL)
          f) =
      0
Γ :
  ↥(Lp ℝ 2 (Measure.map (fun p => (p.1, p.1 + √η • p.2)) ((ℙ.tilted fun x => -V x).prod (stdGaussian E))).snd) →L[ℝ]
    ↥(Lp ℝ 2 (Measure.map (fun p => (p.1, p.1 + √η • p.2)) ((ℙ.tilted fun x => -V x).prod (stdGaussian E))).snd)
hΓ : Γ.IsPositive
hΓSq : Γ * Γ = 1 - T * T
hΓP : (e.conjStarAlgEquiv Γ).IsPositive
hΓPSq :
  e.conjStarAlgEquiv Γ * e.conjStarAlgEquiv Γ =
    1 -
      (lpMeas ℝ ℝ (MeasurableSpace.comap Prod.snd inferInstance) 2
              (Measure.map (fun p => (p.1, p.1 + √η • p.2))
                ((ℙ.tilted fun x => -V x).prod (stdGaussian E)))).orthogonalProjectionOnto ∘SL
          U.toContinuousLinearMap ∘SL
            (lpMeas ℝ ℝ (MeasurableSpace.comap Prod.snd inferInstance) 2
                (Measure.map (fun p => (p.1, p.1 + √η • p.2))
                  ((ℙ.tilted fun x => -V x).prod (stdGaussian E)))).subtypeL *
        (lpMeas ℝ ℝ (MeasurableSpace.comap Prod.snd inferInstance) 2
              (Measure.map (fun p => (p.1, p.1 + √η • p.2))
                ((ℙ.tilted fun x => -V x).prod (stdGaussian E)))).orthogonalProjectionOnto ∘SL
          U.toContinuousLinearMap ∘SL
            (lpMeas ℝ ℝ (MeasurableSpace.comap Prod.snd inferInstance) 2
                (Measure.map (fun p => (p.1, p.1 + √η • p.2)) ((ℙ.tilted fun x => -V x).prod (stdGaussian E)))).subtypeL
hGram :
  ContinuousLinearMap.adjoint
        (((1 -
                (lpMeas ℝ ℝ (MeasurableSpace.comap Prod.snd inferInstance) 2
                      (Measure.map (fun p => (p.1, p.1 + √η • p.2))
                        ((ℙ.tilted fun x => -V x).prod (stdGaussian E)))).subtypeL ∘SL
                  condExpL2 ℝ ℝ ⋯) *
              U.toContinuousLinearMap *
            (lpMeas ℝ ℝ (MeasurableSpace.comap Prod.snd inferInstance) 2
                  (Measure.map (fun p => (p.1, p.1 + √η • p.2))
                    ((ℙ.tilted fun x => -V x).prod (stdGaussian E)))).subtypeL ∘SL
              condExpL2 ℝ ℝ ⋯) ∘SL
          (lpMeas ℝ ℝ (MeasurableSpace.comap Prod.snd inferInstance) 2
              (Measure.map (fun p => (p.1, p.1 + √η • p.2))
                ((ℙ.tilted fun x => -V x).prod (stdGaussian E)))).subtypeL) ∘SL
      ((1 -
              (lpMeas ℝ ℝ (MeasurableSpace.comap Prod.snd inferInstance) 2
                    (Measure.map (fun p => (p.1, p.1 + √η • p.2))
                      ((ℙ.tilted fun x => -V x).prod (stdGaussian E)))).subtypeL ∘SL
                condExpL2 ℝ ℝ ⋯) *
            U.toContinuousLinearMap *
          (lpMeas ℝ ℝ (MeasurableSpace.comap Prod.snd inferInstance) 2
                (Measure.map (fun p => (p.1, p.1 + √η • p.2))
                  ((ℙ.tilted fun x => -V x).prod (stdGaussian E)))).subtypeL ∘SL
            condExpL2 ℝ ℝ ⋯) ∘SL
        (lpMeas ℝ ℝ (MeasurableSpace.comap Prod.snd inferInstance) 2
            (Measure.map (fun p => (p.1, p.1 + √η • p.2)) ((ℙ.tilted fun x => -V x).prod (stdGaussian E)))).subtypeL =
    e.conjStarAlgEquiv Γ * e.conjStarAlgEquiv Γ
q : ↥(Lp ℝ 2 (Measure.map (fun p => (p.1, p.1 + √η • p.2)) ((ℙ.tilted fun x => -V x).prod (stdGaussian E))).snd)
hqa :
  ↑↑q =ᵐ[(Measure.map (fun p => (p.1, p.1 + √η • p.2)) ((ℙ.tilted fun x => -V x).prod (stdGaussian E))).snd] fun x => 1
hTq : T q = q
hq :
  ∀ (u : ↥(Lp ℝ 2 (Measure.map (fun p => (p.1, p.1 + √η • p.2)) ((ℙ.tilted fun x => -V x).prod (stdGaussian E))).snd)),
    ⟪q, u⟫ =
      ∫ (y : E),
        ↑↑u y ∂(Measure.map (fun p => (p.1, p.1 + √η • p.2)) ((ℙ.tilted fun x => -V x).prod (stdGaussian E))).snd
hCenter :
  ∀
    (f :
      ↥(lpMeas ℝ ℝ (MeasurableSpace.comap Prod.snd inferInstance) 2
          (Measure.map (fun p => (p.1, p.1 + √η • p.2)) ((ℙ.tilted fun x => -V x).prod (stdGaussian E))))),
    f ∈ (↑((innerSL ℝ) (e q))).ker ↔
      ∫ (y : E),
          ↑↑(e.symm f)
            y ∂(Measure.map (fun p => (p.1, p.1 + √η • p.2)) ((ℙ.tilted fun x => -V x).prod (stdGaussian E))).snd =
        0
hΓPq : (e.conjStarAlgEquiv Γ) (e q) = 0
hγ : 0 < 2 * √(↑α * η) / (1 + ↑α * η)
A : ↥HP →L[ℝ] ↥HP := HP.orthogonalProjectionOnto ∘SL U.toContinuousLinearMap ∘SL HP.subtypeL
B : ↥HP →L[ℝ] ↥(Lp ℝ 2 J) := ((1 - P) * U.toContinuousLinearMap * P) ∘SL HP.subtypeL
ΓP : ↥HP →L[ℝ] ↥HP := e.conjStarAlgEquiv Γ
qP : ↥HP := e q
HP0 : Submodule ℝ ↥HP := (↑((innerSL ℝ) qP)).ker
this✝⁴ : NormedAddCommGroup ↥HP0 := HP0.normedAddCommGroup
this✝³ : InnerProductSpace ℝ ↥HP0 := HP0.innerProductSpace
this✝² : CompleteSpace ↥HP0 := IsClosed.completeSpace_coe
Hperp : Submodule ℝ ↥(Lp ℝ 2 J) := (↑P).ker
this✝¹ : NormedAddCommGroup ↥Hperp := Hperp.normedAddCommGroup
this✝ : InnerProductSpace ℝ ↥Hperp := Hperp.innerProductSpace
this : CompleteSpace ↥Hperp := IsClosed.completeSpace_coe
B0 : ↥HP0 →L[ℝ] ↥Hperp
hB0 :
  ∀ (f : ↥(↑((innerSL ℝ) (e q))).ker),
    ↑(B0 f) =
      (((1 -
                (lpMeas ℝ ℝ (MeasurableSpace.comap Prod.snd inferInstance) 2
                      (Measure.map (fun p => (p.1, p.1 + √η • p.2))
                        ((ℙ.tilted fun x => -V x).prod (stdGaussian E)))).subtypeL ∘SL
                  condExpL2 ℝ ℝ ⋯) *
              U.toContinuousLinearMap *
            (lpMeas ℝ ℝ (MeasurableSpace.comap Prod.snd inferInstance) 2
                  (Measure.map (fun p => (p.1, p.1 + √η • p.2))
                    ((ℙ.tilted fun x => -V x).prod (stdGaussian E)))).subtypeL ∘SL
              condExpL2 ℝ ℝ ⋯) ∘SL
          (lpMeas ℝ ℝ (MeasurableSpace.comap Prod.snd inferInstance) 2
              (Measure.map (fun p => (p.1, p.1 + √η • p.2)) ((ℙ.tilted fun x => -V x).prod (stdGaussian E)))).subtypeL)
        ↑f
V0 : ↥HP0 →L[ℝ] ↥Hperp
hVadj : ContinuousLinearMap.adjoint V0 ∘SL V0 = 1
hVnorm : ∀ (f : ↥(↑((innerSL ℝ) (e q))).ker), ‖V0 f‖ = ‖f‖
ΓP0 : ↥HP0 →L[ℝ] ↥HP0
hΓP0 : ∀ (f : ↥(↑((innerSL ℝ) (e q))).ker), ↑(ΓP0 f) = (e.conjStarAlgEquiv Γ) ↑f
hPos0 : ΓP0.IsPositive
hOrder0 : (ΓP0 - (2 * √(↑α * η) / (1 + ↑α * η)) • 1).IsPositive
hUnit : IsUnit ΓP0
hFactor : B0 = V0 ∘SL ΓP0
Inv : ↥HP0 →L[ℝ] ↥HP0
hNormInv : ‖Inv‖ ≤ 1 / (2 * √(↑α * η) / (1 + ↑α * η))
hVdef : V0 = B0 ∘SL Inv
hLeft : Inv * ΓP0 = 1
hRight : ΓP0 * Inv = 1
R : ↥(Lp ℝ 2 J) →L[ℝ] ↥Hperp
hR : ∀ (g : ↥(Lp ℝ 2 J)), ↑(R g) = g - P g
hAmbient :
  ∀ (g : ↥(Lp ℝ 2 J)), (ContinuousLinearMap.adjoint B) g = HP0.subtypeL ((ContinuousLinearMap.adjoint B0) (R g))
hGlobal :
  ∀ (f : ↥(Lp ℝ 2 J)),
    ∫ (z : E × E), ↑↑f z ∂J = 0 →
      ∃ fP,
        HP0.subtypeL fP = (condExpL2 ℝ ℝ ⋯) f ∧
          let fperp := R f;
          let fV := (ContinuousLinearMap.adjoint V0) fperp;
          (ContinuousLinearMap.adjoint B) ↑fperp = HP0.subtypeL (ΓP0 fV) ∧
            HP0.subtypeL (ΓP0 fV) = ΓP (HP0.subtypeL fV) ∧ ‖f‖ ^ 2 = ‖fP‖ ^ 2 + ‖fperp‖ ^ 2 ∧ ‖fV‖ ≤ ‖fperp‖
hDpos : (1 + T).IsPositive
hCommSquare : Commute (Γ * Γ) (1 + T)
hCommRootPlus : Commute Γ (1 + T)
hCommRoot : Commute Γ T
hCommP : Commute ΓP A
⊢ A qP = qP
AutoSamplingTheory/ExampleCases/ProximalBPS/ActualRootCommutation.lean:201:8: error: Tactic `rewrite` failed: Did not find an occurrence of the pattern
  ⟪?x,
    ↑((lpMeas ℝ ℝ (MeasurableSpace.comap Prod.snd inferInstance) 2
              (Measure.map (fun p => (p.1, p.1 + √η • p.2))
                ((ℙ.tilted fun x => -V x).prod (stdGaussian E)))).orthogonalProjectionOnto ∘SL
          U.toContinuousLinearMap ∘SL
            (lpMeas ℝ ℝ (MeasurableSpace.comap Prod.snd inferInstance) 2
                (Measure.map (fun p => (p.1, p.1 + √η • p.2))
                  ((ℙ.tilted fun x => -V x).prod (stdGaussian E)))).subtypeL)
      ?y⟫
in the target expression
  ⟪qP, A ↑u⟫ = 0

E : Type u_1
inst✝⁴ : NormedAddCommGroup E
inst✝³ : InnerProductSpace ℝ E
inst✝² : FiniteDimensional ℝ E
inst✝¹ : MeasurableSpace E
inst✝ : BorelSpace E
V : E → ℝ
α β : ℝ≥0
η : ℝ
hα : 0 < ↑α
hαβ : α ≤ β
hV : ContDiff ℝ 2 V
hH : ∀ (x v : E), ↑α * ‖v‖ ^ 2 ≤ ((fderiv ℝ (fderiv ℝ V) x) v) v ∧ ((fderiv ℝ (fderiv ℝ V) x) v) v ≤ ↑β * ‖v‖ ^ 2
hη : 0 < η
hβη : ↑β * η ≤ 1
μ : Measure E := ℙ.tilted fun x => -V x
J : Measure (E × E) := Measure.map (fun p => (p.1, p.1 + √η • p.2)) (μ.prod (stdGaussian E))
ν : Measure E := J.snd
mY : MeasurableSpace (E × E) := MeasurableSpace.comap Prod.snd inferInstance
this✝⁸ : MeasurableSpace (E × E) := Prod.instMeasurableSpace
this✝⁷ : Fact (mY ≤ inferInstance) := { out := Measurable.comap_le measurable_snd }
HP : Submodule ℝ ↥(Lp ℝ 2 J) := lpMeas ℝ ℝ mY 2 J
this✝⁶ : NormedAddCommGroup ↥HP := HP.normedAddCommGroup
this✝⁵ : InnerProductSpace ℝ ↥HP := HP.innerProductSpace
P : ↥(Lp ℝ 2 J) →L[ℝ] ↥(Lp ℝ 2 J) := HP.subtypeL ∘SL condExpL2 ℝ ℝ ⋯
hμ : IsProbabilityMeasure (ℙ.tilted fun x => -V x)
hJ : IsProbabilityMeasure (Measure.map (fun p => (p.1, p.1 + √η • p.2)) ((ℙ.tilted fun x => -V x).prod (stdGaussian E)))
hν :
  IsProbabilityMeasure
    (Measure.map (fun p => (p.1, p.1 + √η • p.2)) ((ℙ.tilted fun x => -V x).prod (stdGaussian E))).snd
hRange :
  lpMeas ℝ ℝ (MeasurableSpace.comap Prod.snd inferInstance) 2
      (Measure.map (fun p => (p.1, p.1 + √η • p.2)) ((ℙ.tilted fun x => -V x).prod (stdGaussian E))) =
    (↑((lpMeas ℝ ℝ (MeasurableSpace.comap Prod.snd inferInstance) 2
              (Measure.map (fun p => (p.1, p.1 + √η • p.2))
                ((ℙ.tilted fun x => -V x).prod (stdGaussian E)))).subtypeL ∘SL
          condExpL2 ℝ ℝ ⋯)).range
hPf :
  ∀
    (f :
      ↥(lpMeas ℝ ℝ (MeasurableSpace.comap Prod.snd inferInstance) 2
          (Measure.map (fun p => (p.1, p.1 + √η • p.2)) ((ℙ.tilted fun x => -V x).prod (stdGaussian E))))),
    ((lpMeas ℝ ℝ (MeasurableSpace.comap Prod.snd inferInstance) 2
              (Measure.map (fun p => (p.1, p.1 + √η • p.2))
                ((ℙ.tilted fun x => -V x).prod (stdGaussian E)))).subtypeL ∘SL
          condExpL2 ℝ ℝ ⋯)
        ↑f =
      ↑f
S : Kernel E E
hS : IsMarkovKernel S
hSd : ∀ (y : E), S y = ℙ.tilted fun x => -V ((1 / 2) • (y + x)) - ‖y - x‖ ^ 2 / (8 * η)
hSc :
  (Measure.map (fun p => (p.2, 2 • p.1 - p.2))
        (Measure.map (fun p => (p.1, p.1 + √η • p.2)) ((ℙ.tilted fun x => -V x).prod (stdGaussian E)))).IsCondKernel
    S
hSf :
  (Measure.map (fun p => (p.2, 2 • p.1 - p.2))
        (Measure.map (fun p => (p.1, p.1 + √η • p.2)) ((ℙ.tilted fun x => -V x).prod (stdGaussian E)))).fst =
    (Measure.map (fun p => (p.1, p.1 + √η • p.2)) ((ℙ.tilted fun x => -V x).prod (stdGaussian E))).snd
hSs :
  (Measure.map (fun p => (p.2, 2 • p.1 - p.2))
        (Measure.map (fun p => (p.1, p.1 + √η • p.2)) ((ℙ.tilted fun x => -V x).prod (stdGaussian E)))).snd =
    (Measure.map (fun p => (p.1, p.1 + √η • p.2)) ((ℙ.tilted fun x => -V x).prod (stdGaussian E))).snd
e :
  ↥(Lp ℝ 2 (Measure.map (fun p => (p.1, p.1 + √η • p.2)) ((ℙ.tilted fun x => -V x).prod (stdGaussian E))).snd) ≃ₗᵢ[ℝ]
    ↥(lpMeas ℝ ℝ (MeasurableSpace.comap Prod.snd inferInstance) 2
        (Measure.map (fun p => (p.1, p.1 + √η • p.2)) ((ℙ.tilted fun x => -V x).prod (stdGaussian E))))
he :
  ∀ (u : ↥(Lp ℝ 2 (Measure.map (fun p => (p.1, p.1 + √η • p.2)) ((ℙ.tilted fun x => -V x).prod (stdGaussian E))).snd)),
    ↑(e u) = (Lp.compMeasurePreservingₗᵢ ℝ Prod.snd ⋯) u
U :
  ↥(Lp ℝ 2 (Measure.map (fun p => (p.1, p.1 + √η • p.2)) ((ℙ.tilted fun x => -V x).prod (stdGaussian E)))) →ₗᵢ[ℝ]
    ↥(Lp ℝ 2 (Measure.map (fun p => (p.1, p.1 + √η • p.2)) ((ℙ.tilted fun x => -V x).prod (stdGaussian E))))
hU :
  ∀ (g : ↥(Lp ℝ 2 (Measure.map (fun p => (p.1, p.1 + √η • p.2)) ((ℙ.tilted fun x => -V x).prod (stdGaussian E))))),
    ↑↑(U g) =ᵐ[Measure.map (fun p => (p.1, p.1 + √η • p.2)) ((ℙ.tilted fun x => -V x).prod (stdGaussian E))]
      ↑↑g ∘ fun p => (p.1, 2 • p.1 - p.2)
hUi : Function.Involutive ⇑U
hUs : IsSelfAdjoint U.toContinuousLinearMap
T :
  ↥(Lp ℝ 2 (Measure.map (fun p => (p.1, p.1 + √η • p.2)) ((ℙ.tilted fun x => -V x).prod (stdGaussian E))).snd) →L[ℝ]
    ↥(Lp ℝ 2 (Measure.map (fun p => (p.1, p.1 + √η • p.2)) ((ℙ.tilted fun x => -V x).prod (stdGaussian E))).snd)
hTs : IsSelfAdjoint T
hAll :
  ∀ (u : ↥(Lp ℝ 2 (Measure.map (fun p => (p.1, p.1 + √η • p.2)) ((ℙ.tilted fun x => -V x).prod (stdGaussian E))).snd)),
    ‖T u‖ ≤ ‖u‖ ∧
      (↑↑(T u) =ᵐ[(Measure.map (fun p => (p.1, p.1 + √η • p.2)) ((ℙ.tilted fun x => -V x).prod (stdGaussian E))).snd]
          fun y => ∫ (x : E), ↑↑u x ∂S y) ∧
        ∫ (y : E),
            ↑↑(T u)
              y ∂(Measure.map (fun p => (p.1, p.1 + √η • p.2)) ((ℙ.tilted fun x => -V x).prod (stdGaussian E))).snd =
          ∫ (y : E),
            ↑↑u y ∂(Measure.map (fun p => (p.1, p.1 + √η • p.2)) ((ℙ.tilted fun x => -V x).prod (stdGaussian E))).snd
hAeq :
  (lpMeas ℝ ℝ (MeasurableSpace.comap Prod.snd inferInstance) 2
          (Measure.map (fun p => (p.1, p.1 + √η • p.2))
            ((ℙ.tilted fun x => -V x).prod (stdGaussian E)))).orthogonalProjectionOnto ∘SL
      U.toContinuousLinearMap ∘SL
        (lpMeas ℝ ℝ (MeasurableSpace.comap Prod.snd inferInstance) 2
            (Measure.map (fun p => (p.1, p.1 + √η • p.2)) ((ℙ.tilted fun x => -V x).prod (stdGaussian E)))).subtypeL =
    e.conjStarAlgEquiv T
hAs :
  IsSelfAdjoint
    ((lpMeas ℝ ℝ (MeasurableSpace.comap Prod.snd inferInstance) 2
          (Measure.map (fun p => (p.1, p.1 + √η • p.2))
            ((ℙ.tilted fun x => -V x).prod (stdGaussian E)))).orthogonalProjectionOnto ∘SL
      U.toContinuousLinearMap ∘SL
        (lpMeas ℝ ℝ (MeasurableSpace.comap Prod.snd inferInstance) 2
            (Measure.map (fun p => (p.1, p.1 + √η • p.2)) ((ℙ.tilted fun x => -V x).prod (stdGaussian E)))).subtypeL)
hAn :
  ∀
    (f :
      ↥(lpMeas ℝ ℝ (MeasurableSpace.comap Prod.snd inferInstance) 2
          (Measure.map (fun p => (p.1, p.1 + √η • p.2)) ((ℙ.tilted fun x => -V x).prod (stdGaussian E))))),
    ‖((lpMeas ℝ ℝ (MeasurableSpace.comap Prod.snd inferInstance) 2
                (Measure.map (fun p => (p.1, p.1 + √η • p.2))
                  ((ℙ.tilted fun x => -V x).prod (stdGaussian E)))).orthogonalProjectionOnto ∘SL
            U.toContinuousLinearMap ∘SL
              (lpMeas ℝ ℝ (MeasurableSpace.comap Prod.snd inferInstance) 2
                  (Measure.map (fun p => (p.1, p.1 + √η • p.2))
                    ((ℙ.tilted fun x => -V x).prod (stdGaussian E)))).subtypeL)
          f‖ ≤
      ‖f‖
hPB :
  ∀
    (f :
      ↥(lpMeas ℝ ℝ (MeasurableSpace.comap Prod.snd inferInstance) 2
          (Measure.map (fun p => (p.1, p.1 + √η • p.2)) ((ℙ.tilted fun x => -V x).prod (stdGaussian E))))),
    ((lpMeas ℝ ℝ (MeasurableSpace.comap Prod.snd inferInstance) 2
              (Measure.map (fun p => (p.1, p.1 + √η • p.2))
                ((ℙ.tilted fun x => -V x).prod (stdGaussian E)))).subtypeL ∘SL
          condExpL2 ℝ ℝ ⋯)
        ((((1 -
                  (lpMeas ℝ ℝ (MeasurableSpace.comap Prod.snd inferInstance) 2
                        (Measure.map (fun p => (p.1, p.1 + √η • p.2))
                          ((ℙ.tilted fun x => -V x).prod (stdGaussian E)))).subtypeL ∘SL
                    condExpL2 ℝ ℝ ⋯) *
                U.toContinuousLinearMap *
              (lpMeas ℝ ℝ (MeasurableSpace.comap Prod.snd inferInstance) 2
                    (Measure.map (fun p => (p.1, p.1 + √η • p.2))
                      ((ℙ.tilted fun x => -V x).prod (stdGaussian E)))).subtypeL ∘SL
                condExpL2 ℝ ℝ ⋯) ∘SL
            (lpMeas ℝ ℝ (MeasurableSpace.comap Prod.snd inferInstance) 2
                (Measure.map (fun p => (p.1, p.1 + √η • p.2))
                  ((ℙ.tilted fun x => -V x).prod (stdGaussian E)))).subtypeL)
          f) =
      0
Γ :
  ↥(Lp ℝ 2 (Measure.map (fun p => (p.1, p.1 + √η • p.2)) ((ℙ.tilted fun x => -V x).prod (stdGaussian E))).snd) →L[ℝ]
    ↥(Lp ℝ 2 (Measure.map (fun p => (p.1, p.1 + √η • p.2)) ((ℙ.tilted fun x => -V x).prod (stdGaussian E))).snd)
hΓ : Γ.IsPositive
hΓSq : Γ * Γ = 1 - T * T
hΓP : (e.conjStarAlgEquiv Γ).IsPositive
hΓPSq :
  e.conjStarAlgEquiv Γ * e.conjStarAlgEquiv Γ =
    1 -
      (lpMeas ℝ ℝ (MeasurableSpace.comap Prod.snd inferInstance) 2
              (Measure.map (fun p => (p.1, p.1 + √η • p.2))
                ((ℙ.tilted fun x => -V x).prod (stdGaussian E)))).orthogonalProjectionOnto ∘SL
          U.toContinuousLinearMap ∘SL
            (lpMeas ℝ ℝ (MeasurableSpace.comap Prod.snd inferInstance) 2
                (Measure.map (fun p => (p.1, p.1 + √η • p.2))
                  ((ℙ.tilted fun x => -V x).prod (stdGaussian E)))).subtypeL *
        (lpMeas ℝ ℝ (MeasurableSpace.comap Prod.snd inferInstance) 2
              (Measure.map (fun p => (p.1, p.1 + √η • p.2))
                ((ℙ.tilted fun x => -V x).prod (stdGaussian E)))).orthogonalProjectionOnto ∘SL
          U.toContinuousLinearMap ∘SL
            (lpMeas ℝ ℝ (MeasurableSpace.comap Prod.snd inferInstance) 2
                (Measure.map (fun p => (p.1, p.1 + √η • p.2)) ((ℙ.tilted fun x => -V x).prod (stdGaussian E)))).subtypeL
hGram :
  ContinuousLinearMap.adjoint
        (((1 -
                (lpMeas ℝ ℝ (MeasurableSpace.comap Prod.snd inferInstance) 2
                      (Measure.map (fun p => (p.1, p.1 + √η • p.2))
                        ((ℙ.tilted fun x => -V x).prod (stdGaussian E)))).subtypeL ∘SL
                  condExpL2 ℝ ℝ ⋯) *
              U.toContinuousLinearMap *
            (lpMeas ℝ ℝ (MeasurableSpace.comap Prod.snd inferInstance) 2
                  (Measure.map (fun p => (p.1, p.1 + √η • p.2))
                    ((ℙ.tilted fun x => -V x).prod (stdGaussian E)))).subtypeL ∘SL
              condExpL2 ℝ ℝ ⋯) ∘SL
          (lpMeas ℝ ℝ (MeasurableSpace.comap Prod.snd inferInstance) 2
              (Measure.map (fun p => (p.1, p.1 + √η • p.2))
                ((ℙ.tilted fun x => -V x).prod (stdGaussian E)))).subtypeL) ∘SL
      ((1 -
              (lpMeas ℝ ℝ (MeasurableSpace.comap Prod.snd inferInstance) 2
                    (Measure.map (fun p => (p.1, p.1 + √η • p.2))
                      ((ℙ.tilted fun x => -V x).prod (stdGaussian E)))).subtypeL ∘SL
                condExpL2 ℝ ℝ ⋯) *
            U.toContinuousLinearMap *
          (lpMeas ℝ ℝ (MeasurableSpace.comap Prod.snd inferInstance) 2
                (Measure.map (fun p => (p.1, p.1 + √η • p.2))
                  ((ℙ.tilted fun x => -V x).prod (stdGaussian E)))).subtypeL ∘SL
            condExpL2 ℝ ℝ ⋯) ∘SL
        (lpMeas ℝ ℝ (MeasurableSpace.comap Prod.snd inferInstance) 2
            (Measure.map (fun p => (p.1, p.1 + √η • p.2)) ((ℙ.tilted fun x => -V x).prod (stdGaussian E)))).subtypeL =
    e.conjStarAlgEquiv Γ * e.conjStarAlgEquiv Γ
q : ↥(Lp ℝ 2 (Measure.map (fun p => (p.1, p.1 + √η • p.2)) ((ℙ.tilted fun x => -V x).prod (stdGaussian E))).snd)
hqa :
  ↑↑q =ᵐ[(Measure.map (fun p => (p.1, p.1 + √η • p.2)) ((ℙ.tilted fun x => -V x).prod (stdGaussian E))).snd] fun x => 1
hTq : T q = q
hq :
  ∀ (u : ↥(Lp ℝ 2 (Measure.map (fun p => (p.1, p.1 + √η • p.2)) ((ℙ.tilted fun x => -V x).prod (stdGaussian E))).snd)),
    ⟪q, u⟫ =
      ∫ (y : E),
        ↑↑u y ∂(Measure.map (fun p => (p.1, p.1 + √η • p.2)) ((ℙ.tilted fun x => -V x).prod (stdGaussian E))).snd
hCenter :
  ∀
    (f :
      ↥(lpMeas ℝ ℝ (MeasurableSpace.comap Prod.snd inferInstance) 2
          (Measure.map (fun p => (p.1, p.1 + √η • p.2)) ((ℙ.tilted fun x => -V x).prod (stdGaussian E))))),
    f ∈ (↑((innerSL ℝ) (e q))).ker ↔
      ∫ (y : E),
          ↑↑(e.symm f)
            y ∂(Measure.map (fun p => (p.1, p.1 + √η • p.2)) ((ℙ.tilted fun x => -V x).prod (stdGaussian E))).snd =
        0
hΓPq : (e.conjStarAlgEquiv Γ) (e q) = 0
hγ : 0 < 2 * √(↑α * η) / (1 + ↑α * η)
A : ↥HP →L[ℝ] ↥HP := HP.orthogonalProjectionOnto ∘SL U.toContinuousLinearMap ∘SL HP.subtypeL
B : ↥HP →L[ℝ] ↥(Lp ℝ 2 J) := ((1 - P) * U.toContinuousLinearMap * P) ∘SL HP.subtypeL
ΓP : ↥HP →L[ℝ] ↥HP := e.conjStarAlgEquiv Γ
qP : ↥HP := e q
HP0 : Submodule ℝ ↥HP := (↑((innerSL ℝ) qP)).ker
this✝⁴ : NormedAddCommGroup ↥HP0 := HP0.normedAddCommGroup
this✝³ : InnerProductSpace ℝ ↥HP0 := HP0.innerProductSpace
this✝² : CompleteSpace ↥HP0 := IsClosed.completeSpace_coe
Hperp : Submodule ℝ ↥(Lp ℝ 2 J) := (↑P).ker
this✝¹ : NormedAddCommGroup ↥Hperp := Hperp.normedAddCommGroup
this✝ : InnerProductSpace ℝ ↥Hperp := Hperp.innerProductSpace
this : CompleteSpace ↥Hperp := IsClosed.completeSpace_coe
B0 : ↥HP0 →L[ℝ] ↥Hperp
hB0 :
  ∀ (f : ↥(↑((innerSL ℝ) (e q))).ker),
    ↑(B0 f) =
      (((1 -
                (lpMeas ℝ ℝ (MeasurableSpace.comap Prod.snd inferInstance) 2
                      (Measure.map (fun p => (p.1, p.1 + √η • p.2))
                        ((ℙ.tilted fun x => -V x).prod (stdGaussian E)))).subtypeL ∘SL
                  condExpL2 ℝ ℝ ⋯) *
              U.toContinuousLinearMap *
            (lpMeas ℝ ℝ (MeasurableSpace.comap Prod.snd inferInstance) 2
                  (Measure.map (fun p => (p.1, p.1 + √η • p.2))
                    ((ℙ.tilted fun x => -V x).prod (stdGaussian E)))).subtypeL ∘SL
              condExpL2 ℝ ℝ ⋯) ∘SL
          (lpMeas ℝ ℝ (MeasurableSpace.comap Prod.snd inferInstance) 2
              (Measure.map (fun p => (p.1, p.1 + √η • p.2)) ((ℙ.tilted fun x => -V x).prod (stdGaussian E)))).subtypeL)
        ↑f
V0 : ↥HP0 →L[ℝ] ↥Hperp
hVadj : ContinuousLinearMap.adjoint V0 ∘SL V0 = 1
hVnorm : ∀ (f : ↥(↑((innerSL ℝ) (e q))).ker), ‖V0 f‖ = ‖f‖
ΓP0 : ↥HP0 →L[ℝ] ↥HP0
hΓP0 : ∀ (f : ↥(↑((innerSL ℝ) (e q))).ker), ↑(ΓP0 f) = (e.conjStarAlgEquiv Γ) ↑f
hPos0 : ΓP0.IsPositive
hOrder0 : (ΓP0 - (2 * √(↑α * η) / (1 + ↑α * η)) • 1).IsPositive
hUnit : IsUnit ΓP0
hFactor : B0 = V0 ∘SL ΓP0
Inv : ↥HP0 →L[ℝ] ↥HP0
hNormInv : ‖Inv‖ ≤ 1 / (2 * √(↑α * η) / (1 + ↑α * η))
hVdef : V0 = B0 ∘SL Inv
hLeft : Inv * ΓP0 = 1
hRight : ΓP0 * Inv = 1
R : ↥(Lp ℝ 2 J) →L[ℝ] ↥Hperp
hR : ∀ (g : ↥(Lp ℝ 2 J)), ↑(R g) = g - P g
hAmbient :
  ∀ (g : ↥(Lp ℝ 2 J)), (ContinuousLinearMap.adjoint B) g = HP0.subtypeL ((ContinuousLinearMap.adjoint B0) (R g))
hGlobal :
  ∀ (f : ↥(Lp ℝ 2 J)),
    ∫ (z : E × E), ↑↑f z ∂J = 0 →
      ∃ fP,
        HP0.subtypeL fP = (condExpL2 ℝ ℝ ⋯) f ∧
          let fperp := R f;
          let fV := (ContinuousLinearMap.adjoint V0) fperp;
          (ContinuousLinearMap.adjoint B) ↑fperp = HP0.subtypeL (ΓP0 fV) ∧
            HP0.subtypeL (ΓP0 fV) = ΓP (HP0.subtypeL fV) ∧ ‖f‖ ^ 2 = ‖fP‖ ^ 2 + ‖fperp‖ ^ 2 ∧ ‖fV‖ ≤ ‖fperp‖
hDpos : (1 + T).IsPositive
hCommSquare : Commute (Γ * Γ) (1 + T)
hCommRootPlus : Commute Γ (1 + T)
hCommRoot : Commute Γ T
hCommP : Commute ΓP A
hAq : A qP = qP
u : ↥HP0
⊢ ⟪qP, A ↑u⟫ = 0
AutoSamplingTheory/ExampleCases/ProximalBPS/ActualRootCommutation.lean:228:4: error: Type mismatch: After simplification, term
  h
 has type
  star (Inv * ΓP0) = star 1
but is expected to have type
  ΓP0 * star Inv = 1
'AutoSamplingTheory.ExampleCases.ProximalBPS.ActualRootCommutation.actual_same_root_inverse_commutation' depends on axioms: [propext,
 sorryAx,
 Classical.choice,
 Quot.sound]
