runs/20261007-companion-priority/pbps-centered-root64/square-order-draft-v3.lean:36:15: warning: `ContinuousLinearMap.sub_apply` has been deprecated: Use `sub_apply` instead

Note: The updated constant is in a different namespace. Dot notation may need to be changed (e.g., from `x.sub_apply` to `sub_apply x`).
runs/20261007-companion-priority/pbps-centered-root64/square-order-draft-v3.lean:36:45: warning: `ContinuousLinearMap.mul_apply` has been deprecated: Use `mul_apply_eq_comp` instead

Note: The updated constant is in a different namespace. Dot notation may need to be changed (e.g., from `x.mul_apply` to `mul_apply_eq_comp x`).
runs/20261007-companion-priority/pbps-centered-root64/square-order-draft-v3.lean:46:14: error(lean.synthInstanceFailed): failed to synthesize instance of type class
  NonUnitalContinuousFunctionalCalculus ℝ (↥(Lp ℂ 2 μ) →L[ℂ] ↥(Lp ℂ 2 μ)) IsSelfAdjoint

Hint: Type class instance resolution failures can be inspected with the `set_option trace.Meta.synthInstance true` command.
runs/20261007-companion-priority/pbps-centered-root64/square-order-draft-v3.lean:46:37: error(lean.synthInstanceFailed): failed to synthesize instance of type class
  NonUnitalContinuousFunctionalCalculus ℝ (↥(Lp ℂ 2 μ) →L[ℂ] ↥(Lp ℂ 2 μ)) IsSelfAdjoint

Hint: Type class instance resolution failures can be inspected with the `set_option trace.Meta.synthInstance true` command.
runs/20261007-companion-priority/pbps-centered-root64/square-order-draft-v3.lean:47:14: error(lean.synthInstanceFailed): failed to synthesize instance of type class
  NonUnitalContinuousFunctionalCalculus ℝ (↥(Lp ℂ 2 μ) →L[ℂ] ↥(Lp ℂ 2 μ)) IsSelfAdjoint

Hint: Type class instance resolution failures can be inspected with the `set_option trace.Meta.synthInstance true` command.
runs/20261007-companion-priority/pbps-centered-root64/square-order-draft-v3.lean:47:37: error(lean.synthInstanceFailed): failed to synthesize instance of type class
  NonUnitalContinuousFunctionalCalculus ℝ (↥(Lp ℂ 2 μ) →L[ℂ] ↥(Lp ℂ 2 μ)) IsSelfAdjoint

Hint: Type class instance resolution failures can be inspected with the `set_option trace.Meta.synthInstance true` command.
runs/20261007-companion-priority/pbps-centered-root64/square-order-draft-v3.lean:48:36: error: (deterministic) timeout at `whnf`, maximum number of heartbeats (1000000) has been reached

Note: Use `set_option maxHeartbeats <num>` to set the limit.

Hint: Additional diagnostic information may be available using the `set_option diagnostics true` command.
runs/20261007-companion-priority/pbps-centered-root64/square-order-draft-v3.lean:14:0: error: (deterministic) timeout at `whnf`, maximum number of heartbeats (1000000) has been reached

Note: Use `set_option maxHeartbeats <num>` to set the limit.

Hint: Additional diagnostic information may be available using the `set_option diagnostics true` command.
'AutoSamplingTheory.TechnicalLemmas.Measure.L2RealSquareOrder.positive_square_order' does not depend on any axioms
