ℹ [2866/3034] Replayed AutoSamplingTheory.TechnicalLemmas.Measure.L2RealComplexOperator
info: AutoSamplingTheory/TechnicalLemmas/Measure/L2RealComplexOperator.lean:232:0: 'AutoSamplingTheory.TechnicalLemmas.Measure.L2RealComplexOperator.exists_positive_complex_lift' depends on axioms: [propext,
 Classical.choice,
 Quot.sound]
⚠ [3034/3034] Built AutoSamplingTheory.TechnicalLemmas.Measure.L2RealSquareCommute (8.9s)
warning: AutoSamplingTheory/TechnicalLemmas/Measure/L2RealSquareCommute.lean:20:2: Try this: 
  letI̵

The goal is a proposition, so `let` is preferred over `letI`.
The difference between `let` and `letI` is that `letI` inlines the value.
But this is not relevant for proofs because of proof irrelevance.

Note: This linter can be disabled with `set_option linter.style.haveILetI false`
warning: AutoSamplingTheory/TechnicalLemmas/Measure/L2RealSquareCommute.lean:22:2: Try this: 
  letI̵

The goal is a proposition, so `let` is preferred over `letI`.
The difference between `let` and `letI` is that `letI` inlines the value.
But this is not relevant for proofs because of proof irrelevance.

Note: This linter can be disabled with `set_option linter.style.haveILetI false`
warning: AutoSamplingTheory/TechnicalLemmas/Measure/L2RealSquareCommute.lean:25:2: Try this: 
  letI̵

The goal is a proposition, so `let` is preferred over `letI`.
The difference between `let` and `letI` is that `letI` inlines the value.
But this is not relevant for proofs because of proof irrelevance.

Note: This linter can be disabled with `set_option linter.style.haveILetI false`
info: AutoSamplingTheory/TechnicalLemmas/Measure/L2RealSquareCommute.lean:67:0: 'AutoSamplingTheory.TechnicalLemmas.Measure.L2RealSquareCommute.positive_square_commutation' depends on axioms: [propext,
 Classical.choice,
 Quot.sound]
Build completed successfully (3034 jobs).
