Contributor scope: base=c05de12e6a8ca7af8ce2df8608836f8d4e90f617; HEAD=2d6cd0167adc4fae1d8d166068a2eda51cd3c3ad; affected declarations=17; changed cells=17
Scope includes base-to-working-tree edits and untracked production/metadata files.
- declaration: AutoSamplingTheory.ExampleCases.ProximalBPS.CenteredDefectOperator.actual_centered_selfadjoint_defect
- declaration: AutoSamplingTheory.ExampleCases.ProximalBPS.ConditionalGradientEnergy.reflected_conditional_gradient_energy
- declaration: AutoSamplingTheory.ExampleCases.ProximalBPS.ConditionalGradientVariance.reflected_conditional_gradient_variance
- declaration: AutoSamplingTheory.ExampleCases.ProximalBPS.L2MacroscopicMean.actual_macroscopic_l2_mean
- declaration: AutoSamplingTheory.ExampleCases.ProximalBPS.LiteralReflectedMean.reflected_gibbs_mean_c1
- declaration: AutoSamplingTheory.ExampleCases.ProximalBPS.MacroscopicEnergy.actual_macroscopic_gradient_energy_blocks
- declaration: AutoSamplingTheory.ExampleCases.ProximalBPS.MacroscopicRange.actual_macroscopic_centered_range
- declaration: AutoSamplingTheory.ExampleCases.ProximalBPS.RoughMeanGradient.actual_rough_mean_gradient
- declaration: AutoSamplingTheory.ExampleCases.ProximalBPS.SourceMeanGradientDomain.literal_source_mean_in_closed_gradient
- declaration: AutoSamplingTheory.ExampleCases.SmoothedPicardHMC.StandardizedRGOKLDimension.standardized_rgo_unique_prox_and_kl_le_dimension
- declaration: AutoSamplingTheory.ExampleCases.SmoothedPicardHMC.StandardizedRGOKLFisher.standardized_rgo_unique_prox_and_kl_le_fisher
- declaration: AutoSamplingTheory.TechnicalLemmas.FunctionalInequalities.GaussianMarginalGradient.gaussian_marginal_gradient_closable
- declaration: AutoSamplingTheory.TechnicalLemmas.FunctionalInequalities.GaussianMarginalPoincare.actual_gaussian_marginal_centered_poincare
- declaration: AutoSamplingTheory.TechnicalLemmas.Measure.GaussianReflectedMean.gaussian_reflected_mean_c1
- declaration: AutoSamplingTheory.TechnicalLemmas.Measure.L2PullbackRange.l2_pullback_range_eq_lpMeas
- declaration: Tests.ProximalBPSCenteredDefect.actual_centered_defect_coercive_and_unit
- declaration: Tests.ProximalBPSMacroscopicRange.actual_centered_macro_contraction_and_defect_gap
- cell: ASTIS-SHARED-gaussian-marginal-gradient
- cell: ASTIS-SHARED-gaussian-marginal-poincare
- cell: ASTIS-SHARED-gaussian-reflected-mean
- cell: ASTIS-SHARED-l2-pullback-range
- cell: ASTIS-SW-PBPS-centered-defect-inverse
- cell: ASTIS-SW-PBPS-centered-macro-defect-gap
- cell: ASTIS-SW-PBPS-centered-selfadjoint-defect
- cell: ASTIS-SW-PBPS-conditional-gradient-energy
- cell: ASTIS-SW-PBPS-conditional-gradient-variance
- cell: ASTIS-SW-PBPS-l2-macroscopic-mean
- cell: ASTIS-SW-PBPS-literal-reflected-mean
- cell: ASTIS-SW-PBPS-macroscopic-centered-range
- cell: ASTIS-SW-PBPS-macroscopic-energy
- cell: ASTIS-SW-PBPS-rough-mean-gradient
- cell: ASTIS-SW-PBPS-source-mean-gradient-domain
- cell: ASTIS-SW-SPHMC-standardized-rgo-kl-dimension
- cell: ASTIS-SW-SPHMC-standardized-rgo-kl-fisher
ASTIS contributor contract PASS (affected metadata only; publication/semantic/Lean gates remain required)
