measurable_fun_sum.{u_1, u_2, u_3} {α : Type u_1} {β : Type u_2} {γ : Type u_3} {m : MeasurableSpace α}
  {mβ : MeasurableSpace β} {x✝ : MeasurableSpace γ} {f : α ⊕ β → γ} (hl : Measurable (f ∘ Sum.inl))
  (hr : Measurable (f ∘ Sum.inr)) : Measurable f
Measurable.sumElim.{u_1, u_2, u_3} {α : Type u_1} {β : Type u_2} {γ : Type u_3} {m : MeasurableSpace α}
  {mβ : MeasurableSpace β} {x✝ : MeasurableSpace γ} {f : α → γ} {g : β → γ} (hf : Measurable f) (hg : Measurable g) :
  Measurable (Sum.elim f g)
MeasurableEquiv.prodSumDistrib.{u_6, u_7, u_8} (α : Type u_6) (β : Type u_7) (γ : Type u_8) [MeasurableSpace α]
  [MeasurableSpace β] [MeasurableSpace γ] : α × (β ⊕ γ) ≃ᵐ α × β ⊕ α × γ
MeasurableEquiv.measurable.{u_1, u_2} {α : Type u_1} {β : Type u_2} [MeasurableSpace α] [MeasurableSpace β]
  (e : α ≃ᵐ β) : Measurable ⇑e
WithTop.measurable_untopD.{u_1} {ι : Type u_1} [LinearOrder ι] [TopologicalSpace ι] [OrderTopology ι]
  [MeasurableSpace ι] [BorelSpace ι] (d : ι) : Measurable (WithTop.untopD d)
Measurable.untopD.{u_1, u_2} {ι : Type u_1} [LinearOrder ι] [TopologicalSpace ι] [OrderTopology ι] [MeasurableSpace ι]
  [BorelSpace ι] {α : Type u_2} {mα : MeasurableSpace α} (d : ι) {f : α → WithTop ι} (hf : Measurable f) :
  Measurable fun x => WithTop.untopD d (f x)
WithTop.measurable_coe.{u_1} {ι : Type u_1} [LinearOrder ι] [TopologicalSpace ι] [OrderTopology ι] [MeasurableSpace ι]
  [BorelSpace ι] : Measurable fun x => ↑x
WithTop.recTopCoe.{u_1, u_2} {α : Type u_1} {C : WithTop α → Sort u_2} (top : C ⊤) (coe : (a : α) → C ↑a)
  (n : WithTop α) : C n
measurableSet_eq_fun.{u_1, u_2} {α : Type u_1} {β : Type u_2} {m : MeasurableSpace α} [MeasurableSpace β]
  [MeasurableEq β] {f g : α → β} (hf : Measurable f) (hg : Measurable g) : MeasurableSet {x | f x = g x}
Measurable.ite.{u_1, u_2} {α : Type u_1} {β : Type u_2} {f g : α → β} {m : MeasurableSpace α} {mβ : MeasurableSpace β}
  {p : α → Prop} {x✝ : DecidablePred p} (hp : MeasurableSet {a | p a}) (hf : Measurable f) (hg : Measurable g) :
  Measurable fun x => if p x then f x else g x
Measurable.prodMk.{u_1, u_6, u_7} {α : Type u_1} {m : MeasurableSpace α} {β : Type u_6} {γ : Type u_7}
  {x✝ : MeasurableSpace β} {x✝¹ : MeasurableSpace γ} {f : α → β} {g : α → γ} (hf : Measurable f) (hg : Measurable g) :
  Measurable fun a => (f a, g a)
measurable_pi_apply.{u_4, u_6} {δ : Type u_4} {X : δ → Type u_6} [(a : δ) → MeasurableSpace (X a)] (a : δ) :
  Measurable fun f => f a
monotone_nat_of_le_succ.{u} {α : Type u} [Preorder α] {f : ℕ → α} (hf : ∀ (n : ℕ), f n ≤ f (n + 1)) : Monotone f
WithTop.coe_add.{u} {α : Type u} [Add α] (a b : α) : ↑(a + b) = ↑a + ↑b
WithTop.coe_lt_coe.{u_1} {α : Type u_1} {a b : α} [LT α] : ↑b < ↑a ↔ b < a
