✖ [2866/2866] Building AutoSamplingTheory.TechnicalLemmas.Measure.L2RealComplexOperator (14s)
trace: .> LEAN_PATH=E:\Samplinglib\.lake\packages\Cli\.lake\build\lib\lean;E:\Samplinglib\.lake\packages\batteries\.lake\build\lib\lean;E:\Samplinglib\.lake\packages\Qq\.lake\build\lib\lean;E:\Samplinglib\.lake\packages\aesop\.lake\build\lib\lean;E:\Samplinglib\.lake\packages\proofwidgets\.lake\build\lib\lean;E:\Samplinglib\.lake\packages\importGraph\.lake\build\lib\lean;E:\Samplinglib\.lake\packages\LeanSearchClient\.lake\build\lib\lean;E:\Samplinglib\.lake\packages\plausible\.lake\build\lib\lean;E:\Samplinglib\.lake\packages\mathlib\.lake\build\lib\lean;E:\Samplinglib\.lake\build\lib\lean c:\Users\admin\.elan\toolchains\leanprover--lean4---v4.33.0\bin\lean.exe E:\Samplinglib\AutoSamplingTheory\TechnicalLemmas\Measure\L2RealComplexOperator.lean -o E:\Samplinglib\.lake\build\lib\lean\AutoSamplingTheory\TechnicalLemmas\Measure\L2RealComplexOperator.olean -i E:\Samplinglib\.lake\build\lib\lean\AutoSamplingTheory\TechnicalLemmas\Measure\L2RealComplexOperator.ilean -c E:\Samplinglib\.lake\build\ir\AutoSamplingTheory\TechnicalLemmas\Measure\L2RealComplexOperator.c --setup E:\Samplinglib\.lake\build\ir\AutoSamplingTheory\TechnicalLemmas\Measure\L2RealComplexOperator.setup.json --json
error: AutoSamplingTheory/TechnicalLemmas/Measure/L2RealComplexOperator.lean:139:59: unsolved goals
Ω : Type u_1
inst✝ : MeasurableSpace Ω
μ : Measure Ω
D : ↥(Lp ℝ 2 μ) →L[ℝ] ↥(Lp ℝ 2 μ)
c : ℂ
g : ↥(Lp ℂ 2 μ)
⊢ c.re • g + c.im • Complex.I • g = c.re • g + c.im • Complex.I • g
error: AutoSamplingTheory/TechnicalLemmas/Measure/L2RealComplexOperator.lean:137:19: unsolved goals
Ω : Type u_1
inst✝ : MeasurableSpace Ω
μ : Measure Ω
D : ↥(Lp ℝ 2 μ) →L[ℝ] ↥(Lp ℝ 2 μ)
c : ℂ
g : ↥(Lp ℂ 2 μ)
hc : c • g = c.re • g + c.im • Complex.I • g
⊢ c.re • (liftReal μ D) g + c.im • Complex.I • (liftReal μ D) g =
    c.re • (liftReal μ D) g + c.im • Complex.I • (liftReal μ D) g
error: AutoSamplingTheory/TechnicalLemmas/Measure/L2RealComplexOperator.lean:206:4: `simp` made no progress
error: Lean exited with code 1
Some required targets logged failures:
- AutoSamplingTheory.TechnicalLemmas.Measure.L2RealComplexOperator
