E:\Samplinglib\runs\20261007-companion-priority\pbps-harmonic-flow-preproof73\independent-header-math73\HeaderOnlyCheck73V2.lean:20:5: warning: Variable name `hα` is not explicitly referenced.

Hint: The binding can be removed (if unused) or named `_` (if used implicitly). Alternatively, prefix the name with `_` to silence this warning:
  [apply] _hα

Note: This linter can be disabled with `set_option linter.unusedVariables false`
E:\Samplinglib\runs\20261007-companion-priority\pbps-harmonic-flow-preproof73\independent-header-math73\HeaderOnlyCheck73V2.lean:20:24: warning: Variable name `hαβ` is not explicitly referenced.

Hint: The binding can be removed (if unused) or named `_` (if used implicitly). Alternatively, prefix the name with `_` to silence this warning:
  [apply] _hαβ

Note: This linter can be disabled with `set_option linter.unusedVariables false`
E:\Samplinglib\runs\20261007-companion-priority\pbps-harmonic-flow-preproof73\independent-header-math73\HeaderOnlyCheck73V2.lean:20:38: warning: Variable name `hV` is not explicitly referenced.

Hint: The binding can be removed (if unused) or named `_` (if used implicitly). Alternatively, prefix the name with `_` to silence this warning:
  [apply] _hV

Note: This linter can be disabled with `set_option linter.unusedVariables false`
E:\Samplinglib\runs\20261007-companion-priority\pbps-harmonic-flow-preproof73\independent-header-math73\HeaderOnlyCheck73V2.lean:21:5: warning: Variable name `hH` is not explicitly referenced.

Hint: The binding can be removed (if unused) or named `_` (if used implicitly). Alternatively, prefix the name with `_` to silence this warning:
  [apply] _hH

Note: This linter can be disabled with `set_option linter.unusedVariables false`
E:\Samplinglib\runs\20261007-companion-priority\pbps-harmonic-flow-preproof73\independent-header-math73\HeaderOnlyCheck73V2.lean:24:5: warning: Variable name `hη` is not explicitly referenced.

Hint: The binding can be removed (if unused) or named `_` (if used implicitly). Alternatively, prefix the name with `_` to silence this warning:
  [apply] _hη

Note: This linter can be disabled with `set_option linter.unusedVariables false`
E:\Samplinglib\runs\20261007-companion-priority\pbps-harmonic-flow-preproof73\independent-header-math73\HeaderOnlyCheck73V2.lean:24:18: warning: Variable name `hβη` is not explicitly referenced.

Hint: The binding can be removed (if unused) or named `_` (if used implicitly). Alternatively, prefix the name with `_` to silence this warning:
  [apply] _hβη

Note: This linter can be disabled with `set_option linter.unusedVariables false`
@actual_harmonic_flow_statement : {E : Type u_1} →
  [inst : NormedAddCommGroup E] →
    [inst_1 : InnerProductSpace ℝ E] →
      [FiniteDimensional ℝ E] →
        [inst_3 : MeasurableSpace E] →
          [BorelSpace E] →
            {V : E → ℝ} →
              {α β : ℝ≥0} →
                {η : ℝ} →
                  0 < ↑α →
                    α ≤ β →
                      ContDiff ℝ 2 V →
                        (∀ (x v : E),
                            ↑α * ‖v‖ ^ 2 ≤ ((fderiv ℝ (fderiv ℝ V) x) v) v ∧
                              ((fderiv ℝ (fderiv ℝ V) x) v) v ≤ ↑β * ‖v‖ ^ 2) →
                          0 < η → ↑β * η ≤ 1 → Prop
@prospective_public_target : {E : Type u_1} →
  [inst : NormedAddCommGroup E] →
    [inst_1 : InnerProductSpace ℝ E] →
      [FiniteDimensional ℝ E] →
        [inst_3 : MeasurableSpace E] →
          [BorelSpace E] →
            {V : E → ℝ} →
              {α β : ℝ≥0} →
                {η : ℝ} →
                  0 < ↑α →
                    α ≤ β →
                      ContDiff ℝ 2 V →
                        (∀ (x v : E),
                            ↑α * ‖v‖ ^ 2 ≤ ((fderiv ℝ (fderiv ℝ V) x) v) v ∧
                              ((fderiv ℝ (fderiv ℝ V) x) v) v ≤ ↑β * ‖v‖ ^ 2) →
                          0 < η → ↑β * η ≤ 1 → Prop
@TechnicalLemmas.Analysis.Calculus.Gradient.continuous_gradient_of_contDiff_one : ∀ {F : Type u_1}
  [inst : NormedAddCommGroup F] [inst_1 : InnerProductSpace ℝ F] [inst_2 : CompleteSpace F] {f : F → ℝ},
  ContDiff ℝ 1 f → Continuous fun x => gradient f x
@Continuous.measurable : ∀ {α : Type u_1} {γ : Type u_2} [inst : TopologicalSpace α] [inst_1 : MeasurableSpace α]
  [OpensMeasurableSpace α] [inst_3 : TopologicalSpace γ] [inst_4 : MeasurableSpace γ] [BorelSpace γ] {f : α → γ},
  Continuous f → Measurable f
Real.hasDerivAt_sin : ∀ (x : ℝ), HasDerivAt Real.sin (Real.cos x) x
Real.hasDerivAt_cos : ∀ (x : ℝ), HasDerivAt Real.cos (-Real.sin x) x
complete_of_proper
secondCountable_of_proper
Prod.borelSpace
Prod.borelSpace
