{
  "cell": "ASTIS-SHARED-l2-positive-real-square-root",
  "targets": [
    {
      "declaration": "AutoSamplingTheory.TechnicalLemmas.Measure.L2RealSquareRoot.exists_positive_real_square_root",
      "source_item": "l2-positive-real-square-root",
      "lesson": "authored",
      "audit_id": "ASTIS-RT-20261009-L2PositiveRealSquareRoot",
      "audit_state": "blind-reconstructed",
      "publication_binding_sha256": "2b9c64cde01e98c6363ffd10ad0a3d292f4772989fa691eff4482684bd0ee1ba",
      "remaining_boundary": "REAL scalar positive root and scalar energy only. Generic real uniqueness, canonical joint GammaP / P U blocks / onto transport / typed B*B, centered root order/inverse/polar, weakH1,dynamics,hypocoercivity,main,error,cost,composition remain separate; paper/Goal open."
    }
  ],
  "graph_check": "python3 tools/astis_publication.py graph-check --cell ASTIS-SHARED-l2-positive-real-square-root",
  "missing": [],
  "next": [
    "Run the smallest focused Lean test.",
    "Reuse unchanged source/lesson/audit records; never reuse a stale binding.",
    "For a new/changed theorem, use astis-semantic-roundtrip: anonymous decoder → independent anti-anchored source review → separate repair review if needed.",
    "Run tools/astis_publication.py check --base <base commit> before stabilization."
  ],
  "boundary": "This coordinator packet is NOT decoder input. It deliberately contains source identity."
}
