∀ (n : ℕ) (f : (Fin n → ℝ) → ℝ),
  ContDiff ℝ 2 f →
    HasCompactSupport f →
      let γ := Measure.pi fun x => gaussianReal 0 1;
      let D := fun i x => (fderiv ℝ f x) (Pi.single i 1);
      Integrable (fun x => f x ^ 2) γ ∧
        Integrable (fun x => f x ^ 2 * Real.log (f x ^ 2)) γ ∧
          (∀ (i : Fin n), Integrable (fun x => D i x ^ 2) γ) ∧
            Integrable (fun x => ∑ i, D i x ^ 2) γ ∧
              ∫ (x : Fin n → ℝ), f x ^ 2 * Real.log (f x ^ 2) ∂γ -
                  (∫ (x : Fin n → ℝ), f x ^ 2 ∂γ) * Real.log (∫ (x : Fin n → ℝ), f x ^ 2 ∂γ) ≤
                2 * ∫ (x : Fin n → ℝ), ∑ i, D i x ^ 2 ∂γ : Prop
.astis/compact-product40/StatementProbe.lean:11:5: warning: Variable name `hf` is not explicitly referenced.

Hint: The binding can be removed (if unused) or named `_` (if used implicitly). Alternatively, prefix the name with `_` to silence this warning:
  [apply] _hf

Note: This linter can be disabled with `set_option linter.unusedVariables false`
.astis/compact-product40/StatementProbe.lean:11:27: warning: Variable name `hs` is not explicitly referenced.

Hint: The binding can be removed (if unused) or named `_` (if used implicitly). Alternatively, prefix the name with `_` to silence this warning:
  [apply] _hs

Note: This linter can be disabled with `set_option linter.unusedVariables false`
