✖ [2866/2866] Building AutoSamplingTheory.TechnicalLemmas.Measure.L2RealComplexOperator (15s)
trace: .> LEAN_PATH=E:\Samplinglib\.lake\packages\Cli\.lake\build\lib\lean;E:\Samplinglib\.lake\packages\batteries\.lake\build\lib\lean;E:\Samplinglib\.lake\packages\Qq\.lake\build\lib\lean;E:\Samplinglib\.lake\packages\aesop\.lake\build\lib\lean;E:\Samplinglib\.lake\packages\proofwidgets\.lake\build\lib\lean;E:\Samplinglib\.lake\packages\importGraph\.lake\build\lib\lean;E:\Samplinglib\.lake\packages\LeanSearchClient\.lake\build\lib\lean;E:\Samplinglib\.lake\packages\plausible\.lake\build\lib\lean;E:\Samplinglib\.lake\packages\mathlib\.lake\build\lib\lean;E:\Samplinglib\.lake\build\lib\lean c:\Users\admin\.elan\toolchains\leanprover--lean4---v4.33.0\bin\lean.exe E:\Samplinglib\AutoSamplingTheory\TechnicalLemmas\Measure\L2RealComplexOperator.lean -o E:\Samplinglib\.lake\build\lib\lean\AutoSamplingTheory\TechnicalLemmas\Measure\L2RealComplexOperator.olean -i E:\Samplinglib\.lake\build\lib\lean\AutoSamplingTheory\TechnicalLemmas\Measure\L2RealComplexOperator.ilean -c E:\Samplinglib\.lake\build\ir\AutoSamplingTheory\TechnicalLemmas\Measure\L2RealComplexOperator.c --setup E:\Samplinglib\.lake\build\ir\AutoSamplingTheory\TechnicalLemmas\Measure\L2RealComplexOperator.setup.json --json
error: AutoSamplingTheory/TechnicalLemmas/Measure/L2RealComplexOperator.lean:139:59: unsolved goals
Ω : Type u_1
inst✝ : MeasurableSpace Ω
μ : Measure Ω
D : ↥(Lp ℝ 2 μ) →L[ℝ] ↥(Lp ℝ 2 μ)
c : ℂ
g : ↥(Lp ℂ 2 μ)
⊢ c.re • g + c.im • Complex.I • g = (↑c.re + ↑c.im * Complex.I).re • g + (↑c.re + ↑c.im * Complex.I).im • Complex.I • g
error: AutoSamplingTheory/TechnicalLemmas/Measure/L2RealComplexOperator.lean:137:19: unsolved goals
Ω : Type u_1
inst✝ : MeasurableSpace Ω
μ : Measure Ω
D : ↥(Lp ℝ 2 μ) →L[ℝ] ↥(Lp ℝ 2 μ)
c : ℂ
g : ↥(Lp ℂ 2 μ)
hc : c • g = c.re • g + c.im • Complex.I • g
⊢ (↑c.re + ↑c.im * Complex.I).re • (liftReal μ D) g + (↑c.re + ↑c.im * Complex.I).im • Complex.I • (liftReal μ D) g =
    c.re • (liftReal μ D) g + c.im • Complex.I • (liftReal μ D) g
info: AutoSamplingTheory/TechnicalLemmas/Measure/L2RealComplexOperator.lean:194:6: Try this:
  [apply] ring_nf
  
  The `ring` tactic failed to close the goal. Use `ring_nf` to obtain a normal form.
    
  Note that `ring` works primarily in *commutative* rings. If you have a noncommutative ring, abelian group or module, consider using `noncomm_ring`, `abel` or `module` instead.
error: AutoSamplingTheory/TechnicalLemmas/Measure/L2RealComplexOperator.lean:189:13: unsolved goals
Ω : Type u_1
inst✝ : MeasurableSpace Ω
μ : Measure Ω
D : ↥(Lp ℝ 2 μ) →L[ℝ] ↥(Lp ℝ 2 μ)
hD : D.IsPositive
g : ↥(Lp ℂ 2 μ)
hcross : inner ℝ (D ((imagPart μ) g)) ((realPart μ) g) = inner ℝ (D ((realPart μ) g)) ((imagPart μ) g)
⊢ ↑(inner ℝ (D ((realPart μ) g)) ((realPart μ) g)) - Complex.I ^ 2 * ↑(inner ℝ (D ((imagPart μ) g)) ((imagPart μ) g)) =
    ↑(inner ℝ (D ((realPart μ) g)) ((realPart μ) g)) + ↑(inner ℝ (D ((imagPart μ) g)) ((imagPart μ) g))
warning: AutoSamplingTheory/TechnicalLemmas/Measure/L2RealComplexOperator.lean:192:17: This simp argument is unused:
  map_add

Hint: Omit it from the simp argument list.
  [apply] simp only [Complex.conj_I]

Note: This linter can be disabled with `set_option linter.unusedSimpArgs false`
error: AutoSamplingTheory/TechnicalLemmas/Measure/L2RealComplexOperator.lean:198:8: Unknown constant `ContinuousLinearMap.isPositive_iff_complex.mpr`
error: AutoSamplingTheory/TechnicalLemmas/Measure/L2RealComplexOperator.lean:199:8: No goals to be solved
error: Lean exited with code 1
Some required targets logged failures:
- AutoSamplingTheory.TechnicalLemmas.Measure.L2RealComplexOperator
