Tests/WeightedC1GradientDomain.lean:18:81: warning: This simp argument is unused:
  potential

Hint: Omit it from the simp argument list.
  [apply] simp [Pi.add_apply, mul_comm]

Note: This linter can be disabled with `set_option linter.unusedSimpArgs false`
Tests/WeightedC1GradientDomain.lean:18:92: warning: This simp argument is unused:
  Pi.add_apply

Hint: Omit it from the simp argument list.
  [apply] simp [potential, mul_comm]

Note: This linter can be disabled with `set_option linter.unusedSimpArgs false`
'Tests.WeightedC1GradientDomain.actual_nonquadratic_score_original_domain' depends on axioms: [propext,
 Classical.choice,
 Quot.sound]
'Tests.WeightedC1GradientDomain.actual_zero_dim_constant_original_domain' depends on axioms: [propext,
 Classical.choice,
 Quot.sound]
'AutoSamplingTheory.TechnicalLemmas.FunctionalInequalities.WeightedC1GradientDomain.c1_in_closed_gradient' depends on axioms: [propext,
 Classical.choice,
 Quot.sound]
'AutoSamplingTheory.TechnicalLemmas.FunctionalInequalities.WeightedC1GradientDomain.constants_in_closed_gradient' depends on axioms: [propext,
 Classical.choice,
 Quot.sound]
'AutoSamplingTheory.TechnicalLemmas.FunctionalInequalities.GibbsGradientKernelEquality.closed_gradient_zero_iff_ae_constant' depends on axioms: [propext,
 Classical.choice,
 Quot.sound]
'AutoSamplingTheory.ExampleCases.ProximalBPS.ConditionalScoreClosedDomain.conditional_score_closed_gradient_domain' depends on axioms: [propext,
 Classical.choice,
 Quot.sound]
