⚠ [3032/3099] Replayed AutoSamplingTheory.TechnicalLemmas.FunctionalInequalities.CompactC1GradientDomain
warning: AutoSamplingTheory/TechnicalLemmas/FunctionalInequalities/CompactC1GradientDomain.lean:100:8: automatically included section variable(s) unused in theorem `_private.AutoSamplingTheory.TechnicalLemmas.FunctionalInequalities.CompactC1GradientDomain.0.AutoSamplingTheory.TechnicalLemmas.FunctionalInequalities.CompactC1GradientDomain.l2_convergence`:
  [NormedAddCommGroup E]
  [InnerProductSpace ℝ E]
  [FiniteDimensional ℝ E]
  [BorelSpace E]
consider restructuring your `variable` declarations so that the variables are not in scope or explicitly omit them:
  omit [NormedAddCommGroup E] [InnerProductSpace ℝ E] [FiniteDimensional ℝ E] [BorelSpace E] in theorem ...

Note: This linter can be disabled with `set_option linter.unusedSectionVars false`
ℹ [3264/3307] Replayed AutoSamplingTheory.ExampleCases.ProximalBPS.ConditionalScore
info: AutoSamplingTheory/ExampleCases/ProximalBPS/ConditionalScore.lean:296:52: Try this:
  [apply] ring_nf
  
  The `ring` tactic failed to close the goal. Use `ring_nf` to obtain a normal form.
    
  Note that `ring` works primarily in *commutative* rings. If you have a noncommutative ring, abelian group or module, consider using `noncomm_ring`, `abel` or `module` instead.
⚠ [3266/3307] Replayed AutoSamplingTheory.ExampleCases.ProximalBPS.ConditionalScoreDomain
warning: AutoSamplingTheory/ExampleCases/ProximalBPS/ConditionalScoreDomain.lean:199:15: This simp argument is unused:
  smul_eq_mul

Hint: Omit it from the simp argument list.
  [apply] simp only [Real.norm_eq_abs, abs_of_nonneg (mul_nonneg (Real.exp_nonneg _) (sq_nonneg _))]

Note: This linter can be disabled with `set_option linter.unusedSimpArgs false`
warning: AutoSamplingTheory/ExampleCases/ProximalBPS/ConditionalScoreDomain.lean:80:114: Used `tac1 <;> tac2` where `(tac1; tac2)` would suffice

Note: This linter can be disabled with `set_option linter.unnecessarySeqFocus false`
⚠ [3307/3307] Replayed Tests.WeightedC1GradientDomain
warning: Tests/WeightedC1GradientDomain.lean:18:81: This simp argument is unused:
  potential

Hint: Omit it from the simp argument list.
  [apply] simp [Pi.add_apply, mul_comm]

Note: This linter can be disabled with `set_option linter.unusedSimpArgs false`
warning: Tests/WeightedC1GradientDomain.lean:18:92: This simp argument is unused:
  Pi.add_apply

Hint: Omit it from the simp argument list.
  [apply] simp [potential, mul_comm]

Note: This linter can be disabled with `set_option linter.unusedSimpArgs false`
info: Tests/WeightedC1GradientDomain.lean:104:0: 'Tests.WeightedC1GradientDomain.actual_nonquadratic_score_original_domain' depends on axioms: [propext,
 Classical.choice,
 Quot.sound]
info: Tests/WeightedC1GradientDomain.lean:105:0: 'Tests.WeightedC1GradientDomain.actual_zero_dim_constant_original_domain' depends on axioms: [propext,
 Classical.choice,
 Quot.sound]
info: Tests/WeightedC1GradientDomain.lean:107:0: 'AutoSamplingTheory.TechnicalLemmas.FunctionalInequalities.WeightedC1GradientDomain.c1_in_closed_gradient' depends on axioms: [propext,
 Classical.choice,
 Quot.sound]
info: Tests/WeightedC1GradientDomain.lean:108:0: 'AutoSamplingTheory.TechnicalLemmas.FunctionalInequalities.WeightedC1GradientDomain.constants_in_closed_gradient' depends on axioms: [propext,
 Classical.choice,
 Quot.sound]
info: Tests/WeightedC1GradientDomain.lean:109:0: 'AutoSamplingTheory.TechnicalLemmas.FunctionalInequalities.GibbsGradientKernelEquality.closed_gradient_zero_iff_ae_constant' depends on axioms: [propext,
 Classical.choice,
 Quot.sound]
info: Tests/WeightedC1GradientDomain.lean:110:0: 'AutoSamplingTheory.ExampleCases.ProximalBPS.ConditionalScoreClosedDomain.conditional_score_closed_gradient_domain' depends on axioms: [propext,
 Classical.choice,
 Quot.sound]
Build completed successfully (3307 jobs).
