.astis/WeightedC1DomainPrototype.lean:99:8: warning: automatically included section variable(s) unused in theorem `_private.«.astis».WeightedC1DomainPrototype.0.WeightedC1DomainPrototype.actual_cutoff_function_convergence`:
  [FiniteDimensional ℝ E]
consider restructuring your `variable` declarations so that the variables are not in scope or explicitly omit them:
  omit [FiniteDimensional ℝ E] in theorem ...

Note: This linter can be disabled with `set_option linter.unusedSectionVars false`
'WeightedC1DomainPrototype.c1_in_closed_gradient' depends on axioms: [propext, Classical.choice, Quot.sound]
'WeightedC1DomainPrototype.constants_in_closed_gradient' depends on axioms: [propext, Classical.choice, Quot.sound]
'WeightedC1DomainPrototype.closed_gradient_zero_iff_ae_constant' depends on axioms: [propext,
 Classical.choice,
 Quot.sound]
.astis/WeightedC1DomainPrototype.lean:315:2: warning: Try this: 
  letI̵

The goal is a proposition, so `let` is preferred over `letI`.
The difference between `let` and `letI` is that `letI` inlines the value.
But this is not relevant for proofs because of proof irrelevance.

Note: This linter can be disabled with `set_option linter.style.haveILetI false`
'WeightedC1DomainPrototype.conditional_score_closed_gradient_domain' depends on axioms: [propext,
 Classical.choice,
 Quot.sound]
.astis/WeightedC1DomainPrototype.lean:340:81: warning: This simp argument is unused:
  potential

Hint: Omit it from the simp argument list.
  [apply] simp [Pi.add_apply, mul_comm]

Note: This linter can be disabled with `set_option linter.unusedSimpArgs false`
.astis/WeightedC1DomainPrototype.lean:340:92: warning: This simp argument is unused:
  Pi.add_apply

Hint: Omit it from the simp argument list.
  [apply] simp [potential, mul_comm]

Note: This linter can be disabled with `set_option linter.unusedSimpArgs false`
.astis/WeightedC1DomainPrototype.lean:420:2: warning: Try this: 
  haveI̵

The goal is a proposition, so `have` is preferred over `haveI`.
The difference between `have` and `haveI` is that `haveI` inlines the value.
But this is not relevant for proofs because of proof irrelevance.

Note: This linter can be disabled with `set_option linter.style.haveILetI false`
'WeightedC1DomainPrototype.FutureDomainStress.actual_nonquadratic_score_original_domain' depends on axioms: [propext,
 Classical.choice,
 Quot.sound]
'WeightedC1DomainPrototype.FutureDomainStress.actual_zero_dim_constant_original_domain' depends on axioms: [propext,
 Classical.choice,
 Quot.sound]
