{
  "cell": "ASTIS-SW-PBPS-actual-projected-rotation",
  "status": "graph coverage checked",
  "contributions": [
    {
      "node": "decl:AutoSamplingTheory.ExampleCases.ProximalBPS.ActualProjectedRotation.actual_projected_rotation",
      "focus": "lean-foundations.html?view=lean&focus=decl%3AAutoSamplingTheory.ExampleCases.ProximalBPS.ActualProjectedRotation.actual_projected_rotation&q=AutoSamplingTheory.ExampleCases.ProximalBPS.ActualProjectedRotation.actual_projected_rotation",
      "connections": [
        {
          "source": "decl:AutoSamplingTheory.ExampleCases.ProximalBPS.ActualProjectedRotation.actual_projected_rotation",
          "target": "semantic-audit:ASTIS-RT-20261009-PBPSActualProjectedRotation",
          "relation": "Lean target under audit"
        },
        {
          "source": "module:AutoSamplingTheory.ExampleCases.ProximalBPS.ActualProjectedRotation",
          "target": "decl:AutoSamplingTheory.ExampleCases.ProximalBPS.ActualProjectedRotation.actual_projected_rotation",
          "relation": "declares"
        },
        {
          "source": "decl:AutoSamplingTheory.ExampleCases.ProximalBPS.ActualProjectedRotation.actual_projected_rotation",
          "target": "case:ASTIS-SW-PBPS-2026",
          "relation": "source correspondence; not a Lean dependency"
        },
        {
          "source": "decl:AutoSamplingTheory.ExampleCases.ProximalBPS.ReflectionIntertwining.actual_reflection_intertwining",
          "target": "decl:AutoSamplingTheory.ExampleCases.ProximalBPS.ActualProjectedRotation.actual_projected_rotation",
          "relation": "source reference (scanner)"
        },
        {
          "source": "decl:AutoSamplingTheory.TechnicalLemmas.Geometry.LogConcavity.LogConcaveOn.prod",
          "target": "decl:AutoSamplingTheory.ExampleCases.ProximalBPS.ActualProjectedRotation.actual_projected_rotation",
          "relation": "source reference (scanner)"
        }
      ],
      "omitted_connections": 0
    }
  ],
  "boundary": "Reference scans are incomplete. Inspect the affected view; this report is not visual QA or a proof certificate."
}
