✖ [3161/3161] Building AutoSamplingTheory.TechnicalLemmas.FunctionalInequalities.GaussianCompactEntropy (7.6s)
trace: .> LEAN_PATH=E:\Samplinglib\.lake\packages\Cli\.lake\build\lib\lean;E:\Samplinglib\.lake\packages\batteries\.lake\build\lib\lean;E:\Samplinglib\.lake\packages\Qq\.lake\build\lib\lean;E:\Samplinglib\.lake\packages\aesop\.lake\build\lib\lean;E:\Samplinglib\.lake\packages\proofwidgets\.lake\build\lib\lean;E:\Samplinglib\.lake\packages\importGraph\.lake\build\lib\lean;E:\Samplinglib\.lake\packages\LeanSearchClient\.lake\build\lib\lean;E:\Samplinglib\.lake\packages\plausible\.lake\build\lib\lean;E:\Samplinglib\.lake\packages\mathlib\.lake\build\lib\lean;E:\Samplinglib\.lake\build\lib\lean c:\Users\admin\.elan\toolchains\leanprover--lean4---v4.33.0\bin\lean.exe E:\Samplinglib\AutoSamplingTheory\TechnicalLemmas\FunctionalInequalities\GaussianCompactEntropy.lean -o E:\Samplinglib\.lake\build\lib\lean\AutoSamplingTheory\TechnicalLemmas\FunctionalInequalities\GaussianCompactEntropy.olean -i E:\Samplinglib\.lake\build\lib\lean\AutoSamplingTheory\TechnicalLemmas\FunctionalInequalities\GaussianCompactEntropy.ilean -c E:\Samplinglib\.lake\build\ir\AutoSamplingTheory\TechnicalLemmas\FunctionalInequalities\GaussianCompactEntropy.c --setup E:\Samplinglib\.lake\build\ir\AutoSamplingTheory\TechnicalLemmas\FunctionalInequalities\GaussianCompactEntropy.setup.json --json
error: AutoSamplingTheory/TechnicalLemmas/FunctionalInequalities/GaussianCompactEntropy.lean:83:4: Type mismatch: After simplification, term
  HasCompactSupport.comp_left hs
    (of_eq_true
      (Eq.trans
        (congrFun'
          (congrArg Eq
            (zero_pow (of_eq_true (Eq.trans (congrArg Not (OfNat.ofNat_ne_zero._simp_1 2)) not_false_eq_true))))
          0)
        (eq_self 0)))
 has type
  @HasCompactSupport ℝ ℝ PseudoMetricSpace.toUniformSpace.toTopologicalSpace Real.instZero ((fun t => t ^ 2) ∘ f)
but is expected to have type
error: build failed
  @HasCompactSupport ℝ ℝ PseudoMetricSpace.toUniformSpace.toTopologicalSpace Real.instZero fun x => f x ^ 2
error: AutoSamplingTheory/TechnicalLemmas/FunctionalInequalities/GaussianCompactEntropy.lean:87:4: Type mismatch: After simplification, term
  HasCompactSupport.comp_left sA
    (of_eq_true
      (Eq.trans (congrFun' (congrArg Eq (Eq.trans (congrArg (HMul.hMul 0) Real.log_zero) (mul_zero 0))) 0) (eq_self 0)))
 has type
  @HasCompactSupport ℝ ℝ PseudoMetricSpace.toUniformSpace.toTopologicalSpace Real.instZero
    ((fun t => t * Real.log t) ∘ fun x => f x ^ 2)
but is expected to have type
  @HasCompactSupport ℝ ℝ PseudoMetricSpace.toUniformSpace.toTopologicalSpace Real.instZero fun x =>
    f x ^ 2 * Real.log (f x ^ 2)
error: AutoSamplingTheory/TechnicalLemmas/FunctionalInequalities/GaussianCompactEntropy.lean:92:4: Type mismatch: After simplification, term
  HasCompactSupport.comp_left (HasCompactSupport.deriv hs)
    (of_eq_true
      (Eq.trans
        (congrFun'
          (congrArg Eq
            (zero_pow (of_eq_true (Eq.trans (congrArg Not (OfNat.ofNat_ne_zero._simp_1 2)) not_false_eq_true))))
          0)
        (eq_self 0)))
 has type
  @HasCompactSupport ℝ ℝ PseudoMetricSpace.toUniformSpace.toTopologicalSpace Real.instZero ((fun t => t ^ 2) ∘ deriv f)
but is expected to have type
  @HasCompactSupport ℝ ℝ PseudoMetricSpace.toUniformSpace.toTopologicalSpace Real.instZero fun x => deriv f x ^ 2
error: Lean exited with code 1
Some required targets logged failures:
- AutoSamplingTheory.TechnicalLemmas.FunctionalInequalities.GaussianCompactEntropy
