{
  "panels": [
    {
      "label": "unit0-copy-and-download",
      "panels": [
        {
          "head": "theorem quadratic_corrector_perturbation\n    {H : Type*} [NormedAddCommGroup H] [InnerProductSpace ℝ",
          "tail": "(Inv u)) v\n    C (u + G r) (v - A r) - C u v =\n      inner ℝ u (Inv r) + ‖r‖^2/2"
        },
        {
          "head": "theorem quadratic_corrector_perturbation\n    {H : Type*} [NormedAddCommGroup H] [InnerProductSpace ℝ",
          "tail": "calLemmas.Analysis.HilbertCorrectorPerturbation.quadratic_corrector_perturbation"
        }
      ]
    },
    {
      "label": "unit1-copy-and-download",
      "panels": [
        {
          "head": "theorem actual_corrector_perturbation\n    {E : Type*} [NormedAddCommGroup E] [InnerProductSpace ℝ E]",
          "tail": "or_perturbation_statement (E:=E) (V:=V) (α:=α) (β:=β) (η:=η) hα hαβ hV hH hη hβη"
        },
        {
          "head": "theorem actual_corrector_perturbation\n    {E : Type*} [NormedAddCommGroup E] [InnerProductSpace ℝ E]",
          "tail": "ampleCases.ProximalBPS.ActualCorrectorPerturbation.actual_corrector_perturbation"
        },
        {
          "head": "private def actual_corrector_perturbation_statement\n    {E : Type*} [NormedAddCommGroup E] [InnerPro",
          "tail": " (v-A0 r)-C u v=\n                                    inner ℝ u (Inv r)+‖r‖^2/2))"
        }
      ]
    }
  ],
  "recovery": {
    "status": "TYPED_RECORDING_AND_DEPENDENCY_CONTROL_REPAIR_NO_MATH_CHANGE",
    "actual_root_PID": 52208,
    "failed_admin_PID": 26688,
    "failed_admin_exit": 1,
    "failed_before_canonical_admin_writes": true,
    "diagnosis": "Generic publication has statement/proof only:2 panels/downloads. Actual publication additionally has private full literal:3. Both copied byte-exact, all initially folded; expected total is5, not6.",
    "premature_dependent_graph": "Retain original official-graph-final-admin observer as pre-admin evidence only. Guard rejects next final gate before output writes until actual final-admin exists; fresh graph label after recovery required.",
    "independent_math_source_and_closed_reviews_unchanged": true
  },
  "html_snippet": "parents, Mathlib calls and external mathematical sources are distinguished in each proof.</p><article class=\"proof-reader\" data-authored-declaration=\"AutoSamplingTheory.ExampleCases.ProximalBPS.ActualCorrectorPerturbation.actual_corrector_perturbation\"><div class=\"eyebrow\">Samplinglib mathematical lesson</div><h2>Actual PBPS corrector perturbation with the same witnesses</h2><p><code>AutoSamplingTheory.ExampleCases.ProximalBPS.ActualCorrectorPerturbation.actual_corrector_perturbation</code> · theorem · <a href=\"../../../lessons/index.html\">Teaching coverage</a></p><section class=\"reader-first-pass\" aria-label=\"First reading\"><div class=\"reade"
}
