⚠ [3649/3650] Replayed AutoSamplingTheory.TechnicalLemmas.Measure.GaussianConvolutionRegularity
warning: AutoSamplingTheory/TechnicalLemmas/Measure/GaussianConvolutionRegularity.lean:68:8: automatically included section variable(s) unused in theorem `_private.AutoSamplingTheory.TechnicalLemmas.Measure.GaussianConvolutionRegularity.0.AutoSamplingTheory.TechnicalLemmas.Measure.GaussianConvolutionRegularity.weight_bounds`:
  [InnerProductSpace ℝ E]
consider restructuring your `variable` declarations so that the variables are not in scope or explicitly omit them:
  omit [InnerProductSpace ℝ E] in theorem ...

Note: This linter can be disabled with `set_option linter.unusedSectionVars false`
warning: AutoSamplingTheory/TechnicalLemmas/Measure/GaussianConvolutionRegularity.lean:319:8: automatically included section variable(s) unused in theorem `_private.AutoSamplingTheory.TechnicalLemmas.Measure.GaussianConvolutionRegularity.0.AutoSamplingTheory.TechnicalLemmas.Measure.GaussianConvolutionRegularity.posteriorIntegral`:
  [InnerProductSpace ℝ E]
  [BorelSpace E]
  [FiniteDimensional ℝ E]
consider restructuring your `variable` declarations so that the variables are not in scope or explicitly omit them:
  omit [InnerProductSpace ℝ E] [BorelSpace E] [FiniteDimensional ℝ E] in theorem ...

Note: This linter can be disabled with `set_option linter.unusedSectionVars false`
warning: AutoSamplingTheory/TechnicalLemmas/Measure/GaussianConvolutionRegularity.lean:405:58: Used `tac1 <;> tac2` where `(tac1; tac2)` would suffice

Note: This linter can be disabled with `set_option linter.unnecessarySeqFocus false`
warning: AutoSamplingTheory/TechnicalLemmas/Measure/GaussianConvolutionRegularity.lean:463:4: Try this: 
  haveI̵

The goal is a proposition, so `have` is preferred over `haveI`.
The difference between `have` and `haveI` is that `haveI` inlines the value.
But this is not relevant for proofs because of proof irrelevance.

Note: This linter can be disabled with `set_option linter.style.haveILetI false`
warning: AutoSamplingTheory/TechnicalLemmas/Measure/GaussianConvolutionRegularity.lean:488:4: Try this: 
  haveI̵

The goal is a proposition, so `have` is preferred over `haveI`.
The difference between `have` and `haveI` is that `haveI` inlines the value.
But this is not relevant for proofs because of proof irrelevance.

Note: This linter can be disabled with `set_option linter.style.haveILetI false`
✖ [3650/3650] Building AutoSamplingTheory.TechnicalLemmas.Measure.GaussianReflectedMean (9.7s)
trace: .> LEAN_PATH=E:\Samplinglib\.lake\packages\Cli\.lake\build\lib\lean;E:\Samplinglib\.lake\packages\batteries\.lake\build\lib\lean;E:\Samplinglib\.lake\packages\Qq\.lake\build\lib\lean;E:\Samplinglib\.lake\packages\aesop\.lake\build\lib\lean;E:\Samplinglib\.lake\packages\proofwidgets\.lake\build\lib\lean;E:\Samplinglib\.lake\packages\importGraph\.lake\build\lib\lean;E:\Samplinglib\.lake\packages\LeanSearchClient\.lake\build\lib\lean;E:\Samplinglib\.lake\packages\plausible\.lake\build\lib\lean;E:\Samplinglib\.lake\packages\mathlib\.lake\build\lib\lean;E:\Samplinglib\.lake\build\lib\lean c:\Users\admin\.elan\toolchains\leanprover--lean4---v4.33.0\bin\lean.exe E:\Samplinglib\AutoSamplingTheory\TechnicalLemmas\Measure\GaussianReflectedMean.lean -o E:\Samplinglib\.lake\build\lib\lean\AutoSamplingTheory\TechnicalLemmas\Measure\GaussianReflectedMean.olean -i E:\Samplinglib\.lake\build\lib\lean\AutoSamplingTheory\TechnicalLemmas\Measure\GaussianReflectedMean.ilean -c E:\Samplinglib\.lake\build\ir\AutoSamplingTheory\TechnicalLemmas\Measure\GaussianReflectedMean.c --setup E:\Samplinglib\.lake\build\ir\AutoSamplingTheory\TechnicalLemmas\Measure\GaussianReflectedMean.setup.json --json
error: AutoSamplingTheory/TechnicalLemmas/Measure/GaussianReflectedMean.lean:66:6: Tactic `apply` failed: could not unify the conclusion of `@funext`
  ?f = ?g
with the goal
  instAddCommGroupReal_autoSamplingTheory = Real.instAddCommGroup

Note: The full type of `@funext` is
  ∀ {α : Sort ?u.396} {β : α → Sort ?u.395} {f g : (x : α) → β x}, (∀ (x : α), f x = g x) → f = g

case e'_8
E : Type u_1
inst✝⁵ : NormedAddCommGroup E
inst✝⁴ : InnerProductSpace ℝ E
inst✝³ : FiniteDimensional ℝ E
inst✝² : MeasurableSpace E
inst✝¹ : BorelSpace E
μ : Measure E
inst✝ : IsProbabilityMeasure μ
η : ℝ
hη : 0 < η
f : E → ℝ
hf : ContDiff ℝ 1 f
hc : HasCompactSupport f
K : E → E → ℝ := fun y x => Real.exp (-‖y - x‖ ^ 2 / (2 * η))
K' : E → E → E →L[ℝ] ℝ := fun y x => (-K y x / η) • (innerSL ℝ) (y - x)
F : E → E → ℝ := fun y x => K y x * f (2 • x - y)
G : E → E → E →L[ℝ] ℝ := fun y x => K y x • -fderiv ℝ f (2 • x - y) + f (2 • x - y) • K' y x
N : E → ℝ := fun y => ∫ (x : E), F y x ∂μ
D : E → E →L[ℝ] ℝ := fun y => ∫ (x : E), G y x ∂μ
Z : E → ℝ := fun y => ∫ (x : E), K y x ∂μ
hdfC : Continuous[PseudoMetricSpace.toUniformSpace.toTopologicalSpace, _] (fderiv ℝ f)
Mf : ℝ
hMf : ∀ (x : E), ‖f x‖ ≤ Mf
Md : ℝ
hMd : ∀ (x : E), ‖fderiv ℝ f x‖ ≤ Md
hMf0 : 0 ≤ Mf
hK : ∀ (y x : E), 0 < K y x ∧ K y x ≤ 1 ∧ K y x * ‖y - x‖ ^ 2 ≤ 2 * η
y x : E
hd :
  HasFDerivAt (fun x_1 => Real.exp (-1 / (2 * η) * ‖id x_1 - x‖ ^ 2))
    (Real.exp (-1 / (2 * η) * ‖id y - x‖ ^ 2) •
      (-1 / (2 * η)) • 2 • (innerSL ℝ) (id y - x) ∘SL ContinuousLinearMap.id ℝ E)
    y
⊢ instAddCommGroupReal_autoSamplingTheory = Real.instAddCommGroup
info: AutoSamplingTheory/TechnicalLemmas/Measure/GaussianReflectedMean.lean:71:6: Try this:
  [apply] ring_nf
  
  The `ring` tactic failed to close the goal. Use `ring_nf` to obtain a normal form.
    
  Note that `ring` works primarily in *commutative* rings. If you have a noncommutative ring, abelian group or module, consider using `noncomm_ring`, `abel` or `module` instead.
error: AutoSamplingTheory/TechnicalLemmas/Measure/GaussianReflectedMean.lean:63:70: unsolved goals
case e'_12
E : Type u_1
inst✝⁵ : NormedAddCommGroup E
inst✝⁴ : InnerProductSpace ℝ E
inst✝³ : FiniteDimensional ℝ E
inst✝² : MeasurableSpace E
inst✝¹ : BorelSpace E
μ : Measure E
inst✝ : IsProbabilityMeasure μ
η : ℝ
hη : 0 < η
f : E → ℝ
hf : ContDiff ℝ 1 f
hc : HasCompactSupport f
K : E → E → ℝ := ⋯
K' : E → E → E →L[ℝ] ℝ := ⋯
F : E → E → ℝ := ⋯
G : E → E → E →L[ℝ] ℝ := ⋯
N : E → ℝ := ⋯
D : E → E →L[ℝ] ℝ := ⋯
Z : E → ℝ := ⋯
hdfC : Continuous[PseudoMetricSpace.toUniformSpace.toTopologicalSpace, _] (fderiv ℝ f)
Mf : ℝ
hMf : ∀ (x : E), ‖f x‖ ≤ Mf
Md : ℝ
hMd : ∀ (x : E), ‖fderiv ℝ f x‖ ≤ Md
hMf0 : 0 ≤ Mf
hK : ∀ (y x : E), 0 < K y x ∧ K y x ≤ 1 ∧ K y x * ‖y - x‖ ^ 2 ≤ 2 * η
y x : E
hd :
  HasFDerivAt (fun x_1 => Real.exp (-1 / (2 * η) * ‖id x_1 - x‖ ^ 2))
    (Real.exp (-1 / (2 * η) * ‖id y - x‖ ^ 2) •
      (-1 / (2 * η)) • 2 • (innerSL ℝ) (id y - x) ∘SL ContinuousLinearMap.id ℝ E)
    y
e_8✝ : instAddCommGroupReal_autoSamplingTheory = Real.instAddCommGroup
he✝ : Semiring.toModule = Semiring.toModule
⊢ K' y x =
    Real.exp (-1 / (2 * η) * ‖id y - x‖ ^ 2) •
      (-1 / (2 * η)) • 2 • (innerSL ℝ) (id y - x) ∘SL ContinuousLinearMap.id ℝ E
error: AutoSamplingTheory/TechnicalLemmas/Measure/GaussianReflectedMean.lean:119:6: Type mismatch: After simplification, term
  ho
 has type
  @HasFDerivAt ℝ DenselyNormedField.toNontriviallyNormedField E inst✝⁵.toAddCommGroup inst✝⁴.toModule
    PseudoMetricSpace.toUniformSpace.toTopologicalSpace ℝ Real.normedAddCommGroup.toAddCommGroup
    instNormedSpaceReal_autoSamplingTheory.toModule PseudoMetricSpace.toUniformSpace.toTopologicalSpace
    (f ∘ HSub.hSub (2 • x)) (-fderiv ℝ f (2 • x - y)) y
but is expected to have type
  @HasFDerivAt ℝ DenselyNormedField.toNontriviallyNormedField E inst✝⁵.toAddCommGroup inst✝⁴.toModule
    PseudoMetricSpace.toUniformSpace.toTopologicalSpace ℝ instAddCommGroupReal_autoSamplingTheory Semiring.toModule
    PseudoMetricSpace.toUniformSpace.toTopologicalSpace (fun z => f (2 • x - z)) (-fderiv ℝ f (2 • x - y)) y
warning: AutoSamplingTheory/TechnicalLemmas/Measure/GaussianReflectedMean.lean:69:17: This simp argument is unused:
  K'

Hint: Omit it from the simp argument list.
  [apply] simp only [K, he, smul_apply, ContinuousLinearMap.comp_apply, ContinuousLinearMap.id_apply, smul_eq_mul,
    innerSL_apply_apply, id]

Note: This linter can be disabled with `set_option linter.unusedSimpArgs false`
warning: AutoSamplingTheory/TechnicalLemmas/Measure/GaussianReflectedMean.lean:69:22: This simp argument is unused:
  he

Hint: Omit it from the simp argument list.
  [apply] simp only [K', K, smul_apply, ContinuousLinearMap.comp_apply, ContinuousLinearMap.id_apply, smul_eq_mul,
    innerSL_apply_apply, id]

Note: This linter can be disabled with `set_option linter.unusedSimpArgs false`
warning: AutoSamplingTheory/TechnicalLemmas/Measure/GaussianReflectedMean.lean:69:25: This simp argument is unused:
  smul_apply

Hint: Omit it from the simp argument list.
  [apply] simp only [K', K, he, ContinuousLinearMap.comp_apply, ContinuousLinearMap.id_apply, smul_eq_mul,
    innerSL_apply_apply, id]

Note: This linter can be disabled with `set_option linter.unusedSimpArgs false`
warning: AutoSamplingTheory/TechnicalLemmas/Measure/GaussianReflectedMean.lean:69:36: This simp argument is unused:
  ContinuousLinearMap.comp_apply

Hint: Omit it from the simp argument list.
  [apply] simp only [K', K, he, smul_apply, ContinuousLinearMap.id_apply, smul_eq_mul, innerSL_apply_apply, id]

Note: This linter can be disabled with `set_option linter.unusedSimpArgs false`
warning: AutoSamplingTheory/TechnicalLemmas/Measure/GaussianReflectedMean.lean:70:8: This simp argument is unused:
  ContinuousLinearMap.id_apply

Hint: Omit it from the simp argument list.
  [apply] simp only [K', K, he, smul_apply, ContinuousLinearMap.comp_apply, smul_eq_mul, innerSL_apply_apply, id]

Note: This linter can be disabled with `set_option linter.unusedSimpArgs false`
warning: AutoSamplingTheory/TechnicalLemmas/Measure/GaussianReflectedMean.lean:70:37: This simp argument is unused:
  smul_eq_mul

Hint: Omit it from the simp argument list.
  [apply] simp only [K', K, he, smul_apply, ContinuousLinearMap.comp_apply, ContinuousLinearMap.id_apply,
    innerSL_apply_apply, id]

Note: This linter can be disabled with `set_option linter.unusedSimpArgs false`
warning: AutoSamplingTheory/TechnicalLemmas/Measure/GaussianReflectedMean.lean:70:49: This simp argument is unused:
  innerSL_apply_apply

Hint: Omit it from the simp argument list.
  [apply] simp only [K', K, he, smul_apply, ContinuousLinearMap.comp_apply, ContinuousLinearMap.id_apply, smul_eq_mul,
    id]

Note: This linter can be disabled with `set_option linter.unusedSimpArgs false`
error: Lean exited with code 1
Some required targets logged failures:
- AutoSamplingTheory.TechnicalLemmas.Measure.GaussianReflectedMean
error: build failed
