⚠ [3649/3650] Replayed AutoSamplingTheory.TechnicalLemmas.Measure.GaussianConvolutionRegularity
warning: AutoSamplingTheory/TechnicalLemmas/Measure/GaussianConvolutionRegularity.lean:68:8: automatically included section variable(s) unused in theorem `_private.AutoSamplingTheory.TechnicalLemmas.Measure.GaussianConvolutionRegularity.0.AutoSamplingTheory.TechnicalLemmas.Measure.GaussianConvolutionRegularity.weight_bounds`:
  [InnerProductSpace ℝ E]
consider restructuring your `variable` declarations so that the variables are not in scope or explicitly omit them:
  omit [InnerProductSpace ℝ E] in theorem ...

Note: This linter can be disabled with `set_option linter.unusedSectionVars false`
warning: AutoSamplingTheory/TechnicalLemmas/Measure/GaussianConvolutionRegularity.lean:319:8: automatically included section variable(s) unused in theorem `_private.AutoSamplingTheory.TechnicalLemmas.Measure.GaussianConvolutionRegularity.0.AutoSamplingTheory.TechnicalLemmas.Measure.GaussianConvolutionRegularity.posteriorIntegral`:
  [InnerProductSpace ℝ E]
  [BorelSpace E]
  [FiniteDimensional ℝ E]
consider restructuring your `variable` declarations so that the variables are not in scope or explicitly omit them:
  omit [InnerProductSpace ℝ E] [BorelSpace E] [FiniteDimensional ℝ E] in theorem ...

Note: This linter can be disabled with `set_option linter.unusedSectionVars false`
warning: AutoSamplingTheory/TechnicalLemmas/Measure/GaussianConvolutionRegularity.lean:405:58: Used `tac1 <;> tac2` where `(tac1; tac2)` would suffice

Note: This linter can be disabled with `set_option linter.unnecessarySeqFocus false`
warning: AutoSamplingTheory/TechnicalLemmas/Measure/GaussianConvolutionRegularity.lean:463:4: Try this: 
  haveI̵

The goal is a proposition, so `have` is preferred over `haveI`.
The difference between `have` and `haveI` is that `haveI` inlines the value.
But this is not relevant for proofs because of proof irrelevance.

Note: This linter can be disabled with `set_option linter.style.haveILetI false`
warning: AutoSamplingTheory/TechnicalLemmas/Measure/GaussianConvolutionRegularity.lean:488:4: Try this: 
  haveI̵

The goal is a proposition, so `have` is preferred over `haveI`.
The difference between `have` and `haveI` is that `haveI` inlines the value.
But this is not relevant for proofs because of proof irrelevance.

Note: This linter can be disabled with `set_option linter.style.haveILetI false`
✖ [3650/3650] Building AutoSamplingTheory.TechnicalLemmas.Measure.GaussianReflectedMean (9.9s)
trace: .> LEAN_PATH=E:\Samplinglib\.lake\packages\Cli\.lake\build\lib\lean;E:\Samplinglib\.lake\packages\batteries\.lake\build\lib\lean;E:\Samplinglib\.lake\packages\Qq\.lake\build\lib\lean;E:\Samplinglib\.lake\packages\aesop\.lake\build\lib\lean;E:\Samplinglib\.lake\packages\proofwidgets\.lake\build\lib\lean;E:\Samplinglib\.lake\packages\importGraph\.lake\build\lib\lean;E:\Samplinglib\.lake\packages\LeanSearchClient\.lake\build\lib\lean;E:\Samplinglib\.lake\packages\plausible\.lake\build\lib\lean;E:\Samplinglib\.lake\packages\mathlib\.lake\build\lib\lean;E:\Samplinglib\.lake\build\lib\lean c:\Users\admin\.elan\toolchains\leanprover--lean4---v4.33.0\bin\lean.exe E:\Samplinglib\AutoSamplingTheory\TechnicalLemmas\Measure\GaussianReflectedMean.lean -o E:\Samplinglib\.lake\build\lib\lean\AutoSamplingTheory\TechnicalLemmas\Measure\GaussianReflectedMean.olean -i E:\Samplinglib\.lake\build\lib\lean\AutoSamplingTheory\TechnicalLemmas\Measure\GaussianReflectedMean.ilean -c E:\Samplinglib\.lake\build\ir\AutoSamplingTheory\TechnicalLemmas\Measure\GaussianReflectedMean.c --setup E:\Samplinglib\.lake\build\ir\AutoSamplingTheory\TechnicalLemmas\Measure\GaussianReflectedMean.setup.json --json
error: AutoSamplingTheory/TechnicalLemmas/Measure/GaussianReflectedMean.lean:77:8: Invalid rewrite argument: Expected an equality or iff proof or definition name, but `K' ?y ?x` is a value of type
  E →L[ℝ] ℝ
error: AutoSamplingTheory/TechnicalLemmas/Measure/GaussianReflectedMean.lean:94:11: invalid 'by' tactic, expected type has not been provided
error: AutoSamplingTheory/TechnicalLemmas/Measure/GaussianReflectedMean.lean:106:8: Invalid rewrite argument: Expected an equality or iff proof or definition name, but `F ?y ?x` is a value of type
  ℝ
warning: AutoSamplingTheory/TechnicalLemmas/Measure/GaussianReflectedMean.lean:156:4: Try this: 
  letI̵

The goal is a proposition, so `let` is preferred over `letI`.
The difference between `let` and `letI` is that `letI` inlines the value.
But this is not relevant for proofs because of proof irrelevance.

Note: This linter can be disabled with `set_option linter.style.haveILetI false`
error: AutoSamplingTheory/TechnicalLemmas/Measure/GaussianReflectedMean.lean:176:0: Unexpected name `AutoSamplingTheory.TechnicalLemmas.Measure.GaussianReflectedMean` after `end`: The current section is unnamed

Hint: Delete the name `AutoSamplingTheory.TechnicalLemmas.Measure.GaussianReflectedMean` to end the current unnamed scope; outer named scopes can then be closed using additional `end` command(s):
  end ̵A̵u̵t̵o̵S̵a̵m̵p̵l̵i̵n̵g̵T̵h̵e̵o̵r̵y̵.̵T̵e̵c̵h̵n̵i̵c̵a̵l̵L̵e̵m̵m̵a̵s̵.̵M̵e̵a̵s̵u̵r̵e̵.̵G̵a̵u̵s̵s̵i̵a̵n̵R̵e̵f̵l̵e̵c̵t̵e̵d̵M̵e̵a̵n̵
error: Lean exited with code 1
Some required targets logged failures:
- AutoSamplingTheory.TechnicalLemmas.Measure.GaussianReflectedMean
error: build failed
