{
  "cell": "ASTIS-SW-PBPS-actual-finite-jump-recursion",
  "status": "graph coverage checked",
  "contributions": [
    {
      "node": "decl:AutoSamplingTheory.ExampleCases.ProximalBPS.ActualFiniteJumpRecursion.actual_fixed_reference_finite_jump_recursion",
      "focus": "lean-foundations.html?view=lean&focus=decl%3AAutoSamplingTheory.ExampleCases.ProximalBPS.ActualFiniteJumpRecursion.actual_fixed_reference_finite_jump_recursion&q=AutoSamplingTheory.ExampleCases.ProximalBPS.ActualFiniteJumpRecursion.actual_fixed_reference_finite_jump_recursion",
      "connections": [
        {
          "source": "decl:AutoSamplingTheory.ExampleCases.ProximalBPS.ActualFiniteJumpRecursion.actual_fixed_reference_finite_jump_recursion",
          "target": "semantic-audit:ASTIS-RT-20261010-PBPSActualFiniteJumpRecursion",
          "relation": "Lean target under audit"
        },
        {
          "source": "module:AutoSamplingTheory.ExampleCases.ProximalBPS.ActualFiniteJumpRecursion",
          "target": "decl:AutoSamplingTheory.ExampleCases.ProximalBPS.ActualFiniteJumpRecursion.actual_fixed_reference_finite_jump_recursion",
          "relation": "declares"
        },
        {
          "source": "decl:AutoSamplingTheory.ExampleCases.ProximalBPS.ActualFiniteJumpRecursion.actual_fixed_reference_finite_jump_recursion",
          "target": "case:ASTIS-SW-PBPS-2026",
          "relation": "source correspondence; not a Lean dependency"
        },
        {
          "source": "decl:AutoSamplingTheory.ExampleCases.ProximalBPS.ActualBounceRate.actual_bounce_rate_energy_laws",
          "target": "decl:AutoSamplingTheory.ExampleCases.ProximalBPS.ActualFiniteJumpRecursion.actual_fixed_reference_finite_jump_recursion",
          "relation": "source reference (scanner)"
        },
        {
          "source": "decl:AutoSamplingTheory.ExampleCases.ProximalBPS.ActualHarmonicFlow.actual_harmonic_flow_laws",
          "target": "decl:AutoSamplingTheory.ExampleCases.ProximalBPS.ActualFiniteJumpRecursion.actual_fixed_reference_finite_jump_recursion",
          "relation": "source reference (scanner)"
        },
        {
          "source": "decl:AutoSamplingTheory.ExampleCases.ProximalBPS.ActualHazardClock.actual_integrated_hazard_clock_laws",
          "target": "decl:AutoSamplingTheory.ExampleCases.ProximalBPS.ActualFiniteJumpRecursion.actual_fixed_reference_finite_jump_recursion",
          "relation": "source reference (scanner)"
        }
      ],
      "omitted_connections": 0
    }
  ],
  "boundary": "Reference scans are incomplete. Inspect the affected view; this report is not visual QA or a proof certificate."
}
