runs/20261007-companion-priority/pbps-polar-preproof65/header.candidate.lean:93:3: error: unknown tactic
runs/20261007-companion-priority/pbps-polar-preproof65/header.candidate.lean:92:53: error: unsolved goals
E : Type u_1
inst✝⁴ : NormedAddCommGroup E
inst✝³ : InnerProductSpace ℝ E
inst✝² : FiniteDimensional ℝ E
inst✝¹ : MeasurableSpace E
inst✝ : BorelSpace E
V : E → ℝ
α β : ℝ≥0
η : ℝ
hα : 0 < ↑α
hαβ : α ≤ β
hV : ContDiff ℝ 2 V
hH : ∀ (x v : E), ↑α * ‖v‖ ^ 2 ≤ ((fderiv ℝ (fderiv ℝ V) x) v) v ∧ ((fderiv ℝ (fderiv ℝ V) x) v) v ≤ ↑β * ‖v‖ ^ 2
hη : 0 < η
hβη : ↑β * η ≤ 1
⊢ let μ := ℙ.tilted fun x => -V x;
  let J := Measure.map (fun p => (p.1, p.1 + √η • p.2)) (μ.prod (stdGaussian E));
  let ν := J.snd;
  let Λ := Measure.map (fun p => (p.2, 2 • p.1 - p.2)) J;
  let F := fun p => (p.1, 2 • p.1 - p.2);
  let mY := MeasurableSpace.comap Prod.snd inferInstance;
  let HP := lpMeas ℝ ℝ mY 2 J;
  let P := HP.subtypeL ∘SL condExpL2 ℝ ℝ ⋯;
  let hp := ⋯;
  let M := Lp.compMeasurePreservingₗᵢ ℝ Prod.snd hp;
  IsProbabilityMeasure μ ∧
    IsProbabilityMeasure J ∧
      IsProbabilityMeasure ν ∧
        HP = (↑P).range ∧
          (∀ (f : ↥HP), P ↑f = ↑f) ∧
            ∃ S,
              IsMarkovKernel S ∧
                (∀ (y : E), S y = ℙ.tilted fun x => -V ((1 / 2) • (y + x)) - ‖y - x‖ ^ 2 / (8 * η)) ∧
                  Λ.IsCondKernel S ∧
                    Λ.fst = ν ∧
                      Λ.snd = ν ∧
                        ∃ e,
                          (∀ (u : ↥(Lp ℝ 2 ν)), ↑(e u) = M u) ∧
                            ∃ U,
                              (∀ (g : ↥(Lp ℝ 2 J)), ↑↑(U g) =ᵐ[J] ↑↑g ∘ F) ∧
                                Function.Involutive ⇑U ∧
                                  IsSelfAdjoint U.toContinuousLinearMap ∧
                                    ∃ T,
                                      IsSelfAdjoint T ∧
                                        (∀ (u : ↥(Lp ℝ 2 ν)),
                                            ‖T u‖ ≤ ‖u‖ ∧
                                              (↑↑(T u) =ᵐ[ν] fun y => ∫ (x : E), ↑↑u x ∂S y) ∧
                                                ∫ (y : E), ↑↑(T u) y ∂ν = ∫ (y : E), ↑↑u y ∂ν) ∧
                                          let A :=
                                            HP.orthogonalProjectionOnto ∘SL U.toContinuousLinearMap ∘SL HP.subtypeL;
                                          let B := ((1 - P) * U.toContinuousLinearMap * P) ∘SL HP.subtypeL;
                                          A = e.conjStarAlgEquiv T ∧
                                            IsSelfAdjoint A ∧
                                              (∀ (f : ↥HP), ‖A f‖ ≤ ‖f‖) ∧
                                                (∀ (f : ↥HP), P (B f) = 0) ∧
                                                  ∃ Γ,
                                                    Γ.IsPositive ∧
                                                      Γ * Γ = 1 - T * T ∧
                                                        let ΓP := e.conjStarAlgEquiv Γ;
                                                        ΓP.IsPositive ∧
                                                          ΓP * ΓP = 1 - A * A ∧
                                                            ContinuousLinearMap.adjoint B ∘SL B = ΓP * ΓP ∧
                                                              ∃ q,
                                                                (↑↑q =ᵐ[ν] fun x => 1) ∧
                                                                  T q = q ∧
                                                                    (∀ (u : ↥(Lp ℝ 2 ν)), ⟪q, u⟫ = ∫ (y : E), ↑⋯ y ∂ν) ∧
                                                                      let qP := e q;
                                                                      let HP0 := (↑⋯).ker;
                                                                      let γ := 2 * √(↑α * η) / (1 + ↑α * η);
                                                                      ⋯ ∧ ⋯
