⚠ [2653/2653] Replayed Tests.BernoulliLogSobolev
warning: Tests/BernoulliLogSobolev.lean:58:7: Variable name `x` is not explicitly referenced.

Hint: The binding can be removed (if unused) or named `_` (if used implicitly). Alternatively, prefix the name with `_` to silence this warning:
  [apply] _x

Note: This linter can be disabled with `set_option linter.unusedVariables false`
warning: Tests/BernoulliLogSobolev.lean:81:2: Try this: 
  letI̵

The goal is a proposition, so `let` is preferred over `letI`.
The difference between `let` and `letI` is that `letI` inlines the value.
But this is not relevant for proofs because of proof irrelevance.

Note: This linter can be disabled with `set_option linter.style.haveILetI false`
info: Tests/BernoulliLogSobolev.lean:103:0: 'AutoSamplingTheory.TechnicalLemmas.FunctionalInequalities.TwoPointEntropy.two_point_squared_entropy_le_half_sq_sub' depends on axioms: [propext,
 Classical.choice,
 Quot.sound]
info: Tests/BernoulliLogSobolev.lean:104:0: 'AutoSamplingTheory.TechnicalLemmas.FunctionalInequalities.BernoulliLogSobolev.bernoulli_function_logSobolev' depends on axioms: [propext,
 Classical.choice,
 Quot.sound]
info: Tests/BernoulliLogSobolev.lean:105:0: 'Tests.BernoulliLogSobolev.indicator_entropy' depends on axioms: [propext, Classical.choice, Quot.sound]
info: Tests/BernoulliLogSobolev.lean:106:0: 'Tests.BernoulliLogSobolev.zero_dimension' depends on axioms: [propext, Classical.choice, Quot.sound]
info: Tests/BernoulliLogSobolev.lean:107:0: 'Tests.BernoulliLogSobolev.signed_two_point' depends on axioms: [propext, Classical.choice, Quot.sound]
info: Tests/BernoulliLogSobolev.lean:108:0: 'Tests.BernoulliLogSobolev.normalized_two_coordinate_entropy' depends on axioms: [propext, Classical.choice, Quot.sound]
Build completed successfully (2653 jobs).
