fun {E} [NormedAddCommGroup E] [InnerProductSpace ℝ E] [FiniteDimensional ℝ E] [MeasurableSpace E] [BorelSpace E] {V}
    {α β} {η} hα hαβ hV hH hη hβη =>
  let μ := ℙ.tilted fun x => -V x;
  let J := Measure.map (fun p => (p.1, p.1 + √η • p.2)) (μ.prod (stdGaussian E));
  let ν := J.snd;
  IsProbabilityMeasure ν ∧
    ∃ G,
      Dense ↑G.domain ∧
        G.IsClosable ∧
          G.closure.IsClosed ∧
            (∀ (u : ↥(Lp ℝ 2 ν)) (v : ↥(Lp E 2 ν)),
                (u, v) ∈ G.graph ↔ ∃ φ, ContDiff ℝ ∞ φ ∧ HasCompactSupport φ ∧ ↑↑u =ᵐ[ν] φ ∧ ↑↑v =ᵐ[ν] gradient φ) ∧
              ∀ (z : ↥G.closure.domain),
                ∫ (x : E), ↑↑↑z x ∂ν = 0 →
                  ↑α / (1 + ↑α * η) * ‖↑z‖ ^ 2 ≤
                    ‖↑G.closure z‖ ^
                      2 : {E : Type u_1} →
  [inst : NormedAddCommGroup E] →
    [inst_1 : InnerProductSpace ℝ E] →
      [FiniteDimensional ℝ E] →
        [inst_3 : MeasurableSpace E] →
          [BorelSpace E] →
            {V : E → ℝ} →
              {α β : ℝ≥0} →
                {η : ℝ} →
                  0 < ↑α →
                    α ≤ β →
                      ContDiff ℝ 2 V →
                        (∀ (x v : E),
                            ↑α * ‖v‖ ^ 2 ≤ ((fderiv ℝ (fderiv ℝ V) x) v) v ∧
                              ((fderiv ℝ (fderiv ℝ V) x) v) v ≤ ↑β * ‖v‖ ^ 2) →
                          0 < η → ↑β * η ≤ 1 → Prop
.astis\pbps-marginal-gradient51\Statement57.lean:14:5: warning: Variable name `hα` is not explicitly referenced.

Hint: The binding can be removed (if unused) or named `_` (if used implicitly). Alternatively, prefix the name with `_` to silence this warning:
  [apply] _hα

Note: This linter can be disabled with `set_option linter.unusedVariables false`
.astis\pbps-marginal-gradient51\Statement57.lean:14:24: warning: Variable name `hαβ` is not explicitly referenced.

Hint: The binding can be removed (if unused) or named `_` (if used implicitly). Alternatively, prefix the name with `_` to silence this warning:
  [apply] _hαβ

Note: This linter can be disabled with `set_option linter.unusedVariables false`
.astis\pbps-marginal-gradient51\Statement57.lean:14:38: warning: Variable name `hV` is not explicitly referenced.

Hint: The binding can be removed (if unused) or named `_` (if used implicitly). Alternatively, prefix the name with `_` to silence this warning:
  [apply] _hV

Note: This linter can be disabled with `set_option linter.unusedVariables false`
.astis\pbps-marginal-gradient51\Statement57.lean:15:5: warning: Variable name `hH` is not explicitly referenced.

Hint: The binding can be removed (if unused) or named `_` (if used implicitly). Alternatively, prefix the name with `_` to silence this warning:
  [apply] _hH

Note: This linter can be disabled with `set_option linter.unusedVariables false`
.astis\pbps-marginal-gradient51\Statement57.lean:18:5: warning: Variable name `hη` is not explicitly referenced.

Hint: The binding can be removed (if unused) or named `_` (if used implicitly). Alternatively, prefix the name with `_` to silence this warning:
  [apply] _hη

Note: This linter can be disabled with `set_option linter.unusedVariables false`
.astis\pbps-marginal-gradient51\Statement57.lean:18:18: warning: Variable name `hβη` is not explicitly referenced.

Hint: The binding can be removed (if unused) or named `_` (if used implicitly). Alternatively, prefix the name with `_` to silence this warning:
  [apply] _hβη

Note: This linter can be disabled with `set_option linter.unusedVariables false`
