AutoSamplingTheory/TechnicalLemmas/Analysis/HilbertCorrectorBound.lean:23:    (K D : H →L[ℝ] H) (hK : IsSelfAdjoint K) (hD : IsSelfAdjoint D)
AutoSamplingTheory/ExampleCases/ProximalBPS/ActualRootCommutation.lean:2:import AutoSamplingTheory.TechnicalLemmas.Measure.L2RealSquareCommute
AutoSamplingTheory/ExampleCases/ProximalBPS/ActualRootCommutation.lean:46:          Function.Involutive U ∧ IsSelfAdjoint U.toContinuousLinearMap ∧
AutoSamplingTheory/ExampleCases/ProximalBPS/ActualRootCommutation.lean:48:            IsSelfAdjoint T ∧
AutoSamplingTheory/ExampleCases/ProximalBPS/ActualRootCommutation.lean:57:            A = e.conjStarAlgEquiv T ∧ IsSelfAdjoint A ∧
AutoSamplingTheory/ExampleCases/ProximalBPS/ActualRootCommutation.lean:62:              Commute Γ T ∧
AutoSamplingTheory/ExampleCases/ProximalBPS/ActualRootCommutation.lean:65:              Commute ΓP A ∧
AutoSamplingTheory/ExampleCases/ProximalBPS/ActualRootCommutation.lean:82:                  ∃ Inv : HP0 →L[ℝ] HP0,
AutoSamplingTheory/ExampleCases/ProximalBPS/ActualRootCommutation.lean:83:                    Inv*ΓP0=(1 : HP0 →L[ℝ] HP0) ∧
AutoSamplingTheory/ExampleCases/ProximalBPS/ActualRootCommutation.lean:84:                    ΓP0*Inv=(1 : HP0 →L[ℝ] HP0) ∧ ‖Inv‖ ≤ 1/γ ∧
AutoSamplingTheory/ExampleCases/ProximalBPS/ActualRootCommutation.lean:85:                    IsSelfAdjoint Inv ∧
AutoSamplingTheory/ExampleCases/ProximalBPS/ActualRootCommutation.lean:88:                      IsSelfAdjoint A0 ∧ Commute A0 ΓP0 ∧
AutoSamplingTheory/ExampleCases/ProximalBPS/ActualRootCommutation.lean:89:                      A0*A0+ΓP0*ΓP0=(1 : HP0 →L[ℝ] HP0) ∧
AutoSamplingTheory/ExampleCases/ProximalBPS/ActualRootCommutation.lean:90:                      Commute A0 Inv ∧
AutoSamplingTheory/ExampleCases/ProximalBPS/ActualRootCommutation.lean:98:                        V0 = B0 ∘L Inv ∧ B0 = V0 ∘L ΓP0 ∧
AutoSamplingTheory/ExampleCases/ProximalBPS/ActualRootCommutation.lean:145:      Inv,hLeft,hRight,hNormInv,B0,hB0,V0,hVdef,hFactor,hVadj,hVnorm,R,hR,hAmbient,hGlobal⟩
AutoSamplingTheory/ExampleCases/ProximalBPS/ActualRootCommutation.lean:160:  change HP0 →L[ℝ] HP0 at ΓP0 Inv
AutoSamplingTheory/ExampleCases/ProximalBPS/ActualRootCommutation.lean:174:  have hAsLocal : IsSelfAdjoint A := hAs
AutoSamplingTheory/ExampleCases/ProximalBPS/ActualRootCommutation.lean:175:  have hLeftLocal : Inv*ΓP0=(1 : HP0 →L[ℝ] HP0) := hLeft
AutoSamplingTheory/ExampleCases/ProximalBPS/ActualRootCommutation.lean:178:    refine ⟨((IsSelfAdjoint.one (Lp ℝ 2 ν →L[ℝ] Lp ℝ 2 ν)).add hTs).isSymmetric,?_⟩
AutoSamplingTheory/ExampleCases/ProximalBPS/ActualRootCommutation.lean:185:  have hCommSquare : Commute (Γ*Γ) ((1 : Lp ℝ 2 ν →L[ℝ] Lp ℝ 2 ν)+T) := by
AutoSamplingTheory/ExampleCases/ProximalBPS/ActualRootCommutation.lean:189:  have hCommRootPlus := AutoSamplingTheory.TechnicalLemmas.Measure.L2RealSquareCommute.positive_square_commutation
AutoSamplingTheory/ExampleCases/ProximalBPS/ActualRootCommutation.lean:191:  have hCommRoot : Commute Γ T := by
AutoSamplingTheory/ExampleCases/ProximalBPS/ActualRootCommutation.lean:195:  have hCommP : Commute ΓP A := by
AutoSamplingTheory/ExampleCases/ProximalBPS/ActualRootCommutation.lean:212:  have hA0self : IsSelfAdjoint A0 := by
AutoSamplingTheory/ExampleCases/ProximalBPS/ActualRootCommutation.lean:216:  have hComm0 : Commute A0 ΓP0 := by
AutoSamplingTheory/ExampleCases/ProximalBPS/ActualRootCommutation.lean:223:  have hSquare0 : A0*A0+ΓP0*ΓP0=(1 : HP0 →L[ℝ] HP0) := by
AutoSamplingTheory/ExampleCases/ProximalBPS/ActualRootCommutation.lean:233:  have hStarInv : ΓP0*star Inv=(1 : HP0 →L[ℝ] HP0) := by
AutoSamplingTheory/ExampleCases/ProximalBPS/ActualRootCommutation.lean:236:  have hInvSelf : IsSelfAdjoint Inv := by
AutoSamplingTheory/ExampleCases/ProximalBPS/ActualRootCommutation.lean:237:    change star Inv=Inv
AutoSamplingTheory/ExampleCases/ProximalBPS/ActualRootCommutation.lean:239:      star Inv=(Inv*ΓP0)*star Inv := by rw [hLeft,one_mul]
AutoSamplingTheory/ExampleCases/ProximalBPS/ActualRootCommutation.lean:240:      _ = Inv*(ΓP0*star Inv) := mul_assoc _ _ _
AutoSamplingTheory/ExampleCases/ProximalBPS/ActualRootCommutation.lean:241:      _ = Inv := by rw [hStarInv,mul_one]
AutoSamplingTheory/ExampleCases/ProximalBPS/ActualRootCommutation.lean:242:  have hCommInv : Commute A0 Inv := by
AutoSamplingTheory/ExampleCases/ProximalBPS/ActualRootCommutation.lean:243:    change A0*Inv=Inv*A0
AutoSamplingTheory/ExampleCases/ProximalBPS/ActualRootCommutation.lean:245:      A0*Inv=(Inv*ΓP0)*(A0*Inv) := by rw [hLeft,one_mul]
AutoSamplingTheory/ExampleCases/ProximalBPS/ActualRootCommutation.lean:246:      _ = Inv*((ΓP0*A0)*Inv) := by noncomm_ring
AutoSamplingTheory/ExampleCases/ProximalBPS/ActualRootCommutation.lean:247:      _ = Inv*((A0*ΓP0)*Inv) := by rw [hComm0.eq.symm]
AutoSamplingTheory/ExampleCases/ProximalBPS/ActualRootCommutation.lean:248:      _ = Inv*A0 := by simp only [mul_assoc,hRight,mul_one]
AutoSamplingTheory/ExampleCases/ProximalBPS/ActualRootCommutation.lean:293:  refine ⟨Inv, ?_⟩
AutoSamplingTheory/ExampleCases/ProximalBPS/ActualRootCommutation.lean:296:  refine ⟨hNormInv, ?_⟩
AutoSamplingTheory/ExampleCases/ProximalBPS/ActualRootCommutation.lean:297:  refine ⟨hInvSelf,A0,hA0,hA0self,hComm0,hSquare0,hCommInv,?_⟩
AutoSamplingTheory/ExampleCases/ProximalBPS/ActualCorrectorChange.lean:53:          Function.Involutive U ∧ IsSelfAdjoint U.toContinuousLinearMap ∧
AutoSamplingTheory/ExampleCases/ProximalBPS/ActualCorrectorChange.lean:55:            IsSelfAdjoint T ∧
AutoSamplingTheory/ExampleCases/ProximalBPS/ActualCorrectorChange.lean:64:            A = e.conjStarAlgEquiv T ∧ IsSelfAdjoint A ∧
AutoSamplingTheory/ExampleCases/ProximalBPS/ActualCorrectorChange.lean:69:              Commute Γ T ∧
AutoSamplingTheory/ExampleCases/ProximalBPS/ActualCorrectorChange.lean:72:              Commute ΓP A ∧
AutoSamplingTheory/ExampleCases/ProximalBPS/ActualCorrectorChange.lean:89:                  ∃ Inv : HP0 →L[ℝ] HP0,
AutoSamplingTheory/ExampleCases/ProximalBPS/ActualCorrectorChange.lean:90:                    Inv*ΓP0=(1 : HP0 →L[ℝ] HP0) ∧
AutoSamplingTheory/ExampleCases/ProximalBPS/ActualCorrectorChange.lean:91:                    ΓP0*Inv=(1 : HP0 →L[ℝ] HP0) ∧ ‖Inv‖ ≤ 1/γ ∧
AutoSamplingTheory/ExampleCases/ProximalBPS/ActualCorrectorChange.lean:92:                    IsSelfAdjoint Inv ∧
AutoSamplingTheory/ExampleCases/ProximalBPS/ActualCorrectorChange.lean:95:                      IsSelfAdjoint A0 ∧ Commute A0 ΓP0 ∧
AutoSamplingTheory/ExampleCases/ProximalBPS/ActualCorrectorChange.lean:96:                      A0*A0+ΓP0*ΓP0=(1 : HP0 →L[ℝ] HP0) ∧
AutoSamplingTheory/ExampleCases/ProximalBPS/ActualCorrectorChange.lean:97:                      Commute A0 Inv ∧
AutoSamplingTheory/ExampleCases/ProximalBPS/ActualCorrectorChange.lean:105:                        V0 = B0 ∘L Inv ∧ B0 = V0 ∘L ΓP0 ∧
AutoSamplingTheory/ExampleCases/ProximalBPS/ActualCorrectorChange.lean:135:                                  (‖u‖^2-‖v‖^2)/2-inner ℝ (A0 (Inv u)) v
AutoSamplingTheory/ExampleCases/ProximalBPS/ActualCorrectorChange.lean:245:  obtain ⟨Inv, parentSlice45⟩ := parentSlice44
AutoSamplingTheory/ExampleCases/ProximalBPS/ActualCorrectorChange.lean:250:  have hNormInv := parentSlice47.1
AutoSamplingTheory/ExampleCases/ProximalBPS/ActualCorrectorChange.lean:252:  have hInvSelf := parentSlice48.1
AutoSamplingTheory/ExampleCases/ProximalBPS/ActualCorrectorChange.lean:263:  have hCommInv := parentSlice54.1
AutoSamplingTheory/ExampleCases/ProximalBPS/ActualCorrectorChange.lean:300:  change HP0 →L[ℝ] HP0 at ΓP0 Inv A0
AutoSamplingTheory/ExampleCases/ProximalBPS/ActualCorrectorChange.lean:326:  have hΓself : IsSelfAdjoint ΓP0 := (show ΓP0.IsPositive from hPos0).isSelfAdjoint
AutoSamplingTheory/ExampleCases/ProximalBPS/ActualCorrectorChange.lean:342:  let K : HP0 →L[ℝ] HP0 := A0 ∘L Inv
AutoSamplingTheory/ExampleCases/ProximalBPS/ActualCorrectorChange.lean:343:  have hInvΓ (u : HP0) : Inv (ΓP0 u)=u := by
AutoSamplingTheory/ExampleCases/ProximalBPS/ActualCorrectorChange.lean:346:  have hΓInv (u : HP0) : ΓP0 (Inv u)=u := by
AutoSamplingTheory/ExampleCases/ProximalBPS/ActualCorrectorChange.lean:351:  have hCommInvEval (u : HP0) : A0 (Inv u)=Inv (A0 u) :=
AutoSamplingTheory/ExampleCases/ProximalBPS/ActualCorrectorChange.lean:352:    DFunLike.congr_fun hCommInv.eq u
AutoSamplingTheory/ExampleCases/ProximalBPS/ActualCorrectorChange.lean:353:  have hKΓ (u : HP0) : K (ΓP0 u)=A0 u := congrArg A0 (hInvΓ u)
AutoSamplingTheory/ExampleCases/ProximalBPS/ActualCorrectorChange.lean:355:    change ΓP0 (A0 (Inv u))=A0 u
AutoSamplingTheory/ExampleCases/ProximalBPS/ActualCorrectorChange.lean:357:      ΓP0 (A0 (Inv u))=A0 (ΓP0 (Inv u)) := (hCommEval (Inv u)).symm
AutoSamplingTheory/ExampleCases/ProximalBPS/ActualCorrectorChange.lean:358:      _ = A0 u := congrArg A0 (hΓInv u)
AutoSamplingTheory/ExampleCases/ProximalBPS/ActualCorrectorChange.lean:360:    change A0 (Inv (A0 u))=A0 (A0 (Inv u))
AutoSamplingTheory/ExampleCases/ProximalBPS/ActualCorrectorChange.lean:361:    exact congrArg A0 (hCommInvEval u).symm
AutoSamplingTheory/ExampleCases/ProximalBPS/ActualCorrectorChange.lean:422:                                  (‖u‖^2-‖v‖^2)/2-inner ℝ (A0 (Inv u)) v
AutoSamplingTheory/ExampleCases/ProximalBPS/ActualCorrectorChange.lean:462:                                  (‖u‖^2-‖v‖^2)/2-inner ℝ (A0 (Inv u)) v
AutoSamplingTheory/ExampleCases/ProximalBPS/ActualCorrectorChange.lean:508:  refine ⟨Inv, ?_⟩
AutoSamplingTheory/ExampleCases/ProximalBPS/ActualCorrectorChange.lean:511:  refine ⟨hNormInv, ?_⟩
AutoSamplingTheory/ExampleCases/ProximalBPS/ActualCorrectorChange.lean:512:  refine ⟨hInvSelf,A0,hA0,hA0self,hComm0,hSquare0,hCommInv,?_⟩
