{
  "cell": "ASTIS-SW-PBPS-actual-hazard-clock",
  "targets": [
    {
      "declaration": "AutoSamplingTheory.ExampleCases.ProximalBPS.ActualHazardClock.actual_integrated_hazard_clock_laws",
      "source_item": "pbps-actual-hazard-clock",
      "lesson": "authored",
      "audit_id": "ASTIS-RT-20261010-PBPSActualHazardClock",
      "audit_state": "blind-reconstructed",
      "publication_binding_sha256": "014e4bebc1b357d5f9a3ea7917903fd700273223963f8dd11932231b227273f3",
      "remaining_boundary": "Only one actual flow-segment hazard and first waiting-time probability law, including infinite waits and e=0. No recursive PDMP path, iid recursion/SLLN/nonexplosion, Markov memorylessness, invariant/reversed or terminal kernel, hypocoercivity/main, implementation error, expected query cost, actual-input composition, full Exposition/PURIFIED/main/live/whole-paper/Goal completion credit. Focused compilation is local evidence; independent proof/source/decoder review, serialized aggregate and reader delivery remain separate."
    }
  ],
  "graph_check": "python3 tools/astis_publication.py graph-check --cell ASTIS-SW-PBPS-actual-hazard-clock",
  "missing": [],
  "next": [
    "Run the smallest focused Lean test.",
    "Reuse unchanged source/lesson/audit records; never reuse a stale binding.",
    "For a new/changed theorem, use astis-semantic-roundtrip: anonymous decoder → independent anti-anchored source review → separate repair review if needed.",
    "Run tools/astis_publication.py check --base <base commit> before stabilization."
  ],
  "boundary": "This coordinator packet is NOT decoder input. It deliberately contains source identity."
}
