{
  "cell": "ASTIS-SW-PBPS-centered-defect-inverse",
  "status": "graph coverage checked",
  "contributions": [
    {
      "node": "decl:Tests.ProximalBPSCenteredDefect.actual_centered_defect_coercive_and_unit",
      "focus": "lean-foundations.html?view=lean&focus=decl%3ATests.ProximalBPSCenteredDefect.actual_centered_defect_coercive_and_unit&q=Tests.ProximalBPSCenteredDefect.actual_centered_defect_coercive_and_unit",
      "connections": [
        {
          "source": "decl:Tests.ProximalBPSCenteredDefect.actual_centered_defect_coercive_and_unit",
          "target": "semantic-audit:ASTIS-RT-20261008-PBPSCenteredDefectInverse",
          "relation": "Lean target under audit"
        },
        {
          "source": "module:Tests.ProximalBPSCenteredDefect",
          "target": "decl:Tests.ProximalBPSCenteredDefect.actual_centered_defect_coercive_and_unit",
          "relation": "declares"
        },
        {
          "source": "decl:Tests.ProximalBPSCenteredDefect.actual_centered_defect_coercive_and_unit",
          "target": "case:ASTIS-SW-PBPS-2026",
          "relation": "source correspondence; not a Lean dependency"
        }
      ],
      "omitted_connections": 0
    }
  ],
  "boundary": "Reference scans are incomplete. Inspect the affected view; this report is not visual QA or a proof certificate."
}
