warning: in the working copy of 'agent-briefs/mathlib_ready_leaf_packet.md', LF will be replaced by CRLF the next time Git touches it
warning: in the working copy of 'agent-briefs/mathlib_ready_leaf_reviewer_checklist.md', LF will be replaced by CRLF the next time Git touches it
warning: in the working copy of 'docs/assets/astis_lean_arsenal_module_graph.svg', LF will be replaced by CRLF the next time Git touches it
warning: in the working copy of 'docs/assets/log_concave_sampling_foundation.mmd', LF will be replaced by CRLF the next time Git touches it
warning: in the working copy of 'docs/assets/log_concave_sampling_status.mmd', LF will be replaced by CRLF the next time Git touches it
warning: in the working copy of 'docs/assets/sampling_lemma_dag.mmd', LF will be replaced by CRLF the next time Git touches it
warning: in the working copy of 'docs/companion-papers-handoff.md', LF will be replaced by CRLF the next time Git touches it
warning: in the working copy of 'docs/mathlib_ready_leaf_protocol.md', LF will be replaced by CRLF the next time Git touches it
warning: in the working copy of 'docs/mathlib_ready_leaf_reviewer_checklist.md', LF will be replaced by CRLF the next time Git touches it
warning: in the working copy of 'docs/module-graph.svg', LF will be replaced by CRLF the next time Git touches it
warning: in the working copy of 'research-wiki/external-lean-libraries/atlas-v1.md', LF will be replaced by CRLF the next time Git touches it
warning: in the working copy of 'research-wiki/external-lean-libraries/lean-rademacher.md', LF will be replaced by CRLF the next time Git touches it
warning: in the working copy of 'research-wiki/external-lean-libraries/mathlib.md', LF will be replaced by CRLF the next time Git touches it
warning: in the working copy of 'research-wiki/frontier-cells/ASTIS-SHARED-unit-exponential-product.json', LF will be replaced by CRLF the next time Git touches it
warning: in the working copy of 'research-wiki/lemma-dags/Pro_assimilated_leaf_targets.md', LF will be replaced by CRLF the next time Git touches it
warning: in the working copy of 'research-wiki/lemma-dags/README.md', LF will be replaced by CRLF the next time Git touches it
warning: in the working copy of 'research-wiki/lemma-dags/SALD_weak_fp_leaf_dag.md', LF will be replaced by CRLF the next time Git touches it
warning: in the working copy of 'research-wiki/lemma-dags/SDE_Sampling_skill_tree.md', LF will be replaced by CRLF the next time Git touches it
warning: in the working copy of 'research-wiki/retrieval-index/astis-lean-arsenal-module-graph.json', LF will be replaced by CRLF the next time Git touches it
warning: in the working copy of 'research-wiki/sampling-sde-library/index.md', LF will be replaced by CRLF the next time Git touches it
warning: in the working copy of 'research-wiki/sampling-sde-library/lean-leaf-module-graph.md', LF will be replaced by CRLF the next time Git touches it
warning: in the working copy of 'research-wiki/technical-lemma-memory/README.md', LF will be replaced by CRLF the next time Git touches it
warning: in the working copy of 'research-wiki/technical-lemma-memory/hidden_regularities.md', LF will be replaced by CRLF the next time Git touches it
warning: in the working copy of 'research-wiki/technical-lemma-memory/mathlib_ready_leaf_template.md', LF will be replaced by CRLF the next time Git touches it
warning: in the working copy of 'research-wiki/technical-lemmas/README.md', LF will be replaced by CRLF the next time Git touches it
warning: in the working copy of 'research-wiki/technical-lemmas/hidden_regularities.md', LF will be replaced by CRLF the next time Git touches it
warning: in the working copy of 'research-wiki/technical-lemmas/mathlib_ready_leaf_template.md', LF will be replaced by CRLF the next time Git touches it
