∀ {E : Type u_1} [inst : NormedAddCommGroup E] [inst_1 : InnerProductSpace ℝ E] [inst_2 : CompleteSpace E]
  [inst_3 : FiniteDimensional ℝ E] [inst_4 : MeasurableSpace E] [inst_5 : BorelSpace E] {U : E → ℝ} {α β : ℝ≥0},
  0 < α →
    ContDiff ℝ 2 U →
      (∀ (x v : E), ↑α * ‖v‖ ^ 2 ≤ ((fderiv ℝ (fderiv ℝ U) x) v) v ∧ ((fderiv ℝ (fderiv ℝ U) x) v) v ≤ ↑β * ‖v‖ ^ 2) →
        let μ := volume.tilted fun x => -U x;
        IsProbabilityMeasure μ ∧ Integrable (gradient U) μ ∧ ∫ (x : E), gradient U x ∂μ = 0 : Prop
.astis\SmoothedScoreStatementTypeProbe.lean:10:29: warning: Variable name `hα` is not explicitly referenced.

Hint: The binding can be removed (if unused) or named `_` (if used implicitly). Alternatively, prefix the name with `_` to silence this warning:
  [apply] _hα

Note: This linter can be disabled with `set_option linter.unusedVariables false`
.astis\SmoothedScoreStatementTypeProbe.lean:10:42: warning: Variable name `hU` is not explicitly referenced.

Hint: The binding can be removed (if unused) or named `_` (if used implicitly). Alternatively, prefix the name with `_` to silence this warning:
  [apply] _hU

Note: This linter can be disabled with `set_option linter.unusedVariables false`
.astis\SmoothedScoreStatementTypeProbe.lean:11:5: warning: Variable name `hH` is not explicitly referenced.

Hint: The binding can be removed (if unused) or named `_` (if used implicitly). Alternatively, prefix the name with `_` to silence this warning:
  [apply] _hH

Note: This linter can be disabled with `set_option linter.unusedVariables false`
∀ {E : Type u_1} [inst : NormedAddCommGroup E] [inst_1 : InnerProductSpace ℝ E] [inst_2 : CompleteSpace E]
  [inst_3 : FiniteDimensional ℝ E] [inst_4 : MeasurableSpace E] [inst_5 : BorelSpace E] {V : E → ℝ} {κ η : ℝ},
  1 ≤ κ →
    ContDiff ℝ 2 V →
      (∀ (x v : E), κ⁻¹ * ‖v‖ ^ 2 ≤ ((fderiv ℝ (fderiv ℝ V) x) v) v ∧ ((fderiv ℝ (fderiv ℝ V) x) v) v ≤ ‖v‖ ^ 2) →
        0 < η →
          let μ := volume.tilted fun x => -V x;
          let C := (√(2 * Real.pi * η))⁻¹ ^ Module.finrank ℝ E;
          let A := fun y => C * ∫ (x : E), Real.exp (-V x - ‖y - x‖ ^ 2 / (2 * η));
          let Vη := fun y => -Real.log (A y);
          let R := fun y => μ.tilted fun x => -‖x - y‖ ^ 2 / (2 * η);
          IsProbabilityMeasure μ ∧
            ContDiff ℝ 2 Vη ∧
              (∀ (y : E),
                  IsProbabilityMeasure (R y) ∧
                    MemLp id 2 (R y) ∧ Integrable (gradient V) (R y) ∧ gradient Vη y = ∫ (x : E), gradient V x ∂R y) ∧
                ∃ p,
                  Measurable p ∧
                    (∀ (y : E), p y + η • gradient V (p y) = y) ∧
                      let rho := fun y u => V (p y + √η • u) - V (p y) - √η * ⟪gradient V (p y), u⟫;
                      let r := fun y => Measure.map (fun x => (√η)⁻¹ • (x - p y)) (R y);
                      ∀ (y : E),
                        (r y = volume.tilted fun u => -(‖u‖ ^ 2 / 2 + rho y u)) ∧
                          IsProbabilityMeasure (r y) ∧
                            MemLp (gradient (rho y)) 2 (r y) ∧
                              gradient Vη y = gradient V (p y) + (√η)⁻¹ • ∫ (u : E), gradient (rho y) u ∂r y ∧
                                ∀ (z : E),
                                  gradient V (p y + √η • z) = gradient V (p y) + (√η)⁻¹ • gradient (rho y) z : Prop
.astis\SmoothedScoreStatementTypeProbe.lean:20:27: warning: Variable name `hκ` is not explicitly referenced.

Hint: The binding can be removed (if unused) or named `_` (if used implicitly). Alternatively, prefix the name with `_` to silence this warning:
  [apply] _hκ

Note: This linter can be disabled with `set_option linter.unusedVariables false`
.astis\SmoothedScoreStatementTypeProbe.lean:20:40: warning: Variable name `hV` is not explicitly referenced.

Hint: The binding can be removed (if unused) or named `_` (if used implicitly). Alternatively, prefix the name with `_` to silence this warning:
  [apply] _hV

Note: This linter can be disabled with `set_option linter.unusedVariables false`
.astis\SmoothedScoreStatementTypeProbe.lean:21:5: warning: Variable name `hH` is not explicitly referenced.

Hint: The binding can be removed (if unused) or named `_` (if used implicitly). Alternatively, prefix the name with `_` to silence this warning:
  [apply] _hH

Note: This linter can be disabled with `set_option linter.unusedVariables false`
.astis\SmoothedScoreStatementTypeProbe.lean:22:44: warning: Variable name `hη` is not explicitly referenced.

Hint: The binding can be removed (if unused) or named `_` (if used implicitly). Alternatively, prefix the name with `_` to silence this warning:
  [apply] _hη

Note: This linter can be disabled with `set_option linter.unusedVariables false`
