.astis\pbps-marginal-gradient51\Statement54.lean:9:23: error(lean.synthInstanceFailed): failed to synthesize instance of type class
  LE Type

Hint: Type class instance resolution failures can be inspected with the `set_option trace.Meta.synthInstance true` command.
.astis\pbps-marginal-gradient51\Statement54.lean:9:23: error(lean.synthInstanceFailed): failed to synthesize instance of type class
  LE Type

Hint: Type class instance resolution failures can be inspected with the `set_option trace.Meta.synthInstance true` command.
.astis\pbps-marginal-gradient51\Statement54.lean:9:25: error(lean.synthInstanceFailed): failed to synthesize instance of type class
  OfNat Type 0
numerals are polymorphic in Lean, but the numeral `0` cannot be used in a context where the expected type is
  Type
due to the absence of the instance above

Hint: Type class instance resolution failures can be inspected with the `set_option trace.Meta.synthInstance true` command.
.astis\pbps-marginal-gradient51\Statement54.lean:9:25: error(lean.synthInstanceFailed): failed to synthesize instance of type class
  OfNat Type 0
numerals are polymorphic in Lean, but the numeral `0` cannot be used in a context where the expected type is
  Type
due to the absence of the instance above

Hint: Type class instance resolution failures can be inspected with the `set_option trace.Meta.synthInstance true` command.
fun {E} [NormedAddCommGroup E] [InnerProductSpace ℝ E] [FiniteDimensional ℝ E] [MeasurableSpace E] [BorelSpace E] {V}
    {α} {β} {η} hα hαβ hV hH hη hβη =>
  let μ := ℙ.tilted fun x => -V x;
  let J := Measure.map (fun p => (p.1, p.1 + √η • p.2)) (μ.prod (stdGaussian E));
  let ν := J.snd;
  let S := fun y => ℙ.tilted fun u => -V ((1 / 2) • (y + u)) - ‖y - u‖ ^ 2 / (8 * η);
  IsProbabilityMeasure ν ∧
    ∃ G,
      Dense ↑G.domain ∧
        G.IsClosable ∧
          G.closure.IsClosed ∧
            (∀ (u : ↥(Lp ℝ 2 ν)) (v : ↥(Lp E 2 ν)),
                (u, v) ∈ G.graph ↔ ∃ φ, ContDiff ℝ ∞ φ ∧ HasCompactSupport φ ∧ ↑↑u =ᵐ[ν] φ ∧ ↑↑v =ᵐ[ν] gradient φ) ∧
              ∀ (f : E → ℝ),
                ContDiff ℝ ∞ f →
                  HasCompactSupport f →
                    let Tf := fun y => ∫ (u : E), f u ∂S y;
                    ∃ (hTf : MemLp Tf 2 ν) (hGrad : MemLp (gradient Tf) 2 ν),
                      (MemLp.toLp Tf hTf, MemLp.toLp (gradient Tf) hGrad) ∈
                        G.closure.graph : {E : Type u_1} →
  [inst : NormedAddCommGroup E] →
    [inst_1 : InnerProductSpace ℝ E] →
      [FiniteDimensional ℝ E] →
        [inst_3 : MeasurableSpace E] →
          [BorelSpace E] →
            {V : E → ℝ} →
              {α : sorry} →
                {β : sorry} →
                  {η : ℝ} →
                    0 < sorry →
                      sorry →
                        ContDiff ℝ 2 V →
                          (∀ (x v : E),
                              sorry * ‖v‖ ^ 2 ≤ ((fderiv ℝ (fderiv ℝ V) x) v) v ∧
                                ((fderiv ℝ (fderiv ℝ V) x) v) v ≤ sorry * ‖v‖ ^ 2) →
                            0 < η → sorry * η ≤ 1 → Prop
