✖ [3162/3162] Building AutoSamplingTheory.TechnicalLemmas.FunctionalInequalities.GaussianFlipEnergy (8.1s)
trace: .> LEAN_PATH=E:\Samplinglib\.lake\packages\Cli\.lake\build\lib\lean;E:\Samplinglib\.lake\packages\batteries\.lake\build\lib\lean;E:\Samplinglib\.lake\packages\Qq\.lake\build\lib\lean;E:\Samplinglib\.lake\packages\aesop\.lake\build\lib\lean;E:\Samplinglib\.lake\packages\proofwidgets\.lake\build\lib\lean;E:\Samplinglib\.lake\packages\importGraph\.lake\build\lib\lean;E:\Samplinglib\.lake\packages\LeanSearchClient\.lake\build\lib\lean;E:\Samplinglib\.lake\packages\plausible\.lake\build\lib\lean;E:\Samplinglib\.lake\packages\mathlib\.lake\build\lib\lean;E:\Samplinglib\.lake\build\lib\lean c:\Users\admin\.elan\toolchains\leanprover--lean4---v4.33.0\bin\lean.exe E:\Samplinglib\AutoSamplingTheory\TechnicalLemmas\FunctionalInequalities\GaussianFlipEnergy.lean -o E:\Samplinglib\.lake\build\lib\lean\AutoSamplingTheory\TechnicalLemmas\FunctionalInequalities\GaussianFlipEnergy.olean -i E:\Samplinglib\.lake\build\lib\lean\AutoSamplingTheory\TechnicalLemmas\FunctionalInequalities\GaussianFlipEnergy.ilean -c E:\Samplinglib\.lake\build\ir\AutoSamplingTheory\TechnicalLemmas\FunctionalInequalities\GaussianFlipEnergy.c --setup E:\Samplinglib\.lake\build\ir\AutoSamplingTheory\TechnicalLemmas\FunctionalInequalities\GaussianFlipEnergy.setup.json --json
error: AutoSamplingTheory/TechnicalLemmas/FunctionalInequalities/GaussianFlipEnergy.lean:200:8: Type mismatch
  full_flip_pointwise_error f
    (ContDiff.differentiable hf
      (Mathlib.Meta.NormNum.isNat_eq_false (Mathlib.Meta.NormNum.isNat_ofNat (WithTop ℕ∞) (Eq.refl 2))
        (Mathlib.Meta.NormNum.isNat_ofNat (WithTop ℕ∞) Nat.cast_zero) (Eq.refl false)))
    B K hB0 hK0 hB hK (n + 1) (Nat.succ_pos n) ε
has type
  |∑ j, (f (normalizedSum (n + 1) (Function.update ε j !ε j)) - f (normalizedSum (n + 1) ε)) ^ 2 -
        4 * deriv f (normalizedSum (n + 1) ε) ^ 2| ≤
    16 * B * K * (√↑(n + 1))⁻¹
but is expected to have type
  ‖?m.691 ε‖ ≤ ?m.692
error: AutoSamplingTheory/TechnicalLemmas/FunctionalInequalities/GaussianFlipEnergy.lean:213:17: Application type mismatch: The argument
  t
has type
  Tendsto
    (fun x =>
      ∫ (ε : Fin (x + 1) → Bool), flipEnergy f (x + 1) ε ∂countLaw (x + 1) -
          4 * ∫ (ε : Fin (x + 1) → Bool), deriv f (normalizedSum (x + 1) ε) ^ 2 ∂countLaw (x + 1) +
        4 *
          ∫ (ε : Fin (x + 1) → Bool),
            deriv f ((√↑(x + 1))⁻¹ * ∑ j, if ε j = true then 1 else -1) ^
              2 ∂(↑(Fintype.card (Fin (x + 1) → Bool)))⁻¹ • Measure.count)
    atTop (𝓝 (4 * ∫ (x : ℝ), deriv f x ^ 2 ∂gaussianReal 0 1))
but is expected to have type
  Tendsto (fun n => ∫ (ε : Fin (n + 1) → Bool), flipEnergy f (n + 1) ε ∂countLaw (n + 1)) atTop
    (𝓝 (4 * ∫ (x : ℝ), deriv f x ^ 2 ∂gaussianReal 0 1))
in the application
  ⟨iE, t⟩
warning: AutoSamplingTheory/TechnicalLemmas/FunctionalInequalities/GaussianFlipEnergy.lean:212:23: This simp argument is unused:
  sub_add_cancel

Hint: Omit it from the simp argument list.
  [apply] simp only [zero_add] at t

Note: This linter can be disabled with `set_option linter.unusedSimpArgs false`
error: Lean exited with code 1
Some required targets logged failures:
- AutoSamplingTheory.TechnicalLemmas.FunctionalInequalities.GaussianFlipEnergy
error: build failed
