ContinuousLinearMap.toNormedSpace
.astis/verifier-gaussian-diagnosis.lean:10:0: error: failed to synthesize
  NormSMulClass ℝ (E →L[ℝ] E →L[ℝ] ℝ)

Hint: Additional diagnostic information may be available using the `set_option diagnostics true` command.
.astis/verifier-gaussian-diagnosis.lean:11:0: error: failed to synthesize
  TopologicalSpace.PseudoMetrizableSpace (E →L[ℝ] E →L[ℝ] ℝ)

Hint: Additional diagnostic information may be available using the `set_option diagnostics true` command.
.astis/verifier-gaussian-diagnosis.lean:12:76: error(lean.synthInstanceFailed): failed to synthesize instance of type class
  NormSMulClass ℝ (E →L[ℝ] E →L[ℝ] ℝ)

Hint: Type class instance resolution failures can be inspected with the `set_option trace.Meta.synthInstance true` command.
REPAIRED: select canonical operator-norm dual instances; no added mathematical premises.
ContinuousLinearMap.toNormedSpace
NormedSpace.toNormSMulClass
PseudoEMetricSpace.pseudoMetrizableSpace
.astis/verifier-gaussian-diagnosis.lean:20:53: error: Type mismatch
  norm_innerSL_le
has type
  ∀ (𝕜 : Type ?u.26) {E : Type ?u.25} [inst : RCLike 𝕜] [inst_1 : SeminormedAddCommGroup E]
    [inst_2 : InnerProductSpace 𝕜 E], ‖innerSL 𝕜‖ ≤ 1
but is expected to have type
  ‖innerSL ℝ‖ ≤ 1
FINAL repaired replay (explicit scalar argument in final norm_innerSL_le check).
ContinuousLinearMap.toNormedSpace
NormedSpace.toNormSMulClass
PseudoEMetricSpace.pseudoMetrizableSpace
FINAL pinned Lean4.33.0 replay exited 0, LEAN_NUM_THREADS=2. All repaired synth, norm_smul, norm_add_le, rfl dual operator-norm identity, innerSL HasFDerivAt, operator evaluation bound and norm_innerSL_le checks succeeded.
Diagnosis: nested CLM types carry chosen codomain topological/module structures; default synthesis of a NormedSpace alone does not guarantee compatible derived class synthesis. Select the existing dual operator-norm NormedAddCommGroup and NormedSpace instances before elaborating any nested-dual definition. These reuse Mathlib CLM structures, add no mathematical assumptions, and preserve the operator norm (checked by rfl). No canonical files changed, no formal progress credit or paper completion.
