{
  "verification_status": "passed-scoped",
  "checked_commit": "6e84711c8f472be61bf3791bb0f73f201d4167d8",
  "proof_predecessor": "8b4b1ed0c9dae0f618f66eeb5270edd071095fba",
  "lean_declarations": [
    "AutoSamplingTheory.TechnicalLemmas.Measure.GaussianConvolutionRegularity.gaussian_convolution_potential_c2"
  ],
  "input_hashes": {
    "AutoSamplingTheory/TechnicalLemmas/Measure/GaussianConvolutionRegularity.lean": {
      "raw_sha256": "8dcfaac1b9a757c163af2adb3f853a94d63386dde6a39dca77b75027f6a08993",
      "lf_sha256": "c4334e4f73b635c0c0882fbd80b6861108792b5ac81b36747fd413549f98119b",
      "bytes": 13296,
      "git_raw_sha256": "c4334e4f73b635c0c0882fbd80b6861108792b5ac81b36747fd413549f98119b",
      "git_lf_sha256": "c4334e4f73b635c0c0882fbd80b6861108792b5ac81b36747fd413549f98119b",
      "git_lf_equals_working": true,
      "working_raw_equals_git": false
    },
    "Tests/GaussianConvolutionRegularity.lean": {
      "raw_sha256": "04a3ea190c7805965862ec357f563dd226bc943d5d0d79ad17944daa3869f85f",
      "lf_sha256": "b5b6786eccf492648edbcb777349c7b66db5957c4a9163759ac13149ae683cee",
      "bytes": 2266,
      "git_raw_sha256": "b5b6786eccf492648edbcb777349c7b66db5957c4a9163759ac13149ae683cee",
      "git_lf_sha256": "b5b6786eccf492648edbcb777349c7b66db5957c4a9163759ac13149ae683cee",
      "git_lf_equals_working": true,
      "working_raw_equals_git": false
    },
    "website/content/publications/gaussian-convolution-regularity.json": {
      "raw_sha256": "5065161e5cd16989823661198fa6c5605d4b2fe8a97ab8a575979057a7cc0972",
      "lf_sha256": "663decc2c74d69c1eaba46bf8fcd77e8c30724ad08f63aa9b2e518735b4fbd52",
      "bytes": 8032,
      "git_raw_sha256": "663decc2c74d69c1eaba46bf8fcd77e8c30724ad08f63aa9b2e518735b4fbd52",
      "git_lf_sha256": "663decc2c74d69c1eaba46bf8fcd77e8c30724ad08f63aa9b2e518735b4fbd52",
      "git_lf_equals_working": true,
      "working_raw_equals_git": false
    },
    "runs/20261006-companion-priority/gaussian-convolution-regularity/focused.log": {
      "raw_sha256": "4318b12142c504a298fb7fb036431afd3db4a06e8efbe59d9340d332f6d8701c",
      "lf_sha256": "12a28b6a4be9dbe4fefbc441d17136d7c14f7d62e115ca53600e9dc965d6a9f2",
      "bytes": 1409,
      "git_raw_sha256": "4318b12142c504a298fb7fb036431afd3db4a06e8efbe59d9340d332f6d8701c",
      "git_lf_sha256": "12a28b6a4be9dbe4fefbc441d17136d7c14f7d62e115ca53600e9dc965d6a9f2",
      "git_lf_equals_working": true,
      "working_raw_equals_git": true
    },
    "AutoSamplingTheory/ExampleCases/ProximalBPS/GaussianAugmentation.lean": {
      "raw_sha256": "fb7db932e3081f5ad45120374ed3bfcfa79dbbb10b4f89df7533a678cae73ae0",
      "lf_sha256": "e3075df55a8ac80ccb3e1df44f11a47661d6b517464cf69069afc2734fd175ee",
      "bytes": 2861,
      "git_raw_sha256": "e3075df55a8ac80ccb3e1df44f11a47661d6b517464cf69069afc2734fd175ee",
      "git_lf_sha256": "e3075df55a8ac80ccb3e1df44f11a47661d6b517464cf69069afc2734fd175ee",
      "git_lf_equals_working": true,
      "working_raw_equals_git": false
    },
    "AutoSamplingTheory/TechnicalLemmas/Measure/IsotropicGaussianDensity.lean": {
      "raw_sha256": "cb1bb40f2e4c17f4a9482cbd7ba022bac815409d68d4e7b6e9f8d00bcdd3e817",
      "lf_sha256": "08eaba5759c1f514e80c58123f6a7c4c9f1ffc18c4d20df3a93b6e718fae25d7",
      "bytes": 4867,
      "git_raw_sha256": "08eaba5759c1f514e80c58123f6a7c4c9f1ffc18c4d20df3a93b6e718fae25d7",
      "git_lf_sha256": "08eaba5759c1f514e80c58123f6a7c4c9f1ffc18c4d20df3a93b6e718fae25d7",
      "git_lf_equals_working": true,
      "working_raw_equals_git": false
    },
    "AutoSamplingTheory/TechnicalLemmas/Measure/RadonNikodym.lean": {
      "raw_sha256": "e8e2905509dce1b59b02678d6202ae17cf038a7f80d1532c3beda8913c347aa7",
      "lf_sha256": "12146654d4036bf8601a48786572d11fe46b69a4d84ab5a61c1aa25cc0848317",
      "bytes": 10071,
      "git_raw_sha256": "12146654d4036bf8601a48786572d11fe46b69a4d84ab5a61c1aa25cc0848317",
      "git_lf_sha256": "12146654d4036bf8601a48786572d11fe46b69a4d84ab5a61c1aa25cc0848317",
      "git_lf_equals_working": true,
      "working_raw_equals_git": false
    },
    "AutoSamplingTheory/TechnicalLemmas/Probability/GaussianConditionalKernel.lean": {
      "raw_sha256": "a65a1f3b1f2c4a1e3f81505004c997417d23b109a38f74f417a54fbbbc82de4b",
      "lf_sha256": "6233b2527acc6b4297b62ac92f041b8c1af02e35ea60e16ddaa3501123329d1e",
      "bytes": 5361,
      "git_raw_sha256": "6233b2527acc6b4297b62ac92f041b8c1af02e35ea60e16ddaa3501123329d1e",
      "git_lf_sha256": "6233b2527acc6b4297b62ac92f041b8c1af02e35ea60e16ddaa3501123329d1e",
      "git_lf_equals_working": true,
      "working_raw_equals_git": false
    },
    "lean-toolchain": {
      "raw_sha256": "b2b5068d5a4835675e651ce83b29c0ddb308d28b80076e7c007aef4630af0477",
      "lf_sha256": "302cd63c54178885b89e669f33b38f12f4dd7ae7e5cac537b3203e3768d8fb2b",
      "bytes": 26,
      "git_raw_sha256": "302cd63c54178885b89e669f33b38f12f4dd7ae7e5cac537b3203e3768d8fb2b",
      "git_lf_sha256": "302cd63c54178885b89e669f33b38f12f4dd7ae7e5cac537b3203e3768d8fb2b",
      "git_lf_equals_working": true,
      "working_raw_equals_git": false
    },
    "lakefile.lean": {
      "raw_sha256": "e94f88078c99ef2a854dbdc92bbf102a7422c498a8e81bf500ceafc10f523390",
      "lf_sha256": "1757b85b37f0a68972791443e3a8da33fd97ede414732fabb8e7d747b070c51c",
      "bytes": 256,
      "git_raw_sha256": "1757b85b37f0a68972791443e3a8da33fd97ede414732fabb8e7d747b070c51c",
      "git_lf_sha256": "1757b85b37f0a68972791443e3a8da33fd97ede414732fabb8e7d747b070c51c",
      "git_lf_equals_working": true,
      "working_raw_equals_git": false
    },
    "lake-manifest.json": {
      "raw_sha256": "b1f16b43aaf4a886cfe0382d5e3ae63d6904281c00afd8f35af20f0270a747e2",
      "lf_sha256": "b83ca83b9cf7caa85fa8b023c2ff9a3fb7a7cce7e1c332e810c348535ec49c37",
      "bytes": 3234,
      "git_raw_sha256": "b83ca83b9cf7caa85fa8b023c2ff9a3fb7a7cce7e1c332e810c348535ec49c37",
      "git_lf_sha256": "b83ca83b9cf7caa85fa8b023c2ff9a3fb7a7cce7e1c332e810c348535ec49c37",
      "git_lf_equals_working": true,
      "working_raw_equals_git": false
    },
    ".lake/packages/mathlib/Mathlib/Analysis/Calculus/ParametricIntegral.lean": {
      "raw_sha256": "d63869326d278ce53699b42ce5cf3af11bc8260aad1bb97eaeb86889b92f6ca7",
      "lf_sha256": "495f1a89774b147de1528e0213f519817d50fc3602724c9cbea633e9617c3375",
      "bytes": 18954,
      "git_raw_sha256": "495f1a89774b147de1528e0213f519817d50fc3602724c9cbea633e9617c3375",
      "git_lf_sha256": "495f1a89774b147de1528e0213f519817d50fc3602724c9cbea633e9617c3375",
      "git_lf_equals_working": true,
      "working_raw_equals_git": false
    },
    ".lake/packages/mathlib/Mathlib/MeasureTheory/Integral/Bochner/Basic.lean": {
      "raw_sha256": "38acb9930511f4fda15584cc7be30bb37d0d8ab0406a6cc2b32229c730440463",
      "lf_sha256": "f81a06eab17faccbc4b671a93e7af73332f5fd3946f7690e7c2a3cfee77d28c8",
      "bytes": 71811,
      "git_raw_sha256": "f81a06eab17faccbc4b671a93e7af73332f5fd3946f7690e7c2a3cfee77d28c8",
      "git_lf_sha256": "f81a06eab17faccbc4b671a93e7af73332f5fd3946f7690e7c2a3cfee77d28c8",
      "git_lf_equals_working": true,
      "working_raw_equals_git": false
    },
    ".lake/packages/mathlib/Mathlib/Analysis/Normed/Operator/Basic.lean": {
      "raw_sha256": "812ad65e669e7863c9d1357e00a6d7819be80f75a8686b3e93d61b81e5dbbfc6",
      "lf_sha256": "18f967ad36db74f73667ac7bdef2a404d77226a7d33cbdef33d415e5b3e4c389",
      "bytes": 24370,
      "git_raw_sha256": "18f967ad36db74f73667ac7bdef2a404d77226a7d33cbdef33d415e5b3e4c389",
      "git_lf_sha256": "18f967ad36db74f73667ac7bdef2a404d77226a7d33cbdef33d415e5b3e4c389",
      "git_lf_equals_working": true,
      "working_raw_equals_git": false
    },
    ".lake/packages/mathlib/Mathlib/Analysis/Normed/Operator/NormedSpace.lean": {
      "raw_sha256": "70c1aaedd442c6ffaa794cf9b6d6f2ee0e85da11aa21ebd0ae7f715bf36ae70a",
      "lf_sha256": "16aed155a196dd2b6ffe17bb44f9a84542ffb308790e61cf89e50e2dcf2c426b",
      "bytes": 20455,
      "git_raw_sha256": "16aed155a196dd2b6ffe17bb44f9a84542ffb308790e61cf89e50e2dcf2c426b",
      "git_lf_sha256": "16aed155a196dd2b6ffe17bb44f9a84542ffb308790e61cf89e50e2dcf2c426b",
      "git_lf_equals_working": true,
      "working_raw_equals_git": false
    },
    ".lake/packages/mathlib/Mathlib/Analysis/Normed/Module/FiniteDimension.lean": {
      "raw_sha256": "f3982c0ca3e79582872089e0fa4e820cb7b504e814e0bf768cde93749b7387e7",
      "lf_sha256": "2598904c7b6a33ad86537d15464c45d476dea56dd035e3d8237dab5027f47e5e",
      "bytes": 38644,
      "git_raw_sha256": "2598904c7b6a33ad86537d15464c45d476dea56dd035e3d8237dab5027f47e5e",
      "git_lf_sha256": "2598904c7b6a33ad86537d15464c45d476dea56dd035e3d8237dab5027f47e5e",
      "git_lf_equals_working": true,
      "working_raw_equals_git": false
    },
    ".lake/packages/mathlib/Mathlib/Analysis/InnerProductSpace/Calculus.lean": {
      "raw_sha256": "a4133df1c753423262c08af8a6a0b63a331422e3bc7e57223a4e43c8c51a80a5",
      "lf_sha256": "902f118cce8ed2a8d385b11e29d95a20424361ca8e47d9bf94fbf954057a7f05",
      "bytes": 17769,
      "git_raw_sha256": "902f118cce8ed2a8d385b11e29d95a20424361ca8e47d9bf94fbf954057a7f05",
      "git_lf_sha256": "902f118cce8ed2a8d385b11e29d95a20424361ca8e47d9bf94fbf954057a7f05",
      "git_lf_equals_working": true,
      "working_raw_equals_git": false
    },
    "runs/20261006-companion-priority/gaussian-convolution-regularity/independent-production.log": {
      "raw_sha256": "de30c01726ba6198558dbec54b395060e146974fe4b5d3875c5a3645a66a4d06",
      "lf_sha256": "6db143cd5661788db02a2cd9a400d981c1bd16abed25f53ba5bbb881457f2237",
      "bytes": 610,
      "git_raw_sha256": "de30c01726ba6198558dbec54b395060e146974fe4b5d3875c5a3645a66a4d06",
      "git_lf_sha256": "6db143cd5661788db02a2cd9a400d981c1bd16abed25f53ba5bbb881457f2237",
      "git_lf_equals_working": true,
      "working_raw_equals_git": true
    },
    "runs/20261006-companion-priority/gaussian-convolution-regularity/independent-test.log": {
      "raw_sha256": "0b982df148d676ce9d65d9b70a4626c18129c76917b2499130dc0afa4ef3021b",
      "lf_sha256": "446a3959f92788b6108f23ceafaf304e24af62b9a5df4251c2c1e704f755031e",
      "bytes": 430,
      "git_raw_sha256": "0b982df148d676ce9d65d9b70a4626c18129c76917b2499130dc0afa4ef3021b",
      "git_lf_sha256": "446a3959f92788b6108f23ceafaf304e24af62b9a5df4251c2c1e704f755031e",
      "git_lf_equals_working": true,
      "working_raw_equals_git": true
    },
    "runs/20261006-companion-priority/gaussian-convolution-regularity/independent-focused.log": {
      "raw_sha256": "d74bfb96efb095e6318924e5e3def79e54da9dec253b434edbf6df60682ea2e2",
      "lf_sha256": "e3d36da7385328229c70d192af2725b6e7e909d724021885e7d97ed75a033fb5",
      "bytes": 1403,
      "git_raw_sha256": "d74bfb96efb095e6318924e5e3def79e54da9dec253b434edbf6df60682ea2e2",
      "git_lf_sha256": "e3d36da7385328229c70d192af2725b6e7e909d724021885e7d97ed75a033fb5",
      "git_lf_equals_working": true,
      "working_raw_equals_git": true
    },
    "runs/20261006-companion-priority/gaussian-convolution-regularity/independent-zero-dimension.log": {
      "raw_sha256": "7f1d2190488091f42d479770b2e298352cec2ad376446f1c1eb5fe8d8ae55c24",
      "lf_sha256": "9d7ef580ee0f565a11dc083088ba0cc8d2fcb8ef97c189b651768b33d97f1ba3",
      "bytes": 113,
      "git_raw_sha256": "7f1d2190488091f42d479770b2e298352cec2ad376446f1c1eb5fe8d8ae55c24",
      "git_lf_sha256": "9d7ef580ee0f565a11dc083088ba0cc8d2fcb8ef97c189b651768b33d97f1ba3",
      "git_lf_equals_working": true,
      "working_raw_equals_git": true
    },
    "website/content/declaration_lessons/gaussian-convolution-regularity.json": {
      "raw_sha256": "65b5586c72ab9f6bb0a00c74044b5d10a6cb872c4ba8f74ba835705f922d612d",
      "lf_sha256": "dd7038028f8b399995cdda23073c080a1e38e5f7dabfa0331d953dd5961d1204",
      "bytes": 9037,
      "git_raw_sha256": "dd7038028f8b399995cdda23073c080a1e38e5f7dabfa0331d953dd5961d1204",
      "git_lf_sha256": "dd7038028f8b399995cdda23073c080a1e38e5f7dabfa0331d953dd5961d1204",
      "git_lf_equals_working": true,
      "working_raw_equals_git": false
    },
    "proof-blueprints/gaussian-convolution-regularity.md": {
      "raw_sha256": "397aa8afacfd48cc2cb211c5dad46d414f9a6dba92995abbd491beb51c00e528",
      "lf_sha256": "9204ed7df2cd10a0a3f16d8db55a52a7acbfcfbbec7d08e7ee9b0335bf79349d",
      "bytes": 3435,
      "git_raw_sha256": "9204ed7df2cd10a0a3f16d8db55a52a7acbfcfbbec7d08e7ee9b0335bf79349d",
      "git_lf_sha256": "9204ed7df2cd10a0a3f16d8db55a52a7acbfcfbbec7d08e7ee9b0335bf79349d",
      "git_lf_equals_working": true,
      "working_raw_equals_git": false
    },
    "runs/20261006-companion-priority/gaussian-convolution-regularity/source-review.json": {
      "raw_sha256": "49adbcf81b77fbec0ae5ec720c1b643773216aa1ce23e22e00bf4a3ac54bfb8f",
      "lf_sha256": "355e0766192edb83b177f28b7252d2b882077bd70db04bb81f573271506af38f",
      "bytes": 36264,
      "git_raw_sha256": "355e0766192edb83b177f28b7252d2b882077bd70db04bb81f573271506af38f",
      "git_lf_sha256": "355e0766192edb83b177f28b7252d2b882077bd70db04bb81f573271506af38f",
      "git_lf_equals_working": true,
      "working_raw_equals_git": false
    },
    "runs/20261006-companion-priority/gaussian-convolution-regularity/source-review.superseded1.json": {
      "raw_sha256": "ec3ffeb66805da576f9f684620df21984b73dc29beccb9e2677782d941e82ada",
      "lf_sha256": "d76bbdfa19a5a72fdde8bc2588350915cbe988742f80a7e3a95f2b1eb491cf87",
      "bytes": 36264,
      "git_raw_sha256": "d76bbdfa19a5a72fdde8bc2588350915cbe988742f80a7e3a95f2b1eb491cf87",
      "git_lf_sha256": "d76bbdfa19a5a72fdde8bc2588350915cbe988742f80a7e3a95f2b1eb491cf87",
      "git_lf_equals_working": true,
      "working_raw_equals_git": false
    },
    "runs/20261006-companion-priority/gaussian-convolution-regularity/anonymous.decoder.json": {
      "raw_sha256": "3bc7d39b3bb36a0eff3c3e8fbe2aa4b8cbd1097e97739e0d5c98d63345abe361",
      "lf_sha256": "372e3f3b8e792037792b8743d9ccb59f6e6d5159cafa32000c7f77ab42500d20",
      "bytes": 2615,
      "git_raw_sha256": "372e3f3b8e792037792b8743d9ccb59f6e6d5159cafa32000c7f77ab42500d20",
      "git_lf_sha256": "372e3f3b8e792037792b8743d9ccb59f6e6d5159cafa32000c7f77ab42500d20",
      "git_lf_equals_working": true,
      "working_raw_equals_git": false
    },
    "runs/20261006-companion-priority/gaussian-convolution-regularity/anonymous.reconstruction.json": {
      "raw_sha256": "a0440f968cd39577eab795af8412c1178090006a1d81831f8c019cd8dc00f842",
      "lf_sha256": "a0440f968cd39577eab795af8412c1178090006a1d81831f8c019cd8dc00f842",
      "bytes": 7189,
      "git_raw_sha256": "a0440f968cd39577eab795af8412c1178090006a1d81831f8c019cd8dc00f842",
      "git_lf_sha256": "a0440f968cd39577eab795af8412c1178090006a1d81831f8c019cd8dc00f842",
      "git_lf_equals_working": true,
      "working_raw_equals_git": true
    },
    "research-wiki/frontier-cells/ASTIS-SHARED-gaussian-convolution-regularity.json": {
      "raw_sha256": "785ef2b4ace44f1efea446a64f73ba3232dcd56e820174abce87d2b6ffc6fe40",
      "lf_sha256": "b02386425028514fa56cf44437e7c802bf34b247964b8af497a06266c5515b64",
      "bytes": 8842,
      "git_raw_sha256": "b02386425028514fa56cf44437e7c802bf34b247964b8af497a06266c5515b64",
      "git_lf_sha256": "b02386425028514fa56cf44437e7c802bf34b247964b8af497a06266c5515b64",
      "git_lf_equals_working": true,
      "working_raw_equals_git": false
    },
    "runs/20261006-companion-priority/gaussian-convolution-regularity/ASTIS-SHARED-gaussian-convolution-regularity.source-reviewed.snapshot.json": {
      "raw_sha256": "785ef2b4ace44f1efea446a64f73ba3232dcd56e820174abce87d2b6ffc6fe40",
      "lf_sha256": "b02386425028514fa56cf44437e7c802bf34b247964b8af497a06266c5515b64",
      "bytes": 8842,
      "git_raw_sha256": "b02386425028514fa56cf44437e7c802bf34b247964b8af497a06266c5515b64",
      "git_lf_sha256": "b02386425028514fa56cf44437e7c802bf34b247964b8af497a06266c5515b64",
      "git_lf_equals_working": true,
      "working_raw_equals_git": false
    },
    "runs/20261006-companion-priority/gaussian-convolution-regularity/math-review.json": {
      "raw_sha256": "6b586b53c647bd3138ec8f806842ce26f50ab6915e106a0f9ee4568c266ba263",
      "lf_sha256": "6f9442c5ad9464eb66fd483f842f06568c9b51c68e374ddd3f52389d450f4a78",
      "bytes": 23881,
      "git_raw_sha256": "6f9442c5ad9464eb66fd483f842f06568c9b51c68e374ddd3f52389d450f4a78",
      "git_lf_sha256": "6f9442c5ad9464eb66fd483f842f06568c9b51c68e374ddd3f52389d450f4a78",
      "git_lf_equals_working": true,
      "working_raw_equals_git": false
    },
    "runs/20261006-companion-priority/gaussian-convolution-regularity/math-publication-reconciliation.json": {
      "raw_sha256": "1e39f258117b4d85218d8ffd613a41d322b13fe2509aaca3c3a0c5daaae39283",
      "lf_sha256": "aef22ca825583a2a1c94b89ce70ea42c41d56c146a2c3fcd276872207ba5bdb2",
      "bytes": 12901,
      "git_raw_sha256": "aef22ca825583a2a1c94b89ce70ea42c41d56c146a2c3fcd276872207ba5bdb2",
      "git_lf_sha256": "aef22ca825583a2a1c94b89ce70ea42c41d56c146a2c3fcd276872207ba5bdb2",
      "git_lf_equals_working": true,
      "working_raw_equals_git": false
    },
    "runs/20261006-companion-priority/gaussian-convolution-regularity/publication.math-reviewed.snapshot.json": {
      "raw_sha256": "7b23b72d7d4fa1caf1baddaae70c936974badf1382c27febc432b477abeb6f64",
      "lf_sha256": "530fe84715cd99f519ca877fb1fb5a7d5f97926b78756afe2014c9f9706b4621",
      "bytes": 8032,
      "git_raw_sha256": "530fe84715cd99f519ca877fb1fb5a7d5f97926b78756afe2014c9f9706b4621",
      "git_lf_sha256": "530fe84715cd99f519ca877fb1fb5a7d5f97926b78756afe2014c9f9706b4621",
      "git_lf_equals_working": true,
      "working_raw_equals_git": false
    },
    "runs/20261006-companion-priority/gaussian-convolution-regularity/proved-local.json": {
      "raw_sha256": "cf50a0c9d3a34238f38c9ab07a390b1d23d2edd6c1062fa9899c482868af6311",
      "lf_sha256": "ec3b64680464a867f70c07cc9e7144cc05fa27312b9c1c096f44db874071aa5e",
      "bytes": 2912,
      "git_raw_sha256": "ec3b64680464a867f70c07cc9e7144cc05fa27312b9c1c096f44db874071aa5e",
      "git_lf_sha256": "ec3b64680464a867f70c07cc9e7144cc05fa27312b9c1c096f44db874071aa5e",
      "git_lf_equals_working": true,
      "working_raw_equals_git": false
    },
    "runs/20261006-companion-priority/gaussian-convolution-regularity/source-review.result.json": {
      "raw_sha256": "5ba5243ed84028a82949b28a6e6660b2b42e9a74bf98363ea565ed58c9a5fa60",
      "lf_sha256": "5ba5243ed84028a82949b28a6e6660b2b42e9a74bf98363ea565ed58c9a5fa60",
      "bytes": 46818,
      "git_raw_sha256": "5ba5243ed84028a82949b28a6e6660b2b42e9a74bf98363ea565ed58c9a5fa60",
      "git_lf_sha256": "5ba5243ed84028a82949b28a6e6660b2b42e9a74bf98363ea565ed58c9a5fa60",
      "git_lf_equals_working": true,
      "working_raw_equals_git": true
    },
    "runs/20261006-companion-priority/gaussian-convolution-regularity/source-review.result.case-before.snapshot.json": {
      "raw_sha256": "94c3e4ed12f98ce8f1d7791ab55b478286da06caef3580259d80e84ec8efec7d",
      "lf_sha256": "94c3e4ed12f98ce8f1d7791ab55b478286da06caef3580259d80e84ec8efec7d",
      "bytes": 46818,
      "git_raw_sha256": "94c3e4ed12f98ce8f1d7791ab55b478286da06caef3580259d80e84ec8efec7d",
      "git_lf_sha256": "94c3e4ed12f98ce8f1d7791ab55b478286da06caef3580259d80e84ec8efec7d",
      "git_lf_equals_working": true,
      "working_raw_equals_git": true
    },
    "runs/20261006-companion-priority/gaussian-convolution-regularity/source-review.path-reconciliation.json": {
      "raw_sha256": "6f6ecf9595c61f82319f9ad244d48864c8b4209ab2c37854896b2ad78b202a1a",
      "lf_sha256": "6f6ecf9595c61f82319f9ad244d48864c8b4209ab2c37854896b2ad78b202a1a",
      "bytes": 9048,
      "git_raw_sha256": "6f6ecf9595c61f82319f9ad244d48864c8b4209ab2c37854896b2ad78b202a1a",
      "git_lf_sha256": "6f6ecf9595c61f82319f9ad244d48864c8b4209ab2c37854896b2ad78b202a1a",
      "git_lf_equals_working": true,
      "working_raw_equals_git": true
    },
    "research-wiki/semantic-roundtrip/audits/ASTIS-RT-20261006-GaussianConvolutionRegularity.json": {
      "raw_sha256": "3240f69e5c5ce93c2910e6ac40047b5749309a074fc7af8c347f95489fb8c3fe",
      "lf_sha256": "3c0d7f97f0839360542ccdf5066402d951bd2b8b0a541b7014252ab61c3056b7",
      "bytes": 40536,
      "git_raw_sha256": "3c0d7f97f0839360542ccdf5066402d951bd2b8b0a541b7014252ab61c3056b7",
      "git_lf_sha256": "3c0d7f97f0839360542ccdf5066402d951bd2b8b0a541b7014252ab61c3056b7",
      "git_lf_equals_working": true,
      "working_raw_equals_git": false
    }
  },
  "math_reuse": {
    "original_stable_inputs": 21,
    "unchanged_raw_and_lf": 20,
    "publication_single_string_reconciled": true,
    "unchanged_separately_scoped_exposition": 2,
    "direct_and_zero_dim_compiler_evidence_reused_for_unchanged_code_only": true
  },
  "source_audit": {
    "audit_id": "ASTIS-RT-20261006-GaussianConvolutionRegularity",
    "declaration": "AutoSamplingTheory.TechnicalLemmas.Measure.GaussianConvolutionRegularity.gaussian_convolution_potential_c2",
    "state": "accepted",
    "verdict": "equivalent-after-elaboration",
    "source_packet_sha256": "6efcbba387c764dda951551f8da08173fd9d193196196d15b32fe0dac6d7367e",
    "source_run_sha256": "c104e1e38e7c89c7cc2a53c8ab28262f33bd746219e2536fd226fcb48aa9dadb",
    "decoder_packet_sha256": "8eca34d3f623ab97307f14e7a6b77d8e4f57f952707f0e2c871bf6936ece8db6",
    "decoder_run_sha256": "a374f3f8ee52ebc046bbaf047d760a24fbdfaca0ed253fea65225a2cbef7afc6",
    "publication_binding_sha256": "86898047ad1af8540d658416e6c0856c413dff97c9efa62dd81fecf0f76330b5",
    "whole_module_raw_sha256": "8dcfaac1b9a757c163af2adb3f853a94d63386dde6a39dca77b75027f6a08993",
    "whole_module_lf_sha256": "c4334e4f73b635c0c0882fbd80b6861108792b5ac81b36747fd413549f98119b",
    "whole_module_binding_field_semantics": "LF module content hash; distinct from selected publication binding digest",
    "private_named_helpers": [
      "gaussianWeight",
      "gaussianFirst",
      "gaussianDeriv",
      "gaussianSmooth",
      "weight_bounds",
      "first_bound",
      "realDual",
      "gaussianSecond",
      "gaussianFirstDeriv",
      "second_bound",
      "gaussianNormalizerRegularity",
      "gaussianDensity"
    ],
    "private_canonical_instances": [
      "NormedField.toNormedSpace for real scalars",
      "ContinuousLinearMap.toNormedAddCommGroup for E->L[R]R",
      "ContinuousLinearMap.toNormedSpace for E->L[R]R"
    ],
    "reviewer_actor": "phase_source_reviewer_20261005",
    "decoder_actor": "anonymous_decoder_20261006",
    "current_cell_raw_byte_equal_source_snapshot": true,
    "source_path_reconciliation": {
      "receipt": "runs/20261006-companion-priority/gaussian-convolution-regularity/source-review.path-reconciliation.json",
      "run_sha256": "65742d53b9e51f41db0b429910e5fa0c818f10baafac5e84a0b9f1ed8a4b7812",
      "original_run_sha256": "afe5a47b433927c8fdf0d6ed66cc3723a2f8a75b1391458f09d590ef91cbbd69",
      "original_raw_snapshot_exact_old_git": true,
      "exact_delta": "Only /input_artifacts/12/path lower g -> upper G and recomputed /review_run_sha256",
      "all17_current_artifact_paths_case_exact_and_rawLF_current": true
    }
  },
  "fake_closure_scan": {
    "status": "PASS",
    "files": [
      "AutoSamplingTheory/TechnicalLemmas/Measure/GaussianConvolutionRegularity.lean",
      "Tests/GaussianConvolutionRegularity.lean",
      "AutoSamplingTheory/ExampleCases/ProximalBPS/GaussianAugmentation.lean",
      "AutoSamplingTheory/TechnicalLemmas/Measure/IsotropicGaussianDensity.lean",
      "AutoSamplingTheory/TechnicalLemmas/Measure/RadonNikodym.lean",
      "AutoSamplingTheory/TechnicalLemmas/Probability/GaussianConditionalKernel.lean"
    ],
    "hits": [],
    "standard_axioms": [
      "propext",
      "Classical.choice",
      "Quot.sound"
    ],
    "unrecognized_axioms": []
  },
  "publication_private_owner_check": {
    "owned_private_items": 15,
    "named_helpers": 12,
    "canonical_instances": 3,
    "owner": "AutoSamplingTheory.TechnicalLemmas.Measure.GaussianConvolutionRegularity.gaussian_convolution_potential_c2"
  },
  "source_artifact_checks": "Current canonical source/decoder packet/run/text hashes, full module raw/LF and selected publication binding recomputed; all17 source input artifacts match committed exact-case paths and current checked bytes. Original mathematical and source receipt snapshots preserved. Source numerical/normalization boundary remains scoped."
}
