82:  [Module ℝ A] [SMulCommClass ℝ A A] [IsScalarTower ℝ A A] [StarOrderedRing A]
83:  [NonUnitalContinuousFunctionalCalculus ℝ A IsSelfAdjoint]
182:  [NonUnitalContinuousFunctionalCalculus ℝ B IsSelfAdjoint]
183:  [NonUnitalContinuousFunctionalCalculus ℝ (A × B) IsSelfAdjoint]
186:  [StarOrderedRing B]
209:  [∀ i, StarOrderedRing (C i)] [StarOrderedRing (∀ i, C i)]
211:  [∀ i, NonUnitalContinuousFunctionalCalculus ℝ (C i) IsSelfAdjoint]
212:  [NonUnitalContinuousFunctionalCalculus ℝ (∀ i, C i) IsSelfAdjoint]
265:lemma sqrt_mul_sqrt_self (a : A) (ha : 0 ≤ a := by cfc_tac) : sqrt a * sqrt a = a := by
281:  h ▸ sqrt_mul_sqrt_self _ ha
283:lemma sqrt_unique {a b : A} (h : b * b = a) (hb : 0 ≤ b := by cfc_tac) :
289:  ⟨(mul_self_eq ·), (sqrt_unique ·)⟩
296:  ⟨fun h => sqrt_mul_self a ▸ sqrt_unique h.symm, fun h => h ▸ rfl⟩
312:  [Module ℝ B] [SMulCommClass ℝ B B] [IsScalarTower ℝ B B] [StarOrderedRing B]
313:  [NonUnitalContinuousFunctionalCalculus ℝ B IsSelfAdjoint]
314:  [NonUnitalContinuousFunctionalCalculus ℝ (A × B) IsSelfAdjoint]
329:  [∀ i, StarOrderedRing (C i)] [StarOrderedRing (∀ i, C i)]
331:  [∀ i, NonUnitalContinuousFunctionalCalculus ℝ (C i) IsSelfAdjoint]
332:  [NonUnitalContinuousFunctionalCalculus ℝ (∀ i, C i) IsSelfAdjoint]
367:  tfae_have 1 → 2 := fun h => sqrt_mul_sqrt_self a |>.symm
395:  [StarOrderedRing A] [Algebra ℝ A] [ContinuousFunctionalCalculus ℝ A IsSelfAdjoint]
509:    [StarOrderedRing A] [NormedAlgebra ℝ A] [NonnegSpectrumClass ℝ A]
572:  [StarOrderedRing B]
575:  [IsSemitopologicalRing B] [T2Space B] [StarOrderedRing (A × B)]
602:  [∀ i, StarRing (C i)] [∀ i, TopologicalSpace (C i)] [∀ i, StarOrderedRing (C i)]
603:  [StarOrderedRing (∀ i, C i)]
649:  rw [pow_two, sqrt_mul_sqrt_self (A := A) a]
722:lemma isUnit_sqrt_iff (a : A) (ha : 0 ≤ a := by cfc_tac) : IsUnit (sqrt a) ↔ IsUnit a := by
727:lemma isUnit_sqrt_iff_isStrictlyPositive {a : A} : IsUnit (sqrt a) ↔ IsStrictlyPositive a := by
728:  refine ⟨fun h => ?_, by grind [isUnit_sqrt_iff]⟩
736:  rwa [isUnit_sqrt_iff _ ha] at h
797:  · have ha' : ¬IsUnit (sqrt a) := by rwa [CFC.isUnit_sqrt_iff_isStrictlyPositive]
828:      StarOrderedRing.isStrictlyPositive_iff_spectrum_pos a |>.mp h⟩,
829:    fun h => (StarOrderedRing.isStrictlyPositive_iff_spectrum_pos a).mpr h.2⟩
830:  tfae_have 1 → 2 := fun h => ⟨h.sqrt, sqrt_mul_sqrt_self a |>.symm⟩
