762:theorem _root_.MeasureTheory.memLp_re_im_iff {f : α → K} :
792:@[simps] def compLpₗ (L : E →SL[σ] F) : Lp E p μ →ₛₗ[σ] Lp F p μ where
813:def compLpL [Fact (1 ≤ p)] (L : E →SL[σ] F) : Lp E p μ →SL[σ] Lp F p μ :=
814:  LinearMap.mkContinuous (L.compLpₗ p μ) ‖L‖ L.norm_compLp_le
818:theorem coeFn_compLpL [Fact (1 ≤ p)] (L : E →SL[σ] F) (f : Lp E p μ) :
819:    L.compLpL p μ f =ᵐ[μ] fun a => L (f a) :=
822:theorem add_compLpL [Fact (1 ≤ p)] (L L' : E →SL[σ] F) :
823:    (L + L').compLpL p μ = L.compLpL p μ + L'.compLpL p μ := by ext1 f; exact add_compLp L L' f
825:theorem smul_compLpL [Fact (1 ≤ p)] {𝕜''} [NormedRing 𝕜''] [Module 𝕜'' F] [IsBoundedSMul 𝕜'' F]
827:    (c • L).compLpL p μ = c • L.compLpL p μ := by
830:theorem norm_compLpL_le [Fact (1 ≤ p)] (L : E →SL[σ] F) : ‖L.compLpL p μ‖ ≤ ‖L‖ :=
841:@[simps] def compLpₗ₂ (B : G →L[𝕜] E →L[𝕜] F) : G →ₗ[𝕜] Lp E p μ →ₗ[𝕜] Lp F p μ where
842:  toFun g := (B g).compLpₗ p μ
847:    simp only [compLpₗ_apply, LinearMap.add_apply, hx, hadd]
858:def compLpL₂ [Fact (1 ≤ p)] (B : G →L[𝕜] E →L[𝕜] F) :
860:  (B.compLpₗ₂ p μ).mkContinuous₂ ‖B‖ (fun c f ↦ by
861:    simp only [compLpₗ₂_apply, compLpₗ_apply]
864:@[simp] theorem compLpL₂_apply_apply [Fact (1 ≤ p)] (B : G →L[𝕜] E →L[𝕜] F) (g : G) (f : Lp E p μ) :
865:    compLpL₂ p μ B g f = (B g).compLp f := rfl
867:theorem norm_compLpL₂_le [Fact (1 ≤ p)] (B : G →L[𝕜] E →L[𝕜] F) :
868:    ‖B.compLpL₂ p μ‖ ≤ ‖B‖ :=
