AutoSamplingTheory/TechnicalLemmas/InformationTheory/ProductEntropy.lean:211:42: error: not a positivity goal
AutoSamplingTheory/TechnicalLemmas/InformationTheory/ProductEntropy.lean:271:31: error(lean.unknownIdentifier): Unknown identifier `measureReal_univ_eq_one`
AutoSamplingTheory/TechnicalLemmas/InformationTheory/ProductEntropy.lean:272:4: error: Tactic `rfl` failed: The left-hand side
  ∫ (a : Y), F (x, a) ∂ν + ν.real Set.univ • epsilon n
is not definitionally equal to the right-hand side
  A x + epsilon n

X : Type u_1
Y : Type u_2
inst✝³ : MeasurableSpace X
inst✝² : MeasurableSpace Y
μ : Measure X
ν : Measure Y
inst✝¹ : IsProbabilityMeasure μ
inst✝ : IsProbabilityMeasure ν
F : X × Y → ℝ
hF : Measurable F
h0 : ∀ (z : X × Y), 0 ≤ F z
C : ℝ
hC : ∀ (z : X × Y), F z ≤ C
A : X → ℝ := fun x => ∫ (y : Y), F (x, y) ∂ν
B : Y → ℝ := fun y => ∫ (x : X), F (x, y) ∂μ
m : ℝ := ∫ (z : X × Y), F z ∂μ.prod ν
iF : Integrable F (μ.prod ν)
left✝⁴ : Integrable (fun z => phi (F z)) (μ.prod ν)
sx : ∀ (x : X), Integrable (fun y => F (x, y)) ν ∧ Integrable (fun y => phi (F (x, y))) ν
sy : ∀ (y : Y), Integrable (fun x => F (x, y)) μ ∧ Integrable (fun x => phi (F (x, y))) μ
left✝³ : Integrable (fun x => ∫ (y : Y), F (x, y) ∂ν) μ
left✝² : Integrable (fun y => ∫ (x : X), F (x, y) ∂μ) ν
left✝¹ : Integrable (fun x => phi ((fun x => ∫ (y : Y), F (x, y) ∂ν) x)) μ
left✝ : Integrable (fun y => phi ((fun y => ∫ (x : X), F (x, y) ∂μ) y)) ν
bA : ∀ (x : X), 0 ≤ (fun x => ∫ (y : Y), F (x, y) ∂ν) x ∧ (fun x => ∫ (y : Y), F (x, y) ∂ν) x ≤ C
bB : ∀ (y : Y), 0 ≤ (fun y => ∫ (x : X), F (x, y) ∂μ) y ∧ (fun y => ∫ (x : X), F (x, y) ∂μ) y ≤ C
right✝ : 0 ≤ ∫ (z : X × Y), F z ∂μ.prod ν ∧ ∫ (z : X × Y), F z ∂μ.prod ν ≤ C
tA : Tendsto (fun n => ∫ (t : X), phi (A t + epsilon n) ∂μ) atTop (𝓝 (∫ (t : X), phi (A t) ∂μ))
tB : Tendsto (fun n => ∫ (t : Y), phi (B t + epsilon n) ∂ν) atTop (𝓝 (∫ (t : Y), phi (B t) ∂ν))
tF : Tendsto (fun n => ∫ (t : X × Y), phi (F t + epsilon n) ∂μ.prod ν) atTop (𝓝 (∫ (t : X × Y), phi (F t) ∂μ.prod ν))
tm : Tendsto (fun n => phi (m + epsilon n)) atTop (𝓝 (phi m))
n : ℕ
hn :
  ∫ (x : X), phi (∫ (y : Y), F (x, y) + epsilon n ∂ν) ∂μ + ∫ (y : Y), phi (∫ (x : X), F (x, y) + epsilon n ∂μ) ∂ν ≤
    ∫ (z : X × Y), phi (F z + epsilon n) ∂μ.prod ν + phi (∫ (z : X × Y), F z + epsilon n ∂μ.prod ν)
x : X
⊢ ∫ (a : Y), F (x, a) ∂ν + ν.real Set.univ • epsilon n = A x + epsilon n
AutoSamplingTheory/TechnicalLemmas/InformationTheory/ProductEntropy.lean:275:31: error(lean.unknownIdentifier): Unknown identifier `measureReal_univ_eq_one`
AutoSamplingTheory/TechnicalLemmas/InformationTheory/ProductEntropy.lean:276:4: error: Tactic `rfl` failed: The left-hand side
  ∫ (a : X), F (a, y) ∂μ + μ.real Set.univ • epsilon n
is not definitionally equal to the right-hand side
  B y + epsilon n

X : Type u_1
Y : Type u_2
inst✝³ : MeasurableSpace X
inst✝² : MeasurableSpace Y
μ : Measure X
ν : Measure Y
inst✝¹ : IsProbabilityMeasure μ
inst✝ : IsProbabilityMeasure ν
F : X × Y → ℝ
hF : Measurable F
h0 : ∀ (z : X × Y), 0 ≤ F z
C : ℝ
hC : ∀ (z : X × Y), F z ≤ C
A : X → ℝ := fun x => ∫ (y : Y), F (x, y) ∂ν
B : Y → ℝ := fun y => ∫ (x : X), F (x, y) ∂μ
m : ℝ := ∫ (z : X × Y), F z ∂μ.prod ν
iF : Integrable F (μ.prod ν)
left✝⁴ : Integrable (fun z => phi (F z)) (μ.prod ν)
sx : ∀ (x : X), Integrable (fun y => F (x, y)) ν ∧ Integrable (fun y => phi (F (x, y))) ν
sy : ∀ (y : Y), Integrable (fun x => F (x, y)) μ ∧ Integrable (fun x => phi (F (x, y))) μ
left✝³ : Integrable (fun x => ∫ (y : Y), F (x, y) ∂ν) μ
left✝² : Integrable (fun y => ∫ (x : X), F (x, y) ∂μ) ν
left✝¹ : Integrable (fun x => phi ((fun x => ∫ (y : Y), F (x, y) ∂ν) x)) μ
left✝ : Integrable (fun y => phi ((fun y => ∫ (x : X), F (x, y) ∂μ) y)) ν
bA : ∀ (x : X), 0 ≤ (fun x => ∫ (y : Y), F (x, y) ∂ν) x ∧ (fun x => ∫ (y : Y), F (x, y) ∂ν) x ≤ C
bB : ∀ (y : Y), 0 ≤ (fun y => ∫ (x : X), F (x, y) ∂μ) y ∧ (fun y => ∫ (x : X), F (x, y) ∂μ) y ≤ C
right✝ : 0 ≤ ∫ (z : X × Y), F z ∂μ.prod ν ∧ ∫ (z : X × Y), F z ∂μ.prod ν ≤ C
tA : Tendsto (fun n => ∫ (t : X), phi (A t + epsilon n) ∂μ) atTop (𝓝 (∫ (t : X), phi (A t) ∂μ))
tB : Tendsto (fun n => ∫ (t : Y), phi (B t + epsilon n) ∂ν) atTop (𝓝 (∫ (t : Y), phi (B t) ∂ν))
tF : Tendsto (fun n => ∫ (t : X × Y), phi (F t + epsilon n) ∂μ.prod ν) atTop (𝓝 (∫ (t : X × Y), phi (F t) ∂μ.prod ν))
tm : Tendsto (fun n => phi (m + epsilon n)) atTop (𝓝 (phi m))
n : ℕ
hn :
  ∫ (x : X), phi (∫ (y : Y), F (x, y) + epsilon n ∂ν) ∂μ + ∫ (y : Y), phi (∫ (x : X), F (x, y) + epsilon n ∂μ) ∂ν ≤
    ∫ (z : X × Y), phi (F z + epsilon n) ∂μ.prod ν + phi (∫ (z : X × Y), F z + epsilon n ∂μ.prod ν)
aeq : ∀ (x : X), ∫ (y : Y), F (x, y) + epsilon n ∂ν = A x + epsilon n
y : Y
⊢ ∫ (a : X), F (a, y) ∂μ + μ.real Set.univ • epsilon n = B y + epsilon n
AutoSamplingTheory/TechnicalLemmas/InformationTheory/ProductEntropy.lean:279:31: error(lean.unknownIdentifier): Unknown identifier `measureReal_univ_eq_one`
AutoSamplingTheory/TechnicalLemmas/InformationTheory/ProductEntropy.lean:280:4: error: Tactic `rfl` failed: The left-hand side
  ∫ (a : X × Y), F a ∂μ.prod ν + (μ.prod ν).real Set.univ • epsilon n
is not definitionally equal to the right-hand side
  m + epsilon n

X : Type u_1
Y : Type u_2
inst✝³ : MeasurableSpace X
inst✝² : MeasurableSpace Y
μ : Measure X
ν : Measure Y
inst✝¹ : IsProbabilityMeasure μ
inst✝ : IsProbabilityMeasure ν
F : X × Y → ℝ
hF : Measurable F
h0 : ∀ (z : X × Y), 0 ≤ F z
C : ℝ
hC : ∀ (z : X × Y), F z ≤ C
A : X → ℝ := fun x => ∫ (y : Y), F (x, y) ∂ν
B : Y → ℝ := fun y => ∫ (x : X), F (x, y) ∂μ
m : ℝ := ∫ (z : X × Y), F z ∂μ.prod ν
iF : Integrable F (μ.prod ν)
left✝⁴ : Integrable (fun z => phi (F z)) (μ.prod ν)
sx : ∀ (x : X), Integrable (fun y => F (x, y)) ν ∧ Integrable (fun y => phi (F (x, y))) ν
sy : ∀ (y : Y), Integrable (fun x => F (x, y)) μ ∧ Integrable (fun x => phi (F (x, y))) μ
left✝³ : Integrable (fun x => ∫ (y : Y), F (x, y) ∂ν) μ
left✝² : Integrable (fun y => ∫ (x : X), F (x, y) ∂μ) ν
left✝¹ : Integrable (fun x => phi ((fun x => ∫ (y : Y), F (x, y) ∂ν) x)) μ
left✝ : Integrable (fun y => phi ((fun y => ∫ (x : X), F (x, y) ∂μ) y)) ν
bA : ∀ (x : X), 0 ≤ (fun x => ∫ (y : Y), F (x, y) ∂ν) x ∧ (fun x => ∫ (y : Y), F (x, y) ∂ν) x ≤ C
bB : ∀ (y : Y), 0 ≤ (fun y => ∫ (x : X), F (x, y) ∂μ) y ∧ (fun y => ∫ (x : X), F (x, y) ∂μ) y ≤ C
right✝ : 0 ≤ ∫ (z : X × Y), F z ∂μ.prod ν ∧ ∫ (z : X × Y), F z ∂μ.prod ν ≤ C
tA : Tendsto (fun n => ∫ (t : X), phi (A t + epsilon n) ∂μ) atTop (𝓝 (∫ (t : X), phi (A t) ∂μ))
tB : Tendsto (fun n => ∫ (t : Y), phi (B t + epsilon n) ∂ν) atTop (𝓝 (∫ (t : Y), phi (B t) ∂ν))
tF : Tendsto (fun n => ∫ (t : X × Y), phi (F t + epsilon n) ∂μ.prod ν) atTop (𝓝 (∫ (t : X × Y), phi (F t) ∂μ.prod ν))
tm : Tendsto (fun n => phi (m + epsilon n)) atTop (𝓝 (phi m))
n : ℕ
hn :
  ∫ (x : X), phi (∫ (y : Y), F (x, y) + epsilon n ∂ν) ∂μ + ∫ (y : Y), phi (∫ (x : X), F (x, y) + epsilon n ∂μ) ∂ν ≤
    ∫ (z : X × Y), phi (F z + epsilon n) ∂μ.prod ν + phi (∫ (z : X × Y), F z + epsilon n ∂μ.prod ν)
aeq : ∀ (x : X), ∫ (y : Y), F (x, y) + epsilon n ∂ν = A x + epsilon n
beq : ∀ (y : Y), ∫ (x : X), F (x, y) + epsilon n ∂μ = B y + epsilon n
⊢ ∫ (a : X × Y), F a ∂μ.prod ν + (μ.prod ν).real Set.univ • epsilon n = m + epsilon n
AutoSamplingTheory/TechnicalLemmas/InformationTheory/ProductEntropy.lean:271:56: warning: This simp argument is unused:
  one_smul

Hint: Omit it from the simp argument list.
  [apply] simp only [integral_const, measureReal_univ_eq_one]

Note: This linter can be disabled with `set_option linter.unusedSimpArgs false`
AutoSamplingTheory/TechnicalLemmas/InformationTheory/ProductEntropy.lean:275:56: warning: This simp argument is unused:
  one_smul

Hint: Omit it from the simp argument list.
  [apply] simp only [integral_const, measureReal_univ_eq_one]

Note: This linter can be disabled with `set_option linter.unusedSimpArgs false`
AutoSamplingTheory/TechnicalLemmas/InformationTheory/ProductEntropy.lean:279:56: warning: This simp argument is unused:
  one_smul

Hint: Omit it from the simp argument list.
  [apply] simp only [integral_const, measureReal_univ_eq_one]

Note: This linter can be disabled with `set_option linter.unusedSimpArgs false`
