AutoSamplingTheory/TechnicalLemmas/InformationTheory/ProductEntropy.lean:165:8: error: Tactic `rewrite` failed: Did not find an occurrence of the pattern
  ‖?a * ?b‖
in the target expression
  ‖(F * (fun x => Real.log (A x)) ∘ Prod.fst) z‖ ≤ C * K

X : Type u_1
Y : Type u_2
inst✝³ : MeasurableSpace X
inst✝² : MeasurableSpace Y
μ : Measure X
ν : Measure Y
inst✝¹ : IsProbabilityMeasure μ
inst✝ : IsProbabilityMeasure ν
F : X × Y → ℝ
hF : Measurable F
δ C : ℝ
hδ : 0 < δ
hlo : ∀ (z : X × Y), δ ≤ F z
hhi : ∀ (z : X × Y), F z ≤ C
A : X → ℝ := fun x => ∫ (y : Y), F (x, y) ∂ν
B : Y → ℝ := fun y => ∫ (x : X), F (x, y) ∂μ
m : ℝ := ∫ (z : X × Y), F z ∂μ.prod ν
h0 : ∀ (z : X × Y), 0 ≤ F z
iF : Integrable F (μ.prod ν)
iPhi : Integrable (fun z => phi (F z)) (μ.prod ν)
sx : ∀ (x : X), Integrable (fun y => F (x, y)) ν ∧ Integrable (fun y => phi (F (x, y))) ν
sy : ∀ (y : Y), Integrable (fun x => F (x, y)) μ ∧ Integrable (fun x => phi (F (x, y))) μ
iA : Integrable A μ
iB : Integrable B ν
left✝² : Integrable (fun x => phi (A x)) μ
left✝¹ : Integrable (fun y => phi (B y)) ν
bA : ∀ (x : X), 0 ≤ A x ∧ A x ≤ C
bB : ∀ (y : Y), 0 ≤ B y ∧ B y ≤ C
left✝ : 0 ≤ m
bm : m ≤ C
loA : ∀ (x : X), δ ≤ A x
loB : ∀ (y : Y), δ ≤ B y
lom : δ ≤ m
hm : 0 < m
hC : 0 ≤ C
am : Measurable A
bmeas : Measurable B
K : ℝ
hK0 : 0 ≤ K
hK : ∀ (t : ℝ), δ ≤ t → t ≤ C → |Real.log t| ≤ K
z : X × Y
⊢ ‖(F * (fun x => Real.log (A x)) ∘ Prod.fst) z‖ ≤ C * K
AutoSamplingTheory/TechnicalLemmas/InformationTheory/ProductEntropy.lean:170:8: error: Tactic `rewrite` failed: Did not find an occurrence of the pattern
  ‖?a * ?b‖
in the target expression
  ‖(F * (fun x => Real.log (B x)) ∘ Prod.snd) z‖ ≤ C * K

X : Type u_1
Y : Type u_2
inst✝³ : MeasurableSpace X
inst✝² : MeasurableSpace Y
μ : Measure X
ν : Measure Y
inst✝¹ : IsProbabilityMeasure μ
inst✝ : IsProbabilityMeasure ν
F : X × Y → ℝ
hF : Measurable F
δ C : ℝ
hδ : 0 < δ
hlo : ∀ (z : X × Y), δ ≤ F z
hhi : ∀ (z : X × Y), F z ≤ C
A : X → ℝ := fun x => ∫ (y : Y), F (x, y) ∂ν
B : Y → ℝ := fun y => ∫ (x : X), F (x, y) ∂μ
m : ℝ := ∫ (z : X × Y), F z ∂μ.prod ν
h0 : ∀ (z : X × Y), 0 ≤ F z
iF : Integrable F (μ.prod ν)
iPhi : Integrable (fun z => phi (F z)) (μ.prod ν)
sx : ∀ (x : X), Integrable (fun y => F (x, y)) ν ∧ Integrable (fun y => phi (F (x, y))) ν
sy : ∀ (y : Y), Integrable (fun x => F (x, y)) μ ∧ Integrable (fun x => phi (F (x, y))) μ
iA : Integrable A μ
iB : Integrable B ν
left✝² : Integrable (fun x => phi (A x)) μ
left✝¹ : Integrable (fun y => phi (B y)) ν
bA : ∀ (x : X), 0 ≤ A x ∧ A x ≤ C
bB : ∀ (y : Y), 0 ≤ B y ∧ B y ≤ C
left✝ : 0 ≤ m
bm : m ≤ C
loA : ∀ (x : X), δ ≤ A x
loB : ∀ (y : Y), δ ≤ B y
lom : δ ≤ m
hm : 0 < m
hC : 0 ≤ C
am : Measurable A
bmeas : Measurable B
K : ℝ
hK0 : 0 ≤ K
hK : ∀ (t : ℝ), δ ≤ t → t ≤ C → |Real.log t| ≤ K
wA : Integrable (fun z => F z * Real.log (A z.1)) (μ.prod ν)
z : X × Y
⊢ ‖(F * (fun x => Real.log (B x)) ∘ Prod.snd) z‖ ≤ C * K
AutoSamplingTheory/TechnicalLemmas/InformationTheory/ProductEntropy.lean:192:6: error: Tactic `rewrite` failed: Did not find an occurrence of the pattern
  ∫ (a : X × Y), F a - A a.1 * B a.2 / m ∂μ.prod ν
in the target expression
  ∫ (x : X × Y), (F - fun z => A z.1 * B z.2 / m) x ∂μ.prod ν ≤
    ∫ (x : X × Y),
      ((((fun z => phi (F z)) - fun z => F z * Real.log (A z.1)) - fun z => F z * Real.log (B z.2)) + fun x =>
          F x * Real.log m)
        x ∂μ.prod ν

X : Type u_1
Y : Type u_2
inst✝³ : MeasurableSpace X
inst✝² : MeasurableSpace Y
μ : Measure X
ν : Measure Y
inst✝¹ : IsProbabilityMeasure μ
inst✝ : IsProbabilityMeasure ν
F : X × Y → ℝ
hF : Measurable F
δ C : ℝ
hδ : 0 < δ
hlo : ∀ (z : X × Y), δ ≤ F z
hhi : ∀ (z : X × Y), F z ≤ C
A : X → ℝ := fun x => ∫ (y : Y), F (x, y) ∂ν
B : Y → ℝ := fun y => ∫ (x : X), F (x, y) ∂μ
m : ℝ := ∫ (z : X × Y), F z ∂μ.prod ν
h0 : ∀ (z : X × Y), 0 ≤ F z
iF : Integrable F (μ.prod ν)
iPhi : Integrable (fun z => phi (F z)) (μ.prod ν)
sx : ∀ (x : X), Integrable (fun y => F (x, y)) ν ∧ Integrable (fun y => phi (F (x, y))) ν
sy : ∀ (y : Y), Integrable (fun x => F (x, y)) μ ∧ Integrable (fun x => phi (F (x, y))) μ
iA : Integrable A μ
iB : Integrable B ν
left✝² : Integrable (fun x => phi (A x)) μ
left✝¹ : Integrable (fun y => phi (B y)) ν
bA : ∀ (x : X), 0 ≤ A x ∧ A x ≤ C
bB : ∀ (y : Y), 0 ≤ B y ∧ B y ≤ C
left✝ : 0 ≤ m
bm : m ≤ C
loA : ∀ (x : X), δ ≤ A x
loB : ∀ (y : Y), δ ≤ B y
lom : δ ≤ m
hm : 0 < m
hC : 0 ≤ C
am : Measurable A
bmeas : Measurable B
K : ℝ
hK0 : 0 ≤ K
hK : ∀ (t : ℝ), δ ≤ t → t ≤ C → |Real.log t| ≤ K
wA : Integrable (fun z => F z * Real.log (A z.1)) (μ.prod ν)
wB : Integrable (fun z => F z * Real.log (B z.2)) (μ.prod ν)
aw : ∫ (z : X × Y), F z * Real.log (A z.1) ∂μ.prod ν = ∫ (x : X), phi (A x) ∂μ
bw : ∫ (z : X × Y), F z * Real.log (B z.2) ∂μ.prod ν = ∫ (y : Y), phi (B y) ∂ν
ma : ∫ (x : X), A x ∂μ = m
mb : ∫ (y : Y), B y ∂ν = m
iR : Integrable (fun z => A z.1 * B z.2 / m) (μ.prod ν)
mr : ∫ (z : X × Y), A z.1 * B z.2 / m ∂μ.prod ν = m
wm : Integrable (fun x => F x * Real.log m) (μ.prod ν)
irhs :
  Integrable
    ((((fun z => phi (F z)) - fun z => F z * Real.log (A z.1)) - fun z => F z * Real.log (B z.2)) + fun x =>
      F x * Real.log m)
    (μ.prod ν)
ih :
  ∫ (x : X × Y), (F - fun z => A z.1 * B z.2 / m) x ∂μ.prod ν ≤
    ∫ (x : X × Y),
      ((((fun z => phi (F z)) - fun z => F z * Real.log (A z.1)) - fun z => F z * Real.log (B z.2)) + fun x =>
          F x * Real.log m)
        x ∂μ.prod ν
⊢ ∫ (x : X), phi (∫ (y : Y), F (x, y) ∂ν) ∂μ + ∫ (y : Y), phi (∫ (x : X), F (x, y) ∂μ) ∂ν ≤
    ∫ (z : X × Y), phi (F z) ∂μ.prod ν + phi (∫ (z : X × Y), F z ∂μ.prod ν)
