⚠ [2523/2523] Built AutoSamplingTheory.ExampleCases.ProximalBPS.ActualHarmonicFlow (12s)
warning: AutoSamplingTheory/ExampleCases/ProximalBPS/ActualHarmonicFlow.lean:24:5: Variable name `hα` is not explicitly referenced.

Hint: The binding can be removed (if unused) or named `_` (if used implicitly). Alternatively, prefix the name with `_` to silence this warning:
  [apply] _hα

Note: This linter can be disabled with `set_option linter.unusedVariables false`
warning: AutoSamplingTheory/ExampleCases/ProximalBPS/ActualHarmonicFlow.lean:24:24: Variable name `hαβ` is not explicitly referenced.

Hint: The binding can be removed (if unused) or named `_` (if used implicitly). Alternatively, prefix the name with `_` to silence this warning:
  [apply] _hαβ

Note: This linter can be disabled with `set_option linter.unusedVariables false`
warning: AutoSamplingTheory/ExampleCases/ProximalBPS/ActualHarmonicFlow.lean:24:38: Variable name `hV` is not explicitly referenced.

Hint: The binding can be removed (if unused) or named `_` (if used implicitly). Alternatively, prefix the name with `_` to silence this warning:
  [apply] _hV

Note: This linter can be disabled with `set_option linter.unusedVariables false`
warning: AutoSamplingTheory/ExampleCases/ProximalBPS/ActualHarmonicFlow.lean:25:5: Variable name `hH` is not explicitly referenced.

Hint: The binding can be removed (if unused) or named `_` (if used implicitly). Alternatively, prefix the name with `_` to silence this warning:
  [apply] _hH

Note: This linter can be disabled with `set_option linter.unusedVariables false`
warning: AutoSamplingTheory/ExampleCases/ProximalBPS/ActualHarmonicFlow.lean:28:5: Variable name `hη` is not explicitly referenced.

Hint: The binding can be removed (if unused) or named `_` (if used implicitly). Alternatively, prefix the name with `_` to silence this warning:
  [apply] _hη

Note: This linter can be disabled with `set_option linter.unusedVariables false`
warning: AutoSamplingTheory/ExampleCases/ProximalBPS/ActualHarmonicFlow.lean:28:18: Variable name `hβη` is not explicitly referenced.

Hint: The binding can be removed (if unused) or named `_` (if used implicitly). Alternatively, prefix the name with `_` to silence this warning:
  [apply] _hβη

Note: This linter can be disabled with `set_option linter.unusedVariables false`
warning: AutoSamplingTheory/ExampleCases/ProximalBPS/ActualHarmonicFlow.lean:140:51: this tactic is never executed

Note: This linter can be disabled with `set_option linter.unreachableTactic false`
warning: AutoSamplingTheory/ExampleCases/ProximalBPS/ActualHarmonicFlow.lean:140:51: Unused tactic linter: `ring` does nothing

Note: This linter can be disabled with `set_option linter.unusedTactic false`
info: AutoSamplingTheory/ExampleCases/ProximalBPS/ActualHarmonicFlow.lean:178:0: 'AutoSamplingTheory.ExampleCases.ProximalBPS.ActualHarmonicFlow.actual_harmonic_flow_laws' depends on axioms: [propext,
 Classical.choice,
 Quot.sound]
Build completed successfully (2523 jobs).
