runs/20261007-companion-priority/pbps-actual-projected-rotation-preproof70/independent-header-math70/HeaderOnlyCheck70.lean:13:5: warning: Variable name `hα` is not explicitly referenced.

Hint: The binding can be removed (if unused) or named `_` (if used implicitly). Alternatively, prefix the name with `_` to silence this warning:
  [apply] _hα

Note: This linter can be disabled with `set_option linter.unusedVariables false`
runs/20261007-companion-priority/pbps-actual-projected-rotation-preproof70/independent-header-math70/HeaderOnlyCheck70.lean:13:24: warning: Variable name `hαβ` is not explicitly referenced.

Hint: The binding can be removed (if unused) or named `_` (if used implicitly). Alternatively, prefix the name with `_` to silence this warning:
  [apply] _hαβ

Note: This linter can be disabled with `set_option linter.unusedVariables false`
runs/20261007-companion-priority/pbps-actual-projected-rotation-preproof70/independent-header-math70/HeaderOnlyCheck70.lean:13:38: warning: Variable name `hV` is not explicitly referenced.

Hint: The binding can be removed (if unused) or named `_` (if used implicitly). Alternatively, prefix the name with `_` to silence this warning:
  [apply] _hV

Note: This linter can be disabled with `set_option linter.unusedVariables false`
runs/20261007-companion-priority/pbps-actual-projected-rotation-preproof70/independent-header-math70/HeaderOnlyCheck70.lean:14:5: warning: Variable name `hH` is not explicitly referenced.

Hint: The binding can be removed (if unused) or named `_` (if used implicitly). Alternatively, prefix the name with `_` to silence this warning:
  [apply] _hH

Note: This linter can be disabled with `set_option linter.unusedVariables false`
runs/20261007-companion-priority/pbps-actual-projected-rotation-preproof70/independent-header-math70/HeaderOnlyCheck70.lean:17:5: warning: Variable name `hη` is not explicitly referenced.

Hint: The binding can be removed (if unused) or named `_` (if used implicitly). Alternatively, prefix the name with `_` to silence this warning:
  [apply] _hη

Note: This linter can be disabled with `set_option linter.unusedVariables false`
runs/20261007-companion-priority/pbps-actual-projected-rotation-preproof70/independent-header-math70/HeaderOnlyCheck70.lean:17:18: warning: Variable name `hβη` is not explicitly referenced.

Hint: The binding can be removed (if unused) or named `_` (if used implicitly). Alternatively, prefix the name with `_` to silence this warning:
  [apply] _hβη

Note: This linter can be disabled with `set_option linter.unusedVariables false`
IndependentHeader70.proposedStatement70.{u_1} {E : Type u_1} [NormedAddCommGroup E] [InnerProductSpace ℝ E]
  [FiniteDimensional ℝ E] [MeasurableSpace E] [BorelSpace E] {V : E → ℝ} {α β : ℝ≥0} {η : ℝ} (hα : 0 < ↑α) (hαβ : α ≤ β)
  (hV : ContDiff ℝ 2 V)
  (hH : ∀ (x v : E), ↑α * ‖v‖ ^ 2 ≤ ((fderiv ℝ (fderiv ℝ V) x) v) v ∧ ((fderiv ℝ (fderiv ℝ V) x) v) v ≤ ↑β * ‖v‖ ^ 2)
  (hη : 0 < η) (hβη : ↑β * η ≤ 1) : Prop
@ContinuousLinearMap.adjoint : {𝕜 : Type u_1} →
  {E : Type u_2} →
    {F : Type u_3} →
      [inst : RCLike 𝕜] →
        [inst_1 : NormedAddCommGroup E] →
          [inst_2 : NormedAddCommGroup F] →
            [inst_3 : InnerProductSpace 𝕜 E] →
              [inst_4 : InnerProductSpace 𝕜 F] → [CompleteSpace E] → [CompleteSpace F] → (E →L[𝕜] F) ≃ₗᵢ⋆[𝕜] F →L[𝕜] E
@ContinuousLinearMap.adjoint_comp : ∀ {𝕜 : Type u_1} {E : Type u_2} {F : Type u_3} {G : Type u_4} [inst : RCLike 𝕜]
  [inst_1 : NormedAddCommGroup E] [inst_2 : NormedAddCommGroup F] [inst_3 : NormedAddCommGroup G]
  [inst_4 : InnerProductSpace 𝕜 E] [inst_5 : InnerProductSpace 𝕜 F] [inst_6 : InnerProductSpace 𝕜 G]
  [inst_7 : CompleteSpace E] [inst_8 : CompleteSpace G] [inst_9 : CompleteSpace F] (A : F →L[𝕜] G) (B : E →L[𝕜] F),
  ContinuousLinearMap.adjoint (A ∘SL B) = ContinuousLinearMap.adjoint B ∘SL ContinuousLinearMap.adjoint A
AutoSamplingTheory.ExampleCases.ProximalBPS.ReflectionIntertwining.actual_reflection_intertwining.{u_1} {E : Type u_1}
  [NormedAddCommGroup E] [InnerProductSpace ℝ E] [FiniteDimensional ℝ E] [MeasurableSpace E] [BorelSpace E] {V : E → ℝ}
  {α β : ℝ≥0} {η : ℝ} (hα : 0 < ↑α) (hαβ : α ≤ β) (hV : ContDiff ℝ 2 V)
  (hH : ∀ (x v : E), ↑α * ‖v‖ ^ 2 ≤ ((fderiv ℝ (fderiv ℝ V) x) v) v ∧ ((fderiv ℝ (fderiv ℝ V) x) v) v ≤ ↑β * ‖v‖ ^ 2)
  (hη : 0 < η) (hβη : ↑β * η ≤ 1) :
  AutoSamplingTheory.ExampleCases.ProximalBPS.ReflectionIntertwining.actual_reflection_intertwining_statement✝ hα hαβ hV
    hH hη hβη
