runs/20261007-companion-priority/pbps-reflection-rotation-preproof69/independent-header-math69/HeaderOnlyCheck69.lean:13:5: warning: Variable name `hα` is not explicitly referenced.

Hint: The binding can be removed (if unused) or named `_` (if used implicitly). Alternatively, prefix the name with `_` to silence this warning:
  [apply] _hα

Note: This linter can be disabled with `set_option linter.unusedVariables false`
runs/20261007-companion-priority/pbps-reflection-rotation-preproof69/independent-header-math69/HeaderOnlyCheck69.lean:13:24: warning: Variable name `hαβ` is not explicitly referenced.

Hint: The binding can be removed (if unused) or named `_` (if used implicitly). Alternatively, prefix the name with `_` to silence this warning:
  [apply] _hαβ

Note: This linter can be disabled with `set_option linter.unusedVariables false`
runs/20261007-companion-priority/pbps-reflection-rotation-preproof69/independent-header-math69/HeaderOnlyCheck69.lean:13:38: warning: Variable name `hV` is not explicitly referenced.

Hint: The binding can be removed (if unused) or named `_` (if used implicitly). Alternatively, prefix the name with `_` to silence this warning:
  [apply] _hV

Note: This linter can be disabled with `set_option linter.unusedVariables false`
runs/20261007-companion-priority/pbps-reflection-rotation-preproof69/independent-header-math69/HeaderOnlyCheck69.lean:14:5: warning: Variable name `hH` is not explicitly referenced.

Hint: The binding can be removed (if unused) or named `_` (if used implicitly). Alternatively, prefix the name with `_` to silence this warning:
  [apply] _hH

Note: This linter can be disabled with `set_option linter.unusedVariables false`
runs/20261007-companion-priority/pbps-reflection-rotation-preproof69/independent-header-math69/HeaderOnlyCheck69.lean:17:5: warning: Variable name `hη` is not explicitly referenced.

Hint: The binding can be removed (if unused) or named `_` (if used implicitly). Alternatively, prefix the name with `_` to silence this warning:
  [apply] _hη

Note: This linter can be disabled with `set_option linter.unusedVariables false`
runs/20261007-companion-priority/pbps-reflection-rotation-preproof69/independent-header-math69/HeaderOnlyCheck69.lean:17:18: warning: Variable name `hβη` is not explicitly referenced.

Hint: The binding can be removed (if unused) or named `_` (if used implicitly). Alternatively, prefix the name with `_` to silence this warning:
  [apply] _hβη

Note: This linter can be disabled with `set_option linter.unusedVariables false`
runs/20261007-companion-priority/pbps-reflection-rotation-preproof69/independent-header-math69/HeaderOnlyCheck69.lean:121:5: warning: Variable name `hα` is not explicitly referenced.

Hint: The binding can be removed (if unused) or named `_` (if used implicitly). Alternatively, prefix the name with `_` to silence this warning:
  [apply] _hα

Note: This linter can be disabled with `set_option linter.unusedVariables false`
runs/20261007-companion-priority/pbps-reflection-rotation-preproof69/independent-header-math69/HeaderOnlyCheck69.lean:121:24: warning: Variable name `hαβ` is not explicitly referenced.

Hint: The binding can be removed (if unused) or named `_` (if used implicitly). Alternatively, prefix the name with `_` to silence this warning:
  [apply] _hαβ

Note: This linter can be disabled with `set_option linter.unusedVariables false`
runs/20261007-companion-priority/pbps-reflection-rotation-preproof69/independent-header-math69/HeaderOnlyCheck69.lean:121:38: warning: Variable name `hV` is not explicitly referenced.

Hint: The binding can be removed (if unused) or named `_` (if used implicitly). Alternatively, prefix the name with `_` to silence this warning:
  [apply] _hV

Note: This linter can be disabled with `set_option linter.unusedVariables false`
runs/20261007-companion-priority/pbps-reflection-rotation-preproof69/independent-header-math69/HeaderOnlyCheck69.lean:122:5: warning: Variable name `hH` is not explicitly referenced.

Hint: The binding can be removed (if unused) or named `_` (if used implicitly). Alternatively, prefix the name with `_` to silence this warning:
  [apply] _hH

Note: This linter can be disabled with `set_option linter.unusedVariables false`
runs/20261007-companion-priority/pbps-reflection-rotation-preproof69/independent-header-math69/HeaderOnlyCheck69.lean:125:5: warning: Variable name `hη` is not explicitly referenced.

Hint: The binding can be removed (if unused) or named `_` (if used implicitly). Alternatively, prefix the name with `_` to silence this warning:
  [apply] _hη

Note: This linter can be disabled with `set_option linter.unusedVariables false`
runs/20261007-companion-priority/pbps-reflection-rotation-preproof69/independent-header-math69/HeaderOnlyCheck69.lean:125:18: warning: Variable name `hβη` is not explicitly referenced.

Hint: The binding can be removed (if unused) or named `_` (if used implicitly). Alternatively, prefix the name with `_` to silence this warning:
  [apply] _hβη

Note: This linter can be disabled with `set_option linter.unusedVariables false`
HeaderOnly69.actual_reflection_intertwining_statement.{u_1} {E : Type u_1} [NormedAddCommGroup E]
  [InnerProductSpace ℝ E] [FiniteDimensional ℝ E] [MeasurableSpace E] [BorelSpace E] {V : E → ℝ} {α β : ℝ≥0} {η : ℝ}
  (hα : 0 < ↑α) (hαβ : α ≤ β) (hV : ContDiff ℝ 2 V)
  (hH : ∀ (x v : E), ↑α * ‖v‖ ^ 2 ≤ ((fderiv ℝ (fderiv ℝ V) x) v) v ∧ ((fderiv ℝ (fderiv ℝ V) x) v) v ≤ ↑β * ‖v‖ ^ 2)
  (hη : 0 < η) (hβη : ↑β * η ≤ 1) : Prop
HeaderOnly69.expanded_header_expression69.{u_1} {E : Type u_1} [NormedAddCommGroup E] [InnerProductSpace ℝ E]
  [FiniteDimensional ℝ E] [MeasurableSpace E] [BorelSpace E] {V : E → ℝ} {α β : ℝ≥0} {η : ℝ} (hα : 0 < ↑α) (hαβ : α ≤ β)
  (hV : ContDiff ℝ 2 V)
  (hH : ∀ (x v : E), ↑α * ‖v‖ ^ 2 ≤ ((fderiv ℝ (fderiv ℝ V) x) v) v ∧ ((fderiv ℝ (fderiv ℝ V) x) v) v ≤ ↑β * ‖v‖ ^ 2)
  (hη : 0 < η) (hβη : ↑β * η ≤ 1) : Prop
HeaderOnly69.public_header_expression69.{u_1} {E : Type u_1} [NormedAddCommGroup E] [InnerProductSpace ℝ E]
  [FiniteDimensional ℝ E] [MeasurableSpace E] [BorelSpace E] {V : E → ℝ} {α β : ℝ≥0} {η : ℝ} (hα : 0 < ↑α) (hαβ : α ≤ β)
  (hV : ContDiff ℝ 2 V)
  (hH : ∀ (x v : E), ↑α * ‖v‖ ^ 2 ≤ ((fderiv ℝ (fderiv ℝ V) x) v) v ∧ ((fderiv ℝ (fderiv ℝ V) x) v) v ≤ ↑β * ‖v‖ ^ 2)
  (hη : 0 < η) (hβη : ↑β * η ≤ 1) : Prop
ContinuousLinearMap.comp.{u_1, u_2, u_3, u_4, u_6, u_7} {R₁ : Type u_1} {R₂ : Type u_2} {R₃ : Type u_3} [Semiring R₁]
  [Semiring R₂] [Semiring R₃] {σ₁₂ : R₁ →+* R₂} {σ₂₃ : R₂ →+* R₃} {σ₁₃ : R₁ →+* R₃} {M₁ : Type u_4}
  [TopologicalSpace M₁] [AddCommMonoid M₁] {M₂ : Type u_6} [TopologicalSpace M₂] [AddCommMonoid M₂] {M₃ : Type u_7}
  [TopologicalSpace M₃] [AddCommMonoid M₃] [Module R₁ M₁] [Module R₂ M₂] [Module R₃ M₃] [RingHomCompTriple σ₁₂ σ₂₃ σ₁₃]
  (g : M₂ →SL[σ₂₃] M₃) (f : M₁ →SL[σ₁₂] M₂) : M₁ →SL[σ₁₃] M₃
ContinuousLinearMap.adjoint.{u_1, u_2, u_3} {𝕜 : Type u_1} {E : Type u_2} {F : Type u_3} [RCLike 𝕜]
  [NormedAddCommGroup E] [NormedAddCommGroup F] [InnerProductSpace 𝕜 E] [InnerProductSpace 𝕜 F] [CompleteSpace E]
  [CompleteSpace F] : (E →L[𝕜] F) ≃ₗᵢ⋆[𝕜] F →L[𝕜] E
Submodule.subtypeL.{u_1, u_2} {R : Type u_1} [Semiring R] {M : Type u_2} [TopologicalSpace M] [AddCommMonoid M]
  [Module R M] (p : Submodule R M) : ↥p →L[R] M
LinearIsometry.toContinuousLinearMap.{u_1, u_2, u_5, u_6} {R : Type u_1} {R₂ : Type u_2} {E : Type u_5} {E₂ : Type u_6}
  [Semiring R] [Semiring R₂] {σ₁₂ : R →+* R₂} [SeminormedAddCommGroup E] [SeminormedAddCommGroup E₂] [Module R E]
  [Module R₂ E₂] (f : E →ₛₗᵢ[σ₁₂] E₂) : E →SL[σ₁₂] E₂
AutoSamplingTheory.ExampleCases.ProximalBPS.ActualRootCommutation.actual_same_root_inverse_commutation.{u_1}
  {E : Type u_1} [NormedAddCommGroup E] [InnerProductSpace ℝ E] [FiniteDimensional ℝ E] [MeasurableSpace E]
  [BorelSpace E] {V : E → ℝ} {α β : ℝ≥0} {η : ℝ} (hα : 0 < ↑α) (hαβ : α ≤ β) (hV : ContDiff ℝ 2 V)
  (hH : ∀ (x v : E), ↑α * ‖v‖ ^ 2 ≤ ((fderiv ℝ (fderiv ℝ V) x) v) v ∧ ((fderiv ℝ (fderiv ℝ V) x) v) v ≤ ↑β * ‖v‖ ^ 2)
  (hη : 0 < η) (hβη : ↑β * η ≤ 1) :
  AutoSamplingTheory.ExampleCases.ProximalBPS.ActualRootCommutation.actual_same_root_inverse_commutation_statement✝ hα
    hαβ hV hH hη hβη
