{
  "cell": "ASTIS-SHARED-l2-real-complex-positive-lift",
  "status": "graph coverage checked",
  "contributions": [
    {
      "node": "decl:AutoSamplingTheory.TechnicalLemmas.Measure.L2RealComplexOperator.exists_positive_complex_lift",
      "focus": "lean-foundations.html?view=lean&focus=decl%3AAutoSamplingTheory.TechnicalLemmas.Measure.L2RealComplexOperator.exists_positive_complex_lift&q=AutoSamplingTheory.TechnicalLemmas.Measure.L2RealComplexOperator.exists_positive_complex_lift",
      "connections": [
        {
          "source": "decl:AutoSamplingTheory.TechnicalLemmas.Measure.L2RealComplexOperator.exists_positive_complex_lift",
          "target": "semantic-audit:ASTIS-RT-20261008-L2PositiveComplexLift",
          "relation": "Lean target under audit"
        },
        {
          "source": "module:AutoSamplingTheory.TechnicalLemmas.Measure.L2RealComplexOperator",
          "target": "decl:AutoSamplingTheory.TechnicalLemmas.Measure.L2RealComplexOperator.exists_positive_complex_lift",
          "relation": "declares"
        },
        {
          "source": "decl:AutoSamplingTheory.TechnicalLemmas.Measure.L2RealComplexOperator.exists_positive_complex_lift",
          "target": "case:ASTIS-SW-PBPS-2026",
          "relation": "source correspondence; not a Lean dependency"
        },
        {
          "source": "decl:AutoSamplingTheory.TechnicalLemmas.Measure.L2RealComplexOperator.exists_positive_complex_lift",
          "target": "decl:AutoSamplingTheory.ExampleCases.ProximalBPS.DefectComplexLift.actual_positive_defect_complex_lift",
          "relation": "source reference (scanner)"
        }
      ],
      "omitted_connections": 0
    }
  ],
  "boundary": "Reference scans are incomplete. Inspect the affected view; this report is not visual QA or a proof certificate."
}
