AutoSamplingTheory/TechnicalLemmas/Measure/L2RealSquareCommute.lean:20:2: warning: Try this: 
  letI̵

The goal is a proposition, so `let` is preferred over `letI`.
The difference between `let` and `letI` is that `letI` inlines the value.
But this is not relevant for proofs because of proof irrelevance.

Note: This linter can be disabled with `set_option linter.style.haveILetI false`
AutoSamplingTheory/TechnicalLemmas/Measure/L2RealSquareCommute.lean:22:2: warning: Try this: 
  letI̵

The goal is a proposition, so `let` is preferred over `letI`.
The difference between `let` and `letI` is that `letI` inlines the value.
But this is not relevant for proofs because of proof irrelevance.

Note: This linter can be disabled with `set_option linter.style.haveILetI false`
AutoSamplingTheory/TechnicalLemmas/Measure/L2RealSquareCommute.lean:25:2: warning: Try this: 
  letI̵

The goal is a proposition, so `let` is preferred over `letI`.
The difference between `let` and `letI` is that `letI` inlines the value.
But this is not relevant for proofs because of proof irrelevance.

Note: This linter can be disabled with `set_option linter.style.haveILetI false`
'AutoSamplingTheory.TechnicalLemmas.Measure.L2RealSquareCommute.positive_square_commutation' depends on axioms: [propext,
 Classical.choice,
 Quot.sound]
