.astis/CompactSchwartzPoissonPrototype.lean:15:8: warning: automatically included section variable(s) unused in theorem `_private.«.astis».CompactSchwartzPoissonPrototype.0.CompactSchwartzPoissonPrototype.outer_cutoff`:
  [MeasurableSpace E]
  [BorelSpace E]
consider restructuring your `variable` declarations so that the variables are not in scope or explicitly omit them:
  omit [MeasurableSpace E] [BorelSpace E] in theorem ...

Note: This linter can be disabled with `set_option linter.unusedSectionVars false`
.astis/CompactSchwartzPoissonPrototype.lean:40:18: error: `simp` made no progress
.astis/CompactSchwartzPoissonPrototype.lean:49:10: error: Tactic `rewrite` failed: Did not find an occurrence of the pattern
  Δ (⇑?m.405 ∘ ⇑ψ) ?m.404
in the target expression
  v x * Δ (fun y => l (ψ y)) x = v x * l ((Δ ψ) x)

case pos
E : Type u_1
inst✝⁴ : NormedAddCommGroup E
inst✝³ : InnerProductSpace ℝ E
inst✝² : FiniteDimensional ℝ E
inst✝¹ : MeasurableSpace E
inst✝ : BorelSpace E
v F : E → ℝ
K : Set E
hK : IsCompact K
hv : tsupport v ⊆ K
hF : tsupport F ⊆ K
hweak :
  ∀ (φ : E → ℝ),
    ContDiff ℝ 2 φ →
      HasCompactSupport φ →
        Integrable (fun x => v x * Δ φ x) volume ∧
          Integrable (fun x => F x * φ x) volume ∧ ∫ (x : E), v x * Δ φ x = ∫ (x : E), F x * φ x
ψ : 𝓢(E, ℂ)
l : ℂ →L[ℝ] ℝ
θ : E → ℝ
hθ : ContDiff ℝ ∞ θ
hθc : HasCompactSupport θ
hθone : ∀ x ∈ K, θ =ᶠ[𝓝 x] fun x => 1
φ : E → ℝ := fun x => θ x * l (ψ x)
hφ : ContDiff ℝ 2 φ
hφc : HasCompactSupport φ
x : E
hx : x ∈ K
hnear : φ =ᶠ[𝓝 x] fun y => l (ψ y)
⊢ v x * Δ (fun y => l (ψ y)) x = v x * l ((Δ ψ) x)
.astis/CompactSchwartzPoissonPrototype.lean:77:8: error: Tactic `rewrite` failed: Did not find an occurrence of the pattern
  RCLike.re (∫ (x : E), (Δ ψ) x * ↑(v x))
in the target expression
  (∫ (x : E), (Δ ψ) x * ↑(v x)).re = (∫ (x : E), ψ x * ↑(F x)).re

case a
E : Type u_1
inst✝⁴ : NormedAddCommGroup E
inst✝³ : InnerProductSpace ℝ E
inst✝² : FiniteDimensional ℝ E
inst✝¹ : MeasurableSpace E
inst✝ : BorelSpace E
v F : E → ℝ
K : Set E
hK : IsCompact K
hv : tsupport v ⊆ K
hF : tsupport F ⊆ K
hv2 : MemLp v 2 volume
hF2 : MemLp F 2 volume
hweak :
  ∀ (φ : E → ℝ),
    ContDiff ℝ 2 φ →
      HasCompactSupport φ →
        Integrable (fun x => v x * Δ φ x) volume ∧
          Integrable (fun x => F x * φ x) volume ∧ ∫ (x : E), v x * Δ φ x = ∫ (x : E), F x * φ x
ψ : 𝓢(E, ℂ)
hre : ∫ (x : E), v x * Complex.reCLM ((Δ ψ) x) = ∫ (x : E), F x * Complex.reCLM (ψ x)
him : ∫ (x : E), v x * Complex.imCLM ((Δ ψ) x) = ∫ (x : E), F x * Complex.imCLM (ψ x)
hi : Integrable (fun x => (Δ ψ) x * ↑(v x)) volume
hj : Integrable (fun x => ψ x * ↑(F x)) volume
⊢ (∫ (x : E), (Δ ψ) x * ↑(v x)).re = (∫ (x : E), ψ x * ↑(F x)).re
.astis/CompactSchwartzPoissonPrototype.lean:80:8: error: Tactic `rewrite` failed: Did not find an occurrence of the pattern
  RCLike.im (∫ (x : E), (Δ ψ) x * ↑(v x))
in the target expression
  (∫ (x : E), (Δ ψ) x * ↑(v x)).im = (∫ (x : E), ψ x * ↑(F x)).im

case a
E : Type u_1
inst✝⁴ : NormedAddCommGroup E
inst✝³ : InnerProductSpace ℝ E
inst✝² : FiniteDimensional ℝ E
inst✝¹ : MeasurableSpace E
inst✝ : BorelSpace E
v F : E → ℝ
K : Set E
hK : IsCompact K
hv : tsupport v ⊆ K
hF : tsupport F ⊆ K
hv2 : MemLp v 2 volume
hF2 : MemLp F 2 volume
hweak :
  ∀ (φ : E → ℝ),
    ContDiff ℝ 2 φ →
      HasCompactSupport φ →
        Integrable (fun x => v x * Δ φ x) volume ∧
          Integrable (fun x => F x * φ x) volume ∧ ∫ (x : E), v x * Δ φ x = ∫ (x : E), F x * φ x
ψ : 𝓢(E, ℂ)
hre : ∫ (x : E), v x * Complex.reCLM ((Δ ψ) x) = ∫ (x : E), F x * Complex.reCLM (ψ x)
him : ∫ (x : E), v x * Complex.imCLM ((Δ ψ) x) = ∫ (x : E), F x * Complex.imCLM (ψ x)
hi : Integrable (fun x => (Δ ψ) x * ↑(v x)) volume
hj : Integrable (fun x => ψ x * ↑(F x)) volume
⊢ (∫ (x : E), (Δ ψ) x * ↑(v x)).im = (∫ (x : E), ψ x * ↑(F x)).im
.astis/CompactSchwartzPoissonPrototype.lean:100:56: error: unsolved goals
E : Type u_1
inst✝⁴ : NormedAddCommGroup E
inst✝³ : InnerProductSpace ℝ E
inst✝² : FiniteDimensional ℝ E
inst✝¹ : MeasurableSpace E
inst✝ : BorelSpace E
v F : E → ℝ
K : Set E
hK : IsCompact K
hv : tsupport v ⊆ K
hF : tsupport F ⊆ K
hv2 : MemLp v 2 volume
hF2 : MemLp F 2 volume
hweak :
  ∀ (φ : E → ℝ),
    ContDiff ℝ 2 φ →
      HasCompactSupport φ →
        Integrable (fun x => v x * Δ φ x) volume ∧
          Integrable (fun x => F x * φ x) volume ∧ ∫ (x : E), v x * Δ φ x = ∫ (x : E), F x * φ x
vc : ↥(Lp ℂ 2 volume) := MemLp.toLp (fun x => ↑(v x)) ⋯
Fc : ↥(Lp ℂ 2 volume) := MemLp.toLp (fun x => ↑(F x)) ⋯
ψ : 𝓢(E, ℂ)
x : E
hx : ↑↑(MemLp.toLp (fun x => ↑(v x)) ⋯) x = ↑(v x)
⊢ (Δ ψ) x * ↑↑(MemLp.toLp (fun x => ↑(v x)) ⋯) x = (Δ ψ) x * ↑(v x)
.astis/CompactSchwartzPoissonPrototype.lean:106:27: error: unsolved goals
E : Type u_1
inst✝⁴ : NormedAddCommGroup E
inst✝³ : InnerProductSpace ℝ E
inst✝² : FiniteDimensional ℝ E
inst✝¹ : MeasurableSpace E
inst✝ : BorelSpace E
v F : E → ℝ
K : Set E
hK : IsCompact K
hv : tsupport v ⊆ K
hF : tsupport F ⊆ K
hv2 : MemLp v 2 volume
hF2 : MemLp F 2 volume
hweak :
  ∀ (φ : E → ℝ),
    ContDiff ℝ 2 φ →
      HasCompactSupport φ →
        Integrable (fun x => v x * Δ φ x) volume ∧
          Integrable (fun x => F x * φ x) volume ∧ ∫ (x : E), v x * Δ φ x = ∫ (x : E), F x * φ x
vc : ↥(Lp ℂ 2 volume) := MemLp.toLp (fun x => ↑(v x)) ⋯
Fc : ↥(Lp ℂ 2 volume) := MemLp.toLp (fun x => ↑(F x)) ⋯
ψ : 𝓢(E, ℂ)
x : E
hx : ↑↑(MemLp.toLp (fun x => ↑(F x)) ⋯) x = ↑(F x)
⊢ ψ x * ↑(F x) = ψ x * ↑↑(MemLp.toLp (fun x => ↑(F x)) ⋯) x
.astis/CompactSchwartzPoissonPrototype.lean:103:20: warning: This simp argument is unused:
  hx

Hint: Omit it from the simp argument list.
  [apply] simp only [vc, smul_eq_mul]

Note: This linter can be disabled with `set_option linter.unusedSimpArgs false`
.astis/CompactSchwartzPoissonPrototype.lean:109:20: warning: This simp argument is unused:
  hx

Hint: Omit it from the simp argument list.
  [apply] simp only [Fc, smul_eq_mul]

Note: This linter can be disabled with `set_option linter.unusedSimpArgs false`
'_private.«.astis».CompactSchwartzPoissonPrototype.0.CompactSchwartzPoissonPrototype.compact_poisson_packet' depends on axioms: [propext,
 sorryAx,
 Classical.choice,
 Quot.sound]
'_private.«.astis».CompactSchwartzPoissonPrototype.0.CompactSchwartzPoissonPrototype.actual_tempered_laplacian' depends on axioms: [propext,
 sorryAx,
 Classical.choice,
 Quot.sound]
'_private.«.astis».CompactSchwartzPoissonPrototype.0.CompactSchwartzPoissonPrototype.compact_weak_poisson_sobolev' depends on axioms: [propext,
 sorryAx,
 Classical.choice,
 Quot.sound]
