.astis/CompactSchwartzPoissonPrototype.lean:15:8: warning: automatically included section variable(s) unused in theorem `_private.«.astis».CompactSchwartzPoissonPrototype.0.CompactSchwartzPoissonPrototype.outer_cutoff`:
  [MeasurableSpace E]
  [BorelSpace E]
consider restructuring your `variable` declarations so that the variables are not in scope or explicitly omit them:
  omit [MeasurableSpace E] [BorelSpace E] in theorem ...

Note: This linter can be disabled with `set_option linter.unusedSectionVars false`
.astis/CompactSchwartzPoissonPrototype.lean:40:18: error: mod_cast has type
  (2 : ℕ∞) ≤ ⊤
but is expected to have type
  (2 : ℕ∞ω) ≤ ∞
.astis/CompactSchwartzPoissonPrototype.lean:51:6: error: Type mismatch: After simplification, term
  ContDiffAt.laplacian_CLM_comp_left (SchwartzMap.contDiffAt ψ 2)
 has type
  @Eq ℝ (Δ (⇑l ∘ ⇑ψ) x) (l (Δ (⇑ψ) x))
but is expected to have type
  @Eq ℝ (Δ (fun y => l (ψ y)) x) (l (Δ (⇑ψ) x))
.astis/CompactSchwartzPoissonPrototype.lean:83:8: error: Type mismatch: After simplification, term
  hre
 has type
  ∫ (x : E), v x * ((Δ ψ) x).re = ∫ (x : E), F x * (ψ x).re
but is expected to have type
  ∫ (x : E), v x * ((Δ ψ) x).re - 0 * ((Δ ψ) x).im = ∫ (x : E), F x * (ψ x).re - 0 * (ψ x).im
.astis/CompactSchwartzPoissonPrototype.lean:90:8: error: Type mismatch: After simplification, term
  him
 has type
  ∫ (x : E), v x * ((Δ ψ) x).im = ∫ (x : E), F x * (ψ x).im
but is expected to have type
  ∫ (x : E), v x * ((Δ ψ) x).im + 0 * ((Δ ψ) x).re = ∫ (x : E), F x * (ψ x).im + 0 * (ψ x).re
'_private.«.astis».CompactSchwartzPoissonPrototype.0.CompactSchwartzPoissonPrototype.compact_poisson_packet' depends on axioms: [propext,
 sorryAx,
 Classical.choice,
 Quot.sound]
'_private.«.astis».CompactSchwartzPoissonPrototype.0.CompactSchwartzPoissonPrototype.actual_tempered_laplacian' depends on axioms: [propext,
 sorryAx,
 Classical.choice,
 Quot.sound]
'_private.«.astis».CompactSchwartzPoissonPrototype.0.CompactSchwartzPoissonPrototype.compact_weak_poisson_sobolev' depends on axioms: [propext,
 sorryAx,
 Classical.choice,
 Quot.sound]
