.astis/CompactSchwartzPoissonPrototype.lean:15:8: warning: automatically included section variable(s) unused in theorem `_private.«.astis».CompactSchwartzPoissonPrototype.0.CompactSchwartzPoissonPrototype.outer_cutoff`:
  [MeasurableSpace E]
  [BorelSpace E]
consider restructuring your `variable` declarations so that the variables are not in scope or explicitly omit them:
  omit [MeasurableSpace E] [BorelSpace E] in theorem ...

Note: This linter can be disabled with `set_option linter.unusedSectionVars false`
.astis/CompactSchwartzPoissonPrototype.lean:91:8: error: Type mismatch: After simplification, term
  him
 has type
  ∫ (x : E), v x * ((Δ ψ) x).im = ∫ (x : E), F x * (ψ x).im
but is expected to have type
  ∫ (x : E), v x * ((Δ ψ) x).im + 0 = ∫ (x : E), F x * (ψ x).im + 0
'_private.«.astis».CompactSchwartzPoissonPrototype.0.CompactSchwartzPoissonPrototype.compact_poisson_packet' depends on axioms: [propext,
 sorryAx,
 Classical.choice,
 Quot.sound]
'_private.«.astis».CompactSchwartzPoissonPrototype.0.CompactSchwartzPoissonPrototype.actual_tempered_laplacian' depends on axioms: [propext,
 sorryAx,
 Classical.choice,
 Quot.sound]
'_private.«.astis».CompactSchwartzPoissonPrototype.0.CompactSchwartzPoissonPrototype.compact_weak_poisson_sobolev' depends on axioms: [propext,
 sorryAx,
 Classical.choice,
 Quot.sound]
