⚠ [2965/3209] Replayed AutoSamplingTheory.TechnicalLemmas.Measure.TransportGluing
warning: AutoSamplingTheory/TechnicalLemmas/Measure/TransportGluing.lean:91:2: Try this: 
  letI̵

The goal is a proposition, so `let` is preferred over `letI`.
The difference between `let` and `letI` is that `letI` inlines the value.
But this is not relevant for proofs because of proof irrelevance.

Note: This linter can be disabled with `set_option linter.style.haveILetI false`
warning: AutoSamplingTheory/TechnicalLemmas/Measure/TransportGluing.lean:93:2: Try this: 
  letI̵

The goal is a proposition, so `let` is preferred over `letI`.
The difference between `let` and `letI` is that `letI` inlines the value.
But this is not relevant for proofs because of proof irrelevance.

Note: This linter can be disabled with `set_option linter.style.haveILetI false`
⚠ [3499/3501] Replayed AutoSamplingTheory.TechnicalLemmas.Measure.WassersteinTriangleMarginals
warning: AutoSamplingTheory/TechnicalLemmas/Measure/WassersteinTriangleMarginals.lean:46:0: automatically included section variable(s) unused in theorem `AutoSamplingTheory.TechnicalLemmas.Measure.WassersteinTriangleMarginals.measurable_pair12`:
  [NormedAddCommGroup E]
  [BorelSpace E]
  [SecondCountableTopology E]
consider restructuring your `variable` declarations so that the variables are not in scope or explicitly omit them:
  omit [NormedAddCommGroup E] [BorelSpace E] [SecondCountableTopology E] in theorem ...

Note: This linter can be disabled with `set_option linter.unusedSectionVars false`
warning: AutoSamplingTheory/TechnicalLemmas/Measure/WassersteinTriangleMarginals.lean:50:0: automatically included section variable(s) unused in theorem `AutoSamplingTheory.TechnicalLemmas.Measure.WassersteinTriangleMarginals.measurable_pair23`:
  [NormedAddCommGroup E]
  [BorelSpace E]
  [SecondCountableTopology E]
consider restructuring your `variable` declarations so that the variables are not in scope or explicitly omit them:
  omit [NormedAddCommGroup E] [BorelSpace E] [SecondCountableTopology E] in theorem ...

Note: This linter can be disabled with `set_option linter.unusedSectionVars false`
warning: AutoSamplingTheory/TechnicalLemmas/Measure/WassersteinTriangleMarginals.lean:54:0: automatically included section variable(s) unused in theorem `AutoSamplingTheory.TechnicalLemmas.Measure.WassersteinTriangleMarginals.measurable_pair13`:
  [NormedAddCommGroup E]
  [BorelSpace E]
  [SecondCountableTopology E]
consider restructuring your `variable` declarations so that the variables are not in scope or explicitly omit them:
  omit [NormedAddCommGroup E] [BorelSpace E] [SecondCountableTopology E] in theorem ...

Note: This linter can be disabled with `set_option linter.unusedSectionVars false`
warning: AutoSamplingTheory/TechnicalLemmas/Measure/WassersteinTriangleMarginals.lean:65:0: automatically included section variable(s) unused in theorem `AutoSamplingTheory.TechnicalLemmas.Measure.WassersteinTriangleMarginals.edgeLength12_rpow_two_eq_quadraticCost_pair12`:
  [MeasurableSpace E]
  [BorelSpace E]
  [SecondCountableTopology E]
consider restructuring your `variable` declarations so that the variables are not in scope or explicitly omit them:
  omit [MeasurableSpace E] [BorelSpace E] [SecondCountableTopology E] in theorem ...

Note: This linter can be disabled with `set_option linter.unusedSectionVars false`
warning: AutoSamplingTheory/TechnicalLemmas/Measure/WassersteinTriangleMarginals.lean:74:0: automatically included section variable(s) unused in theorem `AutoSamplingTheory.TechnicalLemmas.Measure.WassersteinTriangleMarginals.edgeLength23_rpow_two_eq_quadraticCost_pair23`:
  [MeasurableSpace E]
  [BorelSpace E]
  [SecondCountableTopology E]
consider restructuring your `variable` declarations so that the variables are not in scope or explicitly omit them:
  omit [MeasurableSpace E] [BorelSpace E] [SecondCountableTopology E] in theorem ...

Note: This linter can be disabled with `set_option linter.unusedSectionVars false`
warning: AutoSamplingTheory/TechnicalLemmas/Measure/WassersteinTriangleMarginals.lean:83:0: automatically included section variable(s) unused in theorem `AutoSamplingTheory.TechnicalLemmas.Measure.WassersteinTriangleMarginals.edgeLength13_rpow_two_eq_quadraticCost_pair13`:
  [MeasurableSpace E]
  [BorelSpace E]
  [SecondCountableTopology E]
consider restructuring your `variable` declarations so that the variables are not in scope or explicitly omit them:
  omit [MeasurableSpace E] [BorelSpace E] [SecondCountableTopology E] in theorem ...

Note: This linter can be disabled with `set_option linter.unusedSectionVars false`
⚠ [3500/3501] Replayed AutoSamplingTheory.TechnicalLemmas.Measure.CommonNoiseContraction
warning: AutoSamplingTheory/TechnicalLemmas/Measure/CommonNoiseContraction.lean:62:8: automatically included section variable(s) unused in theorem `_private.AutoSamplingTheory.TechnicalLemmas.Measure.CommonNoiseContraction.0.AutoSamplingTheory.TechnicalLemmas.Measure.CommonNoiseContraction.measurable_pairLeft`:
  [NormedAddCommGroup E]
  [BorelSpace E]
  [SecondCountableTopology E]
consider restructuring your `variable` declarations so that the variables are not in scope or explicitly omit them:
  omit [NormedAddCommGroup E] [BorelSpace E] [SecondCountableTopology E] in theorem ...

Note: This linter can be disabled with `set_option linter.unusedSectionVars false`
warning: AutoSamplingTheory/TechnicalLemmas/Measure/CommonNoiseContraction.lean:66:8: automatically included section variable(s) unused in theorem `_private.AutoSamplingTheory.TechnicalLemmas.Measure.CommonNoiseContraction.0.AutoSamplingTheory.TechnicalLemmas.Measure.CommonNoiseContraction.measurable_pairRight`:
  [NormedAddCommGroup E]
  [BorelSpace E]
  [SecondCountableTopology E]
consider restructuring your `variable` declarations so that the variables are not in scope or explicitly omit them:
  omit [NormedAddCommGroup E] [BorelSpace E] [SecondCountableTopology E] in theorem ...

Note: This linter can be disabled with `set_option linter.unusedSectionVars false`
warning: AutoSamplingTheory/TechnicalLemmas/Measure/CommonNoiseContraction.lean:77:2: Try this: 
  letI̵

The goal is a proposition, so `let` is preferred over `letI`.
The difference between `let` and `letI` is that `letI` inlines the value.
But this is not relevant for proofs because of proof irrelevance.

Note: This linter can be disabled with `set_option linter.style.haveILetI false`
warning: AutoSamplingTheory/TechnicalLemmas/Measure/CommonNoiseContraction.lean:72:0: automatically included section variable(s) unused in theorem `AutoSamplingTheory.TechnicalLemmas.Measure.CommonNoiseContraction.map_pairLeft_prod_eq`:
  [BorelSpace E]
consider restructuring your `variable` declarations so that the variables are not in scope or explicitly omit them:
  omit [BorelSpace E] in theorem ...

Note: This linter can be disabled with `set_option linter.unusedSectionVars false`
warning: AutoSamplingTheory/TechnicalLemmas/Measure/CommonNoiseContraction.lean:97:2: Try this: 
  letI̵

The goal is a proposition, so `let` is preferred over `letI`.
The difference between `let` and `letI` is that `letI` inlines the value.
But this is not relevant for proofs because of proof irrelevance.

Note: This linter can be disabled with `set_option linter.style.haveILetI false`
warning: AutoSamplingTheory/TechnicalLemmas/Measure/CommonNoiseContraction.lean:92:0: automatically included section variable(s) unused in theorem `AutoSamplingTheory.TechnicalLemmas.Measure.CommonNoiseContraction.map_pairRight_prod_eq`:
  [BorelSpace E]
consider restructuring your `variable` declarations so that the variables are not in scope or explicitly omit them:
  omit [BorelSpace E] in theorem ...

Note: This linter can be disabled with `set_option linter.unusedSectionVars false`
warning: AutoSamplingTheory/TechnicalLemmas/Measure/CommonNoiseContraction.lean:119:2: Try this: 
  letI̵

The goal is a proposition, so `let` is preferred over `letI`.
The difference between `let` and `letI` is that `letI` inlines the value.
But this is not relevant for proofs because of proof irrelevance.

Note: This linter can be disabled with `set_option linter.style.haveILetI false`
warning: AutoSamplingTheory/TechnicalLemmas/Measure/CommonNoiseContraction.lean:148:0: automatically included section variable(s) unused in theorem `AutoSamplingTheory.TechnicalLemmas.Measure.CommonNoiseContraction.quadraticCost_synchronousNoiseMap`:
  [MeasurableSpace E]
  [BorelSpace E]
  [SecondCountableTopology E]
consider restructuring your `variable` declarations so that the variables are not in scope or explicitly omit them:
  omit [MeasurableSpace E] [BorelSpace E] [SecondCountableTopology E] in theorem ...

Note: This linter can be disabled with `set_option linter.unusedSectionVars false`
warning: AutoSamplingTheory/TechnicalLemmas/Measure/CommonNoiseContraction.lean:200:2: Try this: 
  letI̵

The goal is a proposition, so `let` is preferred over `letI`.
The difference between `let` and `letI` is that `letI` inlines the value.
But this is not relevant for proofs because of proof irrelevance.

Note: This linter can be disabled with `set_option linter.style.haveILetI false`
✖ [3501/3501] Building AutoSamplingTheory.TechnicalLemmas.Measure.RandomizedMapTransport (8.3s)
trace: .> LEAN_PATH=E:\Samplinglib\.lake\packages\Cli\.lake\build\lib\lean;E:\Samplinglib\.lake\packages\batteries\.lake\build\lib\lean;E:\Samplinglib\.lake\packages\Qq\.lake\build\lib\lean;E:\Samplinglib\.lake\packages\aesop\.lake\build\lib\lean;E:\Samplinglib\.lake\packages\proofwidgets\.lake\build\lib\lean;E:\Samplinglib\.lake\packages\importGraph\.lake\build\lib\lean;E:\Samplinglib\.lake\packages\LeanSearchClient\.lake\build\lib\lean;E:\Samplinglib\.lake\packages\plausible\.lake\build\lib\lean;E:\Samplinglib\.lake\packages\mathlib\.lake\build\lib\lean;E:\Samplinglib\.lake\build\lib\lean c:\Users\admin\.elan\toolchains\leanprover--lean4---v4.33.0\bin\lean.exe E:\Samplinglib\AutoSamplingTheory\TechnicalLemmas\Measure\RandomizedMapTransport.lean -o E:\Samplinglib\.lake\build\lib\lean\AutoSamplingTheory\TechnicalLemmas\Measure\RandomizedMapTransport.olean -i E:\Samplinglib\.lake\build\lib\lean\AutoSamplingTheory\TechnicalLemmas\Measure\RandomizedMapTransport.ilean -c E:\Samplinglib\.lake\build\ir\AutoSamplingTheory\TechnicalLemmas\Measure\RandomizedMapTransport.c --setup E:\Samplinglib\.lake\build\ir\AutoSamplingTheory\TechnicalLemmas\Measure\RandomizedMapTransport.setup.json --json
warning: AutoSamplingTheory/TechnicalLemmas/Measure/RandomizedMapTransport.lean:31:4: Try this: 
  letI̵

The goal is a proposition, so `let` is preferred over `letI`.
The difference between `let` and `letI` is that `letI` inlines the value.
But this is not relevant for proofs because of proof irrelevance.

Note: This linter can be disabled with `set_option linter.style.haveILetI false`
error: AutoSamplingTheory/TechnicalLemmas/Measure/RandomizedMapTransport.lean:62:4: Tactic `rewrite` failed: Did not find an occurrence of the pattern
  A * ⨅ i, ?m.692 i
in the target expression
  ⨅
      a ∈
        {r |
          ∃ γ ∈ Transport.couplingSet (Measure.map Φ (μ.prod Γ)) (Measure.map Φ (ν.prod Γ)),
            r = ∫⁻ (z : E × E), c z ∂γ},
      a ≤
    A * Transport.transportCost c μ ν

E : Type u_1
inst✝⁶ : NormedAddCommGroup E
inst✝⁵ : MeasurableSpace E
inst✝⁴ : BorelSpace E
inst✝³ : SecondCountableTopology E
Φ : E × E → E
hΦ : Measurable Φ
c : E × E → ℝ≥0∞
hc : Measurable c
A : ℝ≥0∞
hA0 : A ≠ 0
hAtop : A ≠ ∞
hcost : ∀ (x y ζ : E), c (Φ (x, ζ), Φ (y, ζ)) ≤ A * c (x, y)
μ ν Γ : Measure E
inst✝² : IsProbabilityMeasure μ
inst✝¹ : IsProbabilityMeasure ν
inst✝ : IsProbabilityMeasure Γ
candidate :
  ∀ (γ : Measure (E × E)),
    Transport.IsCoupling γ μ ν →
      Transport.transportCost c (Measure.map Φ (μ.prod Γ)) (Measure.map Φ (ν.prod Γ)) ≤ A * ∫⁻ (z : E × E), c z ∂γ
⊢ ⨅
      a ∈
        {r |
          ∃ γ ∈ Transport.couplingSet (Measure.map Φ (μ.prod Γ)) (Measure.map Φ (ν.prod Γ)),
            r = ∫⁻ (z : E × E), c z ∂γ},
      a ≤
    A * Transport.transportCost c μ ν
error: Lean exited with code 1
Some required targets logged failures:
- AutoSamplingTheory.TechnicalLemmas.Measure.RandomizedMapTransport
error: build failed
