AutoSamplingTheory/TechnicalLemmas/FunctionalInequalities/GaussianCompactHilbertLogSobolev.lean:30:8: error: Tactic `rewrite` failed: Did not find an occurrence of the pattern
  fderiv ℝ (f ∘ ⇑↑T) x
in the target expression
  (fderiv ℝ (f ∘ ⇑T) x) (Pi.single i 1) = ⟪gradient f (T x), b i⟫

E : Type u_1
inst✝² : NormedAddCommGroup E
inst✝¹ : InnerProductSpace ℝ E
inst✝ : CompleteSpace E
n : ℕ
b : OrthonormalBasis (Fin n) ℝ E
f : E → ℝ
hf : ContDiff ℝ 2 f
x : Fin n → ℝ
T : (Fin n → ℝ) ≃L[ℝ] E := b.toBasis.equivFunL.symm
hsingle : ∀ (i : Fin n), T (Pi.single i 1) = b i
i : Fin n
⊢ (fderiv ℝ (f ∘ ⇑T) x) (Pi.single i 1) = ⟪gradient f (T x), b i⟫
AutoSamplingTheory/TechnicalLemmas/FunctionalInequalities/GaussianCompactHilbertLogSobolev.lean:34:11: error: `simp` made no progress
AutoSamplingTheory/TechnicalLemmas/FunctionalInequalities/GaussianCompactHilbertLogSobolev.lean:61:36: error: Function expected at
  ContDiff.comp_continuousLinearMap hf
but this term has type
  ContDiff ℝ 2 (f ∘ ⇑?m.503)

Note: Expected a function because this term is being applied to the argument
  T.toContinuousLinearMap
AutoSamplingTheory/TechnicalLemmas/FunctionalInequalities/GaussianCompactHilbertLogSobolev.lean:68:69: error(lean.invalidField): Invalid field `mul_log`: The environment does not contain `Continuous.mul_log`, so it is not possible to project the field `mul_log` from an expression
  cm
of type `Continuous fun x => f x ^ 2`
AutoSamplingTheory/TechnicalLemmas/FunctionalInequalities/GaussianCompactHilbertLogSobolev.lean:70:5: error(lean.unknownIdentifier): Unknown identifier `Analysis.Calculus.continuous_gradient_of_contDiff_one`
AutoSamplingTheory/TechnicalLemmas/FunctionalInequalities/GaussianCompactHilbertLogSobolev.lean:81:4: error: Type mismatch: After simplification, term
  he
 has type
  @Integrable ℝ PseudoMetricSpace.toUniformSpace.toTopologicalSpace SeminormedAddGroup.toContinuousENorm (Fin n → ℝ)
    MeasurableSpace.pi (fun x => ‖gradient f (T x)‖ ^ 2) (Measure.pi fun x => gaussianReal 0 1)
but is expected to have type
  @Integrable ℝ PseudoMetricSpace.toUniformSpace.toTopologicalSpace SeminormedAddGroup.toContinuousENorm (Fin n → ℝ)
    MeasurableSpace.pi ((fun x => ‖gradient f x‖ ^ 2) ∘ ⇑T) μ
