{
  "status": "VERIFIED",
  "verified_commit": "8c44529058e9a7e3ad58951550f45785639d5036",
  "receipt": {
    "path": "runs/20261007-companion-priority/gaussian-compact-hilbert-lsi/verified.json",
    "raw_sha256": "f433cf5fa0ea95437d5eedb7e8519040750673cda00213d77864826c1dec5792",
    "lf_sha256": "f433cf5fa0ea95437d5eedb7e8519040750673cda00213d77864826c1dec5792",
    "bytes": 21381
  },
  "counts": {
    "publication": 204,
    "semantic_audits": 270,
    "frontier_cells": 267,
    "contributor_declarations": 87,
    "contributor_cells": 83
  },
  "git_inputs": 441,
  "canonical_fake_files": 891,
  "fake_hits": 0,
  "all_leases": "CLOSED"
}
