{
  "cell": "ASTIS-SW-PBPS-unique-macroscopic-defect-root",
  "targets": [
    {
      "declaration": "AutoSamplingTheory.ExampleCases.ProximalBPS.MacroscopicDefectRoot.actual_unique_positive_macroscopic_defect_root",
      "source_item": "pbps-unique-positive-macroscopic-defect-root",
      "lesson": "authored",
      "audit_id": "ASTIS-RT-20261009-PBPSUniquePositiveMacroscopicDefectRoot",
      "audit_state": "accepted",
      "publication_binding_sha256": "f0c55370a1da618e16e74364270e88a0152a791f40c963f5bd6093b9bd8dbc1e",
      "remaining_boundary": "Selected printed B1-B5 first Gram identity/B10-B11 on the exact closed macro domain H_P=lpMeas=ran(P), using the SAME actual M/e/U/T and transported root. Full-joint Gram is P−A_J², not I_J−A_J². The other B5 identity, centered root order/inverse/polar, H1, event process/nonexplosion/invariance/hypocoercivity/main mixing, implementation error and actual-input expected query costs/composition remain separate."
    }
  ],
  "graph_check": "python3 tools/astis_publication.py graph-check --cell ASTIS-SW-PBPS-unique-macroscopic-defect-root",
  "missing": [],
  "next": [
    "Run the smallest focused Lean test.",
    "Reuse unchanged source/lesson/audit records; never reuse a stale binding.",
    "For a new/changed theorem, use astis-semantic-roundtrip: anonymous decoder → independent anti-anchored source review → separate repair review if needed.",
    "Run tools/astis_publication.py check --base <base commit> before stabilization."
  ],
  "boundary": "This coordinator packet is NOT decoder input. It deliberately contains source identity."
}
