⚠ [3649/3707] Replayed AutoSamplingTheory.TechnicalLemmas.Measure.GaussianConvolutionRegularity
warning: AutoSamplingTheory/TechnicalLemmas/Measure/GaussianConvolutionRegularity.lean:63:8: automatically included section variable(s) unused in theorem `_private.AutoSamplingTheory.TechnicalLemmas.Measure.GaussianConvolutionRegularity.0.AutoSamplingTheory.TechnicalLemmas.Measure.GaussianConvolutionRegularity.weight_bounds`:
  [InnerProductSpace ℝ E]
consider restructuring your `variable` declarations so that the variables are not in scope or explicitly omit them:
  omit [InnerProductSpace ℝ E] in theorem ...

Note: This linter can be disabled with `set_option linter.unusedSectionVars false`
✔ [3706/3707] Built AutoSamplingTheory.ExampleCases.SmoothedPicardHMC.SmoothedGibbsPotential (9.2s)
✖ [3707/3707] Building Tests.SmoothedPicardHMCSmoothedGibbsPotential (9.1s)
trace: .> LEAN_PATH=E:\Samplinglib\.lake\packages\Cli\.lake\build\lib\lean;E:\Samplinglib\.lake\packages\batteries\.lake\build\lib\lean;E:\Samplinglib\.lake\packages\Qq\.lake\build\lib\lean;E:\Samplinglib\.lake\packages\aesop\.lake\build\lib\lean;E:\Samplinglib\.lake\packages\proofwidgets\.lake\build\lib\lean;E:\Samplinglib\.lake\packages\importGraph\.lake\build\lib\lean;E:\Samplinglib\.lake\packages\LeanSearchClient\.lake\build\lib\lean;E:\Samplinglib\.lake\packages\plausible\.lake\build\lib\lean;E:\Samplinglib\.lake\packages\mathlib\.lake\build\lib\lean;E:\Samplinglib\.lake\build\lib\lean c:\Users\admin\.elan\toolchains\leanprover--lean4---v4.33.0\bin\lean.exe E:\Samplinglib\Tests\SmoothedPicardHMCSmoothedGibbsPotential.lean -o E:\Samplinglib\.lake\build\lib\lean\Tests\SmoothedPicardHMCSmoothedGibbsPotential.olean -i E:\Samplinglib\.lake\build\lib\lean\Tests\SmoothedPicardHMCSmoothedGibbsPotential.ilean -c E:\Samplinglib\.lake\build\ir\Tests\SmoothedPicardHMCSmoothedGibbsPotential.c --setup E:\Samplinglib\.lake\build\ir\Tests\SmoothedPicardHMCSmoothedGibbsPotential.setup.json --json
error: Tests/SmoothedPicardHMCSmoothedGibbsPotential.lean:13:0: unexpected token ','; expected command
warning: Tests/SmoothedPicardHMCSmoothedGibbsPotential.lean:20:81: This simp argument is unused:
  potential

Hint: Omit it from the simp argument list.
  [apply] simp [Pi.add_apply, mul_comm]

Note: This linter can be disabled with `set_option linter.unusedSimpArgs false`
warning: Tests/SmoothedPicardHMCSmoothedGibbsPotential.lean:20:92: This simp argument is unused:
  Pi.add_apply

Hint: Omit it from the simp argument list.
  [apply] simp [potential, mul_comm]

Note: This linter can be disabled with `set_option linter.unusedSimpArgs false`
error: Tests/SmoothedPicardHMCSmoothedGibbsPotential.lean:61:18: Type mismatch
  (potential_curvature x v).left
has type
  1 / (2 * 1) * ‖v‖ ^ 2 ≤ ((fderiv ℝ (fderiv ℝ potential) x) v) v
but is expected to have type
  1 / 2 * ‖v‖ ^ 2 ≤ ((fderiv ℝ (fderiv ℝ potential) x) v) v
info: Tests/SmoothedPicardHMCSmoothedGibbsPotential.lean:68:0: 'AutoSamplingTheory.ExampleCases.SmoothedPicardHMC.SmoothedGibbsPotential.smoothed_gibbs_potential' depends on axioms: [propext,
 Classical.choice,
 Quot.sound]
info: Tests/SmoothedPicardHMCSmoothedGibbsPotential.lean:69:0: 'Tests.SmoothedPicardHMCSmoothedGibbsPotential.actual_source_target_and_backward' depends on axioms: [propext,
 sorryAx,
 Classical.choice,
 Quot.sound]
error: Lean exited with code 1
Some required targets logged failures:
- Tests.SmoothedPicardHMCSmoothedGibbsPotential
error: build failed
