⚠ [3647/3664] Replayed AutoSamplingTheory.TechnicalLemmas.Measure.GaussianConvolutionRegularity
warning: AutoSamplingTheory/TechnicalLemmas/Measure/GaussianConvolutionRegularity.lean:63:8: automatically included section variable(s) unused in theorem `_private.AutoSamplingTheory.TechnicalLemmas.Measure.GaussianConvolutionRegularity.0.AutoSamplingTheory.TechnicalLemmas.Measure.GaussianConvolutionRegularity.weight_bounds`:
  [InnerProductSpace ℝ E]
consider restructuring your `variable` declarations so that the variables are not in scope or explicitly omit them:
  omit [InnerProductSpace ℝ E] in theorem ...

Note: This linter can be disabled with `set_option linter.unusedSectionVars false`
⚠ [3707/3707] Replayed Tests.SmoothedPicardHMCSmoothedGibbsPotential
warning: Tests/SmoothedPicardHMCSmoothedGibbsPotential.lean:19:81: This simp argument is unused:
  potential

Hint: Omit it from the simp argument list.
  [apply] simp [Pi.add_apply, mul_comm]

Note: This linter can be disabled with `set_option linter.unusedSimpArgs false`
warning: Tests/SmoothedPicardHMCSmoothedGibbsPotential.lean:19:92: This simp argument is unused:
  Pi.add_apply

Hint: Omit it from the simp argument list.
  [apply] simp [potential, mul_comm]

Note: This linter can be disabled with `set_option linter.unusedSimpArgs false`
info: Tests/SmoothedPicardHMCSmoothedGibbsPotential.lean:67:0: 'AutoSamplingTheory.ExampleCases.SmoothedPicardHMC.SmoothedGibbsPotential.smoothed_gibbs_potential' depends on axioms: [propext,
 Classical.choice,
 Quot.sound]
info: Tests/SmoothedPicardHMCSmoothedGibbsPotential.lean:68:0: 'Tests.SmoothedPicardHMCSmoothedGibbsPotential.actual_source_target_and_backward' depends on axioms: [propext,
 Classical.choice,
 Quot.sound]
Build completed successfully (3707 jobs).
