AutoSamplingTheory/TechnicalLemmas/FunctionalInequalities/GlobalWeightedResolventCoercivity.lean:526:29: error(lean.invalidField): Invalid field `memLp`: The environment does not contain `Subtype.memLp`, so it is not possible to project the field `memLp` from an expression
  f
of type
  ↥(Lp ℝ 2 (volume.tilted fun x => -W x))
AutoSamplingTheory/TechnicalLemmas/FunctionalInequalities/GlobalWeightedResolventCoercivity.lean:532:19: error(lean.invalidField): Invalid field `memLp`: The environment does not contain `Subtype.memLp`, so it is not possible to project the field `memLp` from an expression
  ↑u
of type
  ↥(Lp ℝ 2 (volume.tilted fun x => -W x))
AutoSamplingTheory/TechnicalLemmas/FunctionalInequalities/GlobalWeightedResolventCoercivity.lean:532:42: error(lean.invalidField): Invalid field `memLp`: The environment does not contain `Subtype.memLp`, so it is not possible to project the field `memLp` from an expression
  ↑D.closure u
of type
  ↥(Lp E 2 (volume.tilted fun x => -W x))
AutoSamplingTheory/TechnicalLemmas/FunctionalInequalities/GlobalWeightedResolventCoercivity.lean:535:15: error: `simp` made no progress
AutoSamplingTheory/TechnicalLemmas/FunctionalInequalities/GlobalWeightedResolventCoercivity.lean:537:28: error(lean.invalidField): Invalid field `memLp`: The environment does not contain `Subtype.memLp`, so it is not possible to project the field `memLp` from an expression
  ↑D.closure u
of type
  ↥(Lp E 2 (volume.tilted fun x => -W x))
AutoSamplingTheory/TechnicalLemmas/FunctionalInequalities/GlobalWeightedResolventCoercivity.lean:538:26: error(lean.invalidField): Invalid field `memLp`: The environment does not contain `Subtype.memLp`, so it is not possible to project the field `memLp` from an expression
  ↑D.closure u
of type
  ↥(Lp E 2 (volume.tilted fun x => -W x))
