AutoSamplingTheory/TechnicalLemmas/FunctionalInequalities/GlobalWeightedResolventCoercivity.lean:461:59: error(lean.synthInstanceFailed): failed to synthesize instance of type class
  NormedAddCommGroup E

Hint: Type class instance resolution failures can be inspected with the `set_option trace.Meta.synthInstance true` command.
AutoSamplingTheory/TechnicalLemmas/FunctionalInequalities/GlobalWeightedResolventCoercivity.lean:463:14: error(lean.synthInstanceFailed): failed to synthesize instance of type class
  MeasureSpace E

Hint: Type class instance resolution failures can be inspected with the `set_option trace.Meta.synthInstance true` command.
AutoSamplingTheory/TechnicalLemmas/FunctionalInequalities/GlobalWeightedResolventCoercivity.lean:465:41: error(lean.synthInstanceFailed): failed to synthesize instance of type class
  AddCommGroup E

Hint: Type class instance resolution failures can be inspected with the `set_option trace.Meta.synthInstance true` command.
AutoSamplingTheory/TechnicalLemmas/FunctionalInequalities/GlobalWeightedResolventCoercivity.lean:465:23: error(lean.synthInstanceFailed): failed to synthesize instance of type class
  Norm E

Hint: Type class instance resolution failures can be inspected with the `set_option trace.Meta.synthInstance true` command.
AutoSamplingTheory/TechnicalLemmas/FunctionalInequalities/GlobalWeightedResolventCoercivity.lean:465:31: error(lean.synthInstanceFailed): failed to synthesize instance of type class
  AddCommGroup E

Hint: Type class instance resolution failures can be inspected with the `set_option trace.Meta.synthInstance true` command.
AutoSamplingTheory/TechnicalLemmas/FunctionalInequalities/GlobalWeightedResolventCoercivity.lean:466:31: error(lean.synthInstanceFailed): failed to synthesize instance of type class
  AddCommGroup E

Hint: Type class instance resolution failures can be inspected with the `set_option trace.Meta.synthInstance true` command.
AutoSamplingTheory/TechnicalLemmas/FunctionalInequalities/GlobalWeightedResolventCoercivity.lean:466:21: error(lean.synthInstanceFailed): failed to synthesize instance of type class
  AddCommGroup E

Hint: Type class instance resolution failures can be inspected with the `set_option trace.Meta.synthInstance true` command.
AutoSamplingTheory/TechnicalLemmas/FunctionalInequalities/GlobalWeightedResolventCoercivity.lean:466:53: error(lean.synthInstanceFailed): failed to synthesize instance of type class
  Norm E

Hint: Type class instance resolution failures can be inspected with the `set_option trace.Meta.synthInstance true` command.
AutoSamplingTheory/TechnicalLemmas/FunctionalInequalities/GlobalWeightedResolventCoercivity.lean:468:27: error(lean.synthInstanceFailed): failed to synthesize instance of type class
  NormedAddCommGroup E

Hint: Type class instance resolution failures can be inspected with the `set_option trace.Meta.synthInstance true` command.
AutoSamplingTheory/TechnicalLemmas/FunctionalInequalities/GlobalWeightedResolventCoercivity.lean:469:29: error(lean.synthInstanceFailed): failed to synthesize instance of type class
  NormedAddCommGroup E

Hint: Type class instance resolution failures can be inspected with the `set_option trace.Meta.synthInstance true` command.
AutoSamplingTheory/TechnicalLemmas/FunctionalInequalities/GlobalWeightedResolventCoercivity.lean:470:21: error(lean.synthInstanceFailed): failed to synthesize instance of type class
  NormedAddCommGroup E

Hint: Type class instance resolution failures can be inspected with the `set_option trace.Meta.synthInstance true` command.
AutoSamplingTheory/TechnicalLemmas/FunctionalInequalities/GlobalWeightedResolventCoercivity.lean:470:38: error(lean.synthInstanceFailed): failed to synthesize instance of type class
  TopologicalSpace E

Hint: Type class instance resolution failures can be inspected with the `set_option trace.Meta.synthInstance true` command.
AutoSamplingTheory/TechnicalLemmas/FunctionalInequalities/GlobalWeightedResolventCoercivity.lean:471:30: error(lean.synthInstanceFailed): failed to synthesize instance of type class
  NormedAddCommGroup E

Hint: Type class instance resolution failures can be inspected with the `set_option trace.Meta.synthInstance true` command.
AutoSamplingTheory/TechnicalLemmas/FunctionalInequalities/GlobalWeightedResolventCoercivity.lean:479:22: error(lean.synthInstanceFailed): failed to synthesize instance of type class
  NormedAddCommGroup E

Hint: Type class instance resolution failures can be inspected with the `set_option trace.Meta.synthInstance true` command.
AutoSamplingTheory/TechnicalLemmas/FunctionalInequalities/GlobalWeightedResolventCoercivity.lean:479:39: error(lean.synthInstanceFailed): failed to synthesize instance of type class
  TopologicalSpace E

Hint: Type class instance resolution failures can be inspected with the `set_option trace.Meta.synthInstance true` command.
AutoSamplingTheory/TechnicalLemmas/FunctionalInequalities/GlobalWeightedResolventCoercivity.lean:480:37: error(lean.synthInstanceFailed): failed to synthesize instance of type class
  Inner ℝ E

Hint: Type class instance resolution failures can be inspected with the `set_option trace.Meta.synthInstance true` command.
AutoSamplingTheory/TechnicalLemmas/FunctionalInequalities/GlobalWeightedResolventCoercivity.lean:481:50: error(lean.synthInstanceFailed): failed to synthesize instance of type class
  AddCommGroup E

Hint: Type class instance resolution failures can be inspected with the `set_option trace.Meta.synthInstance true` command.
AutoSamplingTheory/TechnicalLemmas/FunctionalInequalities/GlobalWeightedResolventCoercivity.lean:482:22: error(lean.synthInstanceFailed): failed to synthesize instance of type class
  Inner ℝ E

Hint: Type class instance resolution failures can be inspected with the `set_option trace.Meta.synthInstance true` command.
AutoSamplingTheory/TechnicalLemmas/FunctionalInequalities/GlobalWeightedResolventCoercivity.lean:482:11: error(lean.synthInstanceFailed): failed to synthesize instance of type class
  MeasureSpace E

Hint: Type class instance resolution failures can be inspected with the `set_option trace.Meta.synthInstance true` command.
AutoSamplingTheory/TechnicalLemmas/FunctionalInequalities/GlobalWeightedResolventCoercivity.lean:483:14: error(lean.synthInstanceFailed): failed to synthesize instance of type class
  MeasureSpace E

Hint: Type class instance resolution failures can be inspected with the `set_option trace.Meta.synthInstance true` command.
AutoSamplingTheory/TechnicalLemmas/FunctionalInequalities/GlobalWeightedResolventCoercivity.lean:483:38: error(lean.synthInstanceFailed): failed to synthesize instance of type class
  AddCommGroup E

Hint: Type class instance resolution failures can be inspected with the `set_option trace.Meta.synthInstance true` command.
AutoSamplingTheory/TechnicalLemmas/FunctionalInequalities/GlobalWeightedResolventCoercivity.lean:485:19: error(lean.synthInstanceFailed): failed to synthesize instance of type class
  NormedAddCommGroup E

Hint: Type class instance resolution failures can be inspected with the `set_option trace.Meta.synthInstance true` command.
AutoSamplingTheory/TechnicalLemmas/FunctionalInequalities/GlobalWeightedResolventCoercivity.lean:485:10: error(lean.synthInstanceFailed): failed to synthesize instance of type class
  Inner ℝ E

Hint: Type class instance resolution failures can be inspected with the `set_option trace.Meta.synthInstance true` command.
AutoSamplingTheory/TechnicalLemmas/FunctionalInequalities/GlobalWeightedResolventCoercivity.lean:484:8: error(lean.synthInstanceFailed): failed to synthesize instance of type class
  TopologicalSpace E

Hint: Type class instance resolution failures can be inspected with the `set_option trace.Meta.synthInstance true` command.
AutoSamplingTheory/TechnicalLemmas/FunctionalInequalities/GlobalWeightedResolventCoercivity.lean:486:22: error(lean.synthInstanceFailed): failed to synthesize instance of type class
  TopologicalSpace E

Hint: Type class instance resolution failures can be inspected with the `set_option trace.Meta.synthInstance true` command.
AutoSamplingTheory/TechnicalLemmas/FunctionalInequalities/GlobalWeightedResolventCoercivity.lean:490:21: error(lean.synthInstanceFailed): failed to synthesize instance of type class
  NormedAddCommGroup E

Hint: Type class instance resolution failures can be inspected with the `set_option trace.Meta.synthInstance true` command.
AutoSamplingTheory/TechnicalLemmas/FunctionalInequalities/GlobalWeightedResolventCoercivity.lean:490:12: error(lean.synthInstanceFailed): failed to synthesize instance of type class
  Inner ℝ E

Hint: Type class instance resolution failures can be inspected with the `set_option trace.Meta.synthInstance true` command.
AutoSamplingTheory/TechnicalLemmas/FunctionalInequalities/GlobalWeightedResolventCoercivity.lean:487:47: error(lean.synthInstanceFailed): failed to synthesize instance of type class
  MeasureSpace E

Hint: Type class instance resolution failures can be inspected with the `set_option trace.Meta.synthInstance true` command.
AutoSamplingTheory/TechnicalLemmas/FunctionalInequalities/GlobalWeightedResolventCoercivity.lean:488:44: error(lean.synthInstanceFailed): failed to synthesize instance of type class
  MeasureSpace E

Hint: Type class instance resolution failures can be inspected with the `set_option trace.Meta.synthInstance true` command.
AutoSamplingTheory/TechnicalLemmas/FunctionalInequalities/GlobalWeightedResolventCoercivity.lean:491:22: error(lean.synthInstanceFailed): failed to synthesize instance of type class
  NormedAddCommGroup E

Hint: Type class instance resolution failures can be inspected with the `set_option trace.Meta.synthInstance true` command.
AutoSamplingTheory/TechnicalLemmas/FunctionalInequalities/GlobalWeightedResolventCoercivity.lean:491:39: error(lean.synthInstanceFailed): failed to synthesize instance of type class
  TopologicalSpace E

Hint: Type class instance resolution failures can be inspected with the `set_option trace.Meta.synthInstance true` command.
AutoSamplingTheory/TechnicalLemmas/FunctionalInequalities/GlobalWeightedResolventCoercivity.lean:490:61: error(lean.synthInstanceFailed): failed to synthesize instance of type class
  MeasureSpace E

Hint: Type class instance resolution failures can be inspected with the `set_option trace.Meta.synthInstance true` command.
AutoSamplingTheory/TechnicalLemmas/FunctionalInequalities/GlobalWeightedResolventCoercivity.lean:492:50: error: Function expected at
  Laplacian.laplacian φ
but this term has type
  ?m.563

Note: Expected a function because this term is being applied to the argument
  x
AutoSamplingTheory/TechnicalLemmas/FunctionalInequalities/GlobalWeightedResolventCoercivity.lean:494:21: error(lean.synthInstanceFailed): failed to synthesize instance of type class
  NormedAddCommGroup E

Hint: Type class instance resolution failures can be inspected with the `set_option trace.Meta.synthInstance true` command.
AutoSamplingTheory/TechnicalLemmas/FunctionalInequalities/GlobalWeightedResolventCoercivity.lean:494:12: error(lean.synthInstanceFailed): failed to synthesize instance of type class
  Inner ℝ E

Hint: Type class instance resolution failures can be inspected with the `set_option trace.Meta.synthInstance true` command.
AutoSamplingTheory/TechnicalLemmas/FunctionalInequalities/GlobalWeightedResolventCoercivity.lean:495:35: error: Function expected at
  Laplacian.laplacian φ
but this term has type
  ?m.628

Note: Expected a function because this term is being applied to the argument
  x
AutoSamplingTheory/TechnicalLemmas/FunctionalInequalities/GlobalWeightedResolventCoercivity.lean:497:23: error(lean.synthInstanceFailed): failed to synthesize instance of type class
  NormedAddCommGroup E

Hint: Type class instance resolution failures can be inspected with the `set_option trace.Meta.synthInstance true` command.
AutoSamplingTheory/TechnicalLemmas/FunctionalInequalities/GlobalWeightedResolventCoercivity.lean:497:14: error(lean.synthInstanceFailed): failed to synthesize instance of type class
  Inner ℝ E

Hint: Type class instance resolution failures can be inspected with the `set_option trace.Meta.synthInstance true` command.
AutoSamplingTheory/TechnicalLemmas/FunctionalInequalities/GlobalWeightedResolventCoercivity.lean:496:12: error(lean.synthInstanceFailed): failed to synthesize instance of type class
  MeasureSpace E

Hint: Type class instance resolution failures can be inspected with the `set_option trace.Meta.synthInstance true` command.
AutoSamplingTheory/TechnicalLemmas/FunctionalInequalities/GlobalWeightedResolventCoercivity.lean:500:21: error(lean.synthInstanceFailed): failed to synthesize instance of type class
  NormedAddCommGroup E

Hint: Type class instance resolution failures can be inspected with the `set_option trace.Meta.synthInstance true` command.
AutoSamplingTheory/TechnicalLemmas/FunctionalInequalities/GlobalWeightedResolventCoercivity.lean:500:38: error(lean.synthInstanceFailed): failed to synthesize instance of type class
  TopologicalSpace E

Hint: Type class instance resolution failures can be inspected with the `set_option trace.Meta.synthInstance true` command.
AutoSamplingTheory/TechnicalLemmas/FunctionalInequalities/GlobalWeightedResolventCoercivity.lean:502:64: error(lean.synthInstanceFailed): failed to synthesize instance of type class
  NormedAddCommGroup E

Hint: Type class instance resolution failures can be inspected with the `set_option trace.Meta.synthInstance true` command.
AutoSamplingTheory/TechnicalLemmas/FunctionalInequalities/GlobalWeightedResolventCoercivity.lean:503:62: error(lean.synthInstanceFailed): failed to synthesize instance of type class
  NormedAddCommGroup E

Hint: Type class instance resolution failures can be inspected with the `set_option trace.Meta.synthInstance true` command.
AutoSamplingTheory/TechnicalLemmas/FunctionalInequalities/GlobalWeightedResolventCoercivity.lean:503:53: error(lean.synthInstanceFailed): failed to synthesize instance of type class
  Inner ℝ E

Hint: Type class instance resolution failures can be inspected with the `set_option trace.Meta.synthInstance true` command.
AutoSamplingTheory/TechnicalLemmas/FunctionalInequalities/GlobalWeightedResolventCoercivity.lean:503:114: error(lean.synthInstanceFailed): failed to synthesize instance of type class
  NormedAddCommGroup E

Hint: Type class instance resolution failures can be inspected with the `set_option trace.Meta.synthInstance true` command.
AutoSamplingTheory/TechnicalLemmas/FunctionalInequalities/GlobalWeightedResolventCoercivity.lean:503:105: error(lean.synthInstanceFailed): failed to synthesize instance of type class
  Inner ℝ E

Hint: Type class instance resolution failures can be inspected with the `set_option trace.Meta.synthInstance true` command.
AutoSamplingTheory/TechnicalLemmas/FunctionalInequalities/GlobalWeightedResolventCoercivity.lean:504:25: error: Function expected at
  Laplacian.laplacian χ
but this term has type
  ?m.856

Note: Expected a function because this term is being applied to the argument
  x
AutoSamplingTheory/TechnicalLemmas/FunctionalInequalities/GlobalWeightedResolventCoercivity.lean:505:14: error(lean.synthInstanceFailed): failed to synthesize instance of type class
  MeasureSpace E

Hint: Type class instance resolution failures can be inspected with the `set_option trace.Meta.synthInstance true` command.
AutoSamplingTheory/TechnicalLemmas/FunctionalInequalities/GlobalWeightedResolventCoercivity.lean:505:34: error(lean.synthInstanceFailed): failed to synthesize instance of type class
  MeasureSpace E

Hint: Type class instance resolution failures can be inspected with the `set_option trace.Meta.synthInstance true` command.
AutoSamplingTheory/TechnicalLemmas/FunctionalInequalities/GlobalWeightedResolventCoercivity.lean:505:54: error(lean.synthInstanceFailed): failed to synthesize instance of type class
  MeasureSpace E

Hint: Type class instance resolution failures can be inspected with the `set_option trace.Meta.synthInstance true` command.
AutoSamplingTheory/TechnicalLemmas/FunctionalInequalities/GlobalWeightedResolventCoercivity.lean:506:4: error(lean.synthInstanceFailed): failed to synthesize instance of type class
  TopologicalSpace E

Hint: Type class instance resolution failures can be inspected with the `set_option trace.Meta.synthInstance true` command.
AutoSamplingTheory/TechnicalLemmas/FunctionalInequalities/GlobalWeightedResolventCoercivity.lean:506:17: error(lean.synthInstanceFailed): failed to synthesize instance of type class
  TopologicalSpace E

Hint: Type class instance resolution failures can be inspected with the `set_option trace.Meta.synthInstance true` command.
AutoSamplingTheory/TechnicalLemmas/FunctionalInequalities/GlobalWeightedResolventCoercivity.lean:506:30: error(lean.synthInstanceFailed): failed to synthesize instance of type class
  TopologicalSpace E

Hint: Type class instance resolution failures can be inspected with the `set_option trace.Meta.synthInstance true` command.
AutoSamplingTheory/TechnicalLemmas/FunctionalInequalities/GlobalWeightedResolventCoercivity.lean:506:44: error(lean.synthInstanceFailed): failed to synthesize instance of type class
  TopologicalSpace E

Hint: Type class instance resolution failures can be inspected with the `set_option trace.Meta.synthInstance true` command.
AutoSamplingTheory/TechnicalLemmas/FunctionalInequalities/GlobalWeightedResolventCoercivity.lean:506:57: error(lean.synthInstanceFailed): failed to synthesize instance of type class
  TopologicalSpace E

Hint: Type class instance resolution failures can be inspected with the `set_option trace.Meta.synthInstance true` command.
AutoSamplingTheory/TechnicalLemmas/FunctionalInequalities/GlobalWeightedResolventCoercivity.lean:506:71: error(lean.synthInstanceFailed): failed to synthesize instance of type class
  TopologicalSpace E

Hint: Type class instance resolution failures can be inspected with the `set_option trace.Meta.synthInstance true` command.
AutoSamplingTheory/TechnicalLemmas/FunctionalInequalities/GlobalWeightedResolventCoercivity.lean:507:18: error(lean.synthInstanceFailed): failed to synthesize instance of type class
  NormedAddCommGroup E

Hint: Type class instance resolution failures can be inspected with the `set_option trace.Meta.synthInstance true` command.
AutoSamplingTheory/TechnicalLemmas/FunctionalInequalities/GlobalWeightedResolventCoercivity.lean:507:35: error(lean.synthInstanceFailed): failed to synthesize instance of type class
  TopologicalSpace E

Hint: Type class instance resolution failures can be inspected with the `set_option trace.Meta.synthInstance true` command.
AutoSamplingTheory/TechnicalLemmas/FunctionalInequalities/GlobalWeightedResolventCoercivity.lean:508:33: error(lean.synthInstanceFailed): failed to synthesize instance of type class
  Inner ℝ E

Hint: Type class instance resolution failures can be inspected with the `set_option trace.Meta.synthInstance true` command.
AutoSamplingTheory/TechnicalLemmas/FunctionalInequalities/GlobalWeightedResolventCoercivity.lean:505:23: error(lean.synthInstanceFailed): failed to synthesize instance of type class
  ENorm E

Hint: Type class instance resolution failures can be inspected with the `set_option trace.Meta.synthInstance true` command.
AutoSamplingTheory/TechnicalLemmas/FunctionalInequalities/GlobalWeightedResolventCoercivity.lean:505:23: error(lean.synthInstanceFailed): failed to synthesize instance of type class
  TopologicalSpace E

Hint: Type class instance resolution failures can be inspected with the `set_option trace.Meta.synthInstance true` command.
AutoSamplingTheory/TechnicalLemmas/FunctionalInequalities/GlobalWeightedResolventCoercivity.lean:506:30: error(lean.synthInstanceFailed): failed to synthesize instance of type class
  Zero E

Hint: Type class instance resolution failures can be inspected with the `set_option trace.Meta.synthInstance true` command.
AutoSamplingTheory/TechnicalLemmas/FunctionalInequalities/GlobalWeightedResolventCoercivity.lean:509:33: error(lean.synthInstanceFailed): failed to synthesize instance of type class
  AddCommGroup E

Hint: Type class instance resolution failures can be inspected with the `set_option trace.Meta.synthInstance true` command.
AutoSamplingTheory/TechnicalLemmas/FunctionalInequalities/GlobalWeightedResolventCoercivity.lean:510:18: error(lean.synthInstanceFailed): failed to synthesize instance of type class
  Inner ℝ E

Hint: Type class instance resolution failures can be inspected with the `set_option trace.Meta.synthInstance true` command.
AutoSamplingTheory/TechnicalLemmas/FunctionalInequalities/GlobalWeightedResolventCoercivity.lean:510:7: error(lean.synthInstanceFailed): failed to synthesize instance of type class
  MeasureSpace E

Hint: Type class instance resolution failures can be inspected with the `set_option trace.Meta.synthInstance true` command.
AutoSamplingTheory/TechnicalLemmas/FunctionalInequalities/GlobalWeightedResolventCoercivity.lean:510:39: error(lean.synthInstanceFailed): failed to synthesize instance of type class
  MeasureSpace E

Hint: Type class instance resolution failures can be inspected with the `set_option trace.Meta.synthInstance true` command.
AutoSamplingTheory/TechnicalLemmas/FunctionalInequalities/GlobalWeightedResolventCoercivity.lean:510:50: error(lean.synthInstanceFailed): failed to synthesize instance of type class
  AddCommGroup E

Hint: Type class instance resolution failures can be inspected with the `set_option trace.Meta.synthInstance true` command.
AutoSamplingTheory/TechnicalLemmas/FunctionalInequalities/GlobalWeightedResolventCoercivity.lean:511:17: error(lean.synthInstanceFailed): failed to synthesize instance of type class
  NormedAddCommGroup E

Hint: Type class instance resolution failures can be inspected with the `set_option trace.Meta.synthInstance true` command.
AutoSamplingTheory/TechnicalLemmas/FunctionalInequalities/GlobalWeightedResolventCoercivity.lean:511:34: error(lean.synthInstanceFailed): failed to synthesize instance of type class
  TopologicalSpace E

Hint: Type class instance resolution failures can be inspected with the `set_option trace.Meta.synthInstance true` command.
AutoSamplingTheory/TechnicalLemmas/FunctionalInequalities/GlobalWeightedResolventCoercivity.lean:512:33: error: Function expected at
  Laplacian.laplacian φ
but this term has type
  ?m.1082

Note: Expected a function because this term is being applied to the argument
  x
AutoSamplingTheory/TechnicalLemmas/FunctionalInequalities/GlobalWeightedResolventCoercivity.lean:514:7: error(lean.synthInstanceFailed): failed to synthesize instance of type class
  MeasureSpace E

Hint: Type class instance resolution failures can be inspected with the `set_option trace.Meta.synthInstance true` command.
AutoSamplingTheory/TechnicalLemmas/FunctionalInequalities/GlobalWeightedResolventCoercivity.lean:514:18: error: Function expected at
  Laplacian.laplacian φ
but this term has type
  ?m.1114

Note: Expected a function because this term is being applied to the argument
  x
AutoSamplingTheory/TechnicalLemmas/FunctionalInequalities/GlobalWeightedResolventCoercivity.lean:514:45: error(lean.synthInstanceFailed): failed to synthesize instance of type class
  MeasureSpace E

Hint: Type class instance resolution failures can be inspected with the `set_option trace.Meta.synthInstance true` command.
AutoSamplingTheory/TechnicalLemmas/FunctionalInequalities/GlobalWeightedResolventCoercivity.lean:462:10: error: could not synthesize default value for parameter 'μ' using tactics
AutoSamplingTheory/TechnicalLemmas/FunctionalInequalities/GlobalWeightedResolventCoercivity.lean:462:10: error(lean.synthInstanceFailed): failed to synthesize instance of type class
  MeasureSpace E

Hint: Type class instance resolution failures can be inspected with the `set_option trace.Meta.synthInstance true` command.
AutoSamplingTheory/TechnicalLemmas/FunctionalInequalities/GlobalWeightedResolventCoercivity.lean:477:8: error: could not synthesize default value for parameter 'μ' using tactics
AutoSamplingTheory/TechnicalLemmas/FunctionalInequalities/GlobalWeightedResolventCoercivity.lean:477:8: error: unsolved goals
E : Type u_1
F : Type u_2
inst✝¹ : MeasurableSpace E
inst✝ : NormedAddCommGroup F
W : E → ℝ
hW : sorry
hI : Integrable (fun x => Real.exp (-W x)) sorry
hZ : 0 < ∫ (x : E), Real.exp (-W x)
m M : ℝ
hm : 0 < m
hmM : m ≤ M
hlower : ∀ (x a : E), m * ‖a‖ ^ 2 ≤ sorry
hupper : ∀ (x a : E), sorry ≤ M * sorry ^ 2
μ : Measure E
hμ : μ = Measure.tilted ?m.129 fun x => -W x
D : sorry
ε : ℝ
f : ↥(Lp ℝ 2 μ)
u : sorry
⊢ Measure (?m.1592 D ε f u)
AutoSamplingTheory/TechnicalLemmas/FunctionalInequalities/GlobalWeightedResolventCoercivity.lean:478:8: error: could not synthesize default value for parameter 'μ' using tactics
AutoSamplingTheory/TechnicalLemmas/FunctionalInequalities/GlobalWeightedResolventCoercivity.lean:478:8: error: unsolved goals
E : Type u_1
F : Type u_2
inst✝¹ : MeasurableSpace E
inst✝ : NormedAddCommGroup F
W : E → ℝ
hW : sorry
hI : Integrable (fun x => Real.exp (-W x)) sorry
hZ : 0 < ∫ (x : E), Real.exp (-W x)
m M : ℝ
hm : 0 < m
hmM : m ≤ M
hlower : ∀ (x a : E), m * ‖a‖ ^ 2 ≤ sorry
hupper : ∀ (x a : E), sorry ≤ M * sorry ^ 2
μ : Measure E
hμ : μ = Measure.tilted ?m.129 fun x => -W x
D : sorry
ε : ℝ
f : ↥(Lp ℝ 2 μ)
u : sorry
⊢ Measure (?m.1600 D ε f u)
AutoSamplingTheory/TechnicalLemmas/FunctionalInequalities/GlobalWeightedResolventCoercivity.lean:480:10: error: could not synthesize default value for parameter 'μ' using tactics
AutoSamplingTheory/TechnicalLemmas/FunctionalInequalities/GlobalWeightedResolventCoercivity.lean:480:10: error: Type mismatch
  volume
has type
  @Measure ?m.1935 MeasureSpace.toMeasurableSpace
but is expected to have type
  @Measure E (?m.1607 D ε f u ψ v)
AutoSamplingTheory/TechnicalLemmas/FunctionalInequalities/GlobalWeightedResolventCoercivity.lean:481:10: error: could not synthesize default value for parameter 'μ' using tactics
AutoSamplingTheory/TechnicalLemmas/FunctionalInequalities/GlobalWeightedResolventCoercivity.lean:481:10: error: Type mismatch
  volume
has type
  @Measure ?m.1937 MeasureSpace.toMeasurableSpace
but is expected to have type
  @Measure E (?m.1612 D ε f u ψ v)
AutoSamplingTheory/TechnicalLemmas/FunctionalInequalities/GlobalWeightedResolventCoercivity.lean:484:8: error: could not synthesize default value for parameter 'μ' using tactics
AutoSamplingTheory/TechnicalLemmas/FunctionalInequalities/GlobalWeightedResolventCoercivity.lean:484:8: error: Type mismatch
  volume
has type
  @Measure ?m.1939 MeasureSpace.toMeasurableSpace
but is expected to have type
  @Measure E inst✝¹
AutoSamplingTheory/TechnicalLemmas/FunctionalInequalities/GlobalWeightedResolventCoercivity.lean:492:10: error: could not synthesize default value for parameter 'μ' using tactics
AutoSamplingTheory/TechnicalLemmas/FunctionalInequalities/GlobalWeightedResolventCoercivity.lean:492:10: error: unsolved goals
E : Type u_1
F : Type u_2
inst✝¹ : MeasurableSpace E
inst✝ : NormedAddCommGroup F
W : E → ℝ
hW : sorry
hI : Integrable (fun x => Real.exp (-W x)) sorry
hZ : 0 < ∫ (x : E), Real.exp (-W x)
m M : ℝ
hm : 0 < m
hmM : m ≤ M
hlower : ∀ (x a : E), m * ‖a‖ ^ 2 ≤ sorry
hupper : ∀ (x a : E), sorry ≤ M * sorry ^ 2
μ : Measure E
hμ : μ = Measure.tilted ?m.129 fun x => -W x
D : sorry
ε : ℝ
f : ↥(Lp ℝ 2 μ)
u : sorry
φ : E → ℝ
⊢ Measure (?m.1638 D ε f u φ)
AutoSamplingTheory/TechnicalLemmas/FunctionalInequalities/GlobalWeightedResolventCoercivity.lean:493:10: error: could not synthesize default value for parameter 'μ' using tactics
AutoSamplingTheory/TechnicalLemmas/FunctionalInequalities/GlobalWeightedResolventCoercivity.lean:493:10: error: Type mismatch
  volume
has type
  @Measure ?m.1944 MeasureSpace.toMeasurableSpace
but is expected to have type
  @Measure E (?m.1645 D ε f u φ)
AutoSamplingTheory/TechnicalLemmas/FunctionalInequalities/GlobalWeightedResolventCoercivity.lean:508:6: error: could not synthesize default value for parameter 'μ' using tactics
AutoSamplingTheory/TechnicalLemmas/FunctionalInequalities/GlobalWeightedResolventCoercivity.lean:508:6: error: Type mismatch
  volume
has type
  @Measure ?m.1946 MeasureSpace.toMeasurableSpace
but is expected to have type
  @Measure E (?m.1693 D ε f u χ ψ a)
AutoSamplingTheory/TechnicalLemmas/FunctionalInequalities/GlobalWeightedResolventCoercivity.lean:509:6: error: could not synthesize default value for parameter 'μ' using tactics
AutoSamplingTheory/TechnicalLemmas/FunctionalInequalities/GlobalWeightedResolventCoercivity.lean:509:6: error: Type mismatch
  volume
has type
  @Measure ?m.1948 MeasureSpace.toMeasurableSpace
but is expected to have type
  @Measure E (?m.1695 D ε f u χ ψ a)
AutoSamplingTheory/TechnicalLemmas/FunctionalInequalities/GlobalWeightedResolventCoercivity.lean:512:6: error: could not synthesize default value for parameter 'μ' using tactics
AutoSamplingTheory/TechnicalLemmas/FunctionalInequalities/GlobalWeightedResolventCoercivity.lean:512:6: error: Type mismatch
  volume
has type
  @Measure ?m.1950 MeasureSpace.toMeasurableSpace
but is expected to have type
  @Measure E (?m.1699 D ε f u χ φ)
AutoSamplingTheory/TechnicalLemmas/FunctionalInequalities/GlobalWeightedResolventCoercivity.lean:513:6: error: could not synthesize default value for parameter 'μ' using tactics
AutoSamplingTheory/TechnicalLemmas/FunctionalInequalities/GlobalWeightedResolventCoercivity.lean:513:6: error: Type mismatch
  volume
has type
  @Measure ?m.1952 MeasureSpace.toMeasurableSpace
but is expected to have type
  @Measure E (?m.1701 D ε f u χ φ)
