.astis/GlobalCutoffCoercivityPrototype.lean:152:8: warning: automatically included section variable(s) unused in theorem `_private.«.astis».GlobalCutoffCoercivityPrototype.0.GlobalCutoffCoercivityPrototype.actual_cutoff_function_convergence`:
  [CompleteSpace E]
consider restructuring your `variable` declarations so that the variables are not in scope or explicitly omit them:
  omit [CompleteSpace E] in theorem ...

Note: This linter can be disabled with `set_option linter.unusedSectionVars false`
.astis/GlobalCutoffCoercivityPrototype.lean:201:8: warning: automatically included section variable(s) unused in theorem `_private.«.astis».GlobalCutoffCoercivityPrototype.0.GlobalCutoffCoercivityPrototype.actual_cutoff_gradient_estimates`:
  [MeasurableSpace E]
consider restructuring your `variable` declarations so that the variables are not in scope or explicitly omit them:
  omit [MeasurableSpace E] in theorem ...

Note: This linter can be disabled with `set_option linter.unusedSectionVars false`
.astis/GlobalCutoffCoercivityPrototype.lean:253:51: error: No goals to be solved
.astis/GlobalCutoffCoercivityPrototype.lean:256:48: error: not a positivity goal
.astis/GlobalCutoffCoercivityPrototype.lean:264:70: error: not a positivity goal
.astis/GlobalCutoffCoercivityPrototype.lean:276:43: error: not a positivity goal
.astis/GlobalCutoffCoercivityPrototype.lean:306:46: error: unsolved goals
E : Type u_1
inst✝⁶ : MeasurableSpace E
inst✝⁵ : NormedAddCommGroup E
inst✝⁴ : InnerProductSpace ℝ E
inst✝³ : CompleteSpace E
inst✝² : BorelSpace E
inst✝¹ : FiniteDimensional ℝ E
inst✝ : Nontrivial E
μ : Measure E
W : E → ℝ
hW : ContDiff ℝ 2 W
m M : ℝ
hm : 0 < m
hmM : m ≤ M
hl : ∀ (x a : E), m * ‖a‖ ^ 2 ≤ ((fderiv ℝ (fderiv ℝ W) x) a) a
hu : ∀ (x a : E), ((fderiv ℝ (fderiv ℝ W) x) a) a ≤ M * ‖a‖ ^ 2
u : E → ℝ
G : E → E
hu2 : MemLp u 2 μ
hG2 : MemLp G 2 μ
χ : ℕ → E → ℝ := fun n => AutoSamplingTheory.TechnicalLemmas.Analysis.Calculus.Cutoff.radialSmoothCutoff (↑n + 1)
n : ℕ
⊢ 2 ≤ ↑⊤
.astis/GlobalCutoffCoercivityPrototype.lean:309:6: error: Application type mismatch: The argument
  ContDiff.continuous_fderiv (ContDiff.of_le (hχ n) ?m.429)
has type
  1 ≠ 0 → Continuous[PseudoMetricSpace.toUniformSpace.toTopologicalSpace, _] (fderiv ℝ (χ n))
but is expected to have type
  Continuous[?m.404, _] ?m.407
in the application
  Continuous.comp (LinearIsometryEquiv.continuous (toDual ℝ E).symm)
    (ContDiff.continuous_fderiv (ContDiff.of_le (hχ n) ?m.429))
.astis/GlobalCutoffCoercivityPrototype.lean:313:30: error: not a positivity goal
.astis/GlobalCutoffCoercivityPrototype.lean:342:9: error(lean.synthInstanceFailed): failed to synthesize instance of type class
  RCLike ℕ

Hint: Type class instance resolution failures can be inspected with the `set_option trace.Meta.synthInstance true` command.
.astis/GlobalCutoffCoercivityPrototype.lean:342:9: error(lean.synthInstanceFailed): failed to synthesize instance of type class
  InnerProductSpace ℕ E

Hint: Type class instance resolution failures can be inspected with the `set_option trace.Meta.synthInstance true` command.
.astis/GlobalCutoffCoercivityPrototype.lean:341:6: error: Type mismatch: After simplification, term
  Tendsto.const_mul 2 (Tendsto.inner (hgt x) tendsto_const_nhds)
 has type
  Tendsto (fun x_1 => (2 : ℕ) * ⟪gradient (χ x_1) x, G x⟫_ℕ) atTop (𝓝 (2 * 0))
but is expected to have type
  Tendsto (fun n => (2 : ℝ) * ⟪gradient (χ n) x, G x⟫) atTop (𝓝 0)
'_private.«.astis».GlobalCutoffCoercivityPrototype.0.GlobalCutoffCoercivityPrototype.bounded_coefficient_tendsto_zero' depends on axioms: [propext,
 Classical.choice,
 Quot.sound]
'_private.«.astis».GlobalCutoffCoercivityPrototype.0.GlobalCutoffCoercivityPrototype.actual_linear_drift' depends on axioms: [propext,
 Classical.choice,
 Quot.sound]
'_private.«.astis».GlobalCutoffCoercivityPrototype.0.GlobalCutoffCoercivityPrototype.actual_cutoff_laplacian_bound' depends on axioms: [propext,
 Classical.choice,
 Quot.sound]
'_private.«.astis».GlobalCutoffCoercivityPrototype.0.GlobalCutoffCoercivityPrototype.actual_cutoff_function_convergence' depends on axioms: [propext,
 Classical.choice,
 Quot.sound]
'_private.«.astis».GlobalCutoffCoercivityPrototype.0.GlobalCutoffCoercivityPrototype.dominated_L2_tendsto_zero' depends on axioms: [propext,
 Classical.choice,
 Quot.sound]
'_private.«.astis».GlobalCutoffCoercivityPrototype.0.GlobalCutoffCoercivityPrototype.actual_cutoff_generator_coefficient' depends on axioms: [propext,
 sorryAx,
 Classical.choice,
 Quot.sound]
'_private.«.astis».GlobalCutoffCoercivityPrototype.0.GlobalCutoffCoercivityPrototype.actual_cutoff_commutators' depends on axioms: [propext,
 sorryAx,
 Classical.choice,
 Quot.sound]
