.astis/GlobalCutoffCoercivityPrototype.lean:151:4: error: Type mismatch: After simplification, term
  Tendsto.sub_const h 1
 has type
  @Tendsto ℕ ℝ
    (fun x_1 =>
      ((fun R => AutoSamplingTheory.TechnicalLemmas.Analysis.Calculus.Cutoff.radialSmoothCutoff R x) ∘ fun n => ↑n + 1)
          x_1 -
        1)
    atTop (𝓝 0)
but is expected to have type
  @Tendsto ℕ ℝ (fun n => c n x) atTop (𝓝 0)
.astis/GlobalCutoffCoercivityPrototype.lean:165:2: error: Type mismatch: After simplification, term
  Tendsto.norm hdt
 has type
  Tendsto (fun x => ‖MemLp.toLp (fun x_1 => c x x_1 • f x_1) ⋯‖) atTop (𝓝 0)
but is expected to have type
  Tendsto
    (fun e =>
      ‖MemLp.toLp
            (fun x => AutoSamplingTheory.TechnicalLemmas.Analysis.Calculus.Cutoff.radialSmoothCutoff (↑e + 1) x • f x)
            ⋯ -
          MemLp.toLp f hf‖)
    atTop (𝓝 0)
'_private.«.astis».GlobalCutoffCoercivityPrototype.0.GlobalCutoffCoercivityPrototype.bounded_coefficient_tendsto_zero' depends on axioms: [propext,
 Classical.choice,
 Quot.sound]
'_private.«.astis».GlobalCutoffCoercivityPrototype.0.GlobalCutoffCoercivityPrototype.actual_linear_drift' depends on axioms: [propext,
 Classical.choice,
 Quot.sound]
'_private.«.astis».GlobalCutoffCoercivityPrototype.0.GlobalCutoffCoercivityPrototype.actual_cutoff_laplacian_bound' depends on axioms: [propext,
 Classical.choice,
 Quot.sound]
'_private.«.astis».GlobalCutoffCoercivityPrototype.0.GlobalCutoffCoercivityPrototype.actual_cutoff_function_convergence' depends on axioms: [propext,
 sorryAx,
 Classical.choice,
 Quot.sound]
