.astis/GlobalCutoffCoercivityPrototype.lean:259:42: error: Invalid argument name `R` for function `Nat.cast_nonneg`

Hint: Perhaps you meant one of the following parameter names:
  • `α`: R̵α̲
  • `n`: R̵n̲
.astis/GlobalCutoffCoercivityPrototype.lean:267:41: error: Invalid argument name `R` for function `Nat.cast_nonneg`

Hint: Perhaps you meant one of the following parameter names:
  • `α`: R̵α̲
  • `n`: R̵n̲
.astis/GlobalCutoffCoercivityPrototype.lean:279:37: error: Invalid argument name `R` for function `Nat.cast_nonneg`

Hint: Perhaps you meant one of the following parameter names:
  • `α`: R̵α̲
  • `n`: R̵n̲
.astis/GlobalCutoffCoercivityPrototype.lean:317:56: error: Invalid argument name `R` for function `Nat.cast_nonneg`

Hint: Perhaps you meant one of the following parameter names:
  • `α`: R̵α̲
  • `n`: R̵n̲
'_private.«.astis».GlobalCutoffCoercivityPrototype.0.GlobalCutoffCoercivityPrototype.bounded_coefficient_tendsto_zero' depends on axioms: [propext,
 Classical.choice,
 Quot.sound]
'_private.«.astis».GlobalCutoffCoercivityPrototype.0.GlobalCutoffCoercivityPrototype.actual_linear_drift' depends on axioms: [propext,
 Classical.choice,
 Quot.sound]
'_private.«.astis».GlobalCutoffCoercivityPrototype.0.GlobalCutoffCoercivityPrototype.actual_cutoff_laplacian_bound' depends on axioms: [propext,
 Classical.choice,
 Quot.sound]
'_private.«.astis».GlobalCutoffCoercivityPrototype.0.GlobalCutoffCoercivityPrototype.actual_cutoff_function_convergence' depends on axioms: [propext,
 Classical.choice,
 Quot.sound]
'_private.«.astis».GlobalCutoffCoercivityPrototype.0.GlobalCutoffCoercivityPrototype.dominated_L2_tendsto_zero' depends on axioms: [propext,
 Classical.choice,
 Quot.sound]
'_private.«.astis».GlobalCutoffCoercivityPrototype.0.GlobalCutoffCoercivityPrototype.actual_cutoff_generator_coefficient' depends on axioms: [propext,
 sorryAx,
 Classical.choice,
 Quot.sound]
'_private.«.astis».GlobalCutoffCoercivityPrototype.0.GlobalCutoffCoercivityPrototype.actual_cutoff_commutators' depends on axioms: [propext,
 sorryAx,
 Classical.choice,
 Quot.sound]
