.astis/GlobalCutoffCoercivityPrototype.lean:395:4: warning: Try this: 
  letI̵

The goal is a proposition, so `let` is preferred over `letI`.
The difference between `let` and `letI` is that `letI` inlines the value.
But this is not relevant for proofs because of proof irrelevance.

Note: This linter can be disabled with `set_option linter.style.haveILetI false`
.astis/GlobalCutoffCoercivityPrototype.lean:402:4: warning: Try this: 
  letI̵

The goal is a proposition, so `let` is preferred over `letI`.
The difference between `let` and `letI` is that `letI` inlines the value.
But this is not relevant for proofs because of proof irrelevance.

Note: This linter can be disabled with `set_option linter.style.haveILetI false`
.astis/GlobalCutoffCoercivityPrototype.lean:441:8: warning: This simp argument is unused:
  inner_smul_left

Hint: Omit it from the simp argument list.
  [apply] simp only [Pi.add_apply, Pi.sub_apply, inner_add_right, real_inner_smul_right, conj_trivial, smul_eq_mul]

Note: This linter can be disabled with `set_option linter.unusedSimpArgs false`
.astis/GlobalCutoffCoercivityPrototype.lean:441:24: warning: This simp argument is unused:
  conj_trivial

Hint: Omit it from the simp argument list.
  [apply] simp only [Pi.add_apply, Pi.sub_apply, inner_add_right, real_inner_smul_right, inner_smul_left, smul_eq_mul]

Note: This linter can be disabled with `set_option linter.unusedSimpArgs false`
'_private.«.astis».GlobalCutoffCoercivityPrototype.0.GlobalCutoffCoercivityPrototype.bounded_coefficient_tendsto_zero' depends on axioms: [propext,
 Classical.choice,
 Quot.sound]
'_private.«.astis».GlobalCutoffCoercivityPrototype.0.GlobalCutoffCoercivityPrototype.actual_linear_drift' depends on axioms: [propext,
 Classical.choice,
 Quot.sound]
'_private.«.astis».GlobalCutoffCoercivityPrototype.0.GlobalCutoffCoercivityPrototype.actual_cutoff_laplacian_bound' depends on axioms: [propext,
 Classical.choice,
 Quot.sound]
'_private.«.astis».GlobalCutoffCoercivityPrototype.0.GlobalCutoffCoercivityPrototype.actual_cutoff_function_convergence' depends on axioms: [propext,
 Classical.choice,
 Quot.sound]
'_private.«.astis».GlobalCutoffCoercivityPrototype.0.GlobalCutoffCoercivityPrototype.dominated_L2_tendsto_zero' depends on axioms: [propext,
 Classical.choice,
 Quot.sound]
'_private.«.astis».GlobalCutoffCoercivityPrototype.0.GlobalCutoffCoercivityPrototype.actual_cutoff_generator_coefficient' depends on axioms: [propext,
 Classical.choice,
 Quot.sound]
'_private.«.astis».GlobalCutoffCoercivityPrototype.0.GlobalCutoffCoercivityPrototype.actual_cutoff_commutators' depends on axioms: [propext,
 Classical.choice,
 Quot.sound]
'_private.«.astis».GlobalCutoffCoercivityPrototype.0.GlobalCutoffCoercivityPrototype.global_coercivity_from_localization' depends on axioms: [propext,
 Classical.choice,
 Quot.sound]
