'_private.«.astis».GlobalCutoffCoercivityPrototype.0.GlobalCutoffCoercivityPrototype.bounded_coefficient_tendsto_zero' depends on axioms: [propext,
 Classical.choice,
 Quot.sound]
'_private.«.astis».GlobalCutoffCoercivityPrototype.0.GlobalCutoffCoercivityPrototype.actual_linear_drift' depends on axioms: [propext,
 Classical.choice,
 Quot.sound]
'_private.«.astis».GlobalCutoffCoercivityPrototype.0.GlobalCutoffCoercivityPrototype.actual_cutoff_laplacian_bound' depends on axioms: [propext,
 Classical.choice,
 Quot.sound]
'_private.«.astis».GlobalCutoffCoercivityPrototype.0.GlobalCutoffCoercivityPrototype.actual_cutoff_function_convergence' depends on axioms: [propext,
 Classical.choice,
 Quot.sound]
'_private.«.astis».GlobalCutoffCoercivityPrototype.0.GlobalCutoffCoercivityPrototype.dominated_L2_tendsto_zero' depends on axioms: [propext,
 Classical.choice,
 Quot.sound]
'_private.«.astis».GlobalCutoffCoercivityPrototype.0.GlobalCutoffCoercivityPrototype.actual_cutoff_generator_coefficient' depends on axioms: [propext,
 Classical.choice,
 Quot.sound]
'_private.«.astis».GlobalCutoffCoercivityPrototype.0.GlobalCutoffCoercivityPrototype.actual_cutoff_commutators' depends on axioms: [propext,
 Classical.choice,
 Quot.sound]
'_private.«.astis».GlobalCutoffCoercivityPrototype.0.GlobalCutoffCoercivityPrototype.global_coercivity_from_localization' depends on axioms: [propext,
 Classical.choice,
 Quot.sound]
'_private.«.astis».GlobalCutoffCoercivityPrototype.0.GlobalCutoffCoercivityPrototype.residual_norm_le' depends on axioms: [propext,
 Classical.choice,
 Quot.sound]
