.astis/GlobalCutoffCoercivityPrototype.lean:258:10: error: Type mismatch
  add_le_add_right
    (div_le_self (norm_nonneg (gradient W 0))
      (le_of_not_gt fun a =>
        Mathlib.Tactic.Linarith.lt_irrefl
          (Eq.mp
            (congrArg (fun _a => _a < 0)
              (Mathlib.Tactic.Ring.of_eq
                (Mathlib.Tactic.Ring.Common.add_congr
                  (Mathlib.Tactic.Ring.Common.sub_congr
                    (Mathlib.Tactic.Ring.cast_zero (Mathlib.Meta.NormNum.isNat_ofNat ℝ Nat.cast_zero))
                    (Mathlib.Tactic.Ring.Common.atom_pf (↑n) rfl
                      (Eq.mpr
                        (id
                          (congrArg (fun _a => ↑n ^ Nat.rawCast 1 * Nat.rawCast 1 = ↑n ^ Nat.rawCast 1 * _a)
                            (Eq.symm rfl)))
                        (Eq.refl (↑n ^ Nat.rawCast 1 * Nat.rawCast 1))))
                    (Mathlib.Tactic.Ring.Common.sub_pf
                      (Mathlib.Tactic.Ring.Common.neg_add
                        (Mathlib.Tactic.Ring.Common.neg_mul (↑n) (Nat.rawCast 1)
                          (Mathlib.Meta.NormNum.IsInt.to_raw_eq
                            (Mathlib.Meta.NormNum.isInt_neg (Eq.refl Neg.neg)
                              (Mathlib.Meta.NormNum.IsNat.to_isInt (Mathlib.Meta.NormNum.IsNat.of_raw ℝ 1))
                              (Eq.refl (Int.negOfNat 1)))))
                        Mathlib.Tactic.Ring.Common.neg_zero)
                      (Mathlib.Tactic.Ring.Common.add_pf_zero_add (↑n ^ Nat.rawCast 1 * (Int.negOfNat 1).rawCast + 0))))
                  (Mathlib.Tactic.Ring.Common.sub_congr
                    (Mathlib.Tactic.Ring.Common.add_congr
                      (Mathlib.Tactic.Ring.Common.atom_pf (↑n) rfl
                        (Eq.mpr
                          (id
                            (congrArg (fun _a => ↑n ^ Nat.rawCast 1 * Nat.rawCast 1 = ↑n ^ Nat.rawCast 1 * _a)
                              (Eq.symm rfl)))
                          (Eq.refl (↑n ^ Nat.rawCast 1 * Nat.rawCast 1))))
                      (Mathlib.Tactic.Ring.cast_pos (Mathlib.Meta.NormNum.isNat_ofNat ℝ Nat.cast_one))
                      (Mathlib.Tactic.Ring.Common.add_pf_add_gt (Nat.rawCast 1)
                        (Mathlib.Tactic.Ring.Common.add_pf_add_zero (↑n ^ Nat.rawCast 1 * Nat.rawCast 1 + 0))))
                    (Mathlib.Tactic.Ring.cast_pos (Mathlib.Meta.NormNum.isNat_ofNat ℝ Nat.cast_one))
                    (Mathlib.Tactic.Ring.Common.sub_pf
                      (Mathlib.Tactic.Ring.Common.neg_add
                        (Mathlib.Meta.NormNum.IsInt.to_raw_eq
                          (Mathlib.Meta.NormNum.isInt_neg (Eq.refl Neg.neg)
                            (Mathlib.Meta.NormNum.IsNat.to_isInt (Mathlib.Meta.NormNum.IsNat.of_raw ℝ 1))
                            (Eq.refl (Int.negOfNat 1))))
                        Mathlib.Tactic.Ring.Common.neg_zero)
                      (Mathlib.Tactic.Ring.Common.add_pf_add_overlap_zero
                        (Mathlib.Meta.NormNum.IsInt.to_isNat
                          (Mathlib.Meta.NormNum.isInt_add (Eq.refl HAdd.hAdd)
                            (Mathlib.Meta.NormNum.IsNat.to_isInt (Mathlib.Meta.NormNum.IsNat.of_raw ℝ 1))
                            (Mathlib.Meta.NormNum.IsInt.of_raw ℝ (Int.negOfNat 1)) (Eq.refl (Int.ofNat 0))))
                        (Mathlib.Tactic.Ring.Common.add_pf_add_zero (↑n ^ Nat.rawCast 1 * Nat.rawCast 1 + 0)))))
                  (Mathlib.Tactic.Ring.Common.add_pf_add_overlap_zero
                    (Mathlib.Tactic.Ring.Common.add_overlap_pf_zero (↑n) (Nat.rawCast 1)
                      (Mathlib.Meta.NormNum.IsInt.to_isNat
                        (Mathlib.Meta.NormNum.isInt_add (Eq.refl HAdd.hAdd)
                          (Mathlib.Meta.NormNum.IsInt.of_raw ℝ (Int.negOfNat 1))
                          (Mathlib.Meta.NormNum.IsNat.to_isInt (Mathlib.Meta.NormNum.IsNat.of_raw ℝ 1))
                          (Eq.refl (Int.ofNat 0)))))
                    (Mathlib.Tactic.Ring.Common.add_pf_zero_add 0)))
                (Mathlib.Tactic.Ring.cast_zero (Mathlib.Meta.NormNum.isNat_ofNat ℝ Nat.cast_zero))))
            (Mathlib.Tactic.Linarith.add_lt_of_le_of_neg
              (Mathlib.Tactic.Linarith.sub_nonpos_of_le (Mathlib.Tactic.Linarith.natCast_nonneg ℝ n))
              (Mathlib.Tactic.Linarith.sub_neg_of_lt a)))))
    ?m.596
has type
  ?m.596 + b / (↑n + 1) ≤ ?m.596 + b
but is expected to have type
  b / (↑n + 1) + 2 * M ≤ b + 2 * M
.astis/GlobalCutoffCoercivityPrototype.lean:266:8: error: Type mismatch
  add_le_add_left
    (div_le_self (LT.lt.le hC2)
      (le_of_not_gt fun a =>
        Mathlib.Tactic.Linarith.lt_irrefl
          (Eq.mp
            (congrArg (fun _a => _a < 0)
              (Mathlib.Tactic.Ring.of_eq
                (Mathlib.Tactic.Ring.Common.add_congr
                  (Mathlib.Tactic.Ring.Common.add_congr
                    (Mathlib.Tactic.Ring.Common.mul_congr
                      (Mathlib.Tactic.Ring.cast_pos (Mathlib.Meta.NormNum.isNat_ofNat ℝ (Eq.refl 2)))
                      (Mathlib.Tactic.Ring.Common.sub_congr
                        (Mathlib.Tactic.Ring.cast_zero (Mathlib.Meta.NormNum.isNat_ofNat ℝ Nat.cast_zero))
                        (Mathlib.Tactic.Ring.Common.atom_pf (↑n) rfl
                          (Eq.mpr
                            (id
                              (congrArg (fun _a => ↑n ^ Nat.rawCast 1 * Nat.rawCast 1 = ↑n ^ Nat.rawCast 1 * _a)
                                (Eq.symm rfl)))
                            (Eq.refl (↑n ^ Nat.rawCast 1 * Nat.rawCast 1))))
                        (Mathlib.Tactic.Ring.Common.sub_pf
                          (Mathlib.Tactic.Ring.Common.neg_add
                            (Mathlib.Tactic.Ring.Common.neg_mul (↑n) (Nat.rawCast 1)
                              (Mathlib.Meta.NormNum.IsInt.to_raw_eq
                                (Mathlib.Meta.NormNum.isInt_neg (Eq.refl Neg.neg)
                                  (Mathlib.Meta.NormNum.IsNat.to_isInt (Mathlib.Meta.NormNum.IsNat.of_raw ℝ 1))
                                  (Eq.refl (Int.negOfNat 1)))))
                            Mathlib.Tactic.Ring.Common.neg_zero)
                          (Mathlib.Tactic.Ring.Common.add_pf_zero_add
                            (↑n ^ Nat.rawCast 1 * (Int.negOfNat 1).rawCast + 0))))
                      (Mathlib.Tactic.Ring.Common.add_mul
                        (Mathlib.Tactic.Ring.Common.mul_add
                          (Mathlib.Tactic.Ring.Common.mul_pf_right (↑n) (Nat.rawCast 1)
                            (Mathlib.Meta.NormNum.IsInt.to_raw_eq
                              (Mathlib.Meta.NormNum.isInt_mul (Eq.refl HMul.hMul)
                                (Mathlib.Meta.NormNum.IsNat.to_isInt (Mathlib.Meta.NormNum.IsNat.of_raw ℝ 2))
                                (Mathlib.Meta.NormNum.IsInt.of_raw ℝ (Int.negOfNat 1)) (Eq.refl (Int.negOfNat 2)))))
                          (Mathlib.Tactic.Ring.Common.mul_zero (Nat.rawCast 2))
                          (Mathlib.Tactic.Ring.Common.add_pf_add_zero
                            (↑n ^ Nat.rawCast 1 * (Int.negOfNat 2).rawCast + 0)))
                        (Mathlib.Tactic.Ring.Common.zero_mul (↑n ^ Nat.rawCast 1 * (Int.negOfNat 1).rawCast + 0))
                        (Mathlib.Tactic.Ring.Common.add_pf_add_zero
                          (↑n ^ Nat.rawCast 1 * (Int.negOfNat 2).rawCast + 0))))
                    (Mathlib.Tactic.Ring.Common.sub_congr
                      (Mathlib.Tactic.Ring.Common.pow_congr
                        (Mathlib.Tactic.Ring.Common.add_congr
                          (Mathlib.Tactic.Ring.Common.atom_pf (↑n) rfl
                            (Eq.mpr
                              (id
                                (congrArg (fun _a => ↑n ^ Nat.rawCast 1 * Nat.rawCast 1 = ↑n ^ Nat.rawCast 1 * _a)
                                  (Eq.symm rfl)))
                              (Eq.refl (↑n ^ Nat.rawCast 1 * Nat.rawCast 1))))
                          (Mathlib.Tactic.Ring.cast_pos (Mathlib.Meta.NormNum.isNat_ofNat ℝ Nat.cast_one))
                          (Mathlib.Tactic.Ring.Common.add_pf_add_gt (Nat.rawCast 1)
                            (Mathlib.Tactic.Ring.Common.add_pf_add_zero (↑n ^ Nat.rawCast 1 * Nat.rawCast 1 + 0))))
                        (Mathlib.Tactic.Ring.cast_pos (Mathlib.Meta.NormNum.isNat_ofNat ℕ (Eq.refl 2)))
                        (Mathlib.Tactic.Ring.Common.pow_add
                          (Mathlib.Tactic.Ring.Common.pow_nat (Mathlib.Tactic.Ring.Common.coeff_one 2 rfl)
                            (Mathlib.Tactic.Ring.Common.pow_one_cast_of_isNat
                              (Nat.rawCast 1 + (↑n ^ Nat.rawCast 1 * Nat.rawCast 1 + 0)) (Nat.rawCast 1) { out := rfl })
                            (Mathlib.Tactic.Ring.Common.pow_bit0
                              (Mathlib.Tactic.Ring.Common.pow_one
                                (Nat.rawCast 1 + (↑n ^ Nat.rawCast 1 * Nat.rawCast 1 + 0)))
                              (Mathlib.Tactic.Ring.Common.add_mul
                                (Mathlib.Tactic.Ring.Common.mul_add
                                  (Mathlib.Meta.NormNum.IsNat.to_raw_eq
                                    (Mathlib.Meta.NormNum.isNat_mul (Eq.refl HMul.hMul)
                                      (Mathlib.Meta.NormNum.IsNat.of_raw ℝ 1) (Mathlib.Meta.NormNum.IsNat.of_raw ℝ 1)
                                      (Eq.refl 1)))
                                  (Mathlib.Tactic.Ring.Common.mul_add
                                    (Mathlib.Tactic.Ring.Common.mul_pf_right (↑n) (Nat.rawCast 1)
                                      (Mathlib.Meta.NormNum.IsNat.to_raw_eq
                                        (Mathlib.Meta.NormNum.isNat_mul (Eq.refl HMul.hMul)
                                          (Mathlib.Meta.NormNum.IsNat.of_raw ℝ 1)
                                          (Mathlib.Meta.NormNum.IsNat.of_raw ℝ 1) (Eq.refl 1))))
                                    (Mathlib.Tactic.Ring.Common.mul_zero (Nat.rawCast 1))
                                    (Mathlib.Tactic.Ring.Common.add_pf_add_zero
                                      (↑n ^ Nat.rawCast 1 * Nat.rawCast 1 + 0)))
                                  (Mathlib.Tactic.Ring.Common.add_pf_add_lt (Nat.rawCast 1)
                                    (Mathlib.Tactic.Ring.Common.add_pf_zero_add
                                      (↑n ^ Nat.rawCast 1 * Nat.rawCast 1 + 0))))
                                (Mathlib.Tactic.Ring.Common.add_mul
                                  (Mathlib.Tactic.Ring.Common.mul_add
                                    (Mathlib.Tactic.Ring.Common.mul_pf_left (↑n) (Nat.rawCast 1)
                                      (Mathlib.Meta.NormNum.IsNat.to_raw_eq
                                        (Mathlib.Meta.NormNum.isNat_mul (Eq.refl HMul.hMul)
                                          (Mathlib.Meta.NormNum.IsNat.of_raw ℝ 1)
                                          (Mathlib.Meta.NormNum.IsNat.of_raw ℝ 1) (Eq.refl 1))))
                                    (Mathlib.Tactic.Ring.Common.mul_add
                                      (Mathlib.Tactic.Ring.Common.mul_pp_pf_overlap (↑n)
                                        (Mathlib.Meta.NormNum.IsNat.to_raw_eq
                                          (Mathlib.Meta.NormNum.isNat_add (Eq.refl HAdd.hAdd)
                                            (Mathlib.Meta.NormNum.IsNat.of_raw ℕ 1)
                                            (Mathlib.Meta.NormNum.IsNat.of_raw ℕ 1) (Eq.refl 2)))
                                        (Mathlib.Meta.NormNum.IsNat.to_raw_eq
                                          (Mathlib.Meta.NormNum.isNat_mul (Eq.refl HMul.hMul)
                                            (Mathlib.Meta.NormNum.IsNat.of_raw ℝ 1)
                                            (Mathlib.Meta.NormNum.IsNat.of_raw ℝ 1) (Eq.refl 1))))
                                      (Mathlib.Tactic.Ring.Common.mul_zero (↑n ^ Nat.rawCast 1 * Nat.rawCast 1))
                                      (Mathlib.Tactic.Ring.Common.add_pf_add_zero
                                        (↑n ^ Nat.rawCast 2 * Nat.rawCast 1 + 0)))
                                    (Mathlib.Tactic.Ring.Common.add_pf_add_lt (↑n ^ Nat.rawCast 1 * Nat.rawCast 1)
                                      (Mathlib.Tactic.Ring.Common.add_pf_zero_add
                                        (↑n ^ Nat.rawCast 2 * Nat.rawCast 1 + 0))))
                                  (Mathlib.Tactic.Ring.Common.zero_mul
                                    (Nat.rawCast 1 + (↑n ^ Nat.rawCast 1 * Nat.rawCast 1 + 0)))
                                  (Mathlib.Tactic.Ring.Common.add_pf_add_zero
                                    (↑n ^ Nat.rawCast 1 * Nat.rawCast 1 + (↑n ^ Nat.rawCast 2 * Nat.rawCast 1 + 0))))
                                (Mathlib.Tactic.Ring.Common.add_pf_add_lt (Nat.rawCast 1)
                                  (Mathlib.Tactic.Ring.Common.add_pf_add_overlap
                                    (Mathlib.Tactic.Ring.Common.add_overlap_pf (↑n) (Nat.rawCast 1)
                                      (Mathlib.Meta.NormNum.IsNat.to_raw_eq
                                        (Mathlib.Meta.NormNum.isNat_add (Eq.refl HAdd.hAdd)
                                          (Mathlib.Meta.NormNum.IsNat.of_raw ℝ 1)
                                          (Mathlib.Meta.NormNum.IsNat.of_raw ℝ 1) (Eq.refl 2))))
                                    (Mathlib.Tactic.Ring.Common.add_pf_zero_add
                                      (↑n ^ Nat.rawCast 2 * Nat.rawCast 1 + 0)))))))
                          (Mathlib.Tactic.Ring.Common.pow_zero
                            (Nat.rawCast 1 + (↑n ^ Nat.rawCast 1 * Nat.rawCast 1 + 0)) rfl)
                          (Mathlib.Tactic.Ring.Common.add_mul
                            (Mathlib.Tactic.Ring.Common.mul_add
                              (Mathlib.Meta.NormNum.IsNat.to_raw_eq
                                (Mathlib.Meta.NormNum.isNat_mul (Eq.refl HMul.hMul)
                                  (Mathlib.Meta.NormNum.IsNat.of_raw ℝ 1) (Mathlib.Meta.NormNum.IsNat.of_raw ℝ 1)
                                  (Eq.refl 1)))
                              (Mathlib.Tactic.Ring.Common.mul_zero (Nat.rawCast 1))
                              (Mathlib.Tactic.Ring.Common.add_pf_add_zero (Nat.rawCast 1 + 0)))
                            (Mathlib.Tactic.Ring.Common.add_mul
                              (Mathlib.Tactic.Ring.Common.mul_add
                                (Mathlib.Tactic.Ring.Common.mul_pf_left (↑n) (Nat.rawCast 1)
                                  (Mathlib.Meta.NormNum.IsNat.to_raw_eq
                                    (Mathlib.Meta.NormNum.isNat_mul (Eq.refl HMul.hMul)
                                      (Mathlib.Meta.NormNum.IsNat.of_raw ℝ 2) (Mathlib.Meta.NormNum.IsNat.of_raw ℝ 1)
                                      (Eq.refl 2))))
                                (Mathlib.Tactic.Ring.Common.mul_zero (↑n ^ Nat.rawCast 1 * Nat.rawCast 2))
                                (Mathlib.Tactic.Ring.Common.add_pf_add_zero (↑n ^ Nat.rawCast 1 * Nat.rawCast 2 + 0)))
                              (Mathlib.Tactic.Ring.Common.add_mul
                                (Mathlib.Tactic.Ring.Common.mul_add
                                  (Mathlib.Tactic.Ring.Common.mul_pf_left (↑n) (Nat.rawCast 2)
                                    (Mathlib.Meta.NormNum.IsNat.to_raw_eq
                                      (Mathlib.Meta.NormNum.isNat_mul (Eq.refl HMul.hMul)
                                        (Mathlib.Meta.NormNum.IsNat.of_raw ℝ 1) (Mathlib.Meta.NormNum.IsNat.of_raw ℝ 1)
                                        (Eq.refl 1))))
                                  (Mathlib.Tactic.Ring.Common.mul_zero (↑n ^ Nat.rawCast 2 * Nat.rawCast 1))
                                  (Mathlib.Tactic.Ring.Common.add_pf_add_zero (↑n ^ Nat.rawCast 2 * Nat.rawCast 1 + 0)))
                                (Mathlib.Tactic.Ring.Common.zero_mul (Nat.rawCast 1 + 0))
                                (Mathlib.Tactic.Ring.Common.add_pf_add_zero (↑n ^ Nat.rawCast 2 * Nat.rawCast 1 + 0)))
                              (Mathlib.Tactic.Ring.Common.add_pf_add_lt (↑n ^ Nat.rawCast 1 * Nat.rawCast 2)
                                (Mathlib.Tactic.Ring.Common.add_pf_zero_add (↑n ^ Nat.rawCast 2 * Nat.rawCast 1 + 0))))
                            (Mathlib.Tactic.Ring.Common.add_pf_add_lt (Nat.rawCast 1)
                              (Mathlib.Tactic.Ring.Common.add_pf_zero_add
                                (↑n ^ Nat.rawCast 1 * Nat.rawCast 2 + (↑n ^ Nat.rawCast 2 * Nat.rawCast 1 + 0)))))))
                      (Mathlib.Tactic.Ring.cast_pos (Mathlib.Meta.NormNum.isNat_ofNat ℝ Nat.cast_one))
                      (Mathlib.Tactic.Ring.Common.sub_pf
                        (Mathlib.Tactic.Ring.Common.neg_add
                          (Mathlib.Meta.NormNum.IsInt.to_raw_eq
                            (Mathlib.Meta.NormNum.isInt_neg (Eq.refl Neg.neg)
                              (Mathlib.Meta.NormNum.IsNat.to_isInt (Mathlib.Meta.NormNum.IsNat.of_raw ℝ 1))
                              (Eq.refl (Int.negOfNat 1))))
                          Mathlib.Tactic.Ring.Common.neg_zero)
                        (Mathlib.Tactic.Ring.Common.add_pf_add_overlap_zero
                          (Mathlib.Meta.NormNum.IsInt.to_isNat
                            (Mathlib.Meta.NormNum.isInt_add (Eq.refl HAdd.hAdd)
                              (Mathlib.Meta.NormNum.IsNat.to_isInt (Mathlib.Meta.NormNum.IsNat.of_raw ℝ 1))
                              (Mathlib.Meta.NormNum.IsInt.of_raw ℝ (Int.negOfNat 1)) (Eq.refl (Int.ofNat 0))))
                          (Mathlib.Tactic.Ring.Common.add_pf_add_zero
                            (↑n ^ Nat.rawCast 1 * Nat.rawCast 2 + (↑n ^ Nat.rawCast 2 * Nat.rawCast 1 + 0))))))
                    (Mathlib.Tactic.Ring.Common.add_pf_add_overlap_zero
                      (Mathlib.Tactic.Ring.Common.add_overlap_pf_zero (↑n) (Nat.rawCast 1)
                        (Mathlib.Meta.NormNum.IsInt.to_isNat
                          (Mathlib.Meta.NormNum.isInt_add (Eq.refl HAdd.hAdd)
                            (Mathlib.Meta.NormNum.IsInt.of_raw ℝ (Int.negOfNat 2))
                            (Mathlib.Meta.NormNum.IsNat.to_isInt (Mathlib.Meta.NormNum.IsNat.of_raw ℝ 2))
                            (Eq.refl (Int.ofNat 0)))))
                      (Mathlib.Tactic.Ring.Common.add_pf_zero_add (↑n ^ Nat.rawCast 2 * Nat.rawCast 1 + 0))))
                  (Mathlib.Tactic.Ring.Common.sub_congr
                    (Mathlib.Tactic.Ring.cast_zero (Mathlib.Meta.NormNum.isNat_ofNat ℝ Nat.cast_zero))
                    (Mathlib.Tactic.Ring.Common.mul_congr
                      (Mathlib.Tactic.Ring.Common.sub_congr
                        (Mathlib.Tactic.Ring.cast_zero (Mathlib.Meta.NormNum.isNat_ofNat ℝ Nat.cast_zero))
                        (Mathlib.Tactic.Ring.Common.atom_pf (↑n) rfl
                          (Eq.mpr
                            (id
                              (congrArg (fun _a => ↑n ^ Nat.rawCast 1 * Nat.rawCast 1 = ↑n ^ Nat.rawCast 1 * _a)
                                (Eq.symm rfl)))
                            (Eq.refl (↑n ^ Nat.rawCast 1 * Nat.rawCast 1))))
                        (Mathlib.Tactic.Ring.Common.sub_pf
                          (Mathlib.Tactic.Ring.Common.neg_add
                            (Mathlib.Tactic.Ring.Common.neg_mul (↑n) (Nat.rawCast 1)
                              (Mathlib.Meta.NormNum.IsInt.to_raw_eq
                                (Mathlib.Meta.NormNum.isInt_neg (Eq.refl Neg.neg)
                                  (Mathlib.Meta.NormNum.IsNat.to_isInt (Mathlib.Meta.NormNum.IsNat.of_raw ℝ 1))
                                  (Eq.refl (Int.negOfNat 1)))))
                            Mathlib.Tactic.Ring.Common.neg_zero)
                          (Mathlib.Tactic.Ring.Common.add_pf_zero_add
                            (↑n ^ Nat.rawCast 1 * (Int.negOfNat 1).rawCast + 0))))
                      (Mathlib.Tactic.Ring.Common.sub_congr
                        (Mathlib.Tactic.Ring.cast_zero (Mathlib.Meta.NormNum.isNat_ofNat ℝ Nat.cast_zero))
                        (Mathlib.Tactic.Ring.Common.atom_pf (↑n) rfl
                          (Eq.mpr
                            (id
                              (congrArg (fun _a => ↑n ^ Nat.rawCast 1 * Nat.rawCast 1 = ↑n ^ Nat.rawCast 1 * _a)
                                (Eq.symm rfl)))
                            (Eq.refl (↑n ^ Nat.rawCast 1 * Nat.rawCast 1))))
                        (Mathlib.Tactic.Ring.Common.sub_pf
                          (Mathlib.Tactic.Ring.Common.neg_add
                            (Mathlib.Tactic.Ring.Common.neg_mul (↑n) (Nat.rawCast 1)
                              (Mathlib.Meta.NormNum.IsInt.to_raw_eq
                                (Mathlib.Meta.NormNum.isInt_neg (Eq.refl Neg.neg)
                                  (Mathlib.Meta.NormNum.IsNat.to_isInt (Mathlib.Meta.NormNum.IsNat.of_raw ℝ 1))
                                  (Eq.refl (Int.negOfNat 1)))))
                            Mathlib.Tactic.Ring.Common.neg_zero)
                          (Mathlib.Tactic.Ring.Common.add_pf_zero_add
                            (↑n ^ Nat.rawCast 1 * (Int.negOfNat 1).rawCast + 0))))
                      (Mathlib.Tactic.Ring.Common.add_mul
                        (Mathlib.Tactic.Ring.Common.mul_add
                          (Mathlib.Tactic.Ring.Common.mul_pp_pf_overlap (↑n)
                            (Mathlib.Meta.NormNum.IsNat.to_raw_eq
                              (Mathlib.Meta.NormNum.isNat_add (Eq.refl HAdd.hAdd)
                                (Mathlib.Meta.NormNum.IsNat.of_raw ℕ 1) (Mathlib.Meta.NormNum.IsNat.of_raw ℕ 1)
                                (Eq.refl 2)))
                            (Mathlib.Meta.NormNum.IsNat.to_raw_eq
                              (Mathlib.Meta.NormNum.IsInt.to_isNat
                                (Mathlib.Meta.NormNum.isInt_mul (Eq.refl HMul.hMul)
                                  (Mathlib.Meta.NormNum.IsInt.of_raw ℝ (Int.negOfNat 1))
                                  (Mathlib.Meta.NormNum.IsInt.of_raw ℝ (Int.negOfNat 1)) (Eq.refl (Int.ofNat 1))))))
                          (Mathlib.Tactic.Ring.Common.mul_zero (↑n ^ Nat.rawCast 1 * (Int.negOfNat 1).rawCast))
                          (Mathlib.Tactic.Ring.Common.add_pf_add_zero (↑n ^ Nat.rawCast 2 * Nat.rawCast 1 + 0)))
                        (Mathlib.Tactic.Ring.Common.zero_mul (↑n ^ Nat.rawCast 1 * (Int.negOfNat 1).rawCast + 0))
                        (Mathlib.Tactic.Ring.Common.add_pf_add_zero (↑n ^ Nat.rawCast 2 * Nat.rawCast 1 + 0))))
                    (Mathlib.Tactic.Ring.Common.sub_pf
                      (Mathlib.Tactic.Ring.Common.neg_add
                        (Mathlib.Tactic.Ring.Common.neg_mul (↑n) (Nat.rawCast 2)
                          (Mathlib.Meta.NormNum.IsInt.to_raw_eq
                            (Mathlib.Meta.NormNum.isInt_neg (Eq.refl Neg.neg)
                              (Mathlib.Meta.NormNum.IsNat.to_isInt (Mathlib.Meta.NormNum.IsNat.of_raw ℝ 1))
                              (Eq.refl (Int.negOfNat 1)))))
                        Mathlib.Tactic.Ring.Common.neg_zero)
                      (Mathlib.Tactic.Ring.Common.add_pf_zero_add (↑n ^ Nat.rawCast 2 * (Int.negOfNat 1).rawCast + 0))))
                  (Mathlib.Tactic.Ring.Common.add_pf_add_overlap_zero
                    (Mathlib.Tactic.Ring.Common.add_overlap_pf_zero (↑n) (Nat.rawCast 2)
                      (Mathlib.Meta.NormNum.IsInt.to_isNat
                        (Mathlib.Meta.NormNum.isInt_add (Eq.refl HAdd.hAdd)
                          (Mathlib.Meta.NormNum.IsNat.to_isInt (Mathlib.Meta.NormNum.IsNat.of_raw ℝ 1))
                          (Mathlib.Meta.NormNum.IsInt.of_raw ℝ (Int.negOfNat 1)) (Eq.refl (Int.ofNat 0)))))
                    (Mathlib.Tactic.Ring.Common.add_pf_zero_add 0)))
                (Mathlib.Tactic.Ring.cast_zero (Mathlib.Meta.NormNum.isNat_ofNat ℝ Nat.cast_zero))))
            (Mathlib.Tactic.Linarith.add_lt_of_neg_of_le
              (Mathlib.Tactic.Linarith.add_lt_of_le_of_neg
                (Mathlib.Tactic.Linarith.mul_nonpos
                  (Mathlib.Tactic.Linarith.sub_nonpos_of_le (Mathlib.Tactic.Linarith.natCast_nonneg ℝ n))
                  (Mathlib.Meta.NormNum.isNat_lt_true (Mathlib.Meta.NormNum.isNat_ofNat ℝ Nat.cast_zero)
                    (Mathlib.Meta.NormNum.isNat_ofNat ℝ (Eq.refl 2)) (Eq.refl false)))
                (Mathlib.Tactic.Linarith.sub_neg_of_lt a))
              (Mathlib.Tactic.Linarith.sub_nonpos_of_le
                (mul_nonneg_of_nonpos_of_nonpos
                  (Mathlib.Tactic.Linarith.sub_nonpos_of_le (Mathlib.Tactic.Linarith.natCast_nonneg ℝ n))
                  (Mathlib.Tactic.Linarith.sub_nonpos_of_le (Mathlib.Tactic.Linarith.natCast_nonneg ℝ n))))))))
    ?m.774
has type
  C2 / (↑n + 1) ^ 2 + ?m.774 ≤ C2 + ?m.774
but is expected to have type
  C1 * (b + 2 * M) + C2 / (↑n + 1) ^ 2 ≤ C1 * (b + 2 * M) + C2
'_private.«.astis».GlobalCutoffCoercivityPrototype.0.GlobalCutoffCoercivityPrototype.bounded_coefficient_tendsto_zero' depends on axioms: [propext,
 Classical.choice,
 Quot.sound]
'_private.«.astis».GlobalCutoffCoercivityPrototype.0.GlobalCutoffCoercivityPrototype.actual_linear_drift' depends on axioms: [propext,
 Classical.choice,
 Quot.sound]
'_private.«.astis».GlobalCutoffCoercivityPrototype.0.GlobalCutoffCoercivityPrototype.actual_cutoff_laplacian_bound' depends on axioms: [propext,
 Classical.choice,
 Quot.sound]
'_private.«.astis».GlobalCutoffCoercivityPrototype.0.GlobalCutoffCoercivityPrototype.actual_cutoff_function_convergence' depends on axioms: [propext,
 Classical.choice,
 Quot.sound]
'_private.«.astis».GlobalCutoffCoercivityPrototype.0.GlobalCutoffCoercivityPrototype.dominated_L2_tendsto_zero' depends on axioms: [propext,
 Classical.choice,
 Quot.sound]
'_private.«.astis».GlobalCutoffCoercivityPrototype.0.GlobalCutoffCoercivityPrototype.actual_cutoff_generator_coefficient' depends on axioms: [propext,
 sorryAx,
 Classical.choice,
 Quot.sound]
'_private.«.astis».GlobalCutoffCoercivityPrototype.0.GlobalCutoffCoercivityPrototype.actual_cutoff_commutators' depends on axioms: [propext,
 sorryAx,
 Classical.choice,
 Quot.sound]
