.astis/GlobalCutoffCoercivityPrototype.lean:18:6: error: Tactic `rewrite` failed: Did not find an occurrence of the pattern
  ‖?r • ?x‖
in the target expression
  ‖(c • f) x‖ ≤ ?m.49 * ‖f x‖

E : Type u_1
F : Type u_2
inst✝² : MeasurableSpace E
inst✝¹ : NormedAddCommGroup F
inst✝ : NormedSpace ℝ F
μ : Measure E
c : E → ℝ
f : E → F
hc : AEStronglyMeasurable c μ
hf : MemLp f 2 μ
M : ℝ
hb : ∀ᵐ (x : E) ∂μ, ‖c x‖ ≤ M
x : E
hx : ‖c x‖ ≤ M
⊢ ‖(c • f) x‖ ≤ ?m.49 * ‖f x‖
.astis/GlobalCutoffCoercivityPrototype.lean:60:4: error: Type mismatch: After simplification, term
  hsqrt
 has type
  Tendsto ((fun x => √x) ∘ fun n => ‖MemLp.toLp (fun x => cn n x • f x) ⋯‖ ^ 2) atTop (𝓝 0)
but is expected to have type
  Tendsto (fun n => ‖MemLp.toLp (fun x => cn n x • f x) ⋯‖) atTop (𝓝 0)
.astis/GlobalCutoffCoercivityPrototype.lean:85:36: error: Application type mismatch: The argument
  hn
has type
  ‖∫ (t : ℝ) in 0..1, (fun t => continuousLinearMapOfBilin (fderiv ℝ (fderiv ℝ W) (0 + t • (x - 0)))) t‖ ≤ M
but is expected to have type
  ‖∫ (t : ℝ) in 0..1, (fun t => continuousLinearMapOfBilin (fderiv ℝ (fderiv ℝ W) (0 + t • x))) t‖ ≤ M
in the application
  mul_le_mul_of_nonneg_right hn
