.astis/GlobalCutoffCoercivityPrototype.lean:259:16: error: linarith failed to find a contradiction
E : Type u_1
inst✝⁵ : MeasurableSpace E
inst✝⁴ : NormedAddCommGroup E
inst✝³ : InnerProductSpace ℝ E
inst✝² : CompleteSpace E
inst✝¹ : FiniteDimensional ℝ E
inst✝ : Nontrivial E
W : E → ℝ
hW : ContDiff ℝ 2 W
m M : ℝ
hm : 0 < m
hmM : m ≤ M
hl : ∀ (x a : E), m * ‖a‖ ^ 2 ≤ ((fderiv ℝ (fderiv ℝ W) x) a) a
hu : ∀ (x a : E), ((fderiv ℝ (fderiv ℝ W) x) a) a ≤ M * ‖a‖ ^ 2
χ : ℕ → E → ℝ := fun n => AutoSamplingTheory.TechnicalLemmas.Analysis.Calculus.Cutoff.radialSmoothCutoff (↑n + 1)
c : ℕ → E → ℝ := fun n x => ⟪gradient W x, gradient (χ n) x⟫ - Laplacian.laplacian (χ n) x
C1 : ℝ
hC1 : 0 < C1
hg :
  ∀ (R : ℝ),
    0 < R →
      ∀ (x : E),
        ‖gradient (AutoSamplingTheory.TechnicalLemmas.Analysis.Calculus.Cutoff.radialSmoothCutoff R) x‖ ≤ C1 / R ∧
          (2 * R ≤ ‖x‖ →
            gradient (AutoSamplingTheory.TechnicalLemmas.Analysis.Calculus.Cutoff.radialSmoothCutoff R) x = 0)
C2 : ℝ
hC2 : 0 < C2
hd :
  ∀ (R : ℝ),
    0 < R →
      ∀ (x : E),
        ‖Laplacian.laplacian (AutoSamplingTheory.TechnicalLemmas.Analysis.Calculus.Cutoff.radialSmoothCutoff R) x‖ ≤
          C2 / R ^ 2
hMb : 0 ≤ M
b : ℝ := ‖gradient W 0‖
hgW : ∀ (x : E), ‖gradient W x‖ ≤ ‖gradient W 0‖ + M * ‖x‖
n : ℕ
x : E
hx : ¬2 * (↑n + 1) ≤ ‖x‖
hx' : ‖x‖ ≤ 2 * (↑n + 1)
a✝ : ?m.586 < 1
⊢ False
failed
.astis/GlobalCutoffCoercivityPrototype.lean:267:14: error: linarith failed to find a contradiction
E : Type u_1
inst✝⁵ : MeasurableSpace E
inst✝⁴ : NormedAddCommGroup E
inst✝³ : InnerProductSpace ℝ E
inst✝² : CompleteSpace E
inst✝¹ : FiniteDimensional ℝ E
inst✝ : Nontrivial E
W : E → ℝ
hW : ContDiff ℝ 2 W
m M : ℝ
hm : 0 < m
hmM : m ≤ M
hl : ∀ (x a : E), m * ‖a‖ ^ 2 ≤ ((fderiv ℝ (fderiv ℝ W) x) a) a
hu : ∀ (x a : E), ((fderiv ℝ (fderiv ℝ W) x) a) a ≤ M * ‖a‖ ^ 2
χ : ℕ → E → ℝ := fun n => AutoSamplingTheory.TechnicalLemmas.Analysis.Calculus.Cutoff.radialSmoothCutoff (↑n + 1)
c : ℕ → E → ℝ := fun n x => ⟪gradient W x, gradient (χ n) x⟫ - Laplacian.laplacian (χ n) x
C1 : ℝ
hC1 : 0 < C1
hg :
  ∀ (R : ℝ),
    0 < R →
      ∀ (x : E),
        ‖gradient (AutoSamplingTheory.TechnicalLemmas.Analysis.Calculus.Cutoff.radialSmoothCutoff R) x‖ ≤ C1 / R ∧
          (2 * R ≤ ‖x‖ →
            gradient (AutoSamplingTheory.TechnicalLemmas.Analysis.Calculus.Cutoff.radialSmoothCutoff R) x = 0)
C2 : ℝ
hC2 : 0 < C2
hd :
  ∀ (R : ℝ),
    0 < R →
      ∀ (x : E),
        ‖Laplacian.laplacian (AutoSamplingTheory.TechnicalLemmas.Analysis.Calculus.Cutoff.radialSmoothCutoff R) x‖ ≤
          C2 / R ^ 2
hMb : 0 ≤ M
b : ℝ := ‖gradient W 0‖
hgW : ∀ (x : E), ‖gradient W x‖ ≤ ‖gradient W 0‖ + M * ‖x‖
hgrad : ∀ (n : ℕ) (x : E), ‖⟪gradient W x, gradient (χ n) x⟫‖ ≤ C1 * (b + 2 * M)
n : ℕ
x : E
a✝ : ?m.745 < 1
⊢ False
failed
'_private.«.astis».GlobalCutoffCoercivityPrototype.0.GlobalCutoffCoercivityPrototype.bounded_coefficient_tendsto_zero' depends on axioms: [propext,
 Classical.choice,
 Quot.sound]
'_private.«.astis».GlobalCutoffCoercivityPrototype.0.GlobalCutoffCoercivityPrototype.actual_linear_drift' depends on axioms: [propext,
 Classical.choice,
 Quot.sound]
'_private.«.astis».GlobalCutoffCoercivityPrototype.0.GlobalCutoffCoercivityPrototype.actual_cutoff_laplacian_bound' depends on axioms: [propext,
 Classical.choice,
 Quot.sound]
'_private.«.astis».GlobalCutoffCoercivityPrototype.0.GlobalCutoffCoercivityPrototype.actual_cutoff_function_convergence' depends on axioms: [propext,
 Classical.choice,
 Quot.sound]
'_private.«.astis».GlobalCutoffCoercivityPrototype.0.GlobalCutoffCoercivityPrototype.dominated_L2_tendsto_zero' depends on axioms: [propext,
 Classical.choice,
 Quot.sound]
'_private.«.astis».GlobalCutoffCoercivityPrototype.0.GlobalCutoffCoercivityPrototype.actual_cutoff_generator_coefficient' depends on axioms: [propext,
 sorryAx,
 Classical.choice,
 Quot.sound]
'_private.«.astis».GlobalCutoffCoercivityPrototype.0.GlobalCutoffCoercivityPrototype.actual_cutoff_commutators' depends on axioms: [propext,
 sorryAx,
 Classical.choice,
 Quot.sound]
