Contributor scope: base=29168992899a9de07b8779cacdf8749863749dbc; HEAD=866deafe2389150a61f1f802c0ad9a2f3f1eed66; affected declarations=21; changed cells=21
Scope includes base-to-working-tree edits and untracked production/metadata files.
- declaration: AutoSamplingTheory.ExampleCases.SmoothedPicardHMC.CountedPhaseProgram.implemented_phase_expected_query_work
- declaration: AutoSamplingTheory.ExampleCases.SmoothedPicardHMC.CountedPhaseProgram.phaseQuery
- declaration: AutoSamplingTheory.ExampleCases.SmoothedPicardHMC.FirstOrderDifference.source_first_order_difference
- declaration: AutoSamplingTheory.ExampleCases.SmoothedPicardHMC.ImplementedPhaseKernel.implemented_phase_kernel
- declaration: AutoSamplingTheory.ExampleCases.SmoothedPicardHMC.ImplementedPhaseWork.implemented_phase_query_moments_and_work
- declaration: AutoSamplingTheory.ExampleCases.SmoothedPicardHMC.KineticDissipation.source_kinetic_dissipation
- declaration: AutoSamplingTheory.ExampleCases.SmoothedPicardHMC.PartialMomentumRefresh.partial_momentum_refresh_second_moment
- declaration: AutoSamplingTheory.ExampleCases.SmoothedPicardHMC.PhaseAccuracyWork.source_phase_accuracy_and_work
- declaration: AutoSamplingTheory.ExampleCases.SmoothedPicardHMC.PicardCenterMoment.picard_center_gradient_moment
- declaration: AutoSamplingTheory.ExampleCases.SmoothedPicardHMC.PicardInputLaw.partial_refresh_with_picard_innovations
- declaration: AutoSamplingTheory.ExampleCases.SmoothedPicardHMC.ProximalEstimatorLipschitz.proximal_estimator_lipschitz
- declaration: AutoSamplingTheory.ExampleCases.SmoothedPicardHMC.ProximalExecutionIdentity.successful_query_unique
- declaration: AutoSamplingTheory.ExampleCases.SmoothedPicardHMC.ProximalPhaseStability.source_phase_proximal_stability
- declaration: AutoSamplingTheory.ExampleCases.SmoothedPicardHMC.RealizedProximalWork.realized_proximal_expected_work
- declaration: AutoSamplingTheory.ExampleCases.SmoothedPicardHMC.SourceQuadratureWork.source_quadrature_phase_work
- declaration: AutoSamplingTheory.TechnicalLemmas.Analysis.ChebyshevLobattoMomentum.momentum_absolute_sum_le
- declaration: AutoSamplingTheory.TechnicalLemmas.Analysis.ChebyshevLobattoPositiveWeights.nonnegative_momentum_weights
- declaration: AutoSamplingTheory.TechnicalLemmas.Analysis.ChebyshevLobattoQuadrature.chebyshev_lobatto_coefficients
- declaration: AutoSamplingTheory.TechnicalLemmas.Analysis.HessianSecantOperator.hessian_secant_operator
- declaration: AutoSamplingTheory.TechnicalLemmas.Analysis.MonotoneProximalMap.nonexpansive_of_monotone_optimality
- declaration: AutoSamplingTheory.TechnicalLemmas.Probability.StdGaussianMoment.integrable_norm_sq_and_integral_stdGaussian
- cell: ASTIS-SHARED-chebyshev-lobatto-coefficients
- cell: ASTIS-SHARED-chebyshev-lobatto-momentum-norm
- cell: ASTIS-SHARED-hessian-secant-operator
- cell: ASTIS-SHARED-monotone-proximal-nonexpansive
- cell: ASTIS-SHARED-std-gaussian-second-moment
- cell: ASTIS-SW-SPHMC-counted-phase-program
- cell: ASTIS-SW-SPHMC-counted-phase-work
- cell: ASTIS-SW-SPHMC-first-order-difference
- cell: ASTIS-SW-SPHMC-implemented-phase-kernel
- cell: ASTIS-SW-SPHMC-implemented-phase-query-work
- cell: ASTIS-SW-SPHMC-kinetic-dissipation
- cell: ASTIS-SW-SPHMC-partial-momentum-refresh
- cell: ASTIS-SW-SPHMC-phase-accuracy-work
- cell: ASTIS-SW-SPHMC-picard-center-moment
- cell: ASTIS-SW-SPHMC-picard-input-law
- cell: ASTIS-SW-SPHMC-positive-integral-weights
- cell: ASTIS-SW-SPHMC-proximal-estimator-lipschitz
- cell: ASTIS-SW-SPHMC-proximal-execution-identity
- cell: ASTIS-SW-SPHMC-proximal-phase-stability
- cell: ASTIS-SW-SPHMC-realized-proximal-work
- cell: ASTIS-SW-SPHMC-source-quadrature-work
ASTIS contributor contract PASS (affected metadata only; publication/semantic/Lean gates remain required)
