runs/20261007-companion-priority/pbps-literal-reflected-mean53/remote53/push.log:1: trailing whitespace.
+remote: This repository moved. Please use the new location:        
runs/20261007-companion-priority/pbps-literal-reflected-mean53/remote53/push.log:2: trailing whitespace.
+remote:   https://github.com/DakeBU/Automization-Sampling-Optimisation-Geometry-Lib.git        
runs/20261007-companion-priority/pbps-source-mean-gradient-domain-preproof-review54/c1-adapter.current-header.lf:8: trailing whitespace.
+    (hp.toLp f,hq.toLp (gradient f)) ∈ D.closure.graph 
runs/20261007-companion-priority/pbps-source-mean-gradient-domain-preproof-review54/c1-adapter.current-header.raw:8: trailing whitespace.
+    (hp.toLp f,hq.toLp (gradient f)) ∈ D.closure.graph 
runs/20261007-companion-priority/pbps-source-mean-gradient-domain-preproof-review54/closure-graph-public.current-header.lf:2: trailing whitespace.
+    f.graph.topologicalClosure = f.closure.graph 
runs/20261007-companion-priority/pbps-source-mean-gradient-domain-preproof-review54/closure-graph-public.current-header.raw:2: trailing whitespace.
+    f.graph.topologicalClosure = f.closure.graph 
runs/20261007-companion-priority/pbps-source-mean-gradient-domain-preproof-review54/domain-of-graph.current-header.lf:2: trailing whitespace.
+    x ∈ f.domain 
runs/20261007-companion-priority/pbps-source-mean-gradient-domain-preproof-review54/domain-of-graph.current-header.raw:2: trailing whitespace.
+    x ∈ f.domain 
runs/20261007-companion-priority/pbps-source-mean-gradient-domain-preproof-review54/parent50.current-header.lf:49: trailing whitespace.
+              (1-(α : ℝ)*η)^2/(4*(1+(α : ℝ)*η)) * ‖B g‖^2 
runs/20261007-companion-priority/pbps-source-mean-gradient-domain-preproof-review54/parent50.current-header.raw:49: trailing whitespace.
+              (1-(α : ℝ)*η)^2/(4*(1+(α : ℝ)*η)) * ‖B g‖^2 
runs/20261007-companion-priority/pbps-source-mean-gradient-domain-preproof-review54/parent51.current-header.lf:12: trailing whitespace.
+          u =ᵐ[ν] f ∧ v =ᵐ[ν] gradient f 
runs/20261007-companion-priority/pbps-source-mean-gradient-domain-preproof-review54/parent51.current-header.raw:12: trailing whitespace.
+          u =ᵐ[ν] f ∧ v =ᵐ[ν] gradient f 
runs/20261007-companion-priority/pbps-source-mean-gradient-domain-preproof-review54/parent53.current-header.lf:13: trailing whitespace.
+ 
runs/20261007-companion-priority/pbps-source-mean-gradient-domain-preproof-review54/parent53.current-header.lf:13: new blank line at EOF.
runs/20261007-companion-priority/pbps-source-mean-gradient-domain-preproof-review54/parent53.current-header.raw:13: trailing whitespace.
+ 
runs/20261007-companion-priority/pbps-source-mean-gradient-domain-preproof-review54/parent53.current-header.raw:13: new blank line at EOF.
runs/20261007-companion-priority/pbps-source-mean-gradient-domain-preproof-review54/smooth-to-C1.current-header.lf:1: trailing whitespace.
+theorem ContDiff.of_le (h : ContDiff 𝕜 n f) (hmn : m ≤ n) : ContDiff 𝕜 m f 
runs/20261007-companion-priority/pbps-source-mean-gradient-domain-preproof-review54/smooth-to-C1.current-header.raw:1: trailing whitespace.
+theorem ContDiff.of_le (h : ContDiff 𝕜 n f) (hmn : m ≤ n) : ContDiff 𝕜 m f 
runs/20261007-companion-priority/pbps-source-mean-gradient-domain-preproof-review54/toLp-AE.current-header.lf:1: trailing whitespace.
+theorem coeFn_toLp {f : α → E} (hf : MemLp f p μ) : hf.toLp f =ᵐ[μ] f 
runs/20261007-companion-priority/pbps-source-mean-gradient-domain-preproof-review54/toLp-AE.current-header.raw:1: trailing whitespace.
+theorem coeFn_toLp {f : α → E} (hf : MemLp f p μ) : hf.toLp f =ᵐ[μ] f 
runs/20261007-companion-priority/pbps-source-mean-gradient-domain-preproof-review54/toLp-congr.current-header.lf:2: trailing whitespace.
+    hf.toLp f = hg.toLp g 
runs/20261007-companion-priority/pbps-source-mean-gradient-domain-preproof-review54/toLp-congr.current-header.raw:2: trailing whitespace.
+    hf.toLp f = hg.toLp g 
runs/20261007-companion-priority/pbps-source-mean-gradient-domain-preproof-review54/toLp-eq-iff.current-header.lf:2: trailing whitespace.
+    hf.toLp f = hg.toLp g ↔ f =ᵐ[μ] g 
runs/20261007-companion-priority/pbps-source-mean-gradient-domain-preproof-review54/toLp-eq-iff.current-header.raw:2: trailing whitespace.
+    hf.toLp f = hg.toLp g ↔ f =ᵐ[μ] g 
runs/20261007-companion-priority/pbps-source-mean-gradient-domain-preread54/c1-adapter.lf:8: trailing whitespace.
+    (hp.toLp f,hq.toLp (gradient f)) ∈ D.closure.graph 
runs/20261007-companion-priority/pbps-source-mean-gradient-domain-preread54/c1-adapter.raw:8: trailing whitespace.
+    (hp.toLp f,hq.toLp (gradient f)) ∈ D.closure.graph 
runs/20261007-companion-priority/pbps-source-mean-gradient-domain-preread54/closure-graph-public.lf:2: trailing whitespace.
+    f.graph.topologicalClosure = f.closure.graph 
runs/20261007-companion-priority/pbps-source-mean-gradient-domain-preread54/closure-graph-public.raw:2: trailing whitespace.
+    f.graph.topologicalClosure = f.closure.graph 
runs/20261007-companion-priority/pbps-source-mean-gradient-domain-preread54/domain-of-graph.lf:2: trailing whitespace.
+    x ∈ f.domain 
runs/20261007-companion-priority/pbps-source-mean-gradient-domain-preread54/domain-of-graph.raw:2: trailing whitespace.
+    x ∈ f.domain 
runs/20261007-companion-priority/pbps-source-mean-gradient-domain-preread54/parent50.lf:49: trailing whitespace.
+              (1-(α : ℝ)*η)^2/(4*(1+(α : ℝ)*η)) * ‖B g‖^2 
runs/20261007-companion-priority/pbps-source-mean-gradient-domain-preread54/parent50.raw:49: trailing whitespace.
+              (1-(α : ℝ)*η)^2/(4*(1+(α : ℝ)*η)) * ‖B g‖^2 
runs/20261007-companion-priority/pbps-source-mean-gradient-domain-preread54/parent51.lf:12: trailing whitespace.
+          u =ᵐ[ν] f ∧ v =ᵐ[ν] gradient f 
runs/20261007-companion-priority/pbps-source-mean-gradient-domain-preread54/parent51.raw:12: trailing whitespace.
+          u =ᵐ[ν] f ∧ v =ᵐ[ν] gradient f 
runs/20261007-companion-priority/pbps-source-mean-gradient-domain-preread54/parent53.lf:13: trailing whitespace.
+ 
runs/20261007-companion-priority/pbps-source-mean-gradient-domain-preread54/parent53.lf:13: new blank line at EOF.
runs/20261007-companion-priority/pbps-source-mean-gradient-domain-preread54/parent53.raw:13: trailing whitespace.
+ 
runs/20261007-companion-priority/pbps-source-mean-gradient-domain-preread54/parent53.raw:13: new blank line at EOF.
runs/20261007-companion-priority/pbps-source-mean-gradient-domain-preread54/seal-preread.py:64: trailing whitespace.
+''' 
runs/20261007-companion-priority/pbps-source-mean-gradient-domain-preread54/smooth-to-C1.lf:1: trailing whitespace.
+theorem ContDiff.of_le (h : ContDiff 𝕜 n f) (hmn : m ≤ n) : ContDiff 𝕜 m f 
runs/20261007-companion-priority/pbps-source-mean-gradient-domain-preread54/smooth-to-C1.raw:1: trailing whitespace.
+theorem ContDiff.of_le (h : ContDiff 𝕜 n f) (hmn : m ≤ n) : ContDiff 𝕜 m f 
runs/20261007-companion-priority/pbps-source-mean-gradient-domain-preread54/toLp-AE.lf:1: trailing whitespace.
+theorem coeFn_toLp {f : α → E} (hf : MemLp f p μ) : hf.toLp f =ᵐ[μ] f 
runs/20261007-companion-priority/pbps-source-mean-gradient-domain-preread54/toLp-AE.raw:1: trailing whitespace.
+theorem coeFn_toLp {f : α → E} (hf : MemLp f p μ) : hf.toLp f =ᵐ[μ] f 
runs/20261007-companion-priority/pbps-source-mean-gradient-domain-preread54/toLp-congr.lf:2: trailing whitespace.
+    hf.toLp f = hg.toLp g 
runs/20261007-companion-priority/pbps-source-mean-gradient-domain-preread54/toLp-congr.raw:2: trailing whitespace.
+    hf.toLp f = hg.toLp g 
runs/20261007-companion-priority/pbps-source-mean-gradient-domain-preread54/toLp-eq-iff.lf:2: trailing whitespace.
+    hf.toLp f = hg.toLp g ↔ f =ᵐ[μ] g 
runs/20261007-companion-priority/pbps-source-mean-gradient-domain-preread54/toLp-eq-iff.raw:2: trailing whitespace.
+    hf.toLp f = hg.toLp g ↔ f =ᵐ[μ] g 
runs/20261007-companion-priority/pbps-source-mean-gradient-domain-preread54/weighted-core-public.lf:8: trailing whitespace.
+          u =ᵐ[μ] f ∧ v =ᵐ[μ] gradient f 
runs/20261007-companion-priority/pbps-source-mean-gradient-domain-preread54/weighted-core-public.raw:8: trailing whitespace.
+          u =ᵐ[μ] f ∧ v =ᵐ[μ] gradient f 
runs/20261007-companion-priority/pbps-source-mean-gradient-domain-sourcegraph54/api-Dense.lf.snapshot:1: trailing whitespace.
+def Dense (s : Set X) : Prop 
runs/20261007-companion-priority/pbps-source-mean-gradient-domain-sourcegraph54/api-Dense.raw.snapshot:1: trailing whitespace.
+def Dense (s : Set X) : Prop 
runs/20261007-companion-priority/pbps-source-mean-gradient-domain-sourcegraph54/api-Differentiable.lf.snapshot:1: trailing whitespace.
+def Differentiable (f : E → F) 
runs/20261007-companion-priority/pbps-source-mean-gradient-domain-sourcegraph54/api-Differentiable.raw.snapshot:1: trailing whitespace.
+def Differentiable (f : E → F) 
runs/20261007-companion-priority/pbps-source-mean-gradient-domain-sourcegraph54/api-Involutive.lf.snapshot:1: trailing whitespace.
+def Involutive {α} (f : α → α) : Prop 
runs/20261007-companion-priority/pbps-source-mean-gradient-domain-sourcegraph54/api-Involutive.raw.snapshot:1: trailing whitespace.
+def Involutive {α} (f : α → α) : Prop 
runs/20261007-companion-priority/pbps-source-mean-gradient-domain-sourcegraph54/api-MemLp.lf.snapshot:1: trailing whitespace.
+def MemLp [TopologicalSpace ε] (f : α → ε) (p : ℝ≥0∞) (μ : Measure α := by volume_tac) : Prop 
runs/20261007-companion-priority/pbps-source-mean-gradient-domain-sourcegraph54/api-MemLp.raw.snapshot:1: trailing whitespace.
+def MemLp [TopologicalSpace ε] (f : α → ε) (p : ℝ≥0∞) (μ : Measure α := by volume_tac) : Prop 
runs/20261007-companion-priority/pbps-source-mean-gradient-domain-sourcegraph54/api-NNReal.lf.snapshot:1: trailing whitespace.
+def NNReal 
runs/20261007-companion-priority/pbps-source-mean-gradient-domain-sourcegraph54/api-NNReal.raw.snapshot:1: trailing whitespace.
+def NNReal 
runs/20261007-companion-priority/pbps-source-mean-gradient-domain-sourcegraph54/api-SelfAdjoint.lf.snapshot:1: trailing whitespace.
+def IsSelfAdjoint [Star R] (x : R) : Prop 
runs/20261007-companion-priority/pbps-source-mean-gradient-domain-sourcegraph54/api-SelfAdjoint.raw.snapshot:1: trailing whitespace.
+def IsSelfAdjoint [Star R] (x : R) : Prop 
runs/20261007-companion-priority/pbps-source-mean-gradient-domain-sourcegraph54/api-closable.lf.snapshot:1: trailing whitespace.
+def IsClosable (f : E →ₗ.[R] F) : Prop 
runs/20261007-companion-priority/pbps-source-mean-gradient-domain-sourcegraph54/api-closable.raw.snapshot:1: trailing whitespace.
+def IsClosable (f : E →ₗ.[R] F) : Prop 
runs/20261007-companion-priority/pbps-source-mean-gradient-domain-sourcegraph54/api-closed.lf.snapshot:1: trailing whitespace.
+def IsClosed (f : E →ₗ.[R] F) : Prop 
runs/20261007-companion-priority/pbps-source-mean-gradient-domain-sourcegraph54/api-closed.raw.snapshot:1: trailing whitespace.
+def IsClosed (f : E →ₗ.[R] F) : Prop 
runs/20261007-companion-priority/pbps-source-mean-gradient-domain-sourcegraph54/api-closure.lf.snapshot:1: trailing whitespace.
+noncomputable def closure (f : E →ₗ.[R] F) : E →ₗ.[R] F 
runs/20261007-companion-priority/pbps-source-mean-gradient-domain-sourcegraph54/api-closure.raw.snapshot:1: trailing whitespace.
+noncomputable def closure (f : E →ₗ.[R] F) : E →ₗ.[R] F 
runs/20261007-companion-priority/pbps-source-mean-gradient-domain-sourcegraph54/api-closureGraph.lf.snapshot:2: trailing whitespace.
+    f.graph.topologicalClosure = f.closure.graph 
runs/20261007-companion-priority/pbps-source-mean-gradient-domain-sourcegraph54/api-closureGraph.raw.snapshot:2: trailing whitespace.
+    f.graph.topologicalClosure = f.closure.graph 
runs/20261007-companion-priority/pbps-source-mean-gradient-domain-sourcegraph54/api-condExp.lf.snapshot:1: trailing whitespace.
+noncomputable def condExpL2 (hm : m ≤ m0) : (α →₂[μ] E) →L[𝕜] lpMeas E 𝕜 m 2 μ 
runs/20261007-companion-priority/pbps-source-mean-gradient-domain-sourcegraph54/api-condExp.raw.snapshot:1: trailing whitespace.
+noncomputable def condExpL2 (hm : m ≤ m0) : (α →₂[μ] E) →L[𝕜] lpMeas E 𝕜 m 2 μ 
runs/20261007-companion-priority/pbps-source-mean-gradient-domain-sourcegraph54/api-domainGraph.lf.snapshot:2: trailing whitespace.
+    x ∈ f.domain 
runs/20261007-companion-priority/pbps-source-mean-gradient-domain-sourcegraph54/api-domainGraph.raw.snapshot:2: trailing whitespace.
+    x ∈ f.domain 
runs/20261007-companion-priority/pbps-source-mean-gradient-domain-sourcegraph54/api-eLpNorm.lf.snapshot:2: trailing whitespace.
+    (f : α → ε) (p : ℝ≥0∞) (μ : Measure α := by volume_tac) : ℝ≥0∞ 
runs/20261007-companion-priority/pbps-source-mean-gradient-domain-sourcegraph54/api-eLpNorm.raw.snapshot:2: trailing whitespace.
+    (f : α → ε) (p : ℝ≥0∞) (μ : Measure α := by volume_tac) : ℝ≥0∞ 
runs/20261007-companion-priority/pbps-source-mean-gradient-domain-sourcegraph54/api-fst.lf.snapshot:1: trailing whitespace.
+noncomputable def fst (ρ : Measure (α × β)) : Measure α 
runs/20261007-companion-priority/pbps-source-mean-gradient-domain-sourcegraph54/api-fst.raw.snapshot:1: trailing whitespace.
+noncomputable def fst (ρ : Measure (α × β)) : Measure α 
runs/20261007-companion-priority/pbps-source-mean-gradient-domain-sourcegraph54/api-gradient.lf.snapshot:1: trailing whitespace.
+def gradient (f : F → 𝕜) (x : F) : F 
runs/20261007-companion-priority/pbps-source-mean-gradient-domain-sourcegraph54/api-gradient.raw.snapshot:1: trailing whitespace.
+def gradient (f : F → 𝕜) (x : F) : F 
runs/20261007-companion-priority/pbps-source-mean-gradient-domain-sourcegraph54/api-graph.lf.snapshot:1: trailing whitespace.
+def graph [Module R F] (f : E →ₗ.[R] F) : Submodule R (E × F) 
runs/20261007-companion-priority/pbps-source-mean-gradient-domain-sourcegraph54/api-graph.raw.snapshot:1: trailing whitespace.
+def graph [Module R F] (f : E →ₗ.[R] F) : Submodule R (E × F) 
runs/20261007-companion-priority/pbps-source-mean-gradient-domain-sourcegraph54/api-measurableIff.lf.snapshot:2: trailing whitespace.
+    Measurable f ↔ m₂.comap f ≤ m₁ 
runs/20261007-companion-priority/pbps-source-mean-gradient-domain-sourcegraph54/api-measurableIff.raw.snapshot:2: trailing whitespace.
+    Measurable f ↔ m₂.comap f ≤ m₁ 
runs/20261007-companion-priority/pbps-source-mean-gradient-domain-sourcegraph54/api-measurableSnd.lf.snapshot:2: trailing whitespace.
+    Measurable (Prod.snd : α × β → β) 
runs/20261007-companion-priority/pbps-source-mean-gradient-domain-sourcegraph54/api-measurableSnd.raw.snapshot:2: trailing whitespace.
+    Measurable (Prod.snd : α × β → β) 
runs/20261007-companion-priority/pbps-source-mean-gradient-domain-sourcegraph54/api-of_le.lf.snapshot:1: trailing whitespace.
+theorem ContDiff.of_le (h : ContDiff 𝕜 n f) (hmn : m ≤ n) : ContDiff 𝕜 m f 
runs/20261007-companion-priority/pbps-source-mean-gradient-domain-sourcegraph54/api-of_le.raw.snapshot:1: trailing whitespace.
+theorem ContDiff.of_le (h : ContDiff 𝕜 n f) (hmn : m ≤ n) : ContDiff 𝕜 m f 
runs/20261007-companion-priority/pbps-source-mean-gradient-domain-sourcegraph54/api-probFinite.lf.snapshot:2: trailing whitespace.
+    [IsZeroOrProbabilityMeasure μ] : IsFiniteMeasure μ 
runs/20261007-companion-priority/pbps-source-mean-gradient-domain-sourcegraph54/api-probFinite.raw.snapshot:2: trailing whitespace.
+    [IsZeroOrProbabilityMeasure μ] : IsFiniteMeasure μ 
runs/20261007-companion-priority/pbps-source-mean-gradient-domain-sourcegraph54/api-properComplete.lf.snapshot:1: trailing whitespace.
+instance (priority := 100) complete_of_proper [ProperSpace α] : CompleteSpace α 
runs/20261007-companion-priority/pbps-source-mean-gradient-domain-sourcegraph54/api-properComplete.raw.snapshot:1: trailing whitespace.
+instance (priority := 100) complete_of_proper [ProperSpace α] : CompleteSpace α 
runs/20261007-companion-priority/pbps-source-mean-gradient-domain-sourcegraph54/api-properReal.lf.snapshot:2: trailing whitespace.
+    [NormedSpace ℝ E] [FiniteDimensional ℝ E] : ProperSpace E 
runs/20261007-companion-priority/pbps-source-mean-gradient-domain-sourcegraph54/api-properReal.raw.snapshot:2: trailing whitespace.
+    [NormedSpace ℝ E] [FiniteDimensional ℝ E] : ProperSpace E 
runs/20261007-companion-priority/pbps-source-mean-gradient-domain-sourcegraph54/api-snd.lf.snapshot:1: trailing whitespace.
+noncomputable def snd (ρ : Measure (α × β)) : Measure β 
runs/20261007-companion-priority/pbps-source-mean-gradient-domain-sourcegraph54/api-snd.raw.snapshot:1: trailing whitespace.
+noncomputable def snd (ρ : Measure (α × β)) : Measure β 
runs/20261007-companion-priority/pbps-source-mean-gradient-domain-sourcegraph54/api-tilt.lf.snapshot:1: trailing whitespace.
+def Measure.tilted (μ : Measure α) (f : α → ℝ) : Measure α 
runs/20261007-companion-priority/pbps-source-mean-gradient-domain-sourcegraph54/api-tilt.raw.snapshot:1: trailing whitespace.
+def Measure.tilted (μ : Measure α) (f : α → ℝ) : Measure α 
runs/20261007-companion-priority/pbps-source-mean-gradient-domain-sourcegraph54/api-toCLM.lf.snapshot:1: trailing whitespace.
+def toContinuousLinearMap : E →SL[σ₁₂] E₂ 
runs/20261007-companion-priority/pbps-source-mean-gradient-domain-sourcegraph54/api-toCLM.raw.snapshot:1: trailing whitespace.
+def toContinuousLinearMap : E →SL[σ₁₂] E₂ 
runs/20261007-companion-priority/pbps-source-mean-gradient-domain-sourcegraph54/api-toLp.lf.snapshot:1: trailing whitespace.
+def toLp (f : α → E) (h_mem_ℒp : MemLp f p μ) : Lp E p μ 
runs/20261007-companion-priority/pbps-source-mean-gradient-domain-sourcegraph54/api-toLp.raw.snapshot:1: trailing whitespace.
+def toLp (f : α → E) (h_mem_ℒp : MemLp f p μ) : Lp E p μ 
runs/20261007-companion-priority/pbps-source-mean-gradient-domain-sourcegraph54/api-toLpAE.lf.snapshot:1: trailing whitespace.
+theorem coeFn_toLp {f : α → E} (hf : MemLp f p μ) : hf.toLp f =ᵐ[μ] f 
runs/20261007-companion-priority/pbps-source-mean-gradient-domain-sourcegraph54/api-toLpAE.raw.snapshot:1: trailing whitespace.
+theorem coeFn_toLp {f : α → E} (hf : MemLp f p μ) : hf.toLp f =ᵐ[μ] f 
runs/20261007-companion-priority/pbps-source-mean-gradient-domain-sourcegraph54/api-toLpCongr.lf.snapshot:2: trailing whitespace.
+    hf.toLp f = hg.toLp g 
runs/20261007-companion-priority/pbps-source-mean-gradient-domain-sourcegraph54/api-toLpCongr.raw.snapshot:2: trailing whitespace.
+    hf.toLp f = hg.toLp g 
runs/20261007-companion-priority/pbps-source-mean-gradient-domain-sourcegraph54/api-toLpEq.lf.snapshot:2: trailing whitespace.
+    hf.toLp f = hg.toLp g ↔ f =ᵐ[μ] g 
runs/20261007-companion-priority/pbps-source-mean-gradient-domain-sourcegraph54/api-toLpEq.raw.snapshot:2: trailing whitespace.
+    hf.toLp f = hg.toLp g ↔ f =ᵐ[μ] g 
runs/20261007-companion-priority/pbps-source-mean-gradient-domain-sourcegraph54/api-topologicalClosure.lf.snapshot:1: trailing whitespace.
+def Submodule.topologicalClosure (s : Submodule R M) : Submodule R M 
runs/20261007-companion-priority/pbps-source-mean-gradient-domain-sourcegraph54/api-topologicalClosure.raw.snapshot:1: trailing whitespace.
+def Submodule.topologicalClosure (s : Submodule R M) : Submodule R M 
runs/20261007-companion-priority/pbps-source-mean-gradient-domain-sourcegraph54/api-variance.lf.snapshot:1: trailing whitespace.
+noncomputable def variance (μ : Measure E) (f : E → ℝ) : ℝ 
runs/20261007-companion-priority/pbps-source-mean-gradient-domain-sourcegraph54/api-variance.raw.snapshot:1: trailing whitespace.
+noncomputable def variance (μ : Measure E) (f : E → ℝ) : ℝ 
runs/20261007-companion-priority/pbps-source-mean-gradient-domain-sourcegraph54/attempt0-artifacts/fragments/api-Dense.lf.snapshot:1: trailing whitespace.
+def Dense (s : Set X) : Prop 
runs/20261007-companion-priority/pbps-source-mean-gradient-domain-sourcegraph54/attempt0-artifacts/fragments/api-Dense.raw.snapshot:1: trailing whitespace.
+def Dense (s : Set X) : Prop 
runs/20261007-companion-priority/pbps-source-mean-gradient-domain-sourcegraph54/attempt0-artifacts/fragments/api-MemLp.lf.snapshot:1: trailing whitespace.
+def MemLp [TopologicalSpace ε] (f : α → ε) (p : ℝ≥0∞) (μ : Measure α := by volume_tac) : Prop 
runs/20261007-companion-priority/pbps-source-mean-gradient-domain-sourcegraph54/attempt0-artifacts/fragments/api-MemLp.raw.snapshot:1: trailing whitespace.
+def MemLp [TopologicalSpace ε] (f : α → ε) (p : ℝ≥0∞) (μ : Measure α := by volume_tac) : Prop 
runs/20261007-companion-priority/pbps-source-mean-gradient-domain-sourcegraph54/attempt0-artifacts/fragments/api-NNReal.lf.snapshot:1: trailing whitespace.
+def NNReal 
runs/20261007-companion-priority/pbps-source-mean-gradient-domain-sourcegraph54/attempt0-artifacts/fragments/api-NNReal.raw.snapshot:1: trailing whitespace.
+def NNReal 
runs/20261007-companion-priority/pbps-source-mean-gradient-domain-sourcegraph54/attempt0-artifacts/fragments/api-SelfAdjoint.lf.snapshot:1: trailing whitespace.
+def IsSelfAdjoint [Star R] (x : R) : Prop 
runs/20261007-companion-priority/pbps-source-mean-gradient-domain-sourcegraph54/attempt0-artifacts/fragments/api-SelfAdjoint.raw.snapshot:1: trailing whitespace.
+def IsSelfAdjoint [Star R] (x : R) : Prop 
runs/20261007-companion-priority/pbps-source-mean-gradient-domain-sourcegraph54/attempt0-artifacts/fragments/api-closable.lf.snapshot:1: trailing whitespace.
+def IsClosable (f : E →ₗ.[R] F) : Prop 
runs/20261007-companion-priority/pbps-source-mean-gradient-domain-sourcegraph54/attempt0-artifacts/fragments/api-closable.raw.snapshot:1: trailing whitespace.
+def IsClosable (f : E →ₗ.[R] F) : Prop 
runs/20261007-companion-priority/pbps-source-mean-gradient-domain-sourcegraph54/attempt0-artifacts/fragments/api-closed.lf.snapshot:1: trailing whitespace.
+def IsClosed (f : E →ₗ.[R] F) : Prop 
runs/20261007-companion-priority/pbps-source-mean-gradient-domain-sourcegraph54/attempt0-artifacts/fragments/api-closed.raw.snapshot:1: trailing whitespace.
+def IsClosed (f : E →ₗ.[R] F) : Prop 
runs/20261007-companion-priority/pbps-source-mean-gradient-domain-sourcegraph54/attempt0-artifacts/fragments/api-closure.lf.snapshot:1: trailing whitespace.
+noncomputable def closure (f : E →ₗ.[R] F) : E →ₗ.[R] F 
runs/20261007-companion-priority/pbps-source-mean-gradient-domain-sourcegraph54/attempt0-artifacts/fragments/api-closure.raw.snapshot:1: trailing whitespace.
+noncomputable def closure (f : E →ₗ.[R] F) : E →ₗ.[R] F 
runs/20261007-companion-priority/pbps-source-mean-gradient-domain-sourcegraph54/attempt0-artifacts/fragments/api-closureGraph.lf.snapshot:2: trailing whitespace.
+    f.graph.topologicalClosure = f.closure.graph 
runs/20261007-companion-priority/pbps-source-mean-gradient-domain-sourcegraph54/attempt0-artifacts/fragments/api-closureGraph.raw.snapshot:2: trailing whitespace.
+    f.graph.topologicalClosure = f.closure.graph 
runs/20261007-companion-priority/pbps-source-mean-gradient-domain-sourcegraph54/attempt0-artifacts/fragments/api-condExp.lf.snapshot:1: trailing whitespace.
+noncomputable def condExpL2 (hm : m ≤ m0) : (α →₂[μ] E) →L[𝕜] lpMeas E 𝕜 m 2 μ 
runs/20261007-companion-priority/pbps-source-mean-gradient-domain-sourcegraph54/attempt0-artifacts/fragments/api-condExp.raw.snapshot:1: trailing whitespace.
+noncomputable def condExpL2 (hm : m ≤ m0) : (α →₂[μ] E) →L[𝕜] lpMeas E 𝕜 m 2 μ 
runs/20261007-companion-priority/pbps-source-mean-gradient-domain-sourcegraph54/attempt0-artifacts/fragments/api-domainGraph.lf.snapshot:2: trailing whitespace.
+    x ∈ f.domain 
runs/20261007-companion-priority/pbps-source-mean-gradient-domain-sourcegraph54/attempt0-artifacts/fragments/api-domainGraph.raw.snapshot:2: trailing whitespace.
+    x ∈ f.domain 
runs/20261007-companion-priority/pbps-source-mean-gradient-domain-sourcegraph54/attempt0-artifacts/fragments/api-eLpNorm.lf.snapshot:2: trailing whitespace.
+    (f : α → ε) (p : ℝ≥0∞) (μ : Measure α := by volume_tac) : ℝ≥0∞ 
runs/20261007-companion-priority/pbps-source-mean-gradient-domain-sourcegraph54/attempt0-artifacts/fragments/api-eLpNorm.raw.snapshot:2: trailing whitespace.
+    (f : α → ε) (p : ℝ≥0∞) (μ : Measure α := by volume_tac) : ℝ≥0∞ 
runs/20261007-companion-priority/pbps-source-mean-gradient-domain-sourcegraph54/attempt0-artifacts/fragments/api-gradient.lf.snapshot:1: trailing whitespace.
+def gradient (f : F → 𝕜) (x : F) : F 
runs/20261007-companion-priority/pbps-source-mean-gradient-domain-sourcegraph54/attempt0-artifacts/fragments/api-gradient.raw.snapshot:1: trailing whitespace.
+def gradient (f : F → 𝕜) (x : F) : F 
runs/20261007-companion-priority/pbps-source-mean-gradient-domain-sourcegraph54/attempt0-artifacts/fragments/api-graph.lf.snapshot:1: trailing whitespace.
+def graph [Module R F] (f : E →ₗ.[R] F) : Submodule R (E × F) 
runs/20261007-companion-priority/pbps-source-mean-gradient-domain-sourcegraph54/attempt0-artifacts/fragments/api-graph.raw.snapshot:1: trailing whitespace.
+def graph [Module R F] (f : E →ₗ.[R] F) : Submodule R (E × F) 
runs/20261007-companion-priority/pbps-source-mean-gradient-domain-sourcegraph54/attempt0-artifacts/fragments/api-of_le.lf.snapshot:1: trailing whitespace.
+theorem ContDiff.of_le (h : ContDiff 𝕜 n f) (hmn : m ≤ n) : ContDiff 𝕜 m f 
runs/20261007-companion-priority/pbps-source-mean-gradient-domain-sourcegraph54/attempt0-artifacts/fragments/api-of_le.raw.snapshot:1: trailing whitespace.
+theorem ContDiff.of_le (h : ContDiff 𝕜 n f) (hmn : m ≤ n) : ContDiff 𝕜 m f 
runs/20261007-companion-priority/pbps-source-mean-gradient-domain-sourcegraph54/attempt0-artifacts/fragments/api-probFinite.lf.snapshot:2: trailing whitespace.
+lemma isProbabilityMeasure_iff : IsProbabilityMeasure μ ↔ μ univ = 1 
runs/20261007-companion-priority/pbps-source-mean-gradient-domain-sourcegraph54/attempt0-artifacts/fragments/api-probFinite.raw.snapshot:2: trailing whitespace.
+lemma isProbabilityMeasure_iff : IsProbabilityMeasure μ ↔ μ univ = 1 
runs/20261007-companion-priority/pbps-source-mean-gradient-domain-sourcegraph54/attempt0-artifacts/fragments/api-snd.lf.snapshot:1: trailing whitespace.
+noncomputable def snd (ρ : Measure (α × β)) : Measure β 
runs/20261007-companion-priority/pbps-source-mean-gradient-domain-sourcegraph54/attempt0-artifacts/fragments/api-snd.raw.snapshot:1: trailing whitespace.
+noncomputable def snd (ρ : Measure (α × β)) : Measure β 
runs/20261007-companion-priority/pbps-source-mean-gradient-domain-sourcegraph54/attempt0-artifacts/fragments/api-tilt.lf.snapshot:1: trailing whitespace.
+def Measure.tilted (μ : Measure α) (f : α → ℝ) : Measure α 
runs/20261007-companion-priority/pbps-source-mean-gradient-domain-sourcegraph54/attempt0-artifacts/fragments/api-tilt.raw.snapshot:1: trailing whitespace.
+def Measure.tilted (μ : Measure α) (f : α → ℝ) : Measure α 
runs/20261007-companion-priority/pbps-source-mean-gradient-domain-sourcegraph54/attempt0-artifacts/fragments/api-toLp.lf.snapshot:1: trailing whitespace.
+def toLp (f : α → E) (h_mem_ℒp : MemLp f p μ) : Lp E p μ 
runs/20261007-companion-priority/pbps-source-mean-gradient-domain-sourcegraph54/attempt0-artifacts/fragments/api-toLp.raw.snapshot:1: trailing whitespace.
+def toLp (f : α → E) (h_mem_ℒp : MemLp f p μ) : Lp E p μ 
runs/20261007-companion-priority/pbps-source-mean-gradient-domain-sourcegraph54/attempt0-artifacts/fragments/api-toLpAE.lf.snapshot:1: trailing whitespace.
+theorem coeFn_toLp {f : α → E} (hf : MemLp f p μ) : hf.toLp f =ᵐ[μ] f 
runs/20261007-companion-priority/pbps-source-mean-gradient-domain-sourcegraph54/attempt0-artifacts/fragments/api-toLpAE.raw.snapshot:1: trailing whitespace.
+theorem coeFn_toLp {f : α → E} (hf : MemLp f p μ) : hf.toLp f =ᵐ[μ] f 
runs/20261007-companion-priority/pbps-source-mean-gradient-domain-sourcegraph54/attempt0-artifacts/fragments/api-toLpCongr.lf.snapshot:2: trailing whitespace.
+    hf.toLp f = hg.toLp g 
runs/20261007-companion-priority/pbps-source-mean-gradient-domain-sourcegraph54/attempt0-artifacts/fragments/api-toLpCongr.raw.snapshot:2: trailing whitespace.
+    hf.toLp f = hg.toLp g 
runs/20261007-companion-priority/pbps-source-mean-gradient-domain-sourcegraph54/attempt0-artifacts/fragments/api-toLpEq.lf.snapshot:2: trailing whitespace.
+    hf.toLp f = hg.toLp g ↔ f =ᵐ[μ] g 
runs/20261007-companion-priority/pbps-source-mean-gradient-domain-sourcegraph54/attempt0-artifacts/fragments/api-toLpEq.raw.snapshot:2: trailing whitespace.
+    hf.toLp f = hg.toLp g ↔ f =ᵐ[μ] g 
runs/20261007-companion-priority/pbps-source-mean-gradient-domain-sourcegraph54/attempt0-artifacts/fragments/api-variance.lf.snapshot:1: trailing whitespace.
+noncomputable def variance (μ : Measure E) (f : E → ℝ) : ℝ 
runs/20261007-companion-priority/pbps-source-mean-gradient-domain-sourcegraph54/attempt0-artifacts/fragments/api-variance.raw.snapshot:1: trailing whitespace.
+noncomputable def variance (μ : Measure E) (f : E → ℝ) : ℝ 
runs/20261007-companion-priority/pbps-source-mean-gradient-domain-sourcegraph54/attempt0-artifacts/fragments/c1-adapter-public.lf.snapshot:8: trailing whitespace.
+    (hp.toLp f,hq.toLp (gradient f)) ∈ D.closure.graph 
runs/20261007-companion-priority/pbps-source-mean-gradient-domain-sourcegraph54/attempt0-artifacts/fragments/c1-adapter-public.raw.snapshot:8: trailing whitespace.
+    (hp.toLp f,hq.toLp (gradient f)) ∈ D.closure.graph 
runs/20261007-companion-priority/pbps-source-mean-gradient-domain-sourcegraph54/attempt0-artifacts/fragments/parent50-public.lf.snapshot:49: trailing whitespace.
+              (1-(α : ℝ)*η)^2/(4*(1+(α : ℝ)*η)) * ‖B g‖^2 
runs/20261007-companion-priority/pbps-source-mean-gradient-domain-sourcegraph54/attempt0-artifacts/fragments/parent50-public.raw.snapshot:49: trailing whitespace.
+              (1-(α : ℝ)*η)^2/(4*(1+(α : ℝ)*η)) * ‖B g‖^2 
runs/20261007-companion-priority/pbps-source-mean-gradient-domain-sourcegraph54/attempt0-artifacts/fragments/parent51-public.lf.snapshot:12: trailing whitespace.
+          u =ᵐ[ν] f ∧ v =ᵐ[ν] gradient f 
runs/20261007-companion-priority/pbps-source-mean-gradient-domain-sourcegraph54/attempt0-artifacts/fragments/parent51-public.raw.snapshot:12: trailing whitespace.
+          u =ᵐ[ν] f ∧ v =ᵐ[ν] gradient f 
runs/20261007-companion-priority/pbps-source-mean-gradient-domain-sourcegraph54/attempt0-artifacts/fragments/parent53-public.lf.snapshot:13: trailing whitespace.
+ 
runs/20261007-companion-priority/pbps-source-mean-gradient-domain-sourcegraph54/attempt0-artifacts/fragments/parent53-public.lf.snapshot:13: new blank line at EOF.
runs/20261007-companion-priority/pbps-source-mean-gradient-domain-sourcegraph54/attempt0-artifacts/fragments/parent53-public.raw.snapshot:13: trailing whitespace.
+ 
runs/20261007-companion-priority/pbps-source-mean-gradient-domain-sourcegraph54/attempt0-artifacts/fragments/parent53-public.raw.snapshot:13: new blank line at EOF.
runs/20261007-companion-priority/pbps-source-mean-gradient-domain-sourcegraph54/attempt0-artifacts/fragments/primitive-AEStrong.lf.snapshot:2: trailing whitespace.
+    (μ : Measure[m₀] α := by volume_tac) : Prop 
runs/20261007-companion-priority/pbps-source-mean-gradient-domain-sourcegraph54/attempt0-artifacts/fragments/primitive-AEStrong.raw.snapshot:2: trailing whitespace.
+    (μ : Measure[m₀] α := by volume_tac) : Prop 
runs/20261007-companion-priority/pbps-source-mean-gradient-domain-sourcegraph54/attempt0-artifacts/fragments/primitive-CD.lf.snapshot:1: trailing whitespace.
+def ContDiff (n : ℕ∞ω) (f : E → F) : Prop 
runs/20261007-companion-priority/pbps-source-mean-gradient-domain-sourcegraph54/attempt0-artifacts/fragments/primitive-CD.raw.snapshot:1: trailing whitespace.
+def ContDiff (n : ℕ∞ω) (f : E → F) : Prop 
runs/20261007-companion-priority/pbps-source-mean-gradient-domain-sourcegraph54/attempt0-artifacts/fragments/primitive-FD.lf.snapshot:1: trailing whitespace.
+abbrev FiniteDimensional (K V : Type*) [DivisionRing K] [AddCommGroup V] [Module K V] 
runs/20261007-companion-priority/pbps-source-mean-gradient-domain-sourcegraph54/attempt0-artifacts/fragments/primitive-FD.raw.snapshot:1: trailing whitespace.
+abbrev FiniteDimensional (K V : Type*) [DivisionRing K] [AddCommGroup V] [Module K V] 
runs/20261007-companion-priority/pbps-source-mean-gradient-domain-sourcegraph54/attempt0-artifacts/fragments/primitive-Integrable.lf.snapshot:2: trailing whitespace.
+    (μ : Measure α := by volume_tac) : Prop 
runs/20261007-companion-priority/pbps-source-mean-gradient-domain-sourcegraph54/attempt0-artifacts/fragments/primitive-Integrable.raw.snapshot:2: trailing whitespace.
+    (μ : Measure α := by volume_tac) : Prop 
runs/20261007-companion-priority/pbps-source-mean-gradient-domain-sourcegraph54/attempt0-artifacts/fragments/primitive-Measurable.lf.snapshot:1: trailing whitespace.
+def Measurable [MeasurableSpace α] [MeasurableSpace β] (f : α → β) : Prop 
runs/20261007-companion-priority/pbps-source-mean-gradient-domain-sourcegraph54/attempt0-artifacts/fragments/primitive-Measurable.raw.snapshot:1: trailing whitespace.
+def Measurable [MeasurableSpace α] [MeasurableSpace β] (f : α → β) : Prop 
runs/20261007-companion-priority/pbps-source-mean-gradient-domain-sourcegraph54/attempt0-artifacts/fragments/primitive-Set.lf.snapshot:1: trailing whitespace.
+def Set (α : Type u) 
runs/20261007-companion-priority/pbps-source-mean-gradient-domain-sourcegraph54/attempt0-artifacts/fragments/primitive-Set.raw.snapshot:1: trailing whitespace.
+def Set (α : Type u) 
runs/20261007-companion-priority/pbps-source-mean-gradient-domain-sourcegraph54/attempt0-artifacts/fragments/primitive-Strong.lf.snapshot:1: trailing whitespace.
+def StronglyMeasurable [MeasurableSpace α] (f : α → β) : Prop 
runs/20261007-companion-priority/pbps-source-mean-gradient-domain-sourcegraph54/attempt0-artifacts/fragments/primitive-Strong.raw.snapshot:1: trailing whitespace.
+def StronglyMeasurable [MeasurableSpace α] (f : α → β) : Prop 
runs/20261007-companion-priority/pbps-source-mean-gradient-domain-sourcegraph54/attempt0-artifacts/fragments/primitive-compact.lf.snapshot:1: trailing whitespace.
+def HasCompactMulSupport (f : α → β) : Prop 
runs/20261007-companion-priority/pbps-source-mean-gradient-domain-sourcegraph54/attempt0-artifacts/fragments/primitive-compact.raw.snapshot:1: trailing whitespace.
+def HasCompactMulSupport (f : α → β) : Prop 
runs/20261007-companion-priority/pbps-source-mean-gradient-domain-sourcegraph54/attempt0-artifacts/fragments/primitive-fderiv.lf.snapshot:1: trailing whitespace.
+irreducible_def fderiv (f : E → F) (x : E) : E →L[𝕜] F 
runs/20261007-companion-priority/pbps-source-mean-gradient-domain-sourcegraph54/attempt0-artifacts/fragments/primitive-fderiv.raw.snapshot:1: trailing whitespace.
+irreducible_def fderiv (f : E → F) (x : E) : E →L[𝕜] F 
runs/20261007-companion-priority/pbps-source-mean-gradient-domain-sourcegraph54/attempt0-artifacts/fragments/primitive-integral.lf.snapshot:1: trailing whitespace.
+irreducible_def integral {_ : MeasurableSpace α} (μ : Measure α) (f : α → G) : G 
runs/20261007-companion-priority/pbps-source-mean-gradient-domain-sourcegraph54/attempt0-artifacts/fragments/primitive-integral.raw.snapshot:1: trailing whitespace.
+irreducible_def integral {_ : MeasurableSpace α} (μ : Measure α) (f : α → G) : G 
runs/20261007-companion-priority/pbps-source-mean-gradient-domain-sourcegraph54/attempt0-artifacts/fragments/primitive-map.lf.snapshot:2: trailing whitespace.
+    Measure β 
runs/20261007-companion-priority/pbps-source-mean-gradient-domain-sourcegraph54/attempt0-artifacts/fragments/primitive-map.raw.snapshot:2: trailing whitespace.
+    Measure β 
runs/20261007-companion-priority/pbps-source-mean-gradient-domain-sourcegraph54/attempt0-artifacts/fragments/primitive-ofReal.lf.snapshot:1: trailing whitespace.
+protected def ofReal (r : Real) : ℝ≥0∞ 
runs/20261007-companion-priority/pbps-source-mean-gradient-domain-sourcegraph54/attempt0-artifacts/fragments/primitive-ofReal.raw.snapshot:1: trailing whitespace.
+protected def ofReal (r : Real) : ℝ≥0∞ 
runs/20261007-companion-priority/pbps-source-mean-gradient-domain-sourcegraph54/attempt0-artifacts/fragments/primitive-prod.lf.snapshot:1: trailing whitespace.
+protected irreducible_def prod (μ : Measure α) (ν : Measure β) : Measure (α × β) 
runs/20261007-companion-priority/pbps-source-mean-gradient-domain-sourcegraph54/attempt0-artifacts/fragments/primitive-prod.raw.snapshot:1: trailing whitespace.
+protected irreducible_def prod (μ : Measure α) (ν : Measure β) : Measure (α × β) 
runs/20261007-companion-priority/pbps-source-mean-gradient-domain-sourcegraph54/attempt0-artifacts/fragments/primitive-sqrt.lf.snapshot:1: trailing whitespace.
+@[irreducible] noncomputable def sqrt (x : ℝ) : ℝ 
runs/20261007-companion-priority/pbps-source-mean-gradient-domain-sourcegraph54/attempt0-artifacts/fragments/primitive-sqrt.raw.snapshot:1: trailing whitespace.
+@[irreducible] noncomputable def sqrt (x : ℝ) : ℝ 
runs/20261007-companion-priority/pbps-source-mean-gradient-domain-sourcegraph54/attempt0-artifacts/fragments/primitive-stdG.lf.snapshot:1: trailing whitespace.
+def stdGaussian : Measure E 
runs/20261007-companion-priority/pbps-source-mean-gradient-domain-sourcegraph54/attempt0-artifacts/fragments/primitive-stdG.raw.snapshot:1: trailing whitespace.
+def stdGaussian : Measure E 
runs/20261007-companion-priority/pbps-source-mean-gradient-domain-sourcegraph54/attempt0-artifacts/fragments/primitive-wd.lf.snapshot:1: trailing whitespace.
+def Measure.withDensity {m : MeasurableSpace α} (μ : Measure α) (f : α → ℝ≥0∞) : Measure α 
runs/20261007-companion-priority/pbps-source-mean-gradient-domain-sourcegraph54/attempt0-artifacts/fragments/primitive-wd.raw.snapshot:1: trailing whitespace.
+def Measure.withDensity {m : MeasurableSpace α} (μ : Measure α) (f : α → ℝ≥0∞) : Measure α 
runs/20261007-companion-priority/pbps-source-mean-gradient-domain-sourcegraph54/c1-adapter-public.lf.snapshot:8: trailing whitespace.
+    (hp.toLp f,hq.toLp (gradient f)) ∈ D.closure.graph 
runs/20261007-companion-priority/pbps-source-mean-gradient-domain-sourcegraph54/c1-adapter-public.raw.snapshot:8: trailing whitespace.
+    (hp.toLp f,hq.toLp (gradient f)) ∈ D.closure.graph 
runs/20261007-companion-priority/pbps-source-mean-gradient-domain-sourcegraph54/parent50-public.lf.snapshot:49: trailing whitespace.
+              (1-(α : ℝ)*η)^2/(4*(1+(α : ℝ)*η)) * ‖B g‖^2 
runs/20261007-companion-priority/pbps-source-mean-gradient-domain-sourcegraph54/parent50-public.raw.snapshot:49: trailing whitespace.
+              (1-(α : ℝ)*η)^2/(4*(1+(α : ℝ)*η)) * ‖B g‖^2 
runs/20261007-companion-priority/pbps-source-mean-gradient-domain-sourcegraph54/parent51-public.lf.snapshot:12: trailing whitespace.
+          u =ᵐ[ν] f ∧ v =ᵐ[ν] gradient f 
runs/20261007-companion-priority/pbps-source-mean-gradient-domain-sourcegraph54/parent51-public.raw.snapshot:12: trailing whitespace.
+          u =ᵐ[ν] f ∧ v =ᵐ[ν] gradient f 
runs/20261007-companion-priority/pbps-source-mean-gradient-domain-sourcegraph54/parent53-public.lf.snapshot:13: trailing whitespace.
+ 
runs/20261007-companion-priority/pbps-source-mean-gradient-domain-sourcegraph54/parent53-public.lf.snapshot:13: new blank line at EOF.
runs/20261007-companion-priority/pbps-source-mean-gradient-domain-sourcegraph54/parent53-public.raw.snapshot:13: trailing whitespace.
+ 
runs/20261007-companion-priority/pbps-source-mean-gradient-domain-sourcegraph54/parent53-public.raw.snapshot:13: new blank line at EOF.
runs/20261007-companion-priority/pbps-source-mean-gradient-domain-sourcegraph54/primitive-AEStrong.lf.snapshot:2: trailing whitespace.
+    (μ : Measure[m₀] α := by volume_tac) : Prop 
runs/20261007-companion-priority/pbps-source-mean-gradient-domain-sourcegraph54/primitive-AEStrong.raw.snapshot:2: trailing whitespace.
+    (μ : Measure[m₀] α := by volume_tac) : Prop 
runs/20261007-companion-priority/pbps-source-mean-gradient-domain-sourcegraph54/primitive-CD.lf.snapshot:1: trailing whitespace.
+def ContDiff (n : ℕ∞ω) (f : E → F) : Prop 
runs/20261007-companion-priority/pbps-source-mean-gradient-domain-sourcegraph54/primitive-CD.raw.snapshot:1: trailing whitespace.
+def ContDiff (n : ℕ∞ω) (f : E → F) : Prop 
runs/20261007-companion-priority/pbps-source-mean-gradient-domain-sourcegraph54/primitive-FD.lf.snapshot:1: trailing whitespace.
+abbrev FiniteDimensional (K V : Type*) [DivisionRing K] [AddCommGroup V] [Module K V] 
runs/20261007-companion-priority/pbps-source-mean-gradient-domain-sourcegraph54/primitive-FD.raw.snapshot:1: trailing whitespace.
+abbrev FiniteDimensional (K V : Type*) [DivisionRing K] [AddCommGroup V] [Module K V] 
runs/20261007-companion-priority/pbps-source-mean-gradient-domain-sourcegraph54/primitive-Integrable.lf.snapshot:2: trailing whitespace.
+    (μ : Measure α := by volume_tac) : Prop 
runs/20261007-companion-priority/pbps-source-mean-gradient-domain-sourcegraph54/primitive-Integrable.raw.snapshot:2: trailing whitespace.
+    (μ : Measure α := by volume_tac) : Prop 
runs/20261007-companion-priority/pbps-source-mean-gradient-domain-sourcegraph54/primitive-Measurable.lf.snapshot:1: trailing whitespace.
+def Measurable [MeasurableSpace α] [MeasurableSpace β] (f : α → β) : Prop 
runs/20261007-companion-priority/pbps-source-mean-gradient-domain-sourcegraph54/primitive-Measurable.raw.snapshot:1: trailing whitespace.
+def Measurable [MeasurableSpace α] [MeasurableSpace β] (f : α → β) : Prop 
runs/20261007-companion-priority/pbps-source-mean-gradient-domain-sourcegraph54/primitive-Set.lf.snapshot:1: trailing whitespace.
+def Set (α : Type u) 
runs/20261007-companion-priority/pbps-source-mean-gradient-domain-sourcegraph54/primitive-Set.raw.snapshot:1: trailing whitespace.
+def Set (α : Type u) 
runs/20261007-companion-priority/pbps-source-mean-gradient-domain-sourcegraph54/primitive-Strong.lf.snapshot:1: trailing whitespace.
+def StronglyMeasurable [MeasurableSpace α] (f : α → β) : Prop 
runs/20261007-companion-priority/pbps-source-mean-gradient-domain-sourcegraph54/primitive-Strong.raw.snapshot:1: trailing whitespace.
+def StronglyMeasurable [MeasurableSpace α] (f : α → β) : Prop 
runs/20261007-companion-priority/pbps-source-mean-gradient-domain-sourcegraph54/primitive-compact.lf.snapshot:1: trailing whitespace.
+def HasCompactMulSupport (f : α → β) : Prop 
runs/20261007-companion-priority/pbps-source-mean-gradient-domain-sourcegraph54/primitive-compact.raw.snapshot:1: trailing whitespace.
+def HasCompactMulSupport (f : α → β) : Prop 
runs/20261007-companion-priority/pbps-source-mean-gradient-domain-sourcegraph54/primitive-fderiv.lf.snapshot:1: trailing whitespace.
+irreducible_def fderiv (f : E → F) (x : E) : E →L[𝕜] F 
runs/20261007-companion-priority/pbps-source-mean-gradient-domain-sourcegraph54/primitive-fderiv.raw.snapshot:1: trailing whitespace.
+irreducible_def fderiv (f : E → F) (x : E) : E →L[𝕜] F 
runs/20261007-companion-priority/pbps-source-mean-gradient-domain-sourcegraph54/primitive-integral.lf.snapshot:1: trailing whitespace.
+irreducible_def integral {_ : MeasurableSpace α} (μ : Measure α) (f : α → G) : G 
runs/20261007-companion-priority/pbps-source-mean-gradient-domain-sourcegraph54/primitive-integral.raw.snapshot:1: trailing whitespace.
+irreducible_def integral {_ : MeasurableSpace α} (μ : Measure α) (f : α → G) : G 
runs/20261007-companion-priority/pbps-source-mean-gradient-domain-sourcegraph54/primitive-map.lf.snapshot:2: trailing whitespace.
+    Measure β 
runs/20261007-companion-priority/pbps-source-mean-gradient-domain-sourcegraph54/primitive-map.raw.snapshot:2: trailing whitespace.
+    Measure β 
runs/20261007-companion-priority/pbps-source-mean-gradient-domain-sourcegraph54/primitive-ofReal.lf.snapshot:1: trailing whitespace.
+protected def ofReal (r : Real) : ℝ≥0∞ 
runs/20261007-companion-priority/pbps-source-mean-gradient-domain-sourcegraph54/primitive-ofReal.raw.snapshot:1: trailing whitespace.
+protected def ofReal (r : Real) : ℝ≥0∞ 
runs/20261007-companion-priority/pbps-source-mean-gradient-domain-sourcegraph54/primitive-prod.lf.snapshot:1: trailing whitespace.
+protected irreducible_def prod (μ : Measure α) (ν : Measure β) : Measure (α × β) 
runs/20261007-companion-priority/pbps-source-mean-gradient-domain-sourcegraph54/primitive-prod.raw.snapshot:1: trailing whitespace.
+protected irreducible_def prod (μ : Measure α) (ν : Measure β) : Measure (α × β) 
runs/20261007-companion-priority/pbps-source-mean-gradient-domain-sourcegraph54/primitive-stdG.lf.snapshot:1: trailing whitespace.
+def stdGaussian : Measure E 
runs/20261007-companion-priority/pbps-source-mean-gradient-domain-sourcegraph54/primitive-stdG.raw.snapshot:1: trailing whitespace.
+def stdGaussian : Measure E 
runs/20261007-companion-priority/pbps-source-mean-gradient-domain-sourcegraph54/primitive-wd.lf.snapshot:1: trailing whitespace.
+def Measure.withDensity {m : MeasurableSpace α} (μ : Measure α) (f : α → ℝ≥0∞) : Measure α 
runs/20261007-companion-priority/pbps-source-mean-gradient-domain-sourcegraph54/primitive-wd.raw.snapshot:1: trailing whitespace.
+def Measure.withDensity {m : MeasurableSpace α} (μ : Measure α) (f : α → ℝ≥0∞) : Measure α 
runs/20261007-companion-priority/pbps-source-mean-gradient-domain-sourcegraph54/prob-zero-instance.lf.snapshot:2: trailing whitespace.
+    IsZeroOrProbabilityMeasure μ 
runs/20261007-companion-priority/pbps-source-mean-gradient-domain-sourcegraph54/prob-zero-instance.raw.snapshot:2: trailing whitespace.
+    IsZeroOrProbabilityMeasure μ 
runs/20261007-companion-priority/pbps-source-mean-gradient-domain-sourcegraph54/type-leaf-AddCommGroup.lf.snapshot:14: trailing whitespace.
+instance (priority := 100) CommGroup.toCancelCommMonoid : CancelCommMonoid G 
runs/20261007-companion-priority/pbps-source-mean-gradient-domain-sourcegraph54/type-leaf-AddCommGroup.raw.snapshot:14: trailing whitespace.
+instance (priority := 100) CommGroup.toCancelCommMonoid : CancelCommMonoid G 
runs/20261007-companion-priority/pbps-source-mean-gradient-domain-sourcegraph54/type-leaf-AddCommMonoid.lf.snapshot:12: trailing whitespace.
+@[to_additive] instance (M) [CommMonoid M] : IsDedekindFiniteMonoid M 
runs/20261007-companion-priority/pbps-source-mean-gradient-domain-sourcegraph54/type-leaf-AddCommMonoid.raw.snapshot:12: trailing whitespace.
+@[to_additive] instance (M) [CommMonoid M] : IsDedekindFiniteMonoid M 
runs/20261007-companion-priority/pbps-source-mean-gradient-domain-sourcegraph54/type-leaf-HasCompactMulSupport.lf.snapshot:1: trailing whitespace.
+def HasCompactMulSupport (f : α → β) : Prop 
runs/20261007-companion-priority/pbps-source-mean-gradient-domain-sourcegraph54/type-leaf-HasCompactMulSupport.raw.snapshot:1: trailing whitespace.
+def HasCompactMulSupport (f : α → β) : Prop 
runs/20261007-companion-priority/pbps-source-mean-gradient-domain-sourcegraph54/type-leaf-Ring.lf.snapshot:4: trailing whitespace.
+instance [Semiring α] : Distrib α 
runs/20261007-companion-priority/pbps-source-mean-gradient-domain-sourcegraph54/type-leaf-Ring.raw.snapshot:4: trailing whitespace.
+instance [Semiring α] : Distrib α 
runs/20261007-companion-priority/pbps-source-mean-gradient-domain-sourcegraph54/type-leaf-Semiring.lf.snapshot:9: trailing whitespace.
+instance [Semiring α] : Distrib α 
runs/20261007-companion-priority/pbps-source-mean-gradient-domain-sourcegraph54/type-leaf-Semiring.raw.snapshot:9: trailing whitespace.
+instance [Semiring α] : Distrib α 
runs/20261007-companion-priority/pbps-source-mean-gradient-domain-topology-review54/tolp-definition.lf.snapshot:3: new blank line at EOF.
runs/20261007-companion-priority/pbps-source-mean-gradient-domain-topology-review54/tolp-definition.raw.snapshot:3: new blank line at EOF.
runs/20261007-companion-priority/pbps-source-mean-gradient-domain54/Tests.0.log:4: trailing whitespace.
+  
runs/20261007-companion-priority/pbps-source-mean-gradient-domain54/Tests.0.log:6: trailing whitespace.
+    
runs/20261007-companion-priority/pbps-source-mean-gradient-domain54/Tests.0.log:17: trailing whitespace.
+warning: AutoSamplingTheory/TechnicalLemmas/FunctionalInequalities/CenteredGibbsResolventLimit.lean:39:2: Try this: 
runs/20261007-companion-priority/pbps-source-mean-gradient-domain54/Tests.0.log:25: trailing whitespace.
+warning: AutoSamplingTheory/TechnicalLemmas/FunctionalInequalities/CenteredGibbsResolventLimit.lean:41:2: Try this: 
runs/20261007-companion-priority/pbps-source-mean-gradient-domain54/Tests.0.log:33: trailing whitespace.
+warning: AutoSamplingTheory/TechnicalLemmas/FunctionalInequalities/CenteredGibbsResolventLimit.lean:42:2: Try this: 
runs/20261007-companion-priority/pbps-source-mean-gradient-domain54/Tests.0.log:113: trailing whitespace.
+warning: AutoSamplingTheory/ExampleCases/ProximalBPS/ConditionalGradientEnergy.lean:35:2: Try this: 
runs/20261007-companion-priority/pbps-source-mean-gradient-domain54/Tests.0.log:121: trailing whitespace.
+warning: AutoSamplingTheory/ExampleCases/ProximalBPS/ConditionalGradientEnergy.lean:109:2: Try this: 
runs/20261007-companion-priority/pbps-source-mean-gradient-domain54/Tests.0.log:129: trailing whitespace.
+warning: AutoSamplingTheory/ExampleCases/ProximalBPS/ConditionalGradientEnergy.lean:110:2: Try this: 
runs/20261007-companion-priority/pbps-source-mean-gradient-domain54/Tests.0.log:137: trailing whitespace.
+warning: AutoSamplingTheory/ExampleCases/ProximalBPS/ConditionalGradientEnergy.lean:112:2: Try this: 
runs/20261007-companion-priority/pbps-source-mean-gradient-domain54/Tests.0.log:145: trailing whitespace.
+warning: AutoSamplingTheory/ExampleCases/ProximalBPS/ConditionalGradientEnergy.lean:115:2: Try this: 
runs/20261007-companion-priority/pbps-source-mean-gradient-domain54/Tests.0.log:153: trailing whitespace.
+warning: AutoSamplingTheory/ExampleCases/ProximalBPS/ConditionalGradientEnergy.lean:116:2: Try this: 
runs/20261007-companion-priority/pbps-source-mean-gradient-domain54/Tests.0.log:182: trailing whitespace.
+warning: AutoSamplingTheory/TechnicalLemmas/Measure/GaussianConvolutionRegularity.lean:463:4: Try this: 
runs/20261007-companion-priority/pbps-source-mean-gradient-domain54/Tests.0.log:190: trailing whitespace.
+warning: AutoSamplingTheory/TechnicalLemmas/Measure/GaussianConvolutionRegularity.lean:488:4: Try this: 
runs/20261007-companion-priority/pbps-source-mean-gradient-domain54/Tests.0.log:199: trailing whitespace.
+warning: AutoSamplingTheory/ExampleCases/ProximalBPS/SourceMeanGradientDomain.lean:67:2: Try this: 
runs/20261007-companion-priority/pbps-source-mean-gradient-domain54/Tests.0.log:207: trailing whitespace.
+warning: AutoSamplingTheory/ExampleCases/ProximalBPS/SourceMeanGradientDomain.lean:68:2: Try this: 
runs/20261007-companion-priority/pbps-source-mean-gradient-domain54/Tests.1.log:4: trailing whitespace.
+  
runs/20261007-companion-priority/pbps-source-mean-gradient-domain54/Tests.1.log:6: trailing whitespace.
+    
runs/20261007-companion-priority/pbps-source-mean-gradient-domain54/Tests.1.log:17: trailing whitespace.
+warning: AutoSamplingTheory/TechnicalLemmas/FunctionalInequalities/CenteredGibbsResolventLimit.lean:39:2: Try this: 
runs/20261007-companion-priority/pbps-source-mean-gradient-domain54/Tests.1.log:25: trailing whitespace.
+warning: AutoSamplingTheory/TechnicalLemmas/FunctionalInequalities/CenteredGibbsResolventLimit.lean:41:2: Try this: 
runs/20261007-companion-priority/pbps-source-mean-gradient-domain54/Tests.1.log:33: trailing whitespace.
+warning: AutoSamplingTheory/TechnicalLemmas/FunctionalInequalities/CenteredGibbsResolventLimit.lean:42:2: Try this: 
runs/20261007-companion-priority/pbps-source-mean-gradient-domain54/Tests.1.log:113: trailing whitespace.
+warning: AutoSamplingTheory/ExampleCases/ProximalBPS/ConditionalGradientEnergy.lean:35:2: Try this: 
runs/20261007-companion-priority/pbps-source-mean-gradient-domain54/Tests.1.log:121: trailing whitespace.
+warning: AutoSamplingTheory/ExampleCases/ProximalBPS/ConditionalGradientEnergy.lean:109:2: Try this: 
runs/20261007-companion-priority/pbps-source-mean-gradient-domain54/Tests.1.log:129: trailing whitespace.
+warning: AutoSamplingTheory/ExampleCases/ProximalBPS/ConditionalGradientEnergy.lean:110:2: Try this: 
runs/20261007-companion-priority/pbps-source-mean-gradient-domain54/Tests.1.log:137: trailing whitespace.
+warning: AutoSamplingTheory/ExampleCases/ProximalBPS/ConditionalGradientEnergy.lean:112:2: Try this: 
runs/20261007-companion-priority/pbps-source-mean-gradient-domain54/Tests.1.log:145: trailing whitespace.
+warning: AutoSamplingTheory/ExampleCases/ProximalBPS/ConditionalGradientEnergy.lean:115:2: Try this: 
runs/20261007-companion-priority/pbps-source-mean-gradient-domain54/Tests.1.log:153: trailing whitespace.
+warning: AutoSamplingTheory/ExampleCases/ProximalBPS/ConditionalGradientEnergy.lean:116:2: Try this: 
runs/20261007-companion-priority/pbps-source-mean-gradient-domain54/Tests.1.log:182: trailing whitespace.
+warning: AutoSamplingTheory/TechnicalLemmas/Measure/GaussianConvolutionRegularity.lean:463:4: Try this: 
runs/20261007-companion-priority/pbps-source-mean-gradient-domain54/Tests.1.log:190: trailing whitespace.
+warning: AutoSamplingTheory/TechnicalLemmas/Measure/GaussianConvolutionRegularity.lean:488:4: Try this: 
runs/20261007-companion-priority/pbps-source-mean-gradient-domain54/Tests.1.log:199: trailing whitespace.
+warning: AutoSamplingTheory/ExampleCases/ProximalBPS/SourceMeanGradientDomain.lean:67:2: Try this: 
runs/20261007-companion-priority/pbps-source-mean-gradient-domain54/Tests.1.log:207: trailing whitespace.
+warning: AutoSamplingTheory/ExampleCases/ProximalBPS/SourceMeanGradientDomain.lean:68:2: Try this: 
runs/20261007-companion-priority/pbps-source-mean-gradient-domain54/Tests.2.log:4: trailing whitespace.
+  
runs/20261007-companion-priority/pbps-source-mean-gradient-domain54/Tests.2.log:6: trailing whitespace.
+    
runs/20261007-companion-priority/pbps-source-mean-gradient-domain54/Tests.2.log:17: trailing whitespace.
+warning: AutoSamplingTheory/TechnicalLemmas/FunctionalInequalities/CenteredGibbsResolventLimit.lean:39:2: Try this: 
runs/20261007-companion-priority/pbps-source-mean-gradient-domain54/Tests.2.log:25: trailing whitespace.
+warning: AutoSamplingTheory/TechnicalLemmas/FunctionalInequalities/CenteredGibbsResolventLimit.lean:41:2: Try this: 
runs/20261007-companion-priority/pbps-source-mean-gradient-domain54/Tests.2.log:33: trailing whitespace.
+warning: AutoSamplingTheory/TechnicalLemmas/FunctionalInequalities/CenteredGibbsResolventLimit.lean:42:2: Try this: 
runs/20261007-companion-priority/pbps-source-mean-gradient-domain54/Tests.2.log:113: trailing whitespace.
+warning: AutoSamplingTheory/ExampleCases/ProximalBPS/ConditionalGradientEnergy.lean:35:2: Try this: 
runs/20261007-companion-priority/pbps-source-mean-gradient-domain54/Tests.2.log:121: trailing whitespace.
+warning: AutoSamplingTheory/ExampleCases/ProximalBPS/ConditionalGradientEnergy.lean:109:2: Try this: 
runs/20261007-companion-priority/pbps-source-mean-gradient-domain54/Tests.2.log:129: trailing whitespace.
+warning: AutoSamplingTheory/ExampleCases/ProximalBPS/ConditionalGradientEnergy.lean:110:2: Try this: 
runs/20261007-companion-priority/pbps-source-mean-gradient-domain54/Tests.2.log:137: trailing whitespace.
+warning: AutoSamplingTheory/ExampleCases/ProximalBPS/ConditionalGradientEnergy.lean:112:2: Try this: 
runs/20261007-companion-priority/pbps-source-mean-gradient-domain54/Tests.2.log:145: trailing whitespace.
+warning: AutoSamplingTheory/ExampleCases/ProximalBPS/ConditionalGradientEnergy.lean:115:2: Try this: 
runs/20261007-companion-priority/pbps-source-mean-gradient-domain54/Tests.2.log:153: trailing whitespace.
+warning: AutoSamplingTheory/ExampleCases/ProximalBPS/ConditionalGradientEnergy.lean:116:2: Try this: 
runs/20261007-companion-priority/pbps-source-mean-gradient-domain54/Tests.2.log:182: trailing whitespace.
+warning: AutoSamplingTheory/TechnicalLemmas/Measure/GaussianConvolutionRegularity.lean:463:4: Try this: 
runs/20261007-companion-priority/pbps-source-mean-gradient-domain54/Tests.2.log:190: trailing whitespace.
+warning: AutoSamplingTheory/TechnicalLemmas/Measure/GaussianConvolutionRegularity.lean:488:4: Try this: 
runs/20261007-companion-priority/pbps-source-mean-gradient-domain54/Tests.2.log:199: trailing whitespace.
+warning: AutoSamplingTheory/ExampleCases/ProximalBPS/SourceMeanGradientDomain.lean:67:2: Try this: 
runs/20261007-companion-priority/pbps-source-mean-gradient-domain54/Tests.2.log:207: trailing whitespace.
+warning: AutoSamplingTheory/ExampleCases/ProximalBPS/SourceMeanGradientDomain.lean:68:2: Try this: 
runs/20261007-companion-priority/pbps-source-mean-gradient-domain54/Tests.3.log:4: trailing whitespace.
+  
runs/20261007-companion-priority/pbps-source-mean-gradient-domain54/Tests.3.log:6: trailing whitespace.
+    
runs/20261007-companion-priority/pbps-source-mean-gradient-domain54/Tests.3.log:17: trailing whitespace.
+warning: AutoSamplingTheory/TechnicalLemmas/FunctionalInequalities/CenteredGibbsResolventLimit.lean:39:2: Try this: 
runs/20261007-companion-priority/pbps-source-mean-gradient-domain54/Tests.3.log:25: trailing whitespace.
+warning: AutoSamplingTheory/TechnicalLemmas/FunctionalInequalities/CenteredGibbsResolventLimit.lean:41:2: Try this: 
runs/20261007-companion-priority/pbps-source-mean-gradient-domain54/Tests.3.log:33: trailing whitespace.
+warning: AutoSamplingTheory/TechnicalLemmas/FunctionalInequalities/CenteredGibbsResolventLimit.lean:42:2: Try this: 
runs/20261007-companion-priority/pbps-source-mean-gradient-domain54/Tests.3.log:113: trailing whitespace.
+warning: AutoSamplingTheory/ExampleCases/ProximalBPS/ConditionalGradientEnergy.lean:35:2: Try this: 
runs/20261007-companion-priority/pbps-source-mean-gradient-domain54/Tests.3.log:121: trailing whitespace.
+warning: AutoSamplingTheory/ExampleCases/ProximalBPS/ConditionalGradientEnergy.lean:109:2: Try this: 
runs/20261007-companion-priority/pbps-source-mean-gradient-domain54/Tests.3.log:129: trailing whitespace.
+warning: AutoSamplingTheory/ExampleCases/ProximalBPS/ConditionalGradientEnergy.lean:110:2: Try this: 
runs/20261007-companion-priority/pbps-source-mean-gradient-domain54/Tests.3.log:137: trailing whitespace.
+warning: AutoSamplingTheory/ExampleCases/ProximalBPS/ConditionalGradientEnergy.lean:112:2: Try this: 
runs/20261007-companion-priority/pbps-source-mean-gradient-domain54/Tests.3.log:145: trailing whitespace.
+warning: AutoSamplingTheory/ExampleCases/ProximalBPS/ConditionalGradientEnergy.lean:115:2: Try this: 
runs/20261007-companion-priority/pbps-source-mean-gradient-domain54/Tests.3.log:153: trailing whitespace.
+warning: AutoSamplingTheory/ExampleCases/ProximalBPS/ConditionalGradientEnergy.lean:116:2: Try this: 
runs/20261007-companion-priority/pbps-source-mean-gradient-domain54/Tests.3.log:182: trailing whitespace.
+warning: AutoSamplingTheory/TechnicalLemmas/Measure/GaussianConvolutionRegularity.lean:463:4: Try this: 
runs/20261007-companion-priority/pbps-source-mean-gradient-domain54/Tests.3.log:190: trailing whitespace.
+warning: AutoSamplingTheory/TechnicalLemmas/Measure/GaussianConvolutionRegularity.lean:488:4: Try this: 
runs/20261007-companion-priority/pbps-source-mean-gradient-domain54/Tests.3.log:199: trailing whitespace.
+warning: AutoSamplingTheory/ExampleCases/ProximalBPS/SourceMeanGradientDomain.lean:67:2: Try this: 
runs/20261007-companion-priority/pbps-source-mean-gradient-domain54/Tests.3.log:207: trailing whitespace.
+warning: AutoSamplingTheory/ExampleCases/ProximalBPS/SourceMeanGradientDomain.lean:68:2: Try this: 
runs/20261007-companion-priority/pbps-source-mean-gradient-domain54/Tests.4.log:4: trailing whitespace.
+  
runs/20261007-companion-priority/pbps-source-mean-gradient-domain54/Tests.4.log:6: trailing whitespace.
+    
runs/20261007-companion-priority/pbps-source-mean-gradient-domain54/Tests.4.log:17: trailing whitespace.
+warning: AutoSamplingTheory/TechnicalLemmas/FunctionalInequalities/CenteredGibbsResolventLimit.lean:39:2: Try this: 
runs/20261007-companion-priority/pbps-source-mean-gradient-domain54/Tests.4.log:25: trailing whitespace.
+warning: AutoSamplingTheory/TechnicalLemmas/FunctionalInequalities/CenteredGibbsResolventLimit.lean:41:2: Try this: 
runs/20261007-companion-priority/pbps-source-mean-gradient-domain54/Tests.4.log:33: trailing whitespace.
+warning: AutoSamplingTheory/TechnicalLemmas/FunctionalInequalities/CenteredGibbsResolventLimit.lean:42:2: Try this: 
runs/20261007-companion-priority/pbps-source-mean-gradient-domain54/Tests.4.log:113: trailing whitespace.
+warning: AutoSamplingTheory/ExampleCases/ProximalBPS/ConditionalGradientEnergy.lean:35:2: Try this: 
runs/20261007-companion-priority/pbps-source-mean-gradient-domain54/Tests.4.log:121: trailing whitespace.
+warning: AutoSamplingTheory/ExampleCases/ProximalBPS/ConditionalGradientEnergy.lean:109:2: Try this: 
runs/20261007-companion-priority/pbps-source-mean-gradient-domain54/Tests.4.log:129: trailing whitespace.
+warning: AutoSamplingTheory/ExampleCases/ProximalBPS/ConditionalGradientEnergy.lean:110:2: Try this: 
runs/20261007-companion-priority/pbps-source-mean-gradient-domain54/Tests.4.log:137: trailing whitespace.
+warning: AutoSamplingTheory/ExampleCases/ProximalBPS/ConditionalGradientEnergy.lean:112:2: Try this: 
runs/20261007-companion-priority/pbps-source-mean-gradient-domain54/Tests.4.log:145: trailing whitespace.
+warning: AutoSamplingTheory/ExampleCases/ProximalBPS/ConditionalGradientEnergy.lean:115:2: Try this: 
runs/20261007-companion-priority/pbps-source-mean-gradient-domain54/Tests.4.log:153: trailing whitespace.
+warning: AutoSamplingTheory/ExampleCases/ProximalBPS/ConditionalGradientEnergy.lean:116:2: Try this: 
runs/20261007-companion-priority/pbps-source-mean-gradient-domain54/Tests.4.log:182: trailing whitespace.
+warning: AutoSamplingTheory/TechnicalLemmas/Measure/GaussianConvolutionRegularity.lean:463:4: Try this: 
runs/20261007-companion-priority/pbps-source-mean-gradient-domain54/Tests.4.log:190: trailing whitespace.
+warning: AutoSamplingTheory/TechnicalLemmas/Measure/GaussianConvolutionRegularity.lean:488:4: Try this: 
runs/20261007-companion-priority/pbps-source-mean-gradient-domain54/Tests.4.log:199: trailing whitespace.
+warning: AutoSamplingTheory/ExampleCases/ProximalBPS/SourceMeanGradientDomain.lean:67:2: Try this: 
runs/20261007-companion-priority/pbps-source-mean-gradient-domain54/Tests.4.log:207: trailing whitespace.
+warning: AutoSamplingTheory/ExampleCases/ProximalBPS/SourceMeanGradientDomain.lean:68:2: Try this: 
runs/20261007-companion-priority/pbps-source-mean-gradient-domain54/prod.0.log:4: trailing whitespace.
+  
runs/20261007-companion-priority/pbps-source-mean-gradient-domain54/prod.0.log:6: trailing whitespace.
+    
runs/20261007-companion-priority/pbps-source-mean-gradient-domain54/prod.0.log:17: trailing whitespace.
+warning: AutoSamplingTheory/TechnicalLemmas/FunctionalInequalities/CenteredGibbsResolventLimit.lean:39:2: Try this: 
runs/20261007-companion-priority/pbps-source-mean-gradient-domain54/prod.0.log:25: trailing whitespace.
+warning: AutoSamplingTheory/TechnicalLemmas/FunctionalInequalities/CenteredGibbsResolventLimit.lean:41:2: Try this: 
runs/20261007-companion-priority/pbps-source-mean-gradient-domain54/prod.0.log:33: trailing whitespace.
+warning: AutoSamplingTheory/TechnicalLemmas/FunctionalInequalities/CenteredGibbsResolventLimit.lean:42:2: Try this: 
runs/20261007-companion-priority/pbps-source-mean-gradient-domain54/prod.0.log:113: trailing whitespace.
+warning: AutoSamplingTheory/ExampleCases/ProximalBPS/ConditionalGradientEnergy.lean:35:2: Try this: 
runs/20261007-companion-priority/pbps-source-mean-gradient-domain54/prod.0.log:121: trailing whitespace.
+warning: AutoSamplingTheory/ExampleCases/ProximalBPS/ConditionalGradientEnergy.lean:109:2: Try this: 
runs/20261007-companion-priority/pbps-source-mean-gradient-domain54/prod.0.log:129: trailing whitespace.
+warning: AutoSamplingTheory/ExampleCases/ProximalBPS/ConditionalGradientEnergy.lean:110:2: Try this: 
runs/20261007-companion-priority/pbps-source-mean-gradient-domain54/prod.0.log:137: trailing whitespace.
+warning: AutoSamplingTheory/ExampleCases/ProximalBPS/ConditionalGradientEnergy.lean:112:2: Try this: 
runs/20261007-companion-priority/pbps-source-mean-gradient-domain54/prod.0.log:145: trailing whitespace.
+warning: AutoSamplingTheory/ExampleCases/ProximalBPS/ConditionalGradientEnergy.lean:115:2: Try this: 
runs/20261007-companion-priority/pbps-source-mean-gradient-domain54/prod.0.log:153: trailing whitespace.
+warning: AutoSamplingTheory/ExampleCases/ProximalBPS/ConditionalGradientEnergy.lean:116:2: Try this: 
runs/20261007-companion-priority/pbps-source-mean-gradient-domain54/prod.0.log:182: trailing whitespace.
+warning: AutoSamplingTheory/TechnicalLemmas/Measure/GaussianConvolutionRegularity.lean:463:4: Try this: 
runs/20261007-companion-priority/pbps-source-mean-gradient-domain54/prod.0.log:190: trailing whitespace.
+warning: AutoSamplingTheory/TechnicalLemmas/Measure/GaussianConvolutionRegularity.lean:488:4: Try this: 
runs/20261007-companion-priority/pbps-source-mean-gradient-domain54/prod.0.log:200: trailing whitespace.
+warning: AutoSamplingTheory/ExampleCases/ProximalBPS/SourceMeanGradientDomain.lean:67:2: Try this: 
runs/20261007-companion-priority/pbps-source-mean-gradient-domain54/prod.0.log:208: trailing whitespace.
+warning: AutoSamplingTheory/ExampleCases/ProximalBPS/SourceMeanGradientDomain.lean:68:2: Try this: 
runs/20261007-companion-priority/pbps-source-mean-gradient-domain54/prod.1.log:4: trailing whitespace.
+  
runs/20261007-companion-priority/pbps-source-mean-gradient-domain54/prod.1.log:6: trailing whitespace.
+    
runs/20261007-companion-priority/pbps-source-mean-gradient-domain54/prod.1.log:17: trailing whitespace.
+warning: AutoSamplingTheory/TechnicalLemmas/FunctionalInequalities/CenteredGibbsResolventLimit.lean:39:2: Try this: 
runs/20261007-companion-priority/pbps-source-mean-gradient-domain54/prod.1.log:25: trailing whitespace.
+warning: AutoSamplingTheory/TechnicalLemmas/FunctionalInequalities/CenteredGibbsResolventLimit.lean:41:2: Try this: 
runs/20261007-companion-priority/pbps-source-mean-gradient-domain54/prod.1.log:33: trailing whitespace.
+warning: AutoSamplingTheory/TechnicalLemmas/FunctionalInequalities/CenteredGibbsResolventLimit.lean:42:2: Try this: 
runs/20261007-companion-priority/pbps-source-mean-gradient-domain54/prod.1.log:113: trailing whitespace.
+warning: AutoSamplingTheory/ExampleCases/ProximalBPS/ConditionalGradientEnergy.lean:35:2: Try this: 
runs/20261007-companion-priority/pbps-source-mean-gradient-domain54/prod.1.log:121: trailing whitespace.
+warning: AutoSamplingTheory/ExampleCases/ProximalBPS/ConditionalGradientEnergy.lean:109:2: Try this: 
runs/20261007-companion-priority/pbps-source-mean-gradient-domain54/prod.1.log:129: trailing whitespace.
+warning: AutoSamplingTheory/ExampleCases/ProximalBPS/ConditionalGradientEnergy.lean:110:2: Try this: 
runs/20261007-companion-priority/pbps-source-mean-gradient-domain54/prod.1.log:137: trailing whitespace.
+warning: AutoSamplingTheory/ExampleCases/ProximalBPS/ConditionalGradientEnergy.lean:112:2: Try this: 
runs/20261007-companion-priority/pbps-source-mean-gradient-domain54/prod.1.log:145: trailing whitespace.
+warning: AutoSamplingTheory/ExampleCases/ProximalBPS/ConditionalGradientEnergy.lean:115:2: Try this: 
runs/20261007-companion-priority/pbps-source-mean-gradient-domain54/prod.1.log:153: trailing whitespace.
+warning: AutoSamplingTheory/ExampleCases/ProximalBPS/ConditionalGradientEnergy.lean:116:2: Try this: 
runs/20261007-companion-priority/pbps-source-mean-gradient-domain54/prod.1.log:182: trailing whitespace.
+warning: AutoSamplingTheory/TechnicalLemmas/Measure/GaussianConvolutionRegularity.lean:463:4: Try this: 
runs/20261007-companion-priority/pbps-source-mean-gradient-domain54/prod.1.log:190: trailing whitespace.
+warning: AutoSamplingTheory/TechnicalLemmas/Measure/GaussianConvolutionRegularity.lean:488:4: Try this: 
runs/20261007-companion-priority/pbps-source-mean-gradient-domain54/prod.1.log:199: trailing whitespace.
+warning: AutoSamplingTheory/ExampleCases/ProximalBPS/SourceMeanGradientDomain.lean:67:2: Try this: 
runs/20261007-companion-priority/pbps-source-mean-gradient-domain54/prod.1.log:207: trailing whitespace.
+warning: AutoSamplingTheory/ExampleCases/ProximalBPS/SourceMeanGradientDomain.lean:68:2: Try this: 
runs/20261007-companion-priority/pbps-source-mean-gradient-domain54/reviewer.source.publication-helper.1-46.raw.snapshot.py:45: new blank line at EOF.
runs/20261007-companion-priority/pbps-source-mean-gradient-domain54/whole-proof-review54/focused.log:4: trailing whitespace.
+  
runs/20261007-companion-priority/pbps-source-mean-gradient-domain54/whole-proof-review54/focused.log:6: trailing whitespace.
+    
runs/20261007-companion-priority/pbps-source-mean-gradient-domain54/whole-proof-review54/focused.log:17: trailing whitespace.
+warning: AutoSamplingTheory/TechnicalLemmas/FunctionalInequalities/CenteredGibbsResolventLimit.lean:39:2: Try this: 
runs/20261007-companion-priority/pbps-source-mean-gradient-domain54/whole-proof-review54/focused.log:25: trailing whitespace.
+warning: AutoSamplingTheory/TechnicalLemmas/FunctionalInequalities/CenteredGibbsResolventLimit.lean:41:2: Try this: 
runs/20261007-companion-priority/pbps-source-mean-gradient-domain54/whole-proof-review54/focused.log:33: trailing whitespace.
+warning: AutoSamplingTheory/TechnicalLemmas/FunctionalInequalities/CenteredGibbsResolventLimit.lean:42:2: Try this: 
runs/20261007-companion-priority/pbps-source-mean-gradient-domain54/whole-proof-review54/focused.log:113: trailing whitespace.
+warning: AutoSamplingTheory/ExampleCases/ProximalBPS/ConditionalGradientEnergy.lean:35:2: Try this: 
runs/20261007-companion-priority/pbps-source-mean-gradient-domain54/whole-proof-review54/focused.log:121: trailing whitespace.
+warning: AutoSamplingTheory/ExampleCases/ProximalBPS/ConditionalGradientEnergy.lean:109:2: Try this: 
runs/20261007-companion-priority/pbps-source-mean-gradient-domain54/whole-proof-review54/focused.log:129: trailing whitespace.
+warning: AutoSamplingTheory/ExampleCases/ProximalBPS/ConditionalGradientEnergy.lean:110:2: Try this: 
runs/20261007-companion-priority/pbps-source-mean-gradient-domain54/whole-proof-review54/focused.log:137: trailing whitespace.
+warning: AutoSamplingTheory/ExampleCases/ProximalBPS/ConditionalGradientEnergy.lean:112:2: Try this: 
runs/20261007-companion-priority/pbps-source-mean-gradient-domain54/whole-proof-review54/focused.log:145: trailing whitespace.
+warning: AutoSamplingTheory/ExampleCases/ProximalBPS/ConditionalGradientEnergy.lean:115:2: Try this: 
runs/20261007-companion-priority/pbps-source-mean-gradient-domain54/whole-proof-review54/focused.log:153: trailing whitespace.
+warning: AutoSamplingTheory/ExampleCases/ProximalBPS/ConditionalGradientEnergy.lean:116:2: Try this: 
runs/20261007-companion-priority/pbps-source-mean-gradient-domain54/whole-proof-review54/focused.log:182: trailing whitespace.
+warning: AutoSamplingTheory/TechnicalLemmas/Measure/GaussianConvolutionRegularity.lean:463:4: Try this: 
runs/20261007-companion-priority/pbps-source-mean-gradient-domain54/whole-proof-review54/focused.log:190: trailing whitespace.
+warning: AutoSamplingTheory/TechnicalLemmas/Measure/GaussianConvolutionRegularity.lean:488:4: Try this: 
runs/20261007-companion-priority/pbps-source-mean-gradient-domain54/whole-proof-review54/focused.log:199: trailing whitespace.
+warning: AutoSamplingTheory/ExampleCases/ProximalBPS/SourceMeanGradientDomain.lean:67:2: Try this: 
runs/20261007-companion-priority/pbps-source-mean-gradient-domain54/whole-proof-review54/focused.log:207: trailing whitespace.
+warning: AutoSamplingTheory/ExampleCases/ProximalBPS/SourceMeanGradientDomain.lean:68:2: Try this: 
runs/20261007-companion-priority/phase-pbps-primary-preread54/reflection-preservation.lf.fragment.html:1: trailing whitespace.
+<li id="S2.I1.i3" class="ltx_item" style="list-style-type:none;"><span class="ltx_tag ltx_tag_item">(iii)</span> 
runs/20261007-companion-priority/phase-pbps-primary-preread54/reflection-preservation.raw.fragment.html:1: trailing whitespace.
+<li id="S2.I1.i3" class="ltx_item" style="list-style-type:none;"><span class="ltx_tag ltx_tag_item">(iii)</span> 
