{
  "cell": "ASTIS-SW-PBPS-real-defect-root",
  "targets": [
    {
      "declaration": "AutoSamplingTheory.ExampleCases.ProximalBPS.RealDefectRoot.actual_positive_real_defect_root",
      "source_item": "pbps-positive-real-defect-root",
      "lesson": "authored",
      "audit_id": "ASTIS-RT-20261009-PBPSPositiveRealDefectRoot",
      "audit_state": "blind-reconstructed",
      "publication_binding_sha256": "ec6084754ec6f78c5dcac19837e77e94cfd53fc789aaf99ce651db1600aa6ded",
      "remaining_boundary": "REAL scalar positive root and scalar energy only. Generic real uniqueness, canonical joint GammaP / P U blocks / onto transport / typed B*B, centered root order/inverse/polar, weakH1,dynamics,hypocoercivity,main,error,cost,composition remain separate; paper/Goal open."
    }
  ],
  "graph_check": "python3 tools/astis_publication.py graph-check --cell ASTIS-SW-PBPS-real-defect-root",
  "missing": [],
  "next": [
    "Run the smallest focused Lean test.",
    "Reuse unchanged source/lesson/audit records; never reuse a stale binding.",
    "For a new/changed theorem, use astis-semantic-roundtrip: anonymous decoder → independent anti-anchored source review → separate repair review if needed.",
    "Run tools/astis_publication.py check --base <base commit> before stabilization."
  ],
  "boundary": "This coordinator packet is NOT decoder input. It deliberately contains source identity."
}
