E:/Samplinglib/runs/20261007-companion-priority/pbps-first-corrector-energy-preproof67/independent-header-math67/complete-propositions.typecheck.lean:13:5: warning: Variable name `hG` is not explicitly referenced.

Hint: The binding can be removed (if unused) or named `_` (if used implicitly). Alternatively, prefix the name with `_` to silence this warning:
  [apply] _hG

Note: This linter can be disabled with `set_option linter.unusedVariables false`
E:/Samplinglib/runs/20261007-companion-priority/pbps-first-corrector-energy-preproof67/independent-header-math67/complete-propositions.typecheck.lean:13:25: warning: Variable name `hD` is not explicitly referenced.

Hint: The binding can be removed (if unused) or named `_` (if used implicitly). Alternatively, prefix the name with `_` to silence this warning:
  [apply] _hD

Note: This linter can be disabled with `set_option linter.unusedVariables false`
E:/Samplinglib/runs/20261007-companion-priority/pbps-first-corrector-energy-preproof67/independent-header-math67/complete-propositions.typecheck.lean:14:5: warning: Variable name `hCommute` is not explicitly referenced.

Hint: The binding can be removed (if unused) or named `_` (if used implicitly). Alternatively, prefix the name with `_` to silence this warning:
  [apply] _hCommute

Note: This linter can be disabled with `set_option linter.unusedVariables false`
E:/Samplinglib/runs/20261007-companion-priority/pbps-first-corrector-energy-preproof67/independent-header-math67/complete-propositions.typecheck.lean:21:5: warning: Variable name `hα` is not explicitly referenced.

Hint: The binding can be removed (if unused) or named `_` (if used implicitly). Alternatively, prefix the name with `_` to silence this warning:
  [apply] _hα

Note: This linter can be disabled with `set_option linter.unusedVariables false`
E:/Samplinglib/runs/20261007-companion-priority/pbps-first-corrector-energy-preproof67/independent-header-math67/complete-propositions.typecheck.lean:21:24: warning: Variable name `hαβ` is not explicitly referenced.

Hint: The binding can be removed (if unused) or named `_` (if used implicitly). Alternatively, prefix the name with `_` to silence this warning:
  [apply] _hαβ

Note: This linter can be disabled with `set_option linter.unusedVariables false`
E:/Samplinglib/runs/20261007-companion-priority/pbps-first-corrector-energy-preproof67/independent-header-math67/complete-propositions.typecheck.lean:21:38: warning: Variable name `hV` is not explicitly referenced.

Hint: The binding can be removed (if unused) or named `_` (if used implicitly). Alternatively, prefix the name with `_` to silence this warning:
  [apply] _hV

Note: This linter can be disabled with `set_option linter.unusedVariables false`
E:/Samplinglib/runs/20261007-companion-priority/pbps-first-corrector-energy-preproof67/independent-header-math67/complete-propositions.typecheck.lean:22:5: warning: Variable name `hH` is not explicitly referenced.

Hint: The binding can be removed (if unused) or named `_` (if used implicitly). Alternatively, prefix the name with `_` to silence this warning:
  [apply] _hH

Note: This linter can be disabled with `set_option linter.unusedVariables false`
E:/Samplinglib/runs/20261007-companion-priority/pbps-first-corrector-energy-preproof67/independent-header-math67/complete-propositions.typecheck.lean:25:5: warning: Variable name `hη` is not explicitly referenced.

Hint: The binding can be removed (if unused) or named `_` (if used implicitly). Alternatively, prefix the name with `_` to silence this warning:
  [apply] _hη

Note: This linter can be disabled with `set_option linter.unusedVariables false`
E:/Samplinglib/runs/20261007-companion-priority/pbps-first-corrector-energy-preproof67/independent-header-math67/complete-propositions.typecheck.lean:25:18: warning: Variable name `hβη` is not explicitly referenced.

Hint: The binding can be removed (if unused) or named `_` (if used implicitly). Alternatively, prefix the name with `_` to silence this warning:
  [apply] _hβη

Note: This linter can be disabled with `set_option linter.unusedVariables false`
E:/Samplinglib/runs/20261007-companion-priority/pbps-first-corrector-energy-preproof67/independent-header-math67/complete-propositions.typecheck.lean:125:5: warning: Variable name `hα` is not explicitly referenced.

Hint: The binding can be removed (if unused) or named `_` (if used implicitly). Alternatively, prefix the name with `_` to silence this warning:
  [apply] _hα

Note: This linter can be disabled with `set_option linter.unusedVariables false`
E:/Samplinglib/runs/20261007-companion-priority/pbps-first-corrector-energy-preproof67/independent-header-math67/complete-propositions.typecheck.lean:125:24: warning: Variable name `hαβ` is not explicitly referenced.

Hint: The binding can be removed (if unused) or named `_` (if used implicitly). Alternatively, prefix the name with `_` to silence this warning:
  [apply] _hαβ

Note: This linter can be disabled with `set_option linter.unusedVariables false`
E:/Samplinglib/runs/20261007-companion-priority/pbps-first-corrector-energy-preproof67/independent-header-math67/complete-propositions.typecheck.lean:125:38: warning: Variable name `hV` is not explicitly referenced.

Hint: The binding can be removed (if unused) or named `_` (if used implicitly). Alternatively, prefix the name with `_` to silence this warning:
  [apply] _hV

Note: This linter can be disabled with `set_option linter.unusedVariables false`
E:/Samplinglib/runs/20261007-companion-priority/pbps-first-corrector-energy-preproof67/independent-header-math67/complete-propositions.typecheck.lean:126:5: warning: Variable name `hH` is not explicitly referenced.

Hint: The binding can be removed (if unused) or named `_` (if used implicitly). Alternatively, prefix the name with `_` to silence this warning:
  [apply] _hH

Note: This linter can be disabled with `set_option linter.unusedVariables false`
E:/Samplinglib/runs/20261007-companion-priority/pbps-first-corrector-energy-preproof67/independent-header-math67/complete-propositions.typecheck.lean:129:5: warning: Variable name `hη` is not explicitly referenced.

Hint: The binding can be removed (if unused) or named `_` (if used implicitly). Alternatively, prefix the name with `_` to silence this warning:
  [apply] _hη

Note: This linter can be disabled with `set_option linter.unusedVariables false`
E:/Samplinglib/runs/20261007-companion-priority/pbps-first-corrector-energy-preproof67/independent-header-math67/complete-propositions.typecheck.lean:129:18: warning: Variable name `hβη` is not explicitly referenced.

Hint: The binding can be removed (if unused) or named `_` (if used implicitly). Alternatively, prefix the name with `_` to silence this warning:
  [apply] _hβη

Note: This linter can be disabled with `set_option linter.unusedVariables false`
IndependentHeaderMath67.positive_square_commutation_statement.{u_1} {Ω : Type u_1} [MeasurableSpace Ω] (μ : Measure Ω)
  (G D : ↥(Lp ℝ 2 μ) →L[ℝ] ↥(Lp ℝ 2 μ)) (hG : G.IsPositive) (hD : D.IsPositive) (hCommute : Commute (G * G) D) : Prop
IndependentHeaderMath67.actual_same_root_inverse_commutation_statement.{u_1} {E : Type u_1} [NormedAddCommGroup E]
  [InnerProductSpace ℝ E] [FiniteDimensional ℝ E] [MeasurableSpace E] [BorelSpace E] {V : E → ℝ} {α β : ℝ≥0} {η : ℝ}
  (hα : 0 < ↑α) (hαβ : α ≤ β) (hV : ContDiff ℝ 2 V)
  (hH : ∀ (x v : E), ↑α * ‖v‖ ^ 2 ≤ ((fderiv ℝ (fderiv ℝ V) x) v) v ∧ ((fderiv ℝ (fderiv ℝ V) x) v) v ≤ ↑β * ‖v‖ ^ 2)
  (hη : 0 < η) (hβη : ↑β * η ≤ 1) : Prop
IndependentHeaderMath67.genuine_actual_corrector_coefficient_consumer_statement.{u_1} {E : Type u_1}
  [NormedAddCommGroup E] [InnerProductSpace ℝ E] [FiniteDimensional ℝ E] [MeasurableSpace E] [BorelSpace E] {V : E → ℝ}
  {α β : ℝ≥0} {η : ℝ} (hα : 0 < ↑α) (hαβ : α ≤ β) (hV : ContDiff ℝ 2 V)
  (hH : ∀ (x v : E), ↑α * ‖v‖ ^ 2 ≤ ((fderiv ℝ (fderiv ℝ V) x) v) v ∧ ((fderiv ℝ (fderiv ℝ V) x) v) v ≤ ↑β * ‖v‖ ^ 2)
  (hη : 0 < η) (hβη : ↑β * η ≤ 1) : Prop
ContinuousLinearMap.IsPositive.{u_1, u_2} {𝕜 : Type u_1} {E : Type u_2} [RCLike 𝕜] [NormedAddCommGroup E]
  [InnerProductSpace 𝕜 E] (T : E →L[𝕜] E) : Prop
Commute.{u_3} {S : Type u_3} [Mul S] (a b : S) : Prop
IsSelfAdjoint.{u_1} {R : Type u_1} [Star R] (x : R) : Prop
AutoSamplingTheory.ExampleCases.ProximalBPS.AmbientAdjointCorrector.actual_ambient_adjoint_centered_decomposition.{u_1}
  {E : Type u_1} [NormedAddCommGroup E] [InnerProductSpace ℝ E] [FiniteDimensional ℝ E] [MeasurableSpace E]
  [BorelSpace E] {V : E → ℝ} {α β : ℝ≥0} {η : ℝ} (hα : 0 < ↑α) (hαβ : α ≤ β) (hV : ContDiff ℝ 2 V)
  (hH : ∀ (x v : E), ↑α * ‖v‖ ^ 2 ≤ ((fderiv ℝ (fderiv ℝ V) x) v) v ∧ ((fderiv ℝ (fderiv ℝ V) x) v) v ≤ ↑β * ‖v‖ ^ 2)
  (hη : 0 < η) (hβη : ↑β * η ≤ 1) :
  AutoSamplingTheory.ExampleCases.ProximalBPS.AmbientAdjointCorrector.actual_ambient_adjoint_centered_decomposition_statement✝
    hα hαβ hV hH hη hβη
